Java HotSpot(TM) 64-Bit Server VM (25.241-b07) for windows-amd64 JRE (1.8.0_241-b07), built on Dec 11 2019 10:21:40 by "rejava" with MS VC++ 10.0 (VS2010)
Memory: 4k page, physical 8345444k(2181100k free), swap 11097956k(2240844k free)
CommandLine flags: -XX:InitialHeapSize=20971520 -XX:+ManagementServer -XX:MaxGCPauseMillis=20 -XX:MaxHeapFreeRatio=15 -XX:MaxHeapSize=104857600 -XX:MinHeapFreeRatio=10 -XX:+PrintGC -XX:+PrintGCTimeStamps -XX:+UseCompressedClassPointers -XX:+UseCompressedOops -XX:-UseLargePagesIndividualAllocation -XX:+UseParallelGC 
0.376: [GC (Allocation Failure)  5632K->1208K(19968K), 0.0033262 secs]
0.865: [GC (Allocation Failure)  6840K->1656K(19968K), 0.0021433 secs]
1.195: [GC (Allocation Failure)  7288K->2176K(19968K), 0.0063273 secs]
1.334: [GC (Allocation Failure)  7808K->3181K(19968K), 0.0028345 secs]
1.476: [GC (Allocation Failure)  8813K->4046K(19968K), 0.0026855 secs]
1.570: [GC (Allocation Failure)  9669K->5077K(21504K), 0.0026469 secs]
1.741: [GC (Allocation Failure)  10709K->5379K(21504K), 0.0054639 secs]
1.863: [GC (Allocation Failure)  11011K->5601K(21504K), 0.0023221 secs]
2.252: [GC (Allocation Failure)  11233K->6114K(21504K), 0.0036369 secs]
16.896: [GC (Allocation Failure)  11746K->7615K(21504K), 0.0037857 secs]
16.922: [GC (Allocation Failure)  13247K->9804K(21504K), 0.0055200 secs]
16.949: [GC (Allocation Failure)  15436K->12764K(21504K), 0.0065248 secs]
16.974: [GC (Allocation Failure)  18396K->15700K(21504K), 0.0060723 secs]
16.980: [Full GC (Ergonomics)  15700K->14763K(24064K), 0.1342000 secs]
17.128: [Full GC (Ergonomics)  20395K->16947K(26624K), 0.1006872 secs]
17.240: [Full GC (Ergonomics)  22579K->19799K(30208K), 0.1146865 secs]
17.400: [GC (Allocation Failure)  25431K->20480K(28672K), 0.0049758 secs]
17.405: [Full GC (Ergonomics)  20480K->20245K(30208K), 0.1240850 secs]
17.536: [GC (Allocation Failure)  24341K->20437K(31744K), 0.0013525 secs]
17.543: [GC (Allocation Failure)  24533K->20477K(31744K), 0.0011291 secs]
17.548: [GC (Allocation Failure)  24573K->20357K(31744K), 0.0010688 secs]
17.553: [GC (Allocation Failure)  24453K->20389K(31744K), 0.0012171 secs]
17.558: [GC (Allocation Failure)  24485K->20389K(31744K), 0.0010280 secs]
17.562: [GC (Allocation Failure)  24485K->20421K(31744K), 0.0009061 secs]
17.565: [GC (Allocation Failure)  24517K->20389K(31744K), 0.0008253 secs]
17.569: [GC (Allocation Failure)  24485K->20453K(31744K), 0.0007267 secs]
17.572: [GC (Allocation Failure)  24549K->20373K(31744K), 0.0007368 secs]
17.575: [GC (Allocation Failure)  24469K->20437K(31744K), 0.0008050 secs]
17.578: [GC (Allocation Failure)  24533K->20405K(31744K), 0.0007523 secs]
17.582: [GC (Allocation Failure)  24501K->20533K(31744K), 0.0009249 secs]
17.586: [GC (Allocation Failure)  24629K->20533K(31744K), 0.0008954 secs]
17.589: [GC (Allocation Failure)  24629K->20533K(31744K), 0.0007673 secs]
17.593: [GC (Allocation Failure)  24629K->20533K(31744K), 0.0007733 secs]
17.596: [GC (Allocation Failure)  24629K->20565K(30720K), 0.0007878 secs]
17.599: [GC (Allocation Failure)  24661K->20501K(31232K), 0.0009450 secs]
17.602: [GC (Allocation Failure)  24597K->20597K(31232K), 0.0008469 secs]
17.606: [GC (Allocation Failure)  24693K->20565K(28672K), 0.0008786 secs]
17.609: [GC (Allocation Failure)  24661K->20533K(30720K), 0.0009126 secs]
17.612: [GC (Allocation Failure)  24629K->20597K(30720K), 0.0008666 secs]
17.615: [GC (Allocation Failure)  24693K->20597K(29696K), 0.0016412 secs]
17.619: [GC (Allocation Failure)  24693K->20597K(30208K), 0.0008117 secs]
17.622: [GC (Allocation Failure)  24693K->20565K(30208K), 0.0008601 secs]
17.625: [GC (Allocation Failure)  24661K->20597K(30208K), 0.0008378 secs]
17.628: [GC (Allocation Failure)  24693K->20597K(29184K), 0.0010619 secs]
17.631: [GC (Allocation Failure)  24693K->20597K(29696K), 0.0008959 secs]
17.634: [GC (Allocation Failure)  24693K->20637K(29696K), 0.0008661 secs]
17.637: [GC (Allocation Failure)  24733K->20645K(29696K), 0.0009925 secs]
17.640: [GC (Allocation Failure)  24741K->20613K(29696K), 0.0009746 secs]
17.644: [GC (Allocation Failure)  24709K->20645K(29696K), 0.0009110 secs]
17.647: [GC (Allocation Failure)  24741K->20645K(29696K), 0.0013570 secs]
17.652: [GC (Allocation Failure)  25253K->20589K(29696K), 0.0017299 secs]
17.657: [GC (Allocation Failure)  25197K->20653K(29696K), 0.0012812 secs]
17.661: [GC (Allocation Failure)  25261K->20694K(29696K), 0.0016020 secs]
17.666: [GC (Allocation Failure)  25302K->20734K(29696K), 0.0014015 secs]
17.670: [GC (Allocation Failure)  25342K->20822K(29696K), 0.0011487 secs]
17.675: [GC (Allocation Failure)  25430K->20838K(29696K), 0.0016414 secs]
17.679: [GC (Allocation Failure)  25446K->20926K(29696K), 0.0010743 secs]
17.683: [GC (Allocation Failure)  25534K->20886K(29696K), 0.0009776 secs]
17.686: [GC (Allocation Failure)  25494K->20942K(29696K), 0.0009701 secs]
17.689: [GC (Allocation Failure)  25550K->21006K(29696K), 0.0009339 secs]
17.693: [GC (Allocation Failure)  25614K->21078K(29696K), 0.0009488 secs]
17.697: [GC (Allocation Failure)  25686K->21174K(29696K), 0.0010261 secs]
17.700: [GC (Allocation Failure)  25782K->21230K(29696K), 0.0008719 secs]
17.704: [GC (Allocation Failure)  25838K->21238K(30208K), 0.0008889 secs]
17.708: [GC (Allocation Failure)  26358K->21302K(29696K), 0.0009353 secs]
17.712: [GC (Allocation Failure)  26422K->21350K(29696K), 0.0010441 secs]
17.715: [GC (Allocation Failure)  26470K->21390K(29696K), 0.0009504 secs]
17.719: [GC (Allocation Failure)  26510K->21462K(29696K), 0.0008669 secs]
17.722: [GC (Allocation Failure)  26582K->21502K(29696K), 0.0010528 secs]
17.726: [GC (Allocation Failure)  26622K->21558K(29696K), 0.0009717 secs]
17.729: [GC (Allocation Failure)  26678K->21590K(29696K), 0.0008295 secs]
17.733: [GC (Allocation Failure)  26710K->21790K(29696K), 0.0012743 secs]
17.738: [GC (Allocation Failure)  26910K->21758K(29696K), 0.0015570 secs]
17.744: [GC (Allocation Failure)  26878K->21854K(29696K), 0.0013098 secs]
17.747: [GC (Allocation Failure)  26974K->21870K(29696K), 0.0011204 secs]
17.751: [GC (Allocation Failure)  26990K->21862K(29696K), 0.0009525 secs]
17.755: [GC (Allocation Failure)  26982K->21894K(29696K), 0.0016835 secs]
17.759: [GC (Allocation Failure)  27014K->21926K(29696K), 0.0010828 secs]
17.763: [GC (Allocation Failure)  27046K->21974K(29696K), 0.0010266 secs]
17.767: [GC (Allocation Failure)  27094K->21942K(29696K), 0.0010233 secs]
17.770: [GC (Allocation Failure)  27062K->22038K(29696K), 0.0010137 secs]
17.774: [GC (Allocation Failure)  27158K->22118K(29696K), 0.0012458 secs]
17.778: [GC (Allocation Failure)  27238K->22102K(29696K), 0.0010083 secs]
17.782: [GC (Allocation Failure)  27222K->22166K(29696K), 0.0011206 secs]
17.786: [GC (Allocation Failure)  27286K->22230K(29696K), 0.0010837 secs]
17.790: [GC (Allocation Failure)  27350K->22286K(29696K), 0.0010840 secs]
17.793: [GC (Allocation Failure)  27406K->22414K(29696K), 0.0009488 secs]
17.797: [GC (Allocation Failure)  27534K->22462K(29696K), 0.0012369 secs]
17.801: [GC (Allocation Failure)  27582K->22438K(29696K), 0.0011180 secs]
17.805: [GC (Allocation Failure)  27558K->22494K(29696K), 0.0012904 secs]
17.810: [GC (Allocation Failure)  27614K->22526K(29696K), 0.0009322 secs]
17.813: [GC (Allocation Failure)  27646K->22550K(29696K), 0.0008663 secs]
17.816: [GC (Allocation Failure)  27670K->22582K(29696K), 0.0009324 secs]
17.820: [GC (Allocation Failure)  27702K->22614K(29696K), 0.0011896 secs]
17.826: [GC (Allocation Failure)  27734K->22678K(29696K), 0.0015016 secs]
17.831: [GC (Allocation Failure)  27798K->22742K(29696K), 0.0013236 secs]
17.836: [GC (Allocation Failure)  27862K->22734K(29696K), 0.0014176 secs]
17.840: [GC (Allocation Failure)  27854K->22806K(29696K), 0.0016448 secs]
17.845: [GC (Allocation Failure)  27926K->22814K(29696K), 0.0011770 secs]
17.849: [GC (Allocation Failure)  27934K->22862K(29696K), 0.0011754 secs]
17.853: [GC (Allocation Failure)  27982K->22902K(29696K), 0.0012782 secs]
17.858: [GC (Allocation Failure)  28022K->22894K(29696K), 0.0013253 secs]
17.862: [GC (Allocation Failure)  28014K->22958K(29696K), 0.0011371 secs]
17.867: [GC (Allocation Failure)  28078K->22958K(29696K), 0.0014508 secs]
17.872: [GC (Allocation Failure)  28078K->23006K(29696K), 0.0012948 secs]
17.877: [GC (Allocation Failure)  28126K->23134K(29696K), 0.0014007 secs]
17.883: [GC (Allocation Failure)  28254K->23078K(29696K), 0.0020241 secs]
17.888: [GC (Allocation Failure)  28198K->23158K(29696K), 0.0015128 secs]
17.894: [GC (Allocation Failure)  28278K->23126K(29696K), 0.0015445 secs]
17.899: [GC (Allocation Failure)  28246K->23158K(29696K), 0.0011453 secs]
17.903: [GC (Allocation Failure)  28278K->23247K(29696K), 0.0015700 secs]
17.907: [GC (Allocation Failure)  28367K->23215K(29696K), 0.0013582 secs]
17.911: [GC (Allocation Failure)  28335K->23263K(29696K), 0.0012102 secs]
17.915: [GC (Allocation Failure)  28383K->23271K(29696K), 0.0011083 secs]
17.919: [GC (Allocation Failure)  28391K->23335K(29696K), 0.0008271 secs]
17.922: [GC (Allocation Failure)  28455K->23369K(29696K), 0.0008683 secs]
17.925: [GC (Allocation Failure)  28489K->23465K(29696K), 0.0009811 secs]
17.929: [GC (Allocation Failure)  28585K->23481K(29696K), 0.0008677 secs]
17.932: [GC (Allocation Failure)  28601K->23513K(29696K), 0.0009667 secs]
17.935: [GC (Allocation Failure)  28633K->23497K(29696K), 0.0009586 secs]
17.939: [GC (Allocation Failure)  28617K->23588K(29696K), 0.0008574 secs]
17.943: [GC (Allocation Failure)  28708K->23620K(29696K), 0.0011233 secs]
17.948: [GC (Allocation Failure)  28740K->23660K(29696K), 0.0009785 secs]
17.951: [GC (Allocation Failure)  28780K->23700K(29696K), 0.0008654 secs]
17.954: [GC (Allocation Failure)  28820K->23692K(29696K), 0.0007657 secs]
17.957: [GC (Allocation Failure)  28812K->23692K(29696K), 0.0009041 secs]
17.961: [GC (Allocation Failure)  28812K->23692K(29696K), 0.0007869 secs]
17.964: [GC (Allocation Failure)  28812K->23740K(29696K), 0.0007670 secs]
17.967: [GC (Allocation Failure)  28860K->23756K(29696K), 0.0007496 secs]
17.971: [GC (Allocation Failure)  28876K->23724K(29696K), 0.0007765 secs]
17.974: [GC (Allocation Failure)  28844K->23692K(29696K), 0.0007664 secs]
17.977: [GC (Allocation Failure)  28812K->23756K(29696K), 0.0007616 secs]
17.980: [GC (Allocation Failure)  28876K->23756K(29696K), 0.0007387 secs]
17.983: [GC (Allocation Failure)  28876K->23692K(29696K), 0.0008796 secs]
17.987: [GC (Allocation Failure)  28812K->23820K(29696K), 0.0006886 secs]
17.990: [GC (Allocation Failure)  28940K->23724K(29696K), 0.0008579 secs]
17.993: [GC (Allocation Failure)  28844K->23756K(29696K), 0.0007390 secs]
17.997: [GC (Allocation Failure)  28876K->23732K(29696K), 0.0006732 secs]
18.000: [GC (Allocation Failure)  28852K->23732K(29696K), 0.0007579 secs]
18.003: [GC (Allocation Failure)  28852K->23764K(29696K), 0.0008633 secs]
18.006: [GC (Allocation Failure)  28884K->23764K(29696K), 0.0007227 secs]
18.009: [GC (Allocation Failure)  28884K->23732K(29696K), 0.0008592 secs]
18.012: [GC (Allocation Failure)  28852K->23700K(29696K), 0.0007652 secs]
18.016: [GC (Allocation Failure)  28820K->23732K(29696K), 0.0008465 secs]
18.019: [GC (Allocation Failure)  28852K->23764K(29696K), 0.0007529 secs]
18.022: [GC (Allocation Failure)  28884K->23732K(29696K), 0.0007478 secs]
18.025: [GC (Allocation Failure)  28852K->23732K(29696K), 0.0009905 secs]
18.029: [GC (Allocation Failure)  28852K->23764K(29696K), 0.0007755 secs]
18.032: [GC (Allocation Failure)  28884K->23796K(29696K), 0.0007531 secs]
18.035: [GC (Allocation Failure)  28916K->23836K(29696K), 0.0007703 secs]
18.039: [GC (Allocation Failure)  28956K->23836K(29696K), 0.0010718 secs]
18.044: [GC (Allocation Failure)  28956K->23900K(29696K), 0.0017317 secs]
18.049: [GC (Allocation Failure)  29020K->23804K(29696K), 0.0011017 secs]
18.053: [GC (Allocation Failure)  28924K->23804K(29696K), 0.0010401 secs]
18.057: [GC (Allocation Failure)  28924K->23836K(29696K), 0.0010887 secs]
18.060: [GC (Allocation Failure)  28956K->23836K(29696K), 0.0009915 secs]
18.064: [GC (Allocation Failure)  28956K->23836K(29696K), 0.0008812 secs]
18.067: [GC (Allocation Failure)  28956K->23836K(29696K), 0.0007008 secs]
18.070: [GC (Allocation Failure)  28956K->23804K(29696K), 0.0008074 secs]
18.074: [GC (Allocation Failure)  28924K->23868K(29696K), 0.0007368 secs]
18.077: [GC (Allocation Failure)  28988K->23868K(29696K), 0.0008481 secs]
18.080: [GC (Allocation Failure)  28988K->23804K(29696K), 0.0007377 secs]
18.084: [GC (Allocation Failure)  28924K->23836K(29696K), 0.0008266 secs]
18.087: [GC (Allocation Failure)  28956K->23836K(29696K), 0.0008538 secs]
18.090: [GC (Allocation Failure)  28956K->23804K(29696K), 0.0007839 secs]
18.094: [GC (Allocation Failure)  28924K->23844K(29696K), 0.0008821 secs]
18.097: [GC (Allocation Failure)  28964K->23860K(29696K), 0.0007783 secs]
18.100: [GC (Allocation Failure)  28980K->23868K(29696K), 0.0007868 secs]
18.103: [GC (Allocation Failure)  28988K->23852K(29696K), 0.0008997 secs]
18.106: [GC (Allocation Failure)  28972K->23852K(29696K), 0.0008555 secs]
18.110: [GC (Allocation Failure)  28972K->23916K(29696K), 0.0006957 secs]
18.113: [GC (Allocation Failure)  29036K->23860K(29696K), 0.0007476 secs]
18.116: [GC (Allocation Failure)  28980K->23860K(29696K), 0.0007567 secs]
18.119: [GC (Allocation Failure)  28980K->23892K(29696K), 0.0008402 secs]
18.122: [GC (Allocation Failure)  29012K->23844K(29696K), 0.0007972 secs]
18.126: [GC (Allocation Failure)  28964K->23876K(29696K), 0.0007732 secs]
18.129: [GC (Allocation Failure)  28996K->23876K(29696K), 0.0008425 secs]
18.132: [GC (Allocation Failure)  28996K->23876K(29696K), 0.0007586 secs]
18.136: [GC (Allocation Failure)  28996K->23908K(29696K), 0.0009815 secs]
18.139: [GC (Allocation Failure)  29028K->23972K(29696K), 0.0008240 secs]
18.143: [GC (Allocation Failure)  29092K->23940K(29696K), 0.0009339 secs]
18.147: [GC (Allocation Failure)  29060K->23908K(29696K), 0.0011262 secs]
18.151: [GC (Allocation Failure)  29028K->23940K(29696K), 0.0009232 secs]
18.155: [GC (Allocation Failure)  29060K->23940K(29696K), 0.0007488 secs]
18.158: [GC (Allocation Failure)  29060K->23908K(29696K), 0.0007738 secs]
18.161: [GC (Allocation Failure)  29028K->23940K(29696K), 0.0007579 secs]
18.165: [GC (Allocation Failure)  29060K->23876K(29696K), 0.0008565 secs]
18.168: [GC (Allocation Failure)  28996K->23876K(29696K), 0.0008163 secs]
18.171: [GC (Allocation Failure)  28996K->23876K(29696K), 0.0007967 secs]
18.175: [GC (Allocation Failure)  28996K->23940K(29696K), 0.0008612 secs]
18.178: [GC (Allocation Failure)  29060K->23908K(29696K), 0.0007523 secs]
18.181: [GC (Allocation Failure)  29028K->23908K(29696K), 0.0008371 secs]
18.185: [GC (Allocation Failure)  29028K->23908K(29696K), 0.0008006 secs]
18.188: [GC (Allocation Failure)  29028K->23932K(29696K), 0.0008096 secs]
18.191: [GC (Allocation Failure)  29052K->23964K(29696K), 0.0008149 secs]
18.194: [GC (Allocation Failure)  29084K->23916K(29696K), 0.0007822 secs]
18.198: [GC (Allocation Failure)  29036K->23980K(29696K), 0.0007270 secs]
18.201: [GC (Allocation Failure)  29100K->23892K(29696K), 0.0009243 secs]
18.204: [GC (Allocation Failure)  29012K->23956K(29696K), 0.0008268 secs]
18.207: [GC (Allocation Failure)  29076K->23860K(29696K), 0.0008348 secs]
18.210: [GC (Allocation Failure)  28980K->23860K(29696K), 0.0007950 secs]
18.214: [GC (Allocation Failure)  28980K->23892K(29696K), 0.0009213 secs]
18.217: [GC (Allocation Failure)  29012K->23924K(29696K), 0.0007407 secs]
18.220: [GC (Allocation Failure)  29044K->23924K(29696K), 0.0008012 secs]
18.224: [GC (Allocation Failure)  29044K->23860K(29696K), 0.0007684 secs]
18.227: [GC (Allocation Failure)  28980K->23892K(29696K), 0.0008647 secs]
18.230: [GC (Allocation Failure)  29012K->23956K(29696K), 0.0008088 secs]
18.233: [GC (Allocation Failure)  29076K->23892K(29696K), 0.0008208 secs]
18.236: [GC (Allocation Failure)  29012K->24052K(29696K), 0.0007333 secs]
18.241: [GC (Allocation Failure)  29172K->24028K(29696K), 0.0010650 secs]
18.245: [GC (Allocation Failure)  29148K->23996K(29696K), 0.0010119 secs]
18.249: [GC (Allocation Failure)  29116K->23996K(29696K), 0.0014113 secs]
18.253: [GC (Allocation Failure)  29116K->23964K(29696K), 0.0009954 secs]
18.257: [GC (Allocation Failure)  29084K->23964K(29696K), 0.0009936 secs]
18.260: [GC (Allocation Failure)  29084K->23964K(29696K), 0.0007705 secs]
18.264: [GC (Allocation Failure)  29084K->23964K(29696K), 0.0007146 secs]
18.267: [GC (Allocation Failure)  29084K->23996K(29696K), 0.0007487 secs]
18.270: [GC (Allocation Failure)  29116K->23964K(29696K), 0.0007365 secs]
18.273: [GC (Allocation Failure)  29084K->23996K(29696K), 0.0008870 secs]
18.276: [GC (Allocation Failure)  29116K->23964K(29696K), 0.0008412 secs]
18.279: [GC (Allocation Failure)  29084K->23996K(29696K), 0.0007512 secs]
18.283: [GC (Allocation Failure)  29116K->23964K(29696K), 0.0006921 secs]
18.286: [GC (Allocation Failure)  29084K->23996K(29696K), 0.0008090 secs]
18.289: [GC (Allocation Failure)  29116K->23996K(29696K), 0.0008970 secs]
18.293: [GC (Allocation Failure)  29116K->24004K(29696K), 0.0007917 secs]
18.296: [GC (Allocation Failure)  29124K->23988K(29696K), 0.0008490 secs]
18.299: [GC (Allocation Failure)  29108K->23988K(29696K), 0.0007326 secs]
18.302: [GC (Allocation Failure)  29108K->23996K(29696K), 0.0007815 secs]
18.306: [GC (Allocation Failure)  29116K->23964K(29696K), 0.0007640 secs]
18.309: [GC (Allocation Failure)  29084K->23996K(29696K), 0.0008289 secs]
18.312: [GC (Allocation Failure)  29116K->23964K(29696K), 0.0008286 secs]
18.315: [GC (Allocation Failure)  29084K->23996K(29696K), 0.0008751 secs]
18.318: [GC (Allocation Failure)  29116K->24028K(29696K), 0.0007685 secs]
18.322: [GC (Allocation Failure)  29148K->23996K(29696K), 0.0007395 secs]
18.325: [GC (Allocation Failure)  29116K->23996K(29696K), 0.0008283 secs]
18.328: [GC (Allocation Failure)  29116K->23996K(29696K), 0.0008501 secs]
18.331: [GC (Allocation Failure)  29116K->23964K(29696K), 0.0007306 secs]
18.335: [GC (Allocation Failure)  29084K->24060K(29696K), 0.0007519 secs]
18.338: [GC (Allocation Failure)  29180K->23996K(29696K), 0.0007915 secs]
18.342: [GC (Allocation Failure)  29116K->24068K(29696K), 0.0009578 secs]
18.346: [GC (Allocation Failure)  29188K->24068K(29696K), 0.0009123 secs]
18.349: [GC (Allocation Failure)  29188K->24100K(29696K), 0.0009457 secs]
18.353: [GC (Allocation Failure)  29220K->24036K(29696K), 0.0007318 secs]
18.356: [GC (Allocation Failure)  29156K->24036K(29696K), 0.0008229 secs]
18.359: [GC (Allocation Failure)  29156K->24036K(29696K), 0.0007628 secs]
18.362: [GC (Allocation Failure)  29156K->24036K(29696K), 0.0007592 secs]
18.366: [GC (Allocation Failure)  29156K->24004K(29696K), 0.0007790 secs]
18.369: [GC (Allocation Failure)  29124K->24100K(29696K), 0.0007636 secs]
18.373: [GC (Allocation Failure)  29220K->24036K(29696K), 0.0008069 secs]
18.376: [GC (Allocation Failure)  29156K->24068K(29696K), 0.0009549 secs]
18.380: [GC (Allocation Failure)  29188K->24036K(29696K), 0.0007553 secs]
18.383: [GC (Allocation Failure)  29156K->24100K(29696K), 0.0008753 secs]
18.387: [GC (Allocation Failure)  29220K->24068K(29696K), 0.0008803 secs]
18.390: [GC (Allocation Failure)  29188K->24036K(29696K), 0.0008623 secs]
18.393: [GC (Allocation Failure)  29156K->24036K(29696K), 0.0008008 secs]
18.397: [GC (Allocation Failure)  29156K->24060K(29696K), 0.0008339 secs]
18.400: [GC (Allocation Failure)  29180K->24060K(29696K), 0.0008813 secs]
18.403: [GC (Allocation Failure)  29180K->24108K(29696K), 0.0008477 secs]
18.407: [GC (Allocation Failure)  29228K->24076K(29696K), 0.0007034 secs]
18.410: [GC (Allocation Failure)  29196K->24204K(29696K), 0.0007646 secs]
18.413: [GC (Allocation Failure)  29324K->24108K(29696K), 0.0008529 secs]
18.416: [GC (Allocation Failure)  29228K->24172K(29696K), 0.0008396 secs]
18.419: [GC (Allocation Failure)  29292K->24140K(29696K), 0.0007001 secs]
18.423: [GC (Allocation Failure)  29260K->24124K(29696K), 0.0008476 secs]
18.426: [GC (Allocation Failure)  29244K->24124K(29696K), 0.0007634 secs]
18.429: [GC (Allocation Failure)  29244K->24092K(29696K), 0.0008067 secs]
18.432: [GC (Allocation Failure)  29212K->24092K(29696K), 0.0007135 secs]
18.436: [GC (Allocation Failure)  29212K->24244K(29696K), 0.0007284 secs]
18.436: [Full GC (Ergonomics)  24244K->20752K(30208K), 0.0737455 secs]
18.513: [GC (Allocation Failure)  25872K->20912K(30208K), 0.0012927 secs]
18.518: [GC (Allocation Failure)  26032K->20944K(30208K), 0.0009384 secs]
18.521: [GC (Allocation Failure)  26064K->20912K(30208K), 0.0008517 secs]
18.524: [GC (Allocation Failure)  26032K->20880K(30208K), 0.0010309 secs]
18.528: [GC (Allocation Failure)  26000K->20880K(30208K), 0.0008709 secs]
18.531: [GC (Allocation Failure)  26000K->20912K(30208K), 0.0007428 secs]
18.534: [GC (Allocation Failure)  26032K->20880K(30208K), 0.0007241 secs]
18.537: [GC (Allocation Failure)  26000K->20912K(30208K), 0.0007575 secs]
18.541: [GC (Allocation Failure)  26032K->20912K(30208K), 0.0008885 secs]
18.545: [GC (Allocation Failure)  26032K->20944K(30208K), 0.0008326 secs]
18.548: [GC (Allocation Failure)  26064K->20944K(30208K), 0.0009854 secs]
18.552: [GC (Allocation Failure)  26064K->20944K(30208K), 0.0007258 secs]
18.569: [GC (Allocation Failure)  26064K->20912K(30208K), 0.0013496 secs]
18.577: [GC (Allocation Failure)  26032K->20944K(30208K), 0.0011319 secs]
18.586: [GC (Allocation Failure)  26064K->20976K(30208K), 0.0011817 secs]
18.594: [GC (Allocation Failure)  26096K->21000K(30208K), 0.0011766 secs]
18.602: [GC (Allocation Failure)  26120K->20968K(30208K), 0.0012479 secs]
18.606: [GC (Allocation Failure)  26088K->20952K(30208K), 0.0011109 secs]
18.610: [GC (Allocation Failure)  26072K->20984K(30208K), 0.0008022 secs]
18.613: [GC (Allocation Failure)  26104K->20984K(30208K), 0.0007826 secs]
18.617: [GC (Allocation Failure)  26104K->20952K(30208K), 0.0009633 secs]
18.621: [GC (Allocation Failure)  26072K->20920K(30208K), 0.0008460 secs]
18.624: [GC (Allocation Failure)  26040K->20936K(30208K), 0.0007787 secs]
18.628: [GC (Allocation Failure)  26056K->20936K(30208K), 0.0007886 secs]
18.631: [GC (Allocation Failure)  26056K->20960K(30208K), 0.0007901 secs]
18.635: [GC (Allocation Failure)  26080K->20928K(30208K), 0.0007527 secs]
18.644: [GC (Allocation Failure)  26048K->21008K(30208K), 0.0012828 secs]
18.649: [GC (Allocation Failure)  26128K->20976K(30208K), 0.0026972 secs]
18.655: [GC (Allocation Failure)  26096K->20976K(30208K), 0.0014489 secs]
18.660: [GC (Allocation Failure)  26096K->21008K(30208K), 0.0014157 secs]
18.664: [GC (Allocation Failure)  26128K->21040K(30208K), 0.0010494 secs]
18.667: [GC (Allocation Failure)  26160K->21040K(30208K), 0.0008398 secs]
18.671: [GC (Allocation Failure)  26160K->21040K(30208K), 0.0007470 secs]
18.674: [GC (Allocation Failure)  26160K->20976K(30208K), 0.0007562 secs]
18.677: [GC (Allocation Failure)  26096K->21008K(30208K), 0.0008861 secs]
18.681: [GC (Allocation Failure)  26128K->20976K(30208K), 0.0008155 secs]
18.684: [GC (Allocation Failure)  26096K->20976K(30208K), 0.0007903 secs]
18.687: [GC (Allocation Failure)  26096K->20976K(30208K), 0.0007671 secs]
18.690: [GC (Allocation Failure)  26096K->21040K(30208K), 0.0006964 secs]
18.693: [GC (Allocation Failure)  26160K->21008K(30208K), 0.0007282 secs]
18.697: [GC (Allocation Failure)  26128K->21008K(30208K), 0.0007514 secs]
18.700: [GC (Allocation Failure)  26128K->21040K(30208K), 0.0007174 secs]
18.703: [GC (Allocation Failure)  26160K->20976K(30208K), 0.0007805 secs]
18.706: [GC (Allocation Failure)  26096K->20984K(30208K), 0.0007901 secs]
18.710: [GC (Allocation Failure)  26104K->20984K(30208K), 0.0009218 secs]
18.713: [GC (Allocation Failure)  26104K->21016K(30208K), 0.0007614 secs]
18.717: [GC (Allocation Failure)  26136K->21016K(30208K), 0.0006861 secs]
18.719: [GC (Allocation Failure)  26136K->21016K(30208K), 0.0006995 secs]
18.722: [GC (Allocation Failure)  26136K->21016K(30208K), 0.0006685 secs]
18.726: [GC (Allocation Failure)  26136K->20952K(30208K), 0.0007818 secs]
18.729: [GC (Allocation Failure)  26072K->20984K(30208K), 0.0007442 secs]
18.732: [GC (Allocation Failure)  26104K->21024K(30208K), 0.0008282 secs]
18.735: [GC (Allocation Failure)  26144K->20992K(30208K), 0.0008107 secs]
18.738: [GC (Allocation Failure)  26112K->21056K(30208K), 0.0007755 secs]
18.742: [GC (Allocation Failure)  26176K->21152K(30208K), 0.0009218 secs]
18.746: [GC (Allocation Failure)  26272K->21088K(30208K), 0.0009923 secs]
18.750: [GC (Allocation Failure)  26208K->21056K(30208K), 0.0009698 secs]
18.753: [GC (Allocation Failure)  26176K->21088K(30208K), 0.0008249 secs]
18.757: [GC (Allocation Failure)  26208K->21056K(30208K), 0.0009675 secs]
18.761: [GC (Allocation Failure)  26176K->21024K(30208K), 0.0007959 secs]
18.768: [GC (Allocation Failure)  26144K->21088K(30208K), 0.0009134 secs]
18.771: [GC (Allocation Failure)  26208K->21088K(30208K), 0.0011403 secs]
18.775: [GC (Allocation Failure)  26208K->21120K(30208K), 0.0009999 secs]
18.779: [GC (Allocation Failure)  26240K->21088K(30208K), 0.0009216 secs]
18.782: [GC (Allocation Failure)  26208K->21056K(30208K), 0.0008804 secs]
18.786: [GC (Allocation Failure)  26176K->21024K(30208K), 0.0008616 secs]
18.789: [GC (Allocation Failure)  26144K->21056K(30208K), 0.0007997 secs]
18.792: [GC (Allocation Failure)  26176K->21024K(30208K), 0.0009761 secs]
18.795: [GC (Allocation Failure)  26144K->21032K(30208K), 0.0008130 secs]
18.798: [GC (Allocation Failure)  26152K->21104K(30208K), 0.0007708 secs]
18.801: [GC (Allocation Failure)  26224K->21136K(30208K), 0.0007296 secs]
18.805: [GC (Allocation Failure)  26256K->21128K(30208K), 0.0008530 secs]
18.808: [GC (Allocation Failure)  26248K->21072K(30208K), 0.0008201 secs]
18.811: [GC (Allocation Failure)  26192K->21136K(30208K), 0.0009051 secs]
18.814: [GC (Allocation Failure)  26256K->21072K(30208K), 0.0007615 secs]
18.817: [GC (Allocation Failure)  26192K->21144K(30208K), 0.0007767 secs]
18.820: [GC (Allocation Failure)  26264K->21144K(30208K), 0.0007451 secs]
18.825: [GC (Allocation Failure)  26264K->21144K(30208K), 0.0007187 secs]
18.828: [GC (Allocation Failure)  26264K->21112K(30208K), 0.0007251 secs]
18.831: [GC (Allocation Failure)  26232K->21152K(30208K), 0.0008309 secs]
18.834: [GC (Allocation Failure)  26272K->21128K(30208K), 0.0008935 secs]
18.837: [GC (Allocation Failure)  26248K->21168K(30208K), 0.0007769 secs]
18.841: [GC (Allocation Failure)  26288K->21176K(30208K), 0.0008272 secs]
18.844: [GC (Allocation Failure)  26296K->21248K(30208K), 0.0007607 secs]
18.847: [GC (Allocation Failure)  26368K->21256K(30208K), 0.0008306 secs]
18.851: [GC (Allocation Failure)  26376K->21224K(30208K), 0.0007684 secs]
18.855: [GC (Allocation Failure)  26344K->21224K(30208K), 0.0010405 secs]
18.859: [GC (Allocation Failure)  26344K->21192K(30208K), 0.0008291 secs]
18.862: [GC (Allocation Failure)  26312K->21256K(30208K), 0.0007253 secs]
18.865: [GC (Allocation Failure)  26376K->21256K(30208K), 0.0008308 secs]
18.868: [GC (Allocation Failure)  26376K->21256K(30208K), 0.0010068 secs]
18.872: [GC (Allocation Failure)  26376K->21256K(30208K), 0.0008523 secs]
18.876: [GC (Allocation Failure)  26376K->21256K(30208K), 0.0009181 secs]
18.879: [GC (Allocation Failure)  26376K->21272K(30208K), 0.0008375 secs]
18.882: [GC (Allocation Failure)  26392K->21272K(30208K), 0.0008046 secs]
18.885: [GC (Allocation Failure)  26392K->21240K(30208K), 0.0007527 secs]
18.888: [GC (Allocation Failure)  26360K->21272K(30208K), 0.0007175 secs]
18.892: [GC (Allocation Failure)  26392K->21272K(30208K), 0.0009007 secs]
18.895: [GC (Allocation Failure)  26392K->21272K(30208K), 0.0008264 secs]
18.898: [GC (Allocation Failure)  26392K->21296K(30208K), 0.0008378 secs]
18.902: [GC (Allocation Failure)  26416K->21328K(30208K), 0.0008333 secs]
18.905: [GC (Allocation Failure)  26448K->21352K(30208K), 0.0008152 secs]
18.908: [GC (Allocation Failure)  26472K->21320K(30208K), 0.0007713 secs]
18.911: [GC (Allocation Failure)  26440K->21320K(30208K), 0.0007211 secs]
18.915: [GC (Allocation Failure)  26440K->21320K(30208K), 0.0008338 secs]
18.918: [GC (Allocation Failure)  26440K->21248K(30208K), 0.0008961 secs]
18.921: [GC (Allocation Failure)  26368K->21280K(30208K), 0.0008249 secs]
18.924: [GC (Allocation Failure)  26400K->21288K(30208K), 0.0007887 secs]
18.928: [GC (Allocation Failure)  26408K->21224K(30208K), 0.0007696 secs]
18.931: [GC (Allocation Failure)  26344K->21224K(30208K), 0.0006909 secs]
18.934: [GC (Allocation Failure)  26344K->21288K(30208K), 0.0008185 secs]
18.937: [GC (Allocation Failure)  26408K->21288K(30208K), 0.0008171 secs]
18.940: [GC (Allocation Failure)  26408K->21288K(30208K), 0.0007538 secs]
18.943: [GC (Allocation Failure)  26408K->21320K(30208K), 0.0007624 secs]
18.947: [GC (Allocation Failure)  26440K->21352K(30208K), 0.0009435 secs]
18.951: [GC (Allocation Failure)  26472K->21296K(30208K), 0.0007772 secs]
18.954: [GC (Allocation Failure)  26416K->21360K(30208K), 0.0009847 secs]
18.957: [GC (Allocation Failure)  26480K->21360K(30208K), 0.0009832 secs]
18.961: [GC (Allocation Failure)  26480K->21360K(30208K), 0.0008585 secs]
18.965: [GC (Allocation Failure)  26480K->21384K(30208K), 0.0007331 secs]
18.968: [GC (Allocation Failure)  26504K->21352K(30208K), 0.0007289 secs]
18.971: [GC (Allocation Failure)  26472K->21352K(30208K), 0.0007404 secs]
18.974: [GC (Allocation Failure)  26472K->21320K(30208K), 0.0007970 secs]
18.977: [GC (Allocation Failure)  26440K->21384K(30208K), 0.0008520 secs]
18.980: [GC (Allocation Failure)  26504K->21352K(30208K), 0.0007341 secs]
18.983: [GC (Allocation Failure)  26472K->21320K(30208K), 0.0007083 secs]
18.986: [GC (Allocation Failure)  26440K->21352K(30208K), 0.0007322 secs]
18.989: [GC (Allocation Failure)  26472K->21440K(30208K), 0.0007462 secs]
18.993: [GC (Allocation Failure)  26560K->21384K(30208K), 0.0007770 secs]
18.996: [GC (Allocation Failure)  26504K->21416K(30208K), 0.0008334 secs]
18.999: [GC (Allocation Failure)  26536K->21352K(30208K), 0.0007864 secs]
19.002: [GC (Allocation Failure)  26472K->21392K(30208K), 0.0007973 secs]
19.005: [GC (Allocation Failure)  26512K->21424K(30208K), 0.0007580 secs]
19.009: [GC (Allocation Failure)  26544K->21392K(30208K), 0.0008448 secs]
19.012: [GC (Allocation Failure)  26512K->21360K(30208K), 0.0007107 secs]
19.016: [GC (Allocation Failure)  26480K->21360K(30208K), 0.0007478 secs]
19.019: [GC (Allocation Failure)  26480K->21384K(30208K), 0.0008538 secs]
19.022: [GC (Allocation Failure)  26504K->21416K(30208K), 0.0007017 secs]
19.026: [GC (Allocation Failure)  26536K->21416K(30208K), 0.0007720 secs]
19.029: [GC (Allocation Failure)  26536K->21416K(30208K), 0.0008605 secs]
19.032: [GC (Allocation Failure)  26536K->21352K(30208K), 0.0007560 secs]
19.035: [GC (Allocation Failure)  26472K->21416K(30208K), 0.0007958 secs]
19.039: [GC (Allocation Failure)  26536K->21448K(30208K), 0.0011664 secs]
19.044: [GC (Allocation Failure)  26568K->21448K(30208K), 0.0015199 secs]
19.048: [GC (Allocation Failure)  26568K->21480K(30208K), 0.0012819 secs]
19.052: [GC (Allocation Failure)  26600K->21448K(30208K), 0.0013764 secs]
19.057: [GC (Allocation Failure)  26568K->21480K(30208K), 0.0012229 secs]
19.063: [GC (Allocation Failure)  26600K->21480K(30208K), 0.0010444 secs]
19.067: [GC (Allocation Failure)  26600K->21448K(30208K), 0.0008794 secs]
19.071: [GC (Allocation Failure)  26568K->21480K(30208K), 0.0008612 secs]
19.075: [GC (Allocation Failure)  26600K->21448K(30208K), 0.0007629 secs]
19.079: [GC (Allocation Failure)  26567K->21448K(30208K), 0.0007556 secs]
19.084: [GC (Allocation Failure)  26568K->21480K(30208K), 0.0010846 secs]
19.088: [GC (Allocation Failure)  26600K->21512K(30208K), 0.0007983 secs]
19.091: [GC (Allocation Failure)  26632K->21416K(30208K), 0.0007887 secs]
19.094: [GC (Allocation Failure)  26536K->21448K(30208K), 0.0008247 secs]
19.097: [GC (Allocation Failure)  26568K->21448K(30208K), 0.0007829 secs]
19.101: [GC (Allocation Failure)  26568K->21536K(30208K), 0.0008410 secs]
19.104: [GC (Allocation Failure)  26656K->21504K(30208K), 0.0008309 secs]
19.108: [GC (Allocation Failure)  26624K->21496K(30208K), 0.0007892 secs]
19.111: [GC (Allocation Failure)  26616K->21496K(30208K), 0.0007633 secs]
19.114: [GC (Allocation Failure)  26616K->21504K(30208K), 0.0008504 secs]
19.117: [GC (Allocation Failure)  26624K->21472K(30208K), 0.0007835 secs]
19.121: [GC (Allocation Failure)  26592K->21504K(30208K), 0.0007111 secs]
19.124: [GC (Allocation Failure)  26624K->21440K(30208K), 0.0008186 secs]
19.127: [GC (Allocation Failure)  26560K->21440K(30208K), 0.0007636 secs]
19.130: [GC (Allocation Failure)  26560K->21504K(30208K), 0.0007612 secs]
19.133: [GC (Allocation Failure)  26624K->21536K(30208K), 0.0007599 secs]
19.136: [GC (Allocation Failure)  26656K->21480K(30208K), 0.0009200 secs]
19.139: [GC (Allocation Failure)  26600K->21576K(30208K), 0.0008433 secs]
19.143: [GC (Allocation Failure)  26696K->21608K(30208K), 0.0009196 secs]
19.146: [GC (Allocation Failure)  26728K->21576K(30208K), 0.0010068 secs]
19.150: [GC (Allocation Failure)  26696K->21552K(30208K), 0.0010903 secs]
19.153: [GC (Allocation Failure)  26672K->21584K(30208K), 0.0007875 secs]
19.157: [GC (Allocation Failure)  26704K->21552K(30208K), 0.0009747 secs]
19.160: [GC (Allocation Failure)  26672K->21552K(30208K), 0.0008334 secs]
19.163: [GC (Allocation Failure)  26672K->21552K(30208K), 0.0007907 secs]
19.167: [GC (Allocation Failure)  26672K->21536K(30208K), 0.0008732 secs]
19.170: [GC (Allocation Failure)  26656K->21600K(30208K), 0.0008200 secs]
19.173: [GC (Allocation Failure)  26720K->21568K(30208K), 0.0009038 secs]
19.176: [GC (Allocation Failure)  26688K->21600K(30208K), 0.0009161 secs]
19.180: [GC (Allocation Failure)  26720K->21632K(30208K), 0.0009379 secs]
19.183: [GC (Allocation Failure)  26752K->21504K(30208K), 0.0008433 secs]
19.186: [GC (Allocation Failure)  26624K->21536K(30208K), 0.0007918 secs]
19.189: [GC (Allocation Failure)  26656K->21600K(30208K), 0.0008021 secs]
19.192: [GC (Allocation Failure)  26720K->21576K(30208K), 0.0008695 secs]
19.195: [GC (Allocation Failure)  26696K->21568K(30208K), 0.0008070 secs]
19.198: [GC (Allocation Failure)  26688K->21568K(30208K), 0.0007771 secs]
19.202: [GC (Allocation Failure)  26688K->21576K(30208K), 0.0007401 secs]
19.205: [GC (Allocation Failure)  26696K->21608K(30208K), 0.0008879 secs]
19.208: [GC (Allocation Failure)  26728K->21640K(30208K), 0.0009252 secs]
19.212: [GC (Allocation Failure)  26760K->21576K(30208K), 0.0009252 secs]
19.215: [GC (Allocation Failure)  26696K->21608K(30208K), 0.0009286 secs]
19.218: [GC (Allocation Failure)  26728K->21608K(30208K), 0.0007875 secs]
19.221: [GC (Allocation Failure)  26728K->21608K(30208K), 0.0007298 secs]
19.224: [GC (Allocation Failure)  26728K->21576K(30208K), 0.0007934 secs]
19.228: [GC (Allocation Failure)  26696K->21640K(30208K), 0.0007920 secs]
19.231: [GC (Allocation Failure)  26760K->21608K(30208K), 0.0008038 secs]
19.234: [GC (Allocation Failure)  26728K->21608K(30208K), 0.0007333 secs]
19.237: [GC (Allocation Failure)  26728K->21576K(30208K), 0.0007420 secs]
19.240: [GC (Allocation Failure)  26696K->21608K(30208K), 0.0007823 secs]
19.243: [GC (Allocation Failure)  26728K->21672K(30208K), 0.0008114 secs]
19.246: [GC (Allocation Failure)  26792K->21640K(30208K), 0.0009150 secs]
19.250: [GC (Allocation Failure)  26760K->21640K(30208K), 0.0008753 secs]
19.253: [GC (Allocation Failure)  26760K->21672K(30208K), 0.0011083 secs]
19.257: [GC (Allocation Failure)  26792K->21640K(30208K), 0.0009722 secs]
19.260: [GC (Allocation Failure)  26760K->21608K(30208K), 0.0007666 secs]
19.263: [GC (Allocation Failure)  26728K->21640K(30208K), 0.0008888 secs]
19.267: [GC (Allocation Failure)  26760K->21656K(30208K), 0.0008362 secs]
19.270: [GC (Allocation Failure)  26776K->21688K(30208K), 0.0007054 secs]
19.273: [GC (Allocation Failure)  26808K->21656K(30208K), 0.0008571 secs]
19.276: [GC (Allocation Failure)  26775K->21688K(30208K), 0.0008562 secs]
19.279: [GC (Allocation Failure)  26808K->21624K(30208K), 0.0007255 secs]
19.282: [GC (Allocation Failure)  26744K->21656K(30208K), 0.0008184 secs]
19.285: [GC (Allocation Failure)  26776K->21624K(30208K), 0.0007649 secs]
19.288: [GC (Allocation Failure)  26744K->21688K(30208K), 0.0008107 secs]
19.291: [GC (Allocation Failure)  26808K->21656K(30208K), 0.0007746 secs]
19.295: [GC (Allocation Failure)  26776K->21704K(30208K), 0.0008785 secs]
19.298: [GC (Allocation Failure)  26824K->21704K(30208K), 0.0006900 secs]
19.300: [GC (Allocation Failure)  26824K->21704K(30208K), 0.0007656 secs]
19.303: [GC (Allocation Failure)  26824K->21648K(30208K), 0.0007901 secs]
19.307: [GC (Allocation Failure)  26768K->21680K(30208K), 0.0008147 secs]
19.310: [GC (Allocation Failure)  26800K->21616K(30208K), 0.0007132 secs]
19.313: [GC (Allocation Failure)  26736K->21680K(30208K), 0.0007367 secs]
19.316: [GC (Allocation Failure)  26800K->21656K(30208K), 0.0006976 secs]
19.319: [GC (Allocation Failure)  26776K->21688K(30208K), 0.0007673 secs]
19.322: [GC (Allocation Failure)  26808K->21624K(30208K), 0.0007106 secs]
19.325: [GC (Allocation Failure)  26744K->21624K(30208K), 0.0007073 secs]
19.328: [GC (Allocation Failure)  26744K->21688K(30208K), 0.0008201 secs]
19.331: [GC (Allocation Failure)  26808K->21752K(30208K), 0.0017856 secs]
19.335: [GC (Allocation Failure)  26872K->21784K(30208K), 0.0013998 secs]
19.340: [GC (Allocation Failure)  26904K->21784K(30208K), 0.0007549 secs]
19.343: [GC (Allocation Failure)  26904K->21848K(30208K), 0.0009177 secs]
19.347: [GC (Allocation Failure)  26968K->21816K(30208K), 0.0008847 secs]
19.350: [GC (Allocation Failure)  26936K->21824K(30208K), 0.0009200 secs]
19.353: [GC (Allocation Failure)  26944K->21792K(30208K), 0.0007919 secs]
19.357: [GC (Allocation Failure)  26912K->21824K(30208K), 0.0008927 secs]
19.361: [GC (Allocation Failure)  26944K->21824K(30208K), 0.0008321 secs]
19.364: [GC (Allocation Failure)  26944K->21824K(30208K), 0.0010178 secs]
19.368: [GC (Allocation Failure)  26944K->21760K(30208K), 0.0013741 secs]
19.372: [GC (Allocation Failure)  26880K->21792K(30208K), 0.0019713 secs]
19.377: [GC (Allocation Failure)  26912K->21824K(30208K), 0.0010127 secs]
19.381: [GC (Allocation Failure)  26944K->21856K(30208K), 0.0009488 secs]
19.384: [GC (Allocation Failure)  26976K->21824K(30208K), 0.0008395 secs]
19.387: [GC (Allocation Failure)  26944K->21832K(30208K), 0.0008594 secs]
19.390: [GC (Allocation Failure)  26952K->21880K(30208K), 0.0007855 secs]
19.394: [GC (Allocation Failure)  27000K->21938K(30208K), 0.0007866 secs]
19.397: [GC (Allocation Failure)  27058K->21973K(30208K), 0.0008651 secs]
19.400: [GC (Allocation Failure)  27093K->22040K(30208K), 0.0008617 secs]
19.403: [GC (Allocation Failure)  27160K->22032K(30208K), 0.0008662 secs]
19.406: [GC (Allocation Failure)  27152K->22072K(30208K), 0.0007819 secs]
19.409: [GC (Allocation Failure)  27192K->22147K(30208K), 0.0007841 secs]
19.412: [GC (Allocation Failure)  27267K->22155K(30208K), 0.0007685 secs]
19.415: [GC (Allocation Failure)  27275K->22195K(30208K), 0.0007895 secs]
19.418: [GC (Allocation Failure)  27315K->22195K(30208K), 0.0008305 secs]
19.421: [GC (Allocation Failure)  27315K->22171K(30208K), 0.0006968 secs]
19.424: [GC (Allocation Failure)  27291K->22211K(30208K), 0.0009332 secs]
19.427: [GC (Allocation Failure)  27331K->22147K(30208K), 0.0007425 secs]
19.430: [GC (Allocation Failure)  27267K->22147K(30208K), 0.0007338 secs]
19.434: [GC (Allocation Failure)  27267K->22147K(30208K), 0.0007699 secs]
19.437: [GC (Allocation Failure)  27267K->22179K(30208K), 0.0007193 secs]
19.440: [GC (Allocation Failure)  27299K->22211K(30208K), 0.0008247 secs]
19.443: [GC (Allocation Failure)  27331K->22243K(30208K), 0.0007745 secs]
19.446: [GC (Allocation Failure)  27363K->22307K(30208K), 0.0009610 secs]
19.449: [GC (Allocation Failure)  27427K->22219K(30208K), 0.0009627 secs]
19.453: [GC (Allocation Failure)  27339K->22219K(30208K), 0.0008784 secs]
19.457: [GC (Allocation Failure)  27339K->22219K(30208K), 0.0011255 secs]
19.461: [GC (Allocation Failure)  27339K->22219K(30208K), 0.0009057 secs]
19.464: [GC (Allocation Failure)  27339K->22251K(30208K), 0.0009210 secs]
19.467: [GC (Allocation Failure)  27371K->22187K(30208K), 0.0009033 secs]
19.470: [GC (Allocation Failure)  27307K->22235K(30208K), 0.0008282 secs]
19.473: [GC (Allocation Failure)  27355K->22267K(30208K), 0.0007793 secs]
19.477: [GC (Allocation Failure)  27387K->22203K(30208K), 0.0008315 secs]
19.480: [GC (Allocation Failure)  27323K->22267K(30208K), 0.0007242 secs]
19.482: [GC (Allocation Failure)  27387K->22267K(30208K), 0.0007662 secs]
19.485: [GC (Allocation Failure)  27387K->22203K(30208K), 0.0008156 secs]
19.488: [GC (Allocation Failure)  27323K->22235K(30208K), 0.0007427 secs]
19.491: [GC (Allocation Failure)  27355K->22259K(30208K), 0.0007306 secs]
19.494: [GC (Allocation Failure)  27379K->22291K(30208K), 0.0008474 secs]
19.498: [GC (Allocation Failure)  27411K->22315K(30208K), 0.0008831 secs]
19.501: [GC (Allocation Failure)  27435K->22283K(30208K), 0.0010824 secs]
19.505: [GC (Allocation Failure)  27403K->22323K(30208K), 0.0008035 secs]
19.508: [GC (Allocation Failure)  27443K->22259K(30208K), 0.0008527 secs]
19.511: [GC (Allocation Failure)  27379K->22291K(30208K), 0.0008268 secs]
19.514: [GC (Allocation Failure)  27411K->22323K(30208K), 0.0010393 secs]
19.518: [GC (Allocation Failure)  27443K->22291K(30208K), 0.0007770 secs]
19.521: [GC (Allocation Failure)  27411K->22323K(30208K), 0.0007389 secs]
19.524: [GC (Allocation Failure)  27443K->22259K(30208K), 0.0010119 secs]
19.527: [GC (Allocation Failure)  27379K->22291K(30208K), 0.0007731 secs]
19.530: [GC (Allocation Failure)  27411K->22291K(30208K), 0.0008513 secs]
19.533: [GC (Allocation Failure)  27411K->22323K(30208K), 0.0011278 secs]
19.537: [GC (Allocation Failure)  27443K->22291K(30208K), 0.0009982 secs]
19.541: [GC (Allocation Failure)  27411K->22355K(30208K), 0.0008511 secs]
19.544: [GC (Allocation Failure)  27475K->22355K(30208K), 0.0012113 secs]
19.548: [GC (Allocation Failure)  27475K->22355K(30208K), 0.0008983 secs]
19.552: [GC (Allocation Failure)  27475K->22323K(30208K), 0.0010213 secs]
19.555: [GC (Allocation Failure)  27443K->22323K(30208K), 0.0011203 secs]
19.559: [GC (Allocation Failure)  27443K->22323K(30208K), 0.0010145 secs]
19.563: [GC (Allocation Failure)  27443K->22387K(30208K), 0.0008924 secs]
19.566: [GC (Allocation Failure)  27507K->22323K(30208K), 0.0009474 secs]
19.570: [GC (Allocation Failure)  27443K->22323K(30208K), 0.0008982 secs]
19.573: [GC (Allocation Failure)  27443K->22323K(30208K), 0.0008889 secs]
19.576: [GC (Allocation Failure)  27443K->22387K(30208K), 0.0009545 secs]
19.579: [GC (Allocation Failure)  27507K->22323K(30208K), 0.0006983 secs]
19.582: [GC (Allocation Failure)  27443K->22355K(30208K), 0.0010028 secs]
19.586: [GC (Allocation Failure)  27475K->22323K(30208K), 0.0009041 secs]
19.589: [GC (Allocation Failure)  27443K->22355K(30208K), 0.0008290 secs]
19.592: [GC (Allocation Failure)  27475K->22403K(30208K), 0.0009729 secs]
19.596: [GC (Allocation Failure)  27523K->22371K(30208K), 0.0007453 secs]
19.599: [GC (Allocation Failure)  27491K->22339K(30208K), 0.0009078 secs]
19.602: [GC (Allocation Failure)  27459K->22371K(30208K), 0.0009269 secs]
19.605: [GC (Allocation Failure)  27491K->22403K(30208K), 0.0007441 secs]
19.609: [GC (Allocation Failure)  27523K->22347K(30208K), 0.0007345 secs]
19.612: [GC (Allocation Failure)  27467K->22347K(30208K), 0.0006865 secs]
19.615: [GC (Allocation Failure)  27467K->22379K(30208K), 0.0009244 secs]
19.618: [GC (Allocation Failure)  27499K->22347K(30208K), 0.0008904 secs]
19.622: [GC (Allocation Failure)  27467K->22411K(30208K), 0.0007677 secs]
19.625: [GC (Allocation Failure)  27531K->22347K(30208K), 0.0008540 secs]
19.628: [GC (Allocation Failure)  27467K->22347K(30208K), 0.0008490 secs]
19.631: [GC (Allocation Failure)  27467K->22379K(30208K), 0.0007527 secs]
19.634: [GC (Allocation Failure)  27499K->22379K(30208K), 0.0008946 secs]
19.638: [GC (Allocation Failure)  27499K->22347K(30208K), 0.0007266 secs]
19.641: [GC (Allocation Failure)  27467K->22379K(30208K), 0.0008894 secs]
19.644: [GC (Allocation Failure)  27499K->22411K(30208K), 0.0009761 secs]
19.649: [GC (Allocation Failure)  27531K->22411K(30208K), 0.0012567 secs]
19.653: [GC (Allocation Failure)  27531K->22411K(30208K), 0.0013588 secs]
19.657: [GC (Allocation Failure)  27531K->22411K(30208K), 0.0009740 secs]
19.660: [GC (Allocation Failure)  27531K->22475K(30208K), 0.0007567 secs]
19.664: [GC (Allocation Failure)  27595K->22379K(30208K), 0.0008693 secs]
19.667: [GC (Allocation Failure)  27499K->22411K(30208K), 0.0009765 secs]
19.671: [GC (Allocation Failure)  27531K->22475K(30208K), 0.0007556 secs]
19.674: [GC (Allocation Failure)  27595K->22411K(30208K), 0.0009096 secs]
19.677: [GC (Allocation Failure)  27531K->22347K(30208K), 0.0008264 secs]
19.680: [GC (Allocation Failure)  27467K->22411K(30208K), 0.0008443 secs]
19.684: [GC (Allocation Failure)  27531K->22379K(30208K), 0.0009877 secs]
19.687: [GC (Allocation Failure)  27499K->22411K(30208K), 0.0009142 secs]
19.690: [GC (Allocation Failure)  27531K->22411K(30208K), 0.0009980 secs]
19.694: [GC (Allocation Failure)  27531K->22443K(30208K), 0.0008068 secs]
19.697: [GC (Allocation Failure)  27563K->22443K(30208K), 0.0007827 secs]
19.700: [GC (Allocation Failure)  27563K->22475K(30208K), 0.0008385 secs]
19.703: [GC (Allocation Failure)  27595K->22379K(30208K), 0.0009083 secs]
19.706: [GC (Allocation Failure)  27499K->22419K(30208K), 0.0009089 secs]
19.710: [GC (Allocation Failure)  27539K->22419K(30208K), 0.0007501 secs]
19.713: [GC (Allocation Failure)  27539K->22419K(30208K), 0.0008010 secs]
19.716: [GC (Allocation Failure)  27539K->22483K(30208K), 0.0008395 secs]
19.719: [GC (Allocation Failure)  27603K->22451K(30208K), 0.0007584 secs]
19.722: [GC (Allocation Failure)  27571K->22419K(30208K), 0.0007156 secs]
19.725: [GC (Allocation Failure)  27539K->22419K(30208K), 0.0008323 secs]
19.729: [GC (Allocation Failure)  27539K->22451K(30208K), 0.0008481 secs]
19.732: [GC (Allocation Failure)  27571K->22451K(30208K), 0.0008323 secs]
19.735: [GC (Allocation Failure)  27571K->22387K(30208K), 0.0007123 secs]
19.738: [GC (Allocation Failure)  27507K->22451K(30208K), 0.0008007 secs]
19.742: [GC (Allocation Failure)  27571K->22483K(30208K), 0.0007981 secs]
19.745: [GC (Allocation Failure)  27603K->22547K(30208K), 0.0010395 secs]
19.749: [GC (Allocation Failure)  27667K->22483K(30208K), 0.0011438 secs]
19.753: [GC (Allocation Failure)  27603K->22483K(30208K), 0.0011063 secs]
19.756: [GC (Allocation Failure)  27603K->22515K(30208K), 0.0011647 secs]
19.760: [GC (Allocation Failure)  27635K->22515K(30208K), 0.0009207 secs]
19.764: [GC (Allocation Failure)  27635K->22515K(30208K), 0.0010484 secs]
19.767: [GC (Allocation Failure)  27635K->22483K(30208K), 0.0009648 secs]
19.770: [GC (Allocation Failure)  27603K->22483K(30208K), 0.0008446 secs]
19.774: [GC (Allocation Failure)  27603K->22483K(30208K), 0.0009272 secs]
19.777: [GC (Allocation Failure)  27603K->22483K(30208K), 0.0007993 secs]
19.780: [GC (Allocation Failure)  27602K->22547K(30208K), 0.0009076 secs]
19.784: [GC (Allocation Failure)  27667K->22483K(30208K), 0.0008849 secs]
19.788: [GC (Allocation Failure)  27603K->22515K(30208K), 0.0008621 secs]
19.791: [GC (Allocation Failure)  27635K->22515K(30208K), 0.0009657 secs]
19.794: [GC (Allocation Failure)  27635K->22467K(30208K), 0.0009655 secs]
19.797: [GC (Allocation Failure)  27587K->22467K(30208K), 0.0008359 secs]
19.801: [GC (Allocation Failure)  27587K->22467K(30208K), 0.0007987 secs]
19.804: [GC (Allocation Failure)  27587K->22499K(30208K), 0.0007777 secs]
19.807: [GC (Allocation Failure)  27619K->22531K(30208K), 0.0009006 secs]
19.810: [GC (Allocation Failure)  27651K->22475K(30208K), 0.0008643 secs]
19.814: [GC (Allocation Failure)  27595K->22475K(30208K), 0.0007977 secs]
19.817: [GC (Allocation Failure)  27595K->22475K(30208K), 0.0007752 secs]
19.820: [GC (Allocation Failure)  27595K->22475K(30208K), 0.0008405 secs]
19.823: [GC (Allocation Failure)  27595K->22427K(30208K), 0.0008443 secs]
19.826: [GC (Allocation Failure)  27547K->22523K(30208K), 0.0008378 secs]
19.829: [GC (Allocation Failure)  27643K->22491K(30208K), 0.0009113 secs]
19.833: [GC (Allocation Failure)  27611K->22587K(30208K), 0.0013264 secs]
19.837: [GC (Allocation Failure)  27707K->22619K(30208K), 0.0009929 secs]
19.840: [GC (Allocation Failure)  27739K->22651K(30208K), 0.0010109 secs]
19.844: [GC (Allocation Failure)  27771K->22651K(30208K), 0.0009367 secs]
19.847: [GC (Allocation Failure)  27771K->22587K(30208K), 0.0010920 secs]
19.851: [GC (Allocation Failure)  27707K->22619K(30208K), 0.0012360 secs]
19.855: [GC (Allocation Failure)  27739K->22651K(30208K), 0.0010514 secs]
19.860: [GC (Allocation Failure)  27771K->22619K(30208K), 0.0015309 secs]
19.864: [GC (Allocation Failure)  27739K->22619K(30208K), 0.0015184 secs]
19.868: [GC (Allocation Failure)  27739K->22683K(30208K), 0.0012194 secs]
19.872: [GC (Allocation Failure)  27803K->22651K(30208K), 0.0013553 secs]
19.876: [GC (Allocation Failure)  27771K->22651K(30208K), 0.0015085 secs]
19.880: [GC (Allocation Failure)  27771K->22683K(30208K), 0.0014765 secs]
19.885: [GC (Allocation Failure)  27803K->22651K(30208K), 0.0014770 secs]
19.889: [GC (Allocation Failure)  27771K->22683K(30208K), 0.0012895 secs]
19.893: [GC (Allocation Failure)  27803K->22619K(30208K), 0.0012075 secs]
19.897: [GC (Allocation Failure)  27739K->22627K(30208K), 0.0014442 secs]
19.901: [GC (Allocation Failure)  27747K->22627K(30208K), 0.0012156 secs]
19.905: [GC (Allocation Failure)  27747K->22659K(30208K), 0.0010447 secs]
19.909: [GC (Allocation Failure)  27779K->22659K(30208K), 0.0017910 secs]
19.914: [GC (Allocation Failure)  27779K->22651K(30208K), 0.0014037 secs]
19.918: [GC (Allocation Failure)  27771K->22691K(30208K), 0.0015113 secs]
19.922: [GC (Allocation Failure)  27811K->22691K(30208K), 0.0015245 secs]
19.926: [GC (Allocation Failure)  27811K->22691K(30208K), 0.0010469 secs]
19.930: [GC (Allocation Failure)  27811K->22715K(30208K), 0.0012465 secs]
19.934: [GC (Allocation Failure)  27835K->22867K(30208K), 0.0016182 secs]
19.938: [GC (Allocation Failure)  27987K->22739K(30208K), 0.0010569 secs]
19.942: [GC (Allocation Failure)  27859K->22771K(30208K), 0.0012538 secs]
19.945: [GC (Allocation Failure)  27891K->22867K(30208K), 0.0013546 secs]
19.949: [GC (Allocation Failure)  27987K->22779K(30208K), 0.0010803 secs]
19.953: [GC (Allocation Failure)  27899K->22843K(30208K), 0.0016913 secs]
19.957: [GC (Allocation Failure)  27963K->22875K(30208K), 0.0015321 secs]
19.962: [GC (Allocation Failure)  27995K->22843K(30208K), 0.0014294 secs]
19.966: [GC (Allocation Failure)  27963K->22883K(30208K), 0.0011770 secs]
19.969: [GC (Allocation Failure)  28003K->22787K(30208K), 0.0009290 secs]
19.973: [GC (Allocation Failure)  27907K->22859K(30208K), 0.0009100 secs]
19.977: [GC (Allocation Failure)  27979K->22963K(30208K), 0.0011456 secs]
19.981: [GC (Allocation Failure)  28083K->22980K(30208K), 0.0010159 secs]
19.985: [GC (Allocation Failure)  28100K->22828K(30208K), 0.0010295 secs]
19.989: [GC (Allocation Failure)  27948K->22828K(30208K), 0.0011042 secs]
19.992: [GC (Allocation Failure)  27948K->22964K(30208K), 0.0010978 secs]
19.996: [GC (Allocation Failure)  28084K->22908K(30208K), 0.0013061 secs]
20.000: [GC (Allocation Failure)  28028K->22876K(30208K), 0.0013030 secs]
20.004: [GC (Allocation Failure)  27996K->22924K(30208K), 0.0010165 secs]
20.008: [GC (Allocation Failure)  28044K->22932K(30208K), 0.0013365 secs]
20.012: [GC (Allocation Failure)  28052K->22996K(30208K), 0.0015895 secs]
20.016: [GC (Allocation Failure)  28116K->22932K(30208K), 0.0009723 secs]
20.019: [GC (Allocation Failure)  28052K->23092K(30208K), 0.0011211 secs]
20.023: [GC (Allocation Failure)  28212K->22948K(30208K), 0.0017393 secs]
20.028: [GC (Allocation Failure)  28068K->23012K(30208K), 0.0011059 secs]
20.032: [GC (Allocation Failure)  28132K->23012K(30208K), 0.0011484 secs]
20.036: [GC (Allocation Failure)  28132K->23052K(30208K), 0.0011324 secs]
20.040: [GC (Allocation Failure)  28172K->23020K(30208K), 0.0016197 secs]
20.045: [GC (Allocation Failure)  28140K->23068K(30208K), 0.0013152 secs]
20.050: [GC (Allocation Failure)  28188K->23084K(30208K), 0.0016919 secs]
20.055: [GC (Allocation Failure)  28204K->23084K(30208K), 0.0018936 secs]
20.061: [GC (Allocation Failure)  28204K->23052K(30208K), 0.0019583 secs]
20.066: [GC (Allocation Failure)  28172K->22980K(30208K), 0.0014816 secs]
20.071: [GC (Allocation Failure)  28100K->23116K(30208K), 0.0013771 secs]
20.075: [GC (Allocation Failure)  28236K->23100K(30208K), 0.0012658 secs]
20.080: [GC (Allocation Failure)  28220K->23164K(30208K), 0.0014054 secs]
20.084: [GC (Allocation Failure)  28284K->23100K(30208K), 0.0013051 secs]
20.089: [GC (Allocation Failure)  28220K->23148K(30208K), 0.0015372 secs]
20.094: [GC (Allocation Failure)  28268K->23252K(30208K), 0.0014630 secs]
20.099: [GC (Allocation Failure)  28372K->23092K(30208K), 0.0016780 secs]
20.104: [GC (Allocation Failure)  28212K->23100K(30208K), 0.0017159 secs]
20.109: [GC (Allocation Failure)  28220K->23164K(30208K), 0.0011526 secs]
20.112: [GC (Allocation Failure)  28284K->23244K(30208K), 0.0010718 secs]
20.116: [GC (Allocation Failure)  28364K->23180K(30208K), 0.0010733 secs]
20.120: [GC (Allocation Failure)  28300K->23316K(30208K), 0.0009922 secs]
20.123: [GC (Allocation Failure)  28436K->23196K(30208K), 0.0010542 secs]
20.127: [GC (Allocation Failure)  28316K->23316K(30208K), 0.0009966 secs]
20.131: [GC (Allocation Failure)  28436K->23236K(30208K), 0.0010075 secs]
20.134: [GC (Allocation Failure)  28356K->23236K(30208K), 0.0009767 secs]
20.138: [GC (Allocation Failure)  28356K->23332K(30208K), 0.0009982 secs]
20.142: [GC (Allocation Failure)  28452K->23236K(30208K), 0.0010071 secs]
20.145: [GC (Allocation Failure)  28356K->23260K(30208K), 0.0009732 secs]
20.156: [GC (Allocation Failure)  28380K->23276K(30208K), 0.0009736 secs]
20.159: [GC (Allocation Failure)  28396K->23308K(30208K), 0.0009696 secs]
20.162: [GC (Allocation Failure)  28428K->23236K(30208K), 0.0010047 secs]
20.166: [GC (Allocation Failure)  28356K->23316K(30208K), 0.0009939 secs]
20.170: [GC (Allocation Failure)  28436K->23252K(30208K), 0.0010696 secs]
20.174: [GC (Allocation Failure)  28372K->23364K(30208K), 0.0014450 secs]
20.185: [GC (Allocation Failure)  28484K->23348K(30208K), 0.0011487 secs]
20.189: [GC (Allocation Failure)  28468K->23356K(30208K), 0.0010440 secs]
20.193: [GC (Allocation Failure)  28476K->23396K(30208K), 0.0011443 secs]
20.198: [GC (Allocation Failure)  28516K->23300K(30208K), 0.0010600 secs]
20.201: [GC (Allocation Failure)  28420K->23444K(30208K), 0.0010471 secs]
20.205: [GC (Allocation Failure)  28564K->23380K(30208K), 0.0012686 secs]
20.210: [GC (Allocation Failure)  28500K->23484K(30208K), 0.0013403 secs]
20.214: [GC (Allocation Failure)  28604K->23364K(30208K), 0.0012270 secs]
20.218: [GC (Allocation Failure)  28484K->23468K(30208K), 0.0010215 secs]
20.222: [GC (Allocation Failure)  28588K->23348K(30208K), 0.0011188 secs]
20.226: [GC (Allocation Failure)  28468K->23380K(30208K), 0.0013524 secs]
20.231: [GC (Allocation Failure)  28500K->23484K(30208K), 0.0013779 secs]
20.235: [GC (Allocation Failure)  28604K->23428K(30208K), 0.0012644 secs]
20.239: [GC (Allocation Failure)  28548K->23396K(30208K), 0.0011505 secs]
20.244: [GC (Allocation Failure)  28516K->23428K(30208K), 0.0014277 secs]
20.248: [GC (Allocation Failure)  28548K->23468K(30208K), 0.0012092 secs]
20.252: [GC (Allocation Failure)  28588K->23540K(30208K), 0.0015003 secs]
20.256: [GC (Allocation Failure)  28660K->23420K(30208K), 0.0015294 secs]
20.261: [GC (Allocation Failure)  28540K->23428K(30208K), 0.0014249 secs]
20.265: [GC (Allocation Failure)  28548K->23460K(30208K), 0.0011559 secs]
20.269: [GC (Allocation Failure)  28580K->23468K(30208K), 0.0013050 secs]
20.273: [GC (Allocation Failure)  28588K->23404K(30208K), 0.0011990 secs]
20.284: [GC (Allocation Failure)  28524K->23468K(30208K), 0.0011281 secs]
20.295: [GC (Allocation Failure)  28588K->23420K(30208K), 0.0010991 secs]
20.298: [GC (Allocation Failure)  28540K->23476K(30208K), 0.0007884 secs]
20.303: [GC (Allocation Failure)  28596K->23508K(30208K), 0.0010067 secs]
20.307: [GC (Allocation Failure)  28628K->23540K(30208K), 0.0014267 secs]
20.311: [GC (Allocation Failure)  28660K->23556K(30208K), 0.0010823 secs]
20.316: [GC (Allocation Failure)  28676K->23612K(30208K), 0.0011077 secs]
20.320: [GC (Allocation Failure)  28732K->23660K(30208K), 0.0012340 secs]
20.324: [GC (Allocation Failure)  28780K->23612K(30208K), 0.0011371 secs]
20.328: [GC (Allocation Failure)  28732K->23668K(30208K), 0.0012760 secs]
20.332: [GC (Allocation Failure)  28788K->23652K(30208K), 0.0015799 secs]
20.336: [GC (Allocation Failure)  28772K->23676K(30208K), 0.0010298 secs]
20.341: [GC (Allocation Failure)  28796K->23684K(30208K), 0.0012334 secs]
20.344: [GC (Allocation Failure)  28804K->23620K(30208K), 0.0009851 secs]
20.348: [GC (Allocation Failure)  28740K->23700K(30208K), 0.0009630 secs]
20.352: [GC (Allocation Failure)  28820K->23764K(30208K), 0.0010865 secs]
20.356: [GC (Allocation Failure)  28884K->23652K(30208K), 0.0010689 secs]
20.366: [GC (Allocation Failure)  28772K->23676K(30208K), 0.0009948 secs]
20.370: [GC (Allocation Failure)  28796K->23676K(30208K), 0.0009199 secs]
20.374: [GC (Allocation Failure)  28796K->23660K(30208K), 0.0011856 secs]
20.377: [GC (Allocation Failure)  28780K->23764K(30208K), 0.0009810 secs]
20.381: [GC (Allocation Failure)  28884K->23644K(30208K), 0.0011611 secs]
20.385: [GC (Allocation Failure)  28764K->23780K(30208K), 0.0010473 secs]
20.388: [GC (Allocation Failure)  28900K->23660K(30208K), 0.0008449 secs]
20.392: [GC (Allocation Failure)  28780K->23796K(30208K), 0.0010304 secs]
20.395: [GC (Allocation Failure)  28916K->23716K(30208K), 0.0009087 secs]
20.399: [GC (Allocation Failure)  28836K->23756K(30208K), 0.0010212 secs]
20.402: [GC (Allocation Failure)  28876K->23756K(30208K), 0.0011010 secs]
20.406: [GC (Allocation Failure)  28876K->23796K(30208K), 0.0011754 secs]
20.410: [GC (Allocation Failure)  28916K->23812K(30208K), 0.0010590 secs]
20.414: [GC (Allocation Failure)  28932K->23780K(30208K), 0.0011088 secs]
20.417: [GC (Allocation Failure)  28900K->23820K(30208K), 0.0010033 secs]
20.421: [GC (Allocation Failure)  28940K->23828K(30208K), 0.0010269 secs]
20.425: [GC (Allocation Failure)  28948K->23828K(30208K), 0.0012050 secs]
20.429: [GC (Allocation Failure)  28948K->23836K(30208K), 0.0011198 secs]
20.432: [GC (Allocation Failure)  28956K->23932K(30208K), 0.0011993 secs]
20.437: [GC (Allocation Failure)  29052K->23900K(30208K), 0.0010758 secs]
20.441: [GC (Allocation Failure)  29020K->23900K(30208K), 0.0014142 secs]
20.445: [GC (Allocation Failure)  29020K->23836K(30208K), 0.0011268 secs]
20.449: [GC (Allocation Failure)  28956K->23932K(30208K), 0.0009022 secs]
20.452: [GC (Allocation Failure)  29052K->23876K(30208K), 0.0009515 secs]
20.456: [GC (Allocation Failure)  28996K->23908K(30208K), 0.0009684 secs]
20.460: [GC (Allocation Failure)  29028K->23820K(30208K), 0.0013597 secs]
20.464: [GC (Allocation Failure)  28940K->23916K(30208K), 0.0011262 secs]
20.468: [GC (Allocation Failure)  29036K->23900K(30208K), 0.0010598 secs]
20.471: [GC (Allocation Failure)  29020K->23876K(30208K), 0.0010485 secs]
20.475: [GC (Allocation Failure)  28996K->23908K(30208K), 0.0010796 secs]
20.478: [GC (Allocation Failure)  29028K->23948K(30208K), 0.0008653 secs]
20.482: [GC (Allocation Failure)  29068K->23916K(30208K), 0.0009530 secs]
20.485: [GC (Allocation Failure)  29036K->24004K(30208K), 0.0008683 secs]
20.488: [GC (Allocation Failure)  29124K->23916K(30208K), 0.0008967 secs]
20.492: [GC (Allocation Failure)  29036K->23964K(30208K), 0.0010826 secs]
20.496: [GC (Allocation Failure)  29084K->23964K(30208K), 0.0010498 secs]
20.500: [GC (Allocation Failure)  29084K->23948K(30208K), 0.0010341 secs]
20.504: [GC (Allocation Failure)  29068K->24020K(30208K), 0.0011228 secs]
20.508: [GC (Allocation Failure)  29140K->23924K(30208K), 0.0010555 secs]
20.512: [GC (Allocation Failure)  29044K->24020K(30208K), 0.0010923 secs]
20.515: [GC (Allocation Failure)  29140K->23996K(30208K), 0.0009647 secs]
20.519: [GC (Allocation Failure)  29116K->23996K(30208K), 0.0010186 secs]
20.523: [GC (Allocation Failure)  29116K->23988K(30208K), 0.0015312 secs]
20.527: [GC (Allocation Failure)  29108K->24020K(30208K), 0.0011473 secs]
20.532: [GC (Allocation Failure)  29140K->24052K(30208K), 0.0012565 secs]
20.536: [GC (Allocation Failure)  29172K->24100K(30208K), 0.0011862 secs]
20.540: [GC (Allocation Failure)  29220K->24116K(30208K), 0.0011237 secs]
20.544: [GC (Allocation Failure)  29236K->24020K(30208K), 0.0011681 secs]
20.548: [GC (Allocation Failure)  29140K->24052K(30208K), 0.0010444 secs]
20.551: [GC (Allocation Failure)  29172K->24124K(30208K), 0.0010037 secs]
20.555: [GC (Allocation Failure)  29244K->24060K(30208K), 0.0012924 secs]
20.560: [GC (GCLocker Initiated GC)  29180K->24060K(30208K), 0.0010801 secs]
20.564: [GC (Allocation Failure)  29184K->24072K(30208K), 0.0014512 secs]
20.568: [GC (Allocation Failure)  29192K->24048K(30208K), 0.0011491 secs]
20.571: [GC (Allocation Failure)  29168K->24080K(30208K), 0.0009263 secs]
20.575: [GC (Allocation Failure)  29200K->24048K(30208K), 0.0011529 secs]
20.579: [GC (Allocation Failure)  29168K->24048K(30208K), 0.0011599 secs]
20.583: [GC (Allocation Failure)  29168K->24112K(30208K), 0.0011372 secs]
20.587: [GC (Allocation Failure)  29232K->24168K(30208K), 0.0010260 secs]
20.590: [GC (Allocation Failure)  29288K->24112K(30208K), 0.0010540 secs]
20.594: [GC (Allocation Failure)  29232K->24176K(30208K), 0.0011171 secs]
20.598: [GC (Allocation Failure)  29296K->24144K(30208K), 0.0010110 secs]
20.602: [GC (Allocation Failure)  29264K->24176K(30208K), 0.0010979 secs]
20.605: [GC (Allocation Failure)  29296K->24120K(30208K), 0.0010975 secs]
20.609: [GC (Allocation Failure)  29240K->24128K(30208K), 0.0011162 secs]
20.613: [GC (Allocation Failure)  29248K->24168K(30208K), 0.0011609 secs]
20.618: [GC (Allocation Failure)  29288K->24240K(30208K), 0.0013065 secs]
20.622: [GC (Allocation Failure)  29360K->24288K(30208K), 0.0014401 secs]
20.627: [GC (Allocation Failure)  29408K->24232K(30208K), 0.0012528 secs]
20.631: [GC (Allocation Failure)  29352K->24200K(30208K), 0.0012617 secs]
20.635: [GC (Allocation Failure)  29320K->24328K(30208K), 0.0011889 secs]
20.639: [GC (Allocation Failure)  29448K->24232K(30208K), 0.0012609 secs]
20.643: [GC (Allocation Failure)  29352K->24248K(30208K), 0.0013698 secs]
20.647: [GC (Allocation Failure)  29368K->24256K(30208K), 0.0011547 secs]
20.652: [GC (Allocation Failure)  29376K->24328K(30208K), 0.0014906 secs]
20.656: [GC (Allocation Failure)  29448K->24264K(30208K), 0.0014465 secs]
20.661: [GC (Allocation Failure)  29384K->24200K(30208K), 0.0012556 secs]
20.665: [GC (Allocation Failure)  29320K->24272K(30208K), 0.0012052 secs]
20.669: [GC (Allocation Failure)  29392K->24320K(30208K), 0.0012901 secs]
20.673: [GC (Allocation Failure)  29440K->24296K(30208K), 0.0015695 secs]
20.678: [GC (Allocation Failure)  29416K->24296K(30208K), 0.0014375 secs]
20.682: [GC (Allocation Failure)  29416K->24280K(30208K), 0.0013814 secs]
20.686: [GC (Allocation Failure)  29400K->24344K(30208K), 0.0010463 secs]
20.690: [GC (Allocation Failure)  29464K->24288K(30208K), 0.0011772 secs]
20.694: [GC (Allocation Failure)  29408K->24320K(30208K), 0.0012664 secs]
20.698: [GC (Allocation Failure)  29440K->24368K(30208K), 0.0010568 secs]
20.701: [GC (Allocation Failure)  29488K->24368K(30208K), 0.0011145 secs]
20.705: [GC (Allocation Failure)  29488K->24400K(30208K), 0.0012313 secs]
20.709: [GC (Allocation Failure)  29520K->24400K(30208K), 0.0014896 secs]
20.714: [GC (Allocation Failure)  29520K->24384K(30208K), 0.0012954 secs]
20.719: [GC (Allocation Failure)  29504K->24464K(30208K), 0.0012637 secs]
20.723: [GC (Allocation Failure)  29584K->24376K(30208K), 0.0013486 secs]
20.727: [GC (Allocation Failure)  29496K->24424K(30208K), 0.0011340 secs]
20.731: [GC (Allocation Failure)  29544K->24400K(30208K), 0.0014725 secs]
20.736: [GC (Allocation Failure)  29520K->24408K(30208K), 0.0010720 secs]
20.739: [GC (Allocation Failure)  29528K->24512K(30208K), 0.0012356 secs]
20.744: [GC (Allocation Failure)  29632K->24464K(30208K), 0.0011819 secs]
20.748: [GC (Allocation Failure)  29584K->24512K(30208K), 0.0011107 secs]
20.752: [GC (Allocation Failure)  29632K->24520K(30208K), 0.0013196 secs]
20.756: [GC (Allocation Failure)  29640K->24488K(30208K), 0.0012037 secs]
20.760: [GC (Allocation Failure)  29608K->24472K(30208K), 0.0011042 secs]
20.764: [GC (Allocation Failure)  29592K->24512K(30208K), 0.0011186 secs]
20.767: [GC (Allocation Failure)  29632K->24496K(30208K), 0.0010595 secs]
20.771: [GC (Allocation Failure)  29616K->24560K(30208K), 0.0010730 secs]
20.775: [GC (Allocation Failure)  29680K->24440K(30208K), 0.0014169 secs]
20.780: [GC (Allocation Failure)  29560K->24488K(30208K), 0.0014726 secs]
20.785: [GC (Allocation Failure)  29608K->24616K(30208K), 0.0014056 secs]
20.789: [GC (Allocation Failure)  29736K->24640K(30208K), 0.0013160 secs]
20.794: [GC (Allocation Failure)  29760K->24688K(30208K), 0.0013426 secs]
20.798: [GC (Allocation Failure)  29808K->24624K(30208K), 0.0012458 secs]
20.802: [GC (Allocation Failure)  29744K->24624K(30208K), 0.0013594 secs]
20.806: [GC (Allocation Failure)  29744K->24568K(30208K), 0.0013353 secs]
20.810: [GC (Allocation Failure)  29688K->24608K(30208K), 0.0010970 secs]
20.814: [GC (Allocation Failure)  29728K->24672K(30208K), 0.0011830 secs]
20.817: [GC (Allocation Failure)  29792K->24656K(30208K), 0.0010837 secs]
20.822: [GC (Allocation Failure)  29776K->24688K(30208K), 0.0014089 secs]
20.826: [GC (Allocation Failure)  29808K->24656K(30208K), 0.0010378 secs]
20.829: [GC (Allocation Failure)  29776K->24656K(30208K), 0.0011908 secs]
20.833: [GC (Allocation Failure)  29776K->24696K(30208K), 0.0011147 secs]
20.837: [GC (Allocation Failure)  29816K->24784K(30208K), 0.0015687 secs]
20.842: [GC (Allocation Failure)  29904K->24688K(30208K), 0.0020174 secs]
20.847: [GC (Allocation Failure)  29808K->24760K(30208K), 0.0015123 secs]
20.851: [GC (Allocation Failure)  29880K->24753K(30208K), 0.0013735 secs]
20.856: [GC (Allocation Failure)  29873K->24770K(30208K), 0.0016083 secs]
20.858: [Full GC (Ergonomics)  24770K->20821K(30208K), 0.0850896 secs]
20.947: [GC (Allocation Failure)  25941K->21013K(30208K), 0.0017537 secs]
20.951: [GC (Allocation Failure)  26133K->21045K(30208K), 0.0011008 secs]
20.955: [GC (Allocation Failure)  26165K->20989K(30208K), 0.0010965 secs]
20.960: [GC (Allocation Failure)  26109K->21021K(30208K), 0.0012306 secs]
20.964: [GC (Allocation Failure)  26141K->21053K(30208K), 0.0010387 secs]
20.968: [GC (Allocation Failure)  26173K->21021K(30208K), 0.0011139 secs]
20.972: [GC (Allocation Failure)  26141K->21021K(30208K), 0.0009728 secs]
20.976: [GC (Allocation Failure)  26141K->21021K(30208K), 0.0010804 secs]
20.979: [GC (Allocation Failure)  26141K->20989K(30208K), 0.0008348 secs]
20.983: [GC (Allocation Failure)  26109K->21053K(30208K), 0.0008076 secs]
20.986: [GC (Allocation Failure)  26173K->21085K(30208K), 0.0007685 secs]
20.989: [GC (Allocation Failure)  26205K->21053K(30208K), 0.0009150 secs]
20.992: [GC (Allocation Failure)  26173K->21021K(30208K), 0.0007842 secs]
20.996: [GC (Allocation Failure)  26141K->20989K(30208K), 0.0006889 secs]
20.998: [GC (Allocation Failure)  26109K->21053K(30208K), 0.0007453 secs]
21.001: [GC (Allocation Failure)  26173K->21045K(30208K), 0.0007696 secs]
21.005: [GC (Allocation Failure)  26165K->21077K(30208K), 0.0007486 secs]
21.008: [GC (Allocation Failure)  26197K->21037K(30208K), 0.0007299 secs]
21.011: [GC (Allocation Failure)  26157K->21085K(30208K), 0.0006580 secs]
21.014: [GC (Allocation Failure)  26205K->21021K(30208K), 0.0007976 secs]
21.017: [GC (Allocation Failure)  26141K->21141K(30208K), 0.0007615 secs]
21.020: [GC (Allocation Failure)  26261K->21109K(30208K), 0.0007853 secs]
21.023: [GC (Allocation Failure)  26229K->21053K(30208K), 0.0008618 secs]
21.027: [GC (Allocation Failure)  26173K->21053K(30208K), 0.0007127 secs]
21.030: [GC (Allocation Failure)  26173K->21117K(30208K), 0.0007254 secs]
21.032: [GC (Allocation Failure)  26237K->21117K(30208K), 0.0007602 secs]
21.036: [GC (Allocation Failure)  26237K->21053K(30208K), 0.0007476 secs]
21.040: [GC (Allocation Failure)  26173K->21053K(30208K), 0.0014025 secs]
21.045: [GC (Allocation Failure)  26173K->21085K(30208K), 0.0012307 secs]
21.049: [GC (Allocation Failure)  26205K->21085K(30208K), 0.0010490 secs]
21.053: [GC (Allocation Failure)  26205K->21149K(30208K), 0.0013301 secs]
21.057: [GC (Allocation Failure)  26269K->21149K(30208K), 0.0012136 secs]
21.061: [GC (Allocation Failure)  26269K->21181K(30208K), 0.0011934 secs]
21.065: [GC (Allocation Failure)  26301K->21085K(30208K), 0.0008277 secs]
21.068: [GC (Allocation Failure)  26205K->21085K(30208K), 0.0010191 secs]
21.072: [GC (Allocation Failure)  26205K->21213K(30208K), 0.0007858 secs]
21.075: [GC (Allocation Failure)  26333K->21085K(30208K), 0.0008061 secs]
21.078: [GC (Allocation Failure)  26205K->21117K(30208K), 0.0007104 secs]
21.081: [GC (Allocation Failure)  26237K->21093K(30208K), 0.0007436 secs]
21.084: [GC (Allocation Failure)  26213K->21093K(30208K), 0.0008037 secs]
21.088: [GC (Allocation Failure)  26213K->21125K(30208K), 0.0007496 secs]
21.091: [GC (Allocation Failure)  26245K->21125K(30208K), 0.0008619 secs]
21.094: [GC (Allocation Failure)  26245K->21157K(30208K), 0.0008598 secs]
21.097: [GC (Allocation Failure)  26277K->21125K(30208K), 0.0006956 secs]
21.100: [GC (Allocation Failure)  26245K->21157K(30208K), 0.0006993 secs]
21.104: [GC (Allocation Failure)  26277K->21141K(30208K), 0.0008713 secs]
21.107: [GC (Allocation Failure)  26261K->21141K(30208K), 0.0007702 secs]
21.110: [GC (Allocation Failure)  26261K->21109K(30208K), 0.0007226 secs]
21.113: [GC (Allocation Failure)  26229K->21085K(30208K), 0.0011240 secs]
21.118: [GC (Allocation Failure)  26205K->21149K(30208K), 0.0008715 secs]
21.121: [GC (Allocation Failure)  26269K->21117K(30208K), 0.0007701 secs]
21.125: [GC (Allocation Failure)  26237K->21117K(30208K), 0.0007890 secs]
21.128: [GC (Allocation Failure)  26237K->21213K(30208K), 0.0008596 secs]
21.132: [GC (Allocation Failure)  26333K->21085K(30208K), 0.0008921 secs]
21.135: [GC (Allocation Failure)  26205K->21117K(30208K), 0.0008746 secs]
21.139: [GC (Allocation Failure)  26237K->21085K(30208K), 0.0008179 secs]
21.142: [GC (Allocation Failure)  26205K->21149K(30208K), 0.0008222 secs]
21.146: [GC (Allocation Failure)  26269K->21149K(30208K), 0.0008384 secs]
21.149: [GC (Allocation Failure)  26269K->21117K(30208K), 0.0010071 secs]
21.153: [GC (Allocation Failure)  26237K->21213K(30208K), 0.0010668 secs]
21.158: [GC (Allocation Failure)  26333K->21213K(30208K), 0.0011924 secs]
21.162: [GC (Allocation Failure)  26333K->21181K(30208K), 0.0010110 secs]
21.166: [GC (Allocation Failure)  26301K->21181K(30208K), 0.0008885 secs]
21.169: [GC (Allocation Failure)  26301K->21245K(30208K), 0.0008279 secs]
21.172: [GC (Allocation Failure)  26365K->21181K(30208K), 0.0008264 secs]
21.175: [GC (Allocation Failure)  26301K->21181K(30208K), 0.0007422 secs]
21.179: [GC (Allocation Failure)  26301K->21181K(30208K), 0.0008679 secs]
21.182: [GC (Allocation Failure)  26301K->21117K(30208K), 0.0011575 secs]
21.186: [GC (Allocation Failure)  26237K->21245K(30208K), 0.0008485 secs]
21.189: [GC (Allocation Failure)  26365K->21181K(30208K), 0.0008506 secs]
21.193: [GC (Allocation Failure)  26301K->21149K(30208K), 0.0008498 secs]
21.196: [GC (Allocation Failure)  26269K->21181K(30208K), 0.0008487 secs]
21.200: [GC (Allocation Failure)  26301K->21181K(30208K), 0.0008432 secs]
21.203: [GC (Allocation Failure)  26301K->21181K(30208K), 0.0008642 secs]
21.206: [GC (Allocation Failure)  26301K->21173K(30208K), 0.0008981 secs]
21.210: [GC (Allocation Failure)  26293K->21157K(30208K), 0.0008414 secs]
21.213: [GC (Allocation Failure)  26277K->21189K(30208K), 0.0007966 secs]
21.216: [GC (Allocation Failure)  26309K->21197K(30208K), 0.0008493 secs]
21.220: [GC (Allocation Failure)  26317K->21229K(30208K), 0.0007741 secs]
21.223: [GC (Allocation Failure)  26349K->21197K(30208K), 0.0007648 secs]
21.226: [GC (Allocation Failure)  26317K->21165K(30208K), 0.0008647 secs]
21.229: [GC (Allocation Failure)  26285K->21197K(30208K), 0.0007042 secs]
21.232: [GC (Allocation Failure)  26317K->21165K(30208K), 0.0009892 secs]
21.236: [GC (Allocation Failure)  26285K->21197K(30208K), 0.0008814 secs]
21.239: [GC (Allocation Failure)  26317K->21229K(30208K), 0.0008147 secs]
21.242: [GC (Allocation Failure)  26349K->21165K(30208K), 0.0008145 secs]
21.246: [GC (Allocation Failure)  26285K->21141K(30208K), 0.0006830 secs]
21.249: [GC (Allocation Failure)  26261K->21173K(30208K), 0.0008337 secs]
21.252: [GC (Allocation Failure)  26293K->21173K(30208K), 0.0009047 secs]
21.256: [GC (Allocation Failure)  26293K->21205K(30208K), 0.0012160 secs]
21.260: [GC (Allocation Failure)  26325K->21301K(30208K), 0.0009146 secs]
21.264: [GC (Allocation Failure)  26421K->21269K(30208K), 0.0012085 secs]
21.268: [GC (Allocation Failure)  26389K->21301K(30208K), 0.0009203 secs]
21.271: [GC (Allocation Failure)  26421K->21237K(30208K), 0.0008630 secs]
21.275: [GC (Allocation Failure)  26357K->21269K(30208K), 0.0009029 secs]
21.278: [GC (Allocation Failure)  26389K->21269K(30208K), 0.0008642 secs]
21.282: [GC (Allocation Failure)  26389K->21237K(30208K), 0.0007721 secs]
21.285: [GC (Allocation Failure)  26357K->21205K(30208K), 0.0008287 secs]
21.289: [GC (Allocation Failure)  26325K->21269K(30208K), 0.0008657 secs]
21.292: [GC (Allocation Failure)  26389K->21237K(30208K), 0.0008476 secs]
21.295: [GC (Allocation Failure)  26357K->21205K(30208K), 0.0007430 secs]
21.298: [GC (Allocation Failure)  26325K->21269K(30208K), 0.0007461 secs]
21.301: [GC (Allocation Failure)  26389K->21205K(30208K), 0.0007159 secs]
21.304: [GC (Allocation Failure)  26325K->21237K(30208K), 0.0007772 secs]
21.307: [GC (Allocation Failure)  26357K->21221K(30208K), 0.0007208 secs]
21.311: [GC (Allocation Failure)  26341K->21261K(30208K), 0.0007989 secs]
21.314: [GC (Allocation Failure)  26381K->21253K(30208K), 0.0008323 secs]
21.317: [GC (Allocation Failure)  26373K->21261K(30208K), 0.0009142 secs]
21.320: [GC (Allocation Failure)  26381K->21261K(30208K), 0.0008228 secs]
21.324: [GC (Allocation Failure)  26381K->21229K(30208K), 0.0008543 secs]
21.327: [GC (Allocation Failure)  26349K->21261K(30208K), 0.0007883 secs]
21.330: [GC (Allocation Failure)  26381K->21293K(30208K), 0.0007487 secs]
21.333: [GC (Allocation Failure)  26413K->21229K(30208K), 0.0009977 secs]
21.336: [GC (Allocation Failure)  26349K->21229K(30208K), 0.0007586 secs]
21.339: [GC (Allocation Failure)  26349K->21197K(30208K), 0.0008361 secs]
21.343: [GC (Allocation Failure)  26317K->21261K(30208K), 0.0009179 secs]
21.346: [GC (Allocation Failure)  26381K->21181K(30208K), 0.0008125 secs]
21.350: [GC (Allocation Failure)  26301K->21245K(30208K), 0.0007769 secs]
21.353: [GC (Allocation Failure)  26365K->21213K(30208K), 0.0007718 secs]
21.356: [GC (Allocation Failure)  26333K->21341K(30208K), 0.0008085 secs]
21.360: [GC (Allocation Failure)  26461K->21341K(30208K), 0.0009205 secs]
21.364: [GC (Allocation Failure)  26461K->21277K(30208K), 0.0015634 secs]
21.368: [GC (Allocation Failure)  26397K->21309K(30208K), 0.0011091 secs]
21.372: [GC (Allocation Failure)  26429K->21309K(30208K), 0.0009712 secs]
21.376: [GC (Allocation Failure)  26429K->21341K(30208K), 0.0009571 secs]
21.379: [GC (Allocation Failure)  26461K->21309K(30208K), 0.0007546 secs]
21.382: [GC (Allocation Failure)  26429K->21277K(30208K), 0.0008062 secs]
21.386: [GC (Allocation Failure)  26397K->21309K(30208K), 0.0009527 secs]
21.389: [GC (Allocation Failure)  26429K->21277K(30208K), 0.0009083 secs]
21.393: [GC (Allocation Failure)  26397K->21341K(30208K), 0.0008214 secs]
21.396: [GC (Allocation Failure)  26461K->21341K(30208K), 0.0008307 secs]
21.399: [GC (Allocation Failure)  26461K->21373K(30208K), 0.0007099 secs]
21.402: [GC (Allocation Failure)  26493K->21341K(30208K), 0.0008169 secs]
21.406: [GC (Allocation Failure)  26461K->21309K(30208K), 0.0009142 secs]
21.409: [GC (Allocation Failure)  26429K->21301K(30208K), 0.0007553 secs]
21.412: [GC (Allocation Failure)  26421K->21357K(30208K), 0.0008373 secs]
21.415: [GC (Allocation Failure)  26477K->21325K(30208K), 0.0009050 secs]
21.419: [GC (Allocation Failure)  26445K->21301K(30208K), 0.0007991 secs]
21.422: [GC (Allocation Failure)  26421K->21301K(30208K), 0.0007651 secs]
21.426: [GC (Allocation Failure)  26421K->21333K(30208K), 0.0007463 secs]
21.429: [GC (Allocation Failure)  26453K->21333K(30208K), 0.0007995 secs]
21.432: [GC (Allocation Failure)  26453K->21301K(30208K), 0.0008816 secs]
21.435: [GC (Allocation Failure)  26421K->21333K(30208K), 0.0007806 secs]
21.438: [GC (Allocation Failure)  26453K->21301K(30208K), 0.0007035 secs]
21.442: [GC (Allocation Failure)  26421K->21301K(30208K), 0.0008204 secs]
21.445: [GC (Allocation Failure)  26421K->21397K(30208K), 0.0011705 secs]
21.449: [GC (Allocation Failure)  26517K->21333K(30208K), 0.0011023 secs]
21.453: [GC (Allocation Failure)  26453K->21429K(30208K), 0.0008861 secs]
21.458: [GC (Allocation Failure)  26549K->21397K(30208K), 0.0013994 secs]
21.462: [GC (Allocation Failure)  26517K->21333K(30208K), 0.0013768 secs]
21.467: [GC (Allocation Failure)  26453K->21397K(30208K), 0.0009834 secs]
21.471: [GC (Allocation Failure)  26517K->21429K(30208K), 0.0010450 secs]
21.474: [GC (Allocation Failure)  26549K->21333K(30208K), 0.0011927 secs]
21.478: [GC (Allocation Failure)  26453K->21333K(30208K), 0.0008816 secs]
21.481: [GC (Allocation Failure)  26453K->21333K(30208K), 0.0008370 secs]
21.484: [GC (Allocation Failure)  26453K->21397K(30208K), 0.0007662 secs]
21.487: [GC (Allocation Failure)  26517K->21365K(30208K), 0.0007767 secs]
21.490: [GC (Allocation Failure)  26485K->21365K(30208K), 0.0008929 secs]
21.494: [GC (Allocation Failure)  26485K->21429K(30208K), 0.0008526 secs]
21.497: [GC (Allocation Failure)  26549K->21397K(30208K), 0.0008547 secs]
21.501: [GC (Allocation Failure)  26517K->21357K(30208K), 0.0008296 secs]
21.504: [GC (Allocation Failure)  26477K->21397K(30208K), 0.0008363 secs]
21.507: [GC (Allocation Failure)  26517K->21397K(30208K), 0.0007723 secs]
21.510: [GC (Allocation Failure)  26517K->21453K(30208K), 0.0007808 secs]
21.513: [GC (Allocation Failure)  26573K->21405K(30208K), 0.0007582 secs]
21.516: [GC (Allocation Failure)  26525K->21533K(30208K), 0.0012027 secs]
21.520: [GC (Allocation Failure)  26653K->21581K(30208K), 0.0011782 secs]
21.524: [GC (Allocation Failure)  26701K->21549K(30208K), 0.0014961 secs]
21.528: [GC (Allocation Failure)  26669K->21549K(30208K), 0.0012838 secs]
21.532: [GC (Allocation Failure)  26669K->21613K(30208K), 0.0010865 secs]
21.536: [GC (Allocation Failure)  26733K->21581K(30208K), 0.0009286 secs]
21.539: [GC (Allocation Failure)  26701K->21613K(30208K), 0.0008397 secs]
21.543: [GC (Allocation Failure)  26733K->21517K(30208K), 0.0010698 secs]
21.547: [GC (Allocation Failure)  26637K->21549K(30208K), 0.0010341 secs]
21.550: [GC (Allocation Failure)  26669K->21549K(30208K), 0.0011563 secs]
21.554: [GC (Allocation Failure)  26669K->21549K(30208K), 0.0010253 secs]
21.558: [GC (Allocation Failure)  26669K->21581K(30208K), 0.0015427 secs]
21.562: [GC (Allocation Failure)  26701K->21581K(30208K), 0.0011886 secs]
21.566: [GC (Allocation Failure)  26701K->21613K(30208K), 0.0012902 secs]
21.570: [GC (Allocation Failure)  26733K->21549K(30208K), 0.0011460 secs]
21.573: [GC (Allocation Failure)  26669K->21589K(30208K), 0.0011243 secs]
21.577: [GC (Allocation Failure)  26709K->21622K(30208K), 0.0009394 secs]
21.580: [GC (Allocation Failure)  26742K->21728K(30208K), 0.0008523 secs]
21.584: [GC (Allocation Failure)  26848K->21787K(30208K), 0.0008765 secs]
21.587: [GC (Allocation Failure)  26907K->21798K(30208K), 0.0009260 secs]
21.590: [GC (Allocation Failure)  26918K->21886K(30208K), 0.0007617 secs]
21.594: [GC (Allocation Failure)  27006K->21822K(30208K), 0.0007475 secs]
21.597: [GC (Allocation Failure)  26942K->21910K(30208K), 0.0008185 secs]
21.600: [GC (Allocation Failure)  27030K->21886K(30208K), 0.0009831 secs]
21.604: [GC (Allocation Failure)  27006K->21918K(30208K), 0.0009763 secs]
21.607: [GC (Allocation Failure)  27038K->21870K(30208K), 0.0008225 secs]
21.610: [GC (Allocation Failure)  26990K->21894K(30208K), 0.0008070 secs]
21.613: [GC (Allocation Failure)  27014K->21958K(30208K), 0.0007905 secs]
21.617: [GC (Allocation Failure)  27078K->21926K(30208K), 0.0009116 secs]
21.620: [GC (Allocation Failure)  27046K->21934K(30208K), 0.0007873 secs]
21.623: [GC (Allocation Failure)  27054K->21934K(30208K), 0.0008402 secs]
21.627: [GC (Allocation Failure)  27054K->21966K(30208K), 0.0007036 secs]
21.630: [GC (Allocation Failure)  27086K->21902K(30208K), 0.0007873 secs]
21.633: [GC (Allocation Failure)  27022K->21934K(30208K), 0.0007519 secs]
21.636: [GC (Allocation Failure)  27054K->21934K(30208K), 0.0007946 secs]
21.639: [GC (Allocation Failure)  27054K->21934K(30208K), 0.0007481 secs]
21.642: [GC (Allocation Failure)  27054K->21902K(30208K), 0.0008481 secs]
21.646: [GC (Allocation Failure)  27022K->21934K(30208K), 0.0007637 secs]
21.649: [GC (Allocation Failure)  27054K->21886K(30208K), 0.0008010 secs]
21.652: [GC (Allocation Failure)  27006K->21926K(30208K), 0.0007641 secs]
21.655: [GC (Allocation Failure)  27046K->21958K(30208K), 0.0007813 secs]
21.659: [GC (Allocation Failure)  27078K->21990K(30208K), 0.0008149 secs]
21.662: [GC (Allocation Failure)  27110K->21958K(30208K), 0.0013434 secs]
21.667: [GC (Allocation Failure)  27078K->22054K(30208K), 0.0010798 secs]
21.670: [GC (Allocation Failure)  27174K->22022K(30208K), 0.0008031 secs]
21.674: [GC (Allocation Failure)  27142K->21958K(30208K), 0.0010081 secs]
21.677: [GC (Allocation Failure)  27078K->21990K(30208K), 0.0012572 secs]
21.682: [GC (Allocation Failure)  27110K->21990K(30208K), 0.0014547 secs]
21.686: [GC (Allocation Failure)  27110K->21990K(30208K), 0.0009850 secs]
21.690: [GC (Allocation Failure)  27110K->22022K(30208K), 0.0008476 secs]
21.693: [GC (Allocation Failure)  27142K->21958K(30208K), 0.0008402 secs]
21.696: [GC (Allocation Failure)  27078K->22022K(30208K), 0.0008524 secs]
21.700: [GC (Allocation Failure)  27142K->21990K(30208K), 0.0008186 secs]
21.703: [GC (Allocation Failure)  27110K->21894K(30208K), 0.0009390 secs]
21.706: [GC (Allocation Failure)  27014K->21958K(30208K), 0.0007999 secs]
21.710: [GC (Allocation Failure)  27078K->21990K(30208K), 0.0008095 secs]
21.713: [GC (Allocation Failure)  27110K->22030K(30208K), 0.0008941 secs]
21.716: [GC (Allocation Failure)  27150K->22046K(30208K), 0.0007601 secs]
21.719: [GC (Allocation Failure)  27166K->22022K(30208K), 0.0006691 secs]
21.722: [GC (Allocation Failure)  27142K->21990K(30208K), 0.0007919 secs]
21.725: [GC (Allocation Failure)  27110K->22054K(30208K), 0.0006935 secs]
21.728: [GC (Allocation Failure)  27174K->21990K(30208K), 0.0006697 secs]
21.731: [GC (Allocation Failure)  27110K->21990K(30208K), 0.0007841 secs]
21.734: [GC (Allocation Failure)  27110K->22054K(30208K), 0.0008155 secs]
21.737: [GC (Allocation Failure)  27174K->22022K(30208K), 0.0007643 secs]
21.740: [GC (Allocation Failure)  27142K->21990K(30208K), 0.0007414 secs]
21.744: [GC (Allocation Failure)  27110K->22022K(30208K), 0.0007533 secs]
21.747: [GC (Allocation Failure)  27142K->21942K(30208K), 0.0009434 secs]
21.750: [GC (Allocation Failure)  27062K->22038K(30208K), 0.0007086 secs]
21.753: [GC (Allocation Failure)  27158K->22006K(30208K), 0.0007932 secs]
21.757: [GC (Allocation Failure)  27126K->22070K(30208K), 0.0007510 secs]
21.760: [GC (Allocation Failure)  27190K->22166K(30208K), 0.0007768 secs]
21.764: [GC (Allocation Failure)  27286K->22070K(30208K), 0.0009623 secs]
21.768: [GC (Allocation Failure)  27190K->22070K(30208K), 0.0009195 secs]
21.771: [GC (Allocation Failure)  27190K->22134K(30208K), 0.0009939 secs]
21.776: [GC (Allocation Failure)  27254K->22134K(30208K), 0.0009972 secs]
21.780: [GC (Allocation Failure)  27254K->22070K(30208K), 0.0009693 secs]
21.783: [GC (Allocation Failure)  27190K->22102K(30208K), 0.0009279 secs]
21.786: [GC (Allocation Failure)  27222K->22102K(30208K), 0.0008937 secs]
21.790: [GC (Allocation Failure)  27222K->22102K(30208K), 0.0008660 secs]
21.793: [GC (Allocation Failure)  27222K->22102K(30208K), 0.0008508 secs]
21.797: [GC (Allocation Failure)  27222K->22070K(30208K), 0.0008217 secs]
21.800: [GC (Allocation Failure)  27190K->22102K(30208K), 0.0007862 secs]
21.803: [GC (Allocation Failure)  27222K->22070K(30208K), 0.0007416 secs]
21.806: [GC (Allocation Failure)  27190K->22070K(30208K), 0.0009196 secs]
21.810: [GC (Allocation Failure)  27190K->22134K(30208K), 0.0008118 secs]
21.813: [GC (Allocation Failure)  27254K->22142K(30208K), 0.0008138 secs]
21.816: [GC (Allocation Failure)  27262K->22086K(30208K), 0.0007783 secs]
21.820: [GC (Allocation Failure)  27206K->22118K(30208K), 0.0006556 secs]
21.823: [GC (Allocation Failure)  27238K->22030K(30208K), 0.0008666 secs]
21.826: [GC (Allocation Failure)  27150K->22062K(30208K), 0.0007175 secs]
21.829: [GC (Allocation Failure)  27182K->22094K(30208K), 0.0008791 secs]
21.833: [GC (Allocation Failure)  27214K->22062K(30208K), 0.0007920 secs]
21.836: [GC (Allocation Failure)  27182K->22062K(30208K), 0.0007869 secs]
21.840: [GC (Allocation Failure)  27182K->22142K(30208K), 0.0010580 secs]
21.844: [GC (Allocation Failure)  27262K->22094K(30208K), 0.0008316 secs]
21.847: [GC (Allocation Failure)  27214K->22094K(30208K), 0.0008183 secs]
21.850: [GC (Allocation Failure)  27214K->22110K(30208K), 0.0007895 secs]
21.854: [GC (Allocation Failure)  27230K->22126K(30208K), 0.0007584 secs]
21.857: [GC (Allocation Failure)  27246K->22158K(30208K), 0.0008460 secs]
21.861: [GC (Allocation Failure)  27278K->22158K(30208K), 0.0009061 secs]
21.864: [GC (Allocation Failure)  27278K->22126K(30208K), 0.0008461 secs]
21.868: [GC (Allocation Failure)  27246K->22158K(30208K), 0.0009872 secs]
21.872: [GC (Allocation Failure)  27278K->21998K(30208K), 0.0010352 secs]
21.876: [GC (Allocation Failure)  27118K->22126K(30208K), 0.0008517 secs]
21.879: [GC (Allocation Failure)  27246K->22126K(30208K), 0.0009332 secs]
21.882: [GC (Allocation Failure)  27246K->22174K(30208K), 0.0007859 secs]
21.885: [GC (Allocation Failure)  27294K->22126K(30208K), 0.0007905 secs]
21.889: [GC (Allocation Failure)  27246K->22158K(30208K), 0.0008277 secs]
21.892: [GC (Allocation Failure)  27278K->22214K(30208K), 0.0007963 secs]
21.895: [GC (Allocation Failure)  27334K->22182K(30208K), 0.0008716 secs]
21.899: [GC (Allocation Failure)  27302K->22182K(30208K), 0.0007558 secs]
21.902: [GC (Allocation Failure)  27302K->22182K(30208K), 0.0007453 secs]
21.905: [GC (Allocation Failure)  27302K->22150K(30208K), 0.0008067 secs]
21.908: [GC (Allocation Failure)  27270K->22198K(30208K), 0.0007567 secs]
21.911: [GC (Allocation Failure)  27318K->22190K(30208K), 0.0008484 secs]
21.915: [GC (Allocation Failure)  27310K->22158K(30208K), 0.0008718 secs]
21.918: [GC (Allocation Failure)  27278K->22198K(30208K), 0.0008180 secs]
21.921: [GC (Allocation Failure)  27318K->22198K(30208K), 0.0008304 secs]
21.924: [GC (Allocation Failure)  27318K->22198K(30208K), 0.0008104 secs]
21.928: [GC (Allocation Failure)  27318K->22166K(30208K), 0.0008362 secs]
21.931: [GC (Allocation Failure)  27286K->22134K(30208K), 0.0007557 secs]
21.935: [GC (Allocation Failure)  27254K->22198K(30208K), 0.0008286 secs]
21.938: [GC (Allocation Failure)  27318K->22166K(30208K), 0.0007277 secs]
21.941: [GC (Allocation Failure)  27286K->22198K(30208K), 0.0007055 secs]
21.944: [GC (Allocation Failure)  27318K->22166K(30208K), 0.0008042 secs]
21.947: [GC (Allocation Failure)  27286K->22262K(30208K), 0.0008602 secs]
21.951: [GC (Allocation Failure)  27382K->22238K(30208K), 0.0008884 secs]
21.954: [GC (Allocation Failure)  27358K->22238K(30208K), 0.0008097 secs]
21.958: [GC (Allocation Failure)  27358K->22206K(30208K), 0.0013608 secs]
21.962: [GC (Allocation Failure)  27326K->22206K(30208K), 0.0012207 secs]
21.966: [GC (Allocation Failure)  27326K->22270K(30208K), 0.0008978 secs]
21.969: [GC (Allocation Failure)  27390K->22238K(30208K), 0.0008449 secs]
21.973: [GC (Allocation Failure)  27358K->22270K(30208K), 0.0009464 secs]
21.976: [GC (Allocation Failure)  27390K->22270K(30208K), 0.0007823 secs]
21.980: [GC (Allocation Failure)  27390K->22238K(30208K), 0.0007867 secs]
21.983: [GC (Allocation Failure)  27358K->22302K(30208K), 0.0008281 secs]
21.986: [GC (Allocation Failure)  27422K->22238K(30208K), 0.0007709 secs]
21.989: [GC (Allocation Failure)  27358K->22302K(30208K), 0.0009440 secs]
21.993: [GC (Allocation Failure)  27422K->22302K(30208K), 0.0008302 secs]
21.996: [GC (Allocation Failure)  27422K->22206K(30208K), 0.0007556 secs]
21.999: [GC (Allocation Failure)  27326K->22286K(30208K), 0.0007536 secs]
22.002: [GC (Allocation Failure)  27406K->22262K(30208K), 0.0007399 secs]
22.006: [GC (Allocation Failure)  27382K->22294K(30208K), 0.0008300 secs]
22.009: [GC (Allocation Failure)  27414K->22246K(30208K), 0.0007651 secs]
22.012: [GC (Allocation Failure)  27366K->22246K(30208K), 0.0006899 secs]
22.016: [GC (Allocation Failure)  27366K->22326K(30208K), 0.0008094 secs]
22.019: [GC (Allocation Failure)  27446K->22390K(30208K), 0.0007708 secs]
22.022: [GC (Allocation Failure)  27510K->22366K(30208K), 0.0011550 secs]
22.026: [GC (Allocation Failure)  27486K->22398K(30208K), 0.0009639 secs]
22.030: [GC (Allocation Failure)  27518K->22526K(30208K), 0.0012616 secs]
22.034: [GC (Allocation Failure)  27646K->22398K(30208K), 0.0010243 secs]
22.038: [GC (Allocation Failure)  27518K->22398K(30208K), 0.0017472 secs]
22.044: [GC (Allocation Failure)  27518K->22430K(30208K), 0.0013910 secs]
22.048: [GC (Allocation Failure)  27550K->22430K(30208K), 0.0012603 secs]
22.052: [GC (Allocation Failure)  27550K->22430K(30208K), 0.0014574 secs]
22.057: [GC (Allocation Failure)  27550K->22462K(30208K), 0.0016551 secs]
22.061: [GC (Allocation Failure)  27582K->22462K(30208K), 0.0010988 secs]
22.065: [GC (Allocation Failure)  27582K->22430K(30208K), 0.0010582 secs]
22.068: [GC (Allocation Failure)  27550K->22430K(30208K), 0.0010410 secs]
22.072: [GC (Allocation Failure)  27550K->22462K(30208K), 0.0014845 secs]
22.077: [GC (Allocation Failure)  27582K->22374K(30208K), 0.0011213 secs]
22.081: [GC (Allocation Failure)  27494K->22382K(30208K), 0.0010121 secs]
22.084: [GC (Allocation Failure)  27502K->22414K(30208K), 0.0012104 secs]
22.088: [GC (Allocation Failure)  27534K->22414K(30208K), 0.0012617 secs]
22.092: [GC (Allocation Failure)  27534K->22510K(30208K), 0.0011965 secs]
22.097: [GC (Allocation Failure)  27630K->22478K(30208K), 0.0011498 secs]
22.101: [GC (Allocation Failure)  27598K->22446K(30208K), 0.0012227 secs]
22.105: [GC (Allocation Failure)  27566K->22478K(30208K), 0.0011988 secs]
22.110: [GC (Allocation Failure)  27598K->22462K(30208K), 0.0011279 secs]
22.114: [GC (Allocation Failure)  27582K->22462K(30208K), 0.0011598 secs]
22.118: [GC (Allocation Failure)  27582K->22470K(30208K), 0.0011980 secs]
22.122: [GC (Allocation Failure)  27590K->22478K(30208K), 0.0012458 secs]
22.126: [GC (Allocation Failure)  27598K->22446K(30208K), 0.0011039 secs]
22.130: [GC (Allocation Failure)  27566K->22414K(30208K), 0.0010572 secs]
22.134: [GC (Allocation Failure)  27534K->22574K(30208K), 0.0013670 secs]
22.138: [GC (Allocation Failure)  27694K->22446K(30208K), 0.0008676 secs]
22.141: [GC (Allocation Failure)  27566K->22486K(30208K), 0.0012648 secs]
22.152: [GC (Allocation Failure)  27606K->22518K(30208K), 0.0010537 secs]
22.156: [GC (Allocation Failure)  27638K->22486K(30208K), 0.0010634 secs]
22.159: [GC (Allocation Failure)  27606K->22526K(30208K), 0.0010012 secs]
22.163: [GC (Allocation Failure)  27646K->22542K(30208K), 0.0010966 secs]
22.167: [GC (Allocation Failure)  27662K->22510K(30208K), 0.0015908 secs]
22.171: [GC (Allocation Failure)  27630K->22454K(30208K), 0.0011991 secs]
22.175: [GC (Allocation Failure)  27574K->22518K(30208K), 0.0011248 secs]
22.179: [GC (Allocation Failure)  27638K->22486K(30208K), 0.0010815 secs]
22.183: [GC (Allocation Failure)  27606K->22494K(30208K), 0.0010389 secs]
22.187: [GC (Allocation Failure)  27614K->22526K(30208K), 0.0010620 secs]
22.191: [GC (Allocation Failure)  27646K->22494K(30208K), 0.0017400 secs]
22.196: [GC (Allocation Failure)  27614K->22470K(30208K), 0.0014597 secs]
22.200: [GC (Allocation Failure)  27590K->22574K(30208K), 0.0011133 secs]
22.204: [GC (Allocation Failure)  27694K->22638K(30208K), 0.0013480 secs]
22.209: [GC (Allocation Failure)  27758K->22638K(30208K), 0.0011911 secs]
22.214: [GC (Allocation Failure)  27758K->22510K(30208K), 0.0015128 secs]
22.219: [GC (GCLocker Initiated GC)  27630K->22542K(30208K), 0.0012530 secs]
22.223: [GC (Allocation Failure)  27666K->22546K(30208K), 0.0012669 secs]
22.227: [GC (Allocation Failure)  27666K->22554K(30208K), 0.0013595 secs]
22.231: [GC (Allocation Failure)  27674K->22522K(30208K), 0.0011372 secs]
22.235: [GC (Allocation Failure)  27642K->22554K(30208K), 0.0010531 secs]
22.239: [GC (Allocation Failure)  27674K->22562K(30208K), 0.0011060 secs]
22.244: [GC (Allocation Failure)  27682K->22562K(30208K), 0.0013559 secs]
22.248: [GC (Allocation Failure)  27682K->22594K(30208K), 0.0012713 secs]
22.252: [GC (Allocation Failure)  27714K->22578K(30208K), 0.0012566 secs]
22.256: [GC (Allocation Failure)  27698K->22562K(30208K), 0.0013514 secs]
22.260: [GC (Allocation Failure)  27682K->22658K(30208K), 0.0012767 secs]
22.264: [GC (Allocation Failure)  27778K->22594K(30208K), 0.0009663 secs]
22.268: [GC (Allocation Failure)  27714K->22658K(30208K), 0.0010365 secs]
22.271: [GC (Allocation Failure)  27778K->22562K(30208K), 0.0009800 secs]
22.276: [GC (Allocation Failure)  27682K->22658K(30208K), 0.0012306 secs]
22.280: [GC (Allocation Failure)  27778K->22594K(30208K), 0.0012053 secs]
22.285: [GC (Allocation Failure)  27714K->22642K(30208K), 0.0019046 secs]
22.290: [GC (Allocation Failure)  27762K->22746K(30208K), 0.0015443 secs]
22.295: [GC (Allocation Failure)  27866K->22554K(30208K), 0.0011544 secs]
22.299: [GC (Allocation Failure)  27674K->22650K(30208K), 0.0012074 secs]
22.302: [GC (Allocation Failure)  27770K->22626K(30208K), 0.0012050 secs]
22.307: [GC (Allocation Failure)  27746K->22722K(30208K), 0.0014085 secs]
22.312: [GC (Allocation Failure)  27842K->22626K(30208K), 0.0016435 secs]
22.317: [GC (Allocation Failure)  27746K->22602K(30208K), 0.0013203 secs]
22.321: [GC (Allocation Failure)  27722K->22666K(30208K), 0.0015306 secs]
22.327: [GC (Allocation Failure)  27786K->22634K(30208K), 0.0011788 secs]
22.332: [GC (Allocation Failure)  27754K->22634K(30208K), 0.0019067 secs]
22.337: [GC (Allocation Failure)  27754K->22634K(30208K), 0.0014520 secs]
22.343: [GC (Allocation Failure)  27754K->22730K(30208K), 0.0016636 secs]
22.348: [GC (Allocation Failure)  27850K->22634K(30208K), 0.0012789 secs]
22.352: [GC (Allocation Failure)  27754K->22698K(30208K), 0.0013858 secs]
22.356: [GC (Allocation Failure)  27818K->22730K(30208K), 0.0013271 secs]
22.360: [GC (Allocation Failure)  27850K->22634K(30208K), 0.0011495 secs]
22.365: [GC (Allocation Failure)  27754K->22698K(30208K), 0.0015096 secs]
22.370: [GC (Allocation Failure)  27818K->22634K(30208K), 0.0012071 secs]
22.375: [GC (Allocation Failure)  27754K->22698K(30208K), 0.0016869 secs]
22.379: [GC (Allocation Failure)  27818K->22602K(30208K), 0.0012187 secs]
22.384: [GC (Allocation Failure)  27722K->22634K(30208K), 0.0011182 secs]
22.388: [GC (Allocation Failure)  27754K->22666K(30208K), 0.0011169 secs]
22.392: [GC (Allocation Failure)  27786K->22738K(30208K), 0.0013011 secs]
22.396: [GC (Allocation Failure)  27858K->22714K(30208K), 0.0015624 secs]
22.401: [GC (Allocation Failure)  27834K->22650K(30208K), 0.0010744 secs]
22.404: [GC (Allocation Failure)  27770K->22682K(30208K), 0.0009844 secs]
22.409: [GC (Allocation Failure)  27802K->22770K(30208K), 0.0011281 secs]
22.412: [GC (Allocation Failure)  27890K->22674K(30208K), 0.0011818 secs]
22.416: [GC (Allocation Failure)  27794K->22674K(30208K), 0.0010399 secs]
22.420: [GC (Allocation Failure)  27794K->22738K(30208K), 0.0011457 secs]
22.425: [GC (GCLocker Initiated GC)  27859K->22723K(30208K), 0.0011781 secs]
22.429: [GC (Allocation Failure)  27847K->22759K(30208K), 0.0013482 secs]
22.434: [GC (Allocation Failure)  27879K->22663K(30208K), 0.0011793 secs]
22.437: [GC (Allocation Failure)  27783K->22759K(30208K), 0.0012601 secs]
22.442: [GC (Allocation Failure)  27879K->22791K(30208K), 0.0016086 secs]
22.447: [GC (Allocation Failure)  27911K->22727K(30208K), 0.0010774 secs]
22.450: [GC (Allocation Failure)  27847K->22855K(30208K), 0.0014995 secs]
22.454: [GC (Allocation Failure)  27975K->22775K(30208K), 0.0011138 secs]
22.458: [GC (Allocation Failure)  27895K->22839K(30208K), 0.0010868 secs]
22.463: [GC (Allocation Failure)  27959K->22807K(30208K), 0.0013596 secs]
22.466: [GC (Allocation Failure)  27927K->22807K(30208K), 0.0011007 secs]
22.470: [GC (Allocation Failure)  27927K->22807K(30208K), 0.0012701 secs]
22.474: [GC (Allocation Failure)  27927K->22775K(30208K), 0.0012064 secs]
22.478: [GC (Allocation Failure)  27895K->22807K(30208K), 0.0010327 secs]
22.482: [GC (Allocation Failure)  27927K->22839K(30208K), 0.0009608 secs]
22.485: [GC (Allocation Failure)  27959K->22815K(30208K), 0.0008979 secs]
22.489: [GC (Allocation Failure)  27935K->22887K(30208K), 0.0009222 secs]
22.492: [GC (Allocation Failure)  28007K->22863K(30208K), 0.0014366 secs]
22.496: [GC (Allocation Failure)  27983K->22831K(30208K), 0.0011312 secs]
22.500: [GC (Allocation Failure)  27951K->22735K(30208K), 0.0011434 secs]
22.505: [GC (Allocation Failure)  27855K->22783K(30208K), 0.0014100 secs]
22.510: [GC (Allocation Failure)  27903K->22879K(30208K), 0.0016980 secs]
22.514: [GC (Allocation Failure)  27999K->22943K(30208K), 0.0013478 secs]
22.518: [GC (Allocation Failure)  28063K->22799K(30208K), 0.0009565 secs]
22.521: [GC (Allocation Failure)  27919K->22959K(30208K), 0.0008426 secs]
22.525: [GC (Allocation Failure)  28079K->22871K(30208K), 0.0010000 secs]
22.529: [GC (Allocation Failure)  27991K->22903K(30208K), 0.0010052 secs]
22.533: [GC (Allocation Failure)  28023K->22839K(30208K), 0.0010115 secs]
22.538: [GC (Allocation Failure)  27959K->22871K(30208K), 0.0010111 secs]
22.542: [GC (Allocation Failure)  27991K->22903K(30208K), 0.0011949 secs]
22.546: [GC (Allocation Failure)  28023K->22903K(30208K), 0.0010725 secs]
22.550: [GC (Allocation Failure)  28023K->22903K(30208K), 0.0009760 secs]
22.553: [GC (Allocation Failure)  28023K->22967K(30208K), 0.0012756 secs]
22.557: [GC (Allocation Failure)  28087K->22943K(30208K), 0.0014809 secs]
22.562: [GC (Allocation Failure)  28063K->22847K(30208K), 0.0012584 secs]
22.566: [GC (Allocation Failure)  27967K->22975K(30208K), 0.0011021 secs]
22.569: [GC (Allocation Failure)  28095K->22879K(30208K), 0.0010973 secs]
22.574: [GC (Allocation Failure)  27999K->22847K(30208K), 0.0015447 secs]
22.578: [GC (Allocation Failure)  27967K->22975K(30208K), 0.0011466 secs]
22.582: [GC (Allocation Failure)  28095K->22847K(30208K), 0.0011982 secs]
22.587: [GC (Allocation Failure)  27967K->22847K(30208K), 0.0013080 secs]
22.591: [GC (Allocation Failure)  27967K->22975K(30208K), 0.0012051 secs]
22.595: [GC (Allocation Failure)  28095K->22839K(30208K), 0.0011810 secs]
22.599: [GC (Allocation Failure)  27959K->22943K(30208K), 0.0014146 secs]
22.604: [GC (Allocation Failure)  28063K->22879K(30208K), 0.0012167 secs]
22.608: [GC (Allocation Failure)  27999K->22879K(30208K), 0.0015161 secs]
22.613: [GC (Allocation Failure)  27999K->22879K(30208K), 0.0013363 secs]
22.617: [GC (Allocation Failure)  27999K->22911K(30208K), 0.0012664 secs]
22.621: [GC (Allocation Failure)  28031K->22879K(30208K), 0.0013761 secs]
22.627: [GC (Allocation Failure)  27999K->22879K(30208K), 0.0013841 secs]
22.631: [GC (Allocation Failure)  27999K->22975K(30208K), 0.0013403 secs]
22.636: [GC (Allocation Failure)  28095K->22951K(30208K), 0.0011131 secs]
22.639: [GC (Allocation Failure)  28071K->22951K(30208K), 0.0009509 secs]
22.643: [GC (Allocation Failure)  28071K->22919K(30208K), 0.0014588 secs]
22.648: [GC (Allocation Failure)  28039K->22983K(30208K), 0.0016052 secs]
22.653: [GC (Allocation Failure)  28103K->22919K(30208K), 0.0012621 secs]
22.656: [GC (Allocation Failure)  28039K->22983K(30208K), 0.0012153 secs]
22.661: [GC (Allocation Failure)  28103K->22951K(30208K), 0.0012200 secs]
22.665: [GC (Allocation Failure)  28071K->23015K(30208K), 0.0011475 secs]
22.669: [GC (Allocation Failure)  28135K->23007K(30208K), 0.0010182 secs]
22.672: [GC (Allocation Failure)  28127K->22911K(30208K), 0.0013313 secs]
22.676: [GC (Allocation Failure)  28031K->22983K(30208K), 0.0012965 secs]
22.680: [GC (Allocation Failure)  28103K->22951K(30208K), 0.0010604 secs]
22.685: [GC (Allocation Failure)  28071K->23015K(30208K), 0.0012175 secs]
22.688: [GC (Allocation Failure)  28135K->23015K(30208K), 0.0010178 secs]
22.693: [GC (Allocation Failure)  28135K->23015K(30208K), 0.0011991 secs]
22.696: [GC (Allocation Failure)  28135K->22951K(30208K), 0.0010622 secs]
22.700: [GC (Allocation Failure)  28071K->22983K(30208K), 0.0010767 secs]
22.705: [GC (Allocation Failure)  28103K->23039K(30208K), 0.0016058 secs]
22.710: [GC (Allocation Failure)  28159K->23095K(30208K), 0.0014321 secs]
22.715: [GC (Allocation Failure)  28215K->22999K(30208K), 0.0012736 secs]
22.719: [GC (Allocation Failure)  28119K->23063K(30208K), 0.0013039 secs]
22.723: [GC (Allocation Failure)  28183K->23031K(30208K), 0.0015387 secs]
22.727: [GC (Allocation Failure)  28151K->23031K(30208K), 0.0011254 secs]
22.731: [GC (Allocation Failure)  28151K->23103K(30208K), 0.0010442 secs]
22.735: [GC (Allocation Failure)  28223K->23039K(30208K), 0.0011844 secs]
22.739: [GC (Allocation Failure)  28159K->23007K(30208K), 0.0017882 secs]
22.745: [GC (Allocation Failure)  28127K->22951K(30208K), 0.0013309 secs]
22.749: [GC (Allocation Failure)  28071K->22983K(30208K), 0.0009980 secs]
22.752: [GC (Allocation Failure)  28103K->23047K(30208K), 0.0012041 secs]
22.757: [GC (Allocation Failure)  28167K->23015K(30208K), 0.0019512 secs]
22.762: [GC (Allocation Failure)  28135K->23079K(30208K), 0.0013566 secs]
22.767: [GC (Allocation Failure)  28199K->23023K(30208K), 0.0012819 secs]
22.772: [GC (Allocation Failure)  28143K->22975K(30208K), 0.0021284 secs]
22.778: [GC (Allocation Failure)  28095K->23039K(30208K), 0.0014425 secs]
22.783: [GC (Allocation Failure)  28159K->23007K(30208K), 0.0013296 secs]
22.788: [GC (Allocation Failure)  28127K->23007K(30208K), 0.0016756 secs]
22.793: [GC (Allocation Failure)  28127K->23023K(30208K), 0.0014023 secs]
22.798: [GC (Allocation Failure)  28143K->23087K(30208K), 0.0013586 secs]
22.803: [GC (Allocation Failure)  28207K->23087K(30208K), 0.0016112 secs]
22.809: [GC (Allocation Failure)  28207K->23071K(30208K), 0.0014448 secs]
22.814: [GC (Allocation Failure)  28191K->23103K(30208K), 0.0016171 secs]
22.819: [GC (Allocation Failure)  28223K->23039K(30208K), 0.0013772 secs]
22.823: [GC (Allocation Failure)  28159K->23039K(30208K), 0.0018947 secs]
22.828: [GC (Allocation Failure)  28159K->23087K(30208K), 0.0012687 secs]
22.832: [GC (Allocation Failure)  28207K->23135K(30208K), 0.0015230 secs]
22.838: [GC (Allocation Failure)  28255K->23135K(30208K), 0.0018152 secs]
22.843: [GC (Allocation Failure)  28255K->23135K(30208K), 0.0014097 secs]
22.848: [GC (Allocation Failure)  28255K->23183K(30208K), 0.0014853 secs]
22.852: [GC (Allocation Failure)  28303K->23151K(30208K), 0.0014832 secs]
22.857: [GC (Allocation Failure)  28271K->23151K(30208K), 0.0014497 secs]
22.862: [GC (Allocation Failure)  28271K->23087K(30208K), 0.0019316 secs]
22.868: [GC (Allocation Failure)  28207K->23127K(30208K), 0.0020650 secs]
22.874: [GC (Allocation Failure)  28247K->23127K(30208K), 0.0019500 secs]
22.879: [GC (Allocation Failure)  28247K->23159K(30208K), 0.0017932 secs]
22.885: [GC (Allocation Failure)  28279K->23167K(30208K), 0.0016739 secs]
22.890: [GC (Allocation Failure)  28287K->23183K(30208K), 0.0024067 secs]
22.896: [GC (Allocation Failure)  28303K->23183K(30208K), 0.0015809 secs]
22.902: [GC (Allocation Failure)  28303K->23151K(30208K), 0.0024914 secs]
22.910: [GC (Allocation Failure)  28271K->23215K(30208K), 0.0019894 secs]
22.915: [GC (Allocation Failure)  28335K->23215K(30208K), 0.0016122 secs]
22.920: [GC (Allocation Failure)  28335K->23159K(30208K), 0.0016751 secs]
22.926: [GC (Allocation Failure)  28279K->23223K(30208K), 0.0014751 secs]
22.933: [GC (Allocation Failure)  28343K->23191K(30208K), 0.0020625 secs]
22.939: [GC (Allocation Failure)  28311K->23207K(30208K), 0.0022903 secs]
22.945: [GC (Allocation Failure)  28327K->23191K(30208K), 0.0015663 secs]
22.950: [GC (Allocation Failure)  28311K->23223K(30208K), 0.0012692 secs]
22.955: [GC (Allocation Failure)  28343K->23335K(30208K), 0.0016427 secs]
22.959: [GC (Allocation Failure)  28455K->23271K(30208K), 0.0015123 secs]
22.964: [GC (Allocation Failure)  28391K->23271K(30208K), 0.0018436 secs]
22.970: [GC (Allocation Failure)  28391K->23271K(30208K), 0.0013354 secs]
22.975: [GC (Allocation Failure)  28391K->23287K(30208K), 0.0017231 secs]
22.980: [GC (Allocation Failure)  28407K->23295K(30208K), 0.0019868 secs]
22.986: [GC (Allocation Failure)  28415K->23295K(30208K), 0.0013548 secs]
22.991: [GC (Allocation Failure)  28415K->23351K(30208K), 0.0017715 secs]
22.996: [GC (Allocation Failure)  28471K->23383K(30208K), 0.0013429 secs]
23.000: [GC (Allocation Failure)  28503K->23327K(30208K), 0.0014702 secs]
23.005: [GC (Allocation Failure)  28447K->23327K(30208K), 0.0013224 secs]
23.009: [GC (Allocation Failure)  28447K->23335K(30208K), 0.0010946 secs]
23.013: [GC (Allocation Failure)  28455K->23327K(30208K), 0.0013427 secs]
23.017: [GC (Allocation Failure)  28447K->23391K(30208K), 0.0012045 secs]
23.021: [GC (Allocation Failure)  28511K->23415K(30208K), 0.0010789 secs]
23.026: [GC (Allocation Failure)  28535K->23415K(30208K), 0.0010769 secs]
23.030: [GC (Allocation Failure)  28535K->23415K(30208K), 0.0011216 secs]
23.034: [GC (Allocation Failure)  28535K->23383K(30208K), 0.0012773 secs]
23.039: [GC (Allocation Failure)  28503K->23415K(30208K), 0.0015201 secs]
23.044: [GC (Allocation Failure)  28535K->23415K(30208K), 0.0011963 secs]
23.048: [GC (Allocation Failure)  28535K->23383K(30208K), 0.0019266 secs]
23.053: [GC (Allocation Failure)  28503K->23415K(30208K), 0.0011085 secs]
23.057: [GC (Allocation Failure)  28535K->23383K(30208K), 0.0016731 secs]
23.062: [GC (Allocation Failure)  28503K->23447K(30208K), 0.0011865 secs]
23.066: [GC (Allocation Failure)  28567K->23351K(30208K), 0.0014045 secs]
23.071: [GC (Allocation Failure)  28471K->23415K(30208K), 0.0014251 secs]
23.076: [GC (Allocation Failure)  28535K->23383K(30208K), 0.0012276 secs]
23.080: [GC (Allocation Failure)  28503K->23383K(30208K), 0.0013606 secs]
23.084: [GC (Allocation Failure)  28503K->23383K(30208K), 0.0014550 secs]
23.088: [GC (Allocation Failure)  28503K->23415K(30208K), 0.0009424 secs]
23.092: [GC (Allocation Failure)  28535K->23351K(30208K), 0.0011600 secs]
23.096: [GC (Allocation Failure)  28471K->23383K(30208K), 0.0010095 secs]
23.099: [GC (Allocation Failure)  28503K->23423K(30208K), 0.0010717 secs]
23.103: [GC (Allocation Failure)  28543K->23423K(30208K), 0.0008379 secs]
23.107: [GC (Allocation Failure)  28543K->23399K(30208K), 0.0009068 secs]
23.110: [GC (Allocation Failure)  28519K->23480K(30208K), 0.0008282 secs]
24.024: [GC (Allocation Failure)  28600K->23972K(30208K), 0.0023562 secs]
24.324: [GC (Allocation Failure)  29092K->24520K(30208K), 0.0017845 secs]
24.622: [GC (Allocation Failure)  29640K->25116K(30720K), 0.0027687 secs]
24.955: [GC (Allocation Failure)  30236K->25188K(30208K), 0.0027905 secs]
25.280: [GC (Allocation Failure)  29796K->25260K(30720K), 0.0025021 secs]
25.582: [GC (Allocation Failure)  29868K->25428K(30720K), 0.0024508 secs]
25.878: [GC (Allocation Failure)  30036K->25468K(30720K), 0.0019832 secs]
27.772: [GC (Allocation Failure)  30076K->24972K(31232K), 0.0020632 secs]
27.777: [GC (Allocation Failure)  29580K->24684K(29696K), 0.0014612 secs]
27.781: [GC (Allocation Failure)  29292K->24652K(30720K), 0.0011477 secs]
27.785: [GC (Allocation Failure)  29260K->24684K(30720K), 0.0011186 secs]
27.789: [GC (Allocation Failure)  29292K->24652K(30720K), 0.0013201 secs]
27.801: [GC (Allocation Failure)  29260K->24652K(30720K), 0.0012189 secs]
27.805: [GC (Allocation Failure)  29260K->24684K(30720K), 0.0016667 secs]
27.809: [GC (Allocation Failure)  29292K->24684K(30720K), 0.0012059 secs]
27.812: [GC (Allocation Failure)  29292K->24670K(30720K), 0.0011699 secs]
27.817: [GC (GCLocker Initiated GC)  29278K->24782K(30720K), 0.0010895 secs]
27.820: [GC (Allocation Failure)  29394K->24850K(30720K), 0.0012071 secs]
27.821: [Full GC (Ergonomics)  24850K->21182K(31232K), 0.0740017 secs]
27.899: [GC (Allocation Failure)  25790K->21374K(31232K), 0.0015365 secs]
27.904: [GC (Allocation Failure)  25982K->21438K(31232K), 0.0013812 secs]
27.909: [GC (Allocation Failure)  26046K->21374K(31232K), 0.0010510 secs]
27.913: [GC (Allocation Failure)  25982K->21406K(31232K), 0.0010414 secs]
27.917: [GC (Allocation Failure)  26014K->21406K(31232K), 0.0010444 secs]
27.920: [GC (Allocation Failure)  26014K->21374K(30208K), 0.0009869 secs]
27.923: [GC (Allocation Failure)  25982K->21374K(30720K), 0.0010179 secs]
27.927: [GC (Allocation Failure)  25982K->21406K(30720K), 0.0010307 secs]
27.930: [GC (Allocation Failure)  26014K->21374K(30720K), 0.0009423 secs]
27.933: [GC (Allocation Failure)  25982K->21374K(30720K), 0.0008708 secs]
27.936: [GC (Allocation Failure)  25982K->21406K(30720K), 0.0007412 secs]
27.939: [GC (Allocation Failure)  26014K->21406K(30720K), 0.0007378 secs]
27.941: [GC (Allocation Failure)  26014K->21342K(30720K), 0.0007710 secs]
27.944: [GC (Allocation Failure)  25950K->21374K(30720K), 0.0007686 secs]
27.947: [GC (Allocation Failure)  25982K->21406K(30720K), 0.0007334 secs]
27.950: [GC (Allocation Failure)  26014K->21398K(30720K), 0.0007209 secs]
27.952: [GC (Allocation Failure)  26006K->21416K(30720K), 0.0007823 secs]
27.955: [GC (Allocation Failure)  26024K->21520K(30720K), 0.0007754 secs]
27.959: [GC (Allocation Failure)  26128K->21512K(30720K), 0.0008789 secs]
27.962: [GC (Allocation Failure)  26120K->21520K(30720K), 0.0008519 secs]
27.965: [GC (Allocation Failure)  26128K->21520K(30720K), 0.0008750 secs]
27.968: [GC (Allocation Failure)  26128K->21488K(31232K), 0.0007538 secs]
27.971: [GC (Allocation Failure)  26608K->21520K(30720K), 0.0007748 secs]
27.974: [GC (Allocation Failure)  26640K->21488K(30720K), 0.0009477 secs]
27.978: [GC (Allocation Failure)  26608K->21520K(30720K), 0.0007528 secs]
27.981: [GC (Allocation Failure)  26640K->21552K(30720K), 0.0007485 secs]
27.984: [GC (Allocation Failure)  26672K->21520K(30720K), 0.0007673 secs]
27.987: [GC (Allocation Failure)  26640K->21520K(30720K), 0.0007393 secs]
27.990: [GC (Allocation Failure)  26640K->21488K(30720K), 0.0008058 secs]
27.993: [GC (Allocation Failure)  26608K->21488K(30720K), 0.0007652 secs]
27.996: [GC (Allocation Failure)  26608K->21520K(30720K), 0.0010723 secs]
28.000: [GC (Allocation Failure)  26640K->21520K(30720K), 0.0009641 secs]
28.004: [GC (Allocation Failure)  26640K->21555K(30720K), 0.0009975 secs]
28.008: [GC (Allocation Failure)  26675K->21595K(30720K), 0.0013020 secs]
28.012: [GC (Allocation Failure)  26715K->21659K(30720K), 0.0012544 secs]
28.017: [GC (Allocation Failure)  26779K->21595K(30720K), 0.0010687 secs]
28.022: [GC (Allocation Failure)  26715K->21627K(30720K), 0.0010727 secs]
28.026: [GC (Allocation Failure)  26747K->21563K(30720K), 0.0011625 secs]
28.030: [GC (Allocation Failure)  26683K->21595K(30720K), 0.0009752 secs]
28.033: [GC (Allocation Failure)  26715K->21595K(30720K), 0.0008649 secs]
28.037: [GC (Allocation Failure)  26715K->21563K(30720K), 0.0010154 secs]
28.041: [GC (Allocation Failure)  26683K->21627K(30720K), 0.0009859 secs]
28.044: [GC (Allocation Failure)  26747K->21595K(30720K), 0.0010532 secs]
28.048: [GC (Allocation Failure)  26715K->21595K(30720K), 0.0008862 secs]
28.051: [GC (Allocation Failure)  26715K->21627K(30720K), 0.0008218 secs]
28.054: [GC (Allocation Failure)  26747K->21595K(30720K), 0.0008289 secs]
28.057: [GC (Allocation Failure)  26715K->21563K(30720K), 0.0008266 secs]
28.061: [GC (Allocation Failure)  26683K->21651K(30720K), 0.0007909 secs]
28.064: [GC (Allocation Failure)  26771K->21651K(30720K), 0.0007506 secs]
28.067: [GC (Allocation Failure)  26771K->21670K(30720K), 0.0008585 secs]
28.070: [GC (Allocation Failure)  26790K->21766K(30720K), 0.0010765 secs]
28.074: [GC (Allocation Failure)  26886K->21710K(30720K), 0.0014219 secs]
28.079: [GC (Allocation Failure)  26830K->21758K(30720K), 0.0009484 secs]
28.082: [GC (Allocation Failure)  26878K->21790K(30720K), 0.0008795 secs]
28.086: [GC (Allocation Failure)  26910K->21758K(30720K), 0.0011240 secs]
28.089: [GC (Allocation Failure)  26878K->21726K(30720K), 0.0010360 secs]
28.093: [GC (Allocation Failure)  26846K->21790K(30720K), 0.0008236 secs]
28.096: [GC (Allocation Failure)  26910K->21726K(30720K), 0.0008169 secs]
28.099: [GC (Allocation Failure)  26846K->21726K(30720K), 0.0011879 secs]
28.103: [GC (Allocation Failure)  26846K->21726K(30720K), 0.0009673 secs]
28.107: [GC (Allocation Failure)  26846K->21726K(30720K), 0.0010499 secs]
28.111: [GC (Allocation Failure)  26846K->21758K(30720K), 0.0007712 secs]
28.114: [GC (Allocation Failure)  26878K->21758K(30720K), 0.0008314 secs]
28.117: [GC (Allocation Failure)  26878K->21790K(30720K), 0.0007672 secs]
28.120: [GC (Allocation Failure)  26910K->21758K(30720K), 0.0007518 secs]
28.123: [GC (Allocation Failure)  26878K->21825K(30720K), 0.0008248 secs]
28.127: [GC (Allocation Failure)  26945K->21849K(30720K), 0.0013324 secs]
28.131: [GC (Allocation Failure)  26969K->21881K(30720K), 0.0011845 secs]
28.135: [GC (Allocation Failure)  27001K->21817K(30720K), 0.0009972 secs]
28.139: [GC (Allocation Failure)  26937K->21881K(30720K), 0.0008694 secs]
28.143: [GC (Allocation Failure)  27001K->21849K(30720K), 0.0008068 secs]
28.146: [GC (Allocation Failure)  26969K->21817K(30720K), 0.0009125 secs]
28.149: [GC (Allocation Failure)  26937K->21817K(30720K), 0.0008296 secs]
28.153: [GC (Allocation Failure)  26937K->21881K(30720K), 0.0007732 secs]
28.156: [GC (Allocation Failure)  27001K->21873K(30720K), 0.0007983 secs]
28.159: [GC (Allocation Failure)  26993K->21873K(30720K), 0.0008291 secs]
28.162: [GC (Allocation Failure)  26993K->21889K(30720K), 0.0007948 secs]
28.165: [GC (Allocation Failure)  27009K->21921K(30720K), 0.0007615 secs]
28.168: [GC (Allocation Failure)  27041K->21857K(30720K), 0.0007881 secs]
28.172: [GC (Allocation Failure)  26977K->21889K(30720K), 0.0007126 secs]
28.175: [GC (Allocation Failure)  27009K->21857K(30720K), 0.0008138 secs]
28.178: [GC (Allocation Failure)  26977K->21924K(30720K), 0.0008252 secs]
28.182: [GC (Allocation Failure)  27044K->22004K(30720K), 0.0011878 secs]
28.186: [GC (Allocation Failure)  27124K->21940K(30720K), 0.0013765 secs]
28.191: [GC (Allocation Failure)  27060K->21948K(30720K), 0.0012716 secs]
28.195: [GC (Allocation Failure)  27068K->21948K(30720K), 0.0009941 secs]
28.198: [GC (Allocation Failure)  27068K->21980K(30720K), 0.0008458 secs]
28.202: [GC (Allocation Failure)  27100K->21948K(30720K), 0.0009475 secs]
28.205: [GC (Allocation Failure)  27068K->21948K(30720K), 0.0011825 secs]
28.210: [GC (Allocation Failure)  27068K->21948K(30720K), 0.0012376 secs]
28.214: [GC (Allocation Failure)  27068K->21948K(30720K), 0.0008570 secs]
28.217: [GC (Allocation Failure)  27068K->21916K(30720K), 0.0008104 secs]
28.220: [GC (Allocation Failure)  27036K->21948K(30720K), 0.0008919 secs]
28.224: [GC (Allocation Failure)  27068K->21948K(30720K), 0.0008684 secs]
28.227: [GC (Allocation Failure)  27068K->22012K(30720K), 0.0009189 secs]
28.230: [GC (Allocation Failure)  27132K->21948K(30720K), 0.0008575 secs]
28.234: [GC (Allocation Failure)  27068K->22012K(30720K), 0.0008160 secs]
28.237: [GC (Allocation Failure)  27132K->21956K(30720K), 0.0012191 secs]
28.242: [GC (Allocation Failure)  27076K->21988K(30720K), 0.0012947 secs]
28.246: [GC (Allocation Failure)  27108K->21988K(30720K), 0.0014313 secs]
28.251: [GC (Allocation Failure)  27108K->21988K(30720K), 0.0009454 secs]
28.254: [GC (Allocation Failure)  27108K->22020K(30720K), 0.0009348 secs]
28.258: [GC (Allocation Failure)  27140K->22012K(30720K), 0.0009861 secs]
28.261: [GC (Allocation Failure)  27132K->22036K(30720K), 0.0007656 secs]
28.265: [GC (Allocation Failure)  27156K->22036K(30720K), 0.0008868 secs]
28.268: [GC (Allocation Failure)  27156K->22036K(30720K), 0.0008635 secs]
28.271: [GC (Allocation Failure)  27156K->22004K(30720K), 0.0008308 secs]
28.275: [GC (Allocation Failure)  27124K->22068K(30720K), 0.0008197 secs]
28.278: [GC (Allocation Failure)  27188K->22068K(30720K), 0.0007846 secs]
28.281: [GC (Allocation Failure)  27188K->22004K(30720K), 0.0008555 secs]
28.285: [GC (Allocation Failure)  27124K->21972K(30720K), 0.0008483 secs]
28.288: [GC (Allocation Failure)  27092K->21972K(30720K), 0.0008091 secs]
28.291: [GC (Allocation Failure)  27092K->22101K(30720K), 0.0008027 secs]
28.294: [GC (Allocation Failure)  27221K->22101K(30720K), 0.0009858 secs]
28.298: [GC (Allocation Failure)  27221K->22101K(30720K), 0.0012229 secs]
28.302: [GC (Allocation Failure)  27221K->22069K(30720K), 0.0011086 secs]
28.306: [GC (Allocation Failure)  27189K->22069K(30720K), 0.0016431 secs]
28.311: [GC (Allocation Failure)  27189K->22069K(30720K), 0.0011111 secs]
28.315: [GC (Allocation Failure)  27189K->22117K(30720K), 0.0009638 secs]
28.318: [GC (Allocation Failure)  27237K->22085K(30720K), 0.0007521 secs]
28.321: [GC (Allocation Failure)  27205K->22093K(30720K), 0.0008478 secs]
28.324: [GC (Allocation Failure)  27213K->22061K(30720K), 0.0008585 secs]
28.327: [GC (Allocation Failure)  27181K->22157K(30720K), 0.0008426 secs]
28.331: [GC (Allocation Failure)  27277K->22093K(30720K), 0.0009726 secs]
28.334: [GC (Allocation Failure)  27213K->22093K(30720K), 0.0010190 secs]
28.338: [GC (Allocation Failure)  27213K->22125K(30720K), 0.0008372 secs]
28.341: [GC (Allocation Failure)  27245K->22093K(30720K), 0.0007728 secs]
28.344: [GC (Allocation Failure)  27213K->22143K(30720K), 0.0007496 secs]
28.348: [GC (Allocation Failure)  27263K->22215K(30720K), 0.0011070 secs]
28.352: [GC (Allocation Failure)  27335K->22183K(30720K), 0.0010402 secs]
28.356: [GC (Allocation Failure)  27303K->22215K(30720K), 0.0018531 secs]
28.362: [GC (Allocation Failure)  27335K->22255K(30720K), 0.0018236 secs]
28.367: [GC (Allocation Failure)  27375K->22175K(30720K), 0.0011800 secs]
28.372: [GC (Allocation Failure)  27295K->22247K(30720K), 0.0022147 secs]
28.377: [GC (Allocation Failure)  27367K->22247K(30720K), 0.0013377 secs]
28.381: [GC (Allocation Failure)  27367K->22247K(30720K), 0.0012086 secs]
28.385: [GC (Allocation Failure)  27367K->22215K(30720K), 0.0011705 secs]
28.388: [GC (Allocation Failure)  27335K->22247K(30720K), 0.0008790 secs]
28.392: [GC (Allocation Failure)  27367K->22279K(30720K), 0.0010685 secs]
28.395: [GC (Allocation Failure)  27399K->22271K(30720K), 0.0007797 secs]
28.398: [GC (Allocation Failure)  27391K->22271K(30720K), 0.0008357 secs]
28.402: [GC (Allocation Failure)  27391K->22239K(30720K), 0.0013552 secs]
28.406: [GC (Allocation Failure)  27359K->22239K(30720K), 0.0012323 secs]
28.410: [GC (Allocation Failure)  27359K->22249K(30720K), 0.0010422 secs]
28.414: [GC (Allocation Failure)  27369K->22297K(30720K), 0.0010725 secs]
28.417: [GC (Allocation Failure)  27417K->22419K(30720K), 0.0010679 secs]
28.421: [GC (Allocation Failure)  27539K->22437K(30720K), 0.0008768 secs]
28.424: [GC (Allocation Failure)  27557K->22453K(30720K), 0.0008520 secs]
28.427: [GC (Allocation Failure)  27573K->22509K(30720K), 0.0009408 secs]
28.431: [GC (Allocation Failure)  27629K->22477K(30720K), 0.0009188 secs]
28.434: [GC (Allocation Failure)  27597K->22509K(30720K), 0.0008691 secs]
28.437: [GC (Allocation Failure)  27629K->22509K(30720K), 0.0008595 secs]
28.440: [GC (Allocation Failure)  27629K->22517K(30720K), 0.0007475 secs]
28.443: [GC (Allocation Failure)  27637K->22581K(30720K), 0.0009127 secs]
28.447: [GC (Allocation Failure)  27701K->22581K(30720K), 0.0008776 secs]
28.450: [GC (Allocation Failure)  27701K->22589K(30720K), 0.0006877 secs]
28.453: [GC (Allocation Failure)  27709K->22533K(30720K), 0.0008137 secs]
28.456: [GC (Allocation Failure)  27653K->22541K(30720K), 0.0008275 secs]
28.459: [GC (Allocation Failure)  27661K->22477K(30720K), 0.0007940 secs]
28.462: [GC (Allocation Failure)  27597K->22517K(30720K), 0.0007848 secs]
28.465: [GC (Allocation Failure)  27637K->22501K(30720K), 0.0008703 secs]
28.469: [GC (Allocation Failure)  27621K->22469K(30720K), 0.0007857 secs]
28.472: [GC (Allocation Failure)  27589K->22533K(30720K), 0.0008362 secs]
28.475: [GC (Allocation Failure)  27653K->22533K(30720K), 0.0008332 secs]
28.478: [GC (Allocation Failure)  27653K->22501K(30720K), 0.0007439 secs]
28.481: [GC (Allocation Failure)  27621K->22501K(30720K), 0.0007464 secs]
28.484: [GC (Allocation Failure)  27621K->22501K(30720K), 0.0007761 secs]
28.488: [GC (Allocation Failure)  27621K->22565K(30720K), 0.0008607 secs]
28.491: [GC (Allocation Failure)  27685K->22533K(30720K), 0.0007551 secs]
28.494: [GC (Allocation Failure)  27653K->22469K(30720K), 0.0009660 secs]
28.497: [GC (Allocation Failure)  27589K->22501K(30720K), 0.0008350 secs]
28.500: [GC (Allocation Failure)  27621K->22597K(30720K), 0.0008783 secs]
28.504: [GC (Allocation Failure)  27717K->22597K(30720K), 0.0008942 secs]
28.508: [GC (Allocation Failure)  27717K->22661K(30720K), 0.0008476 secs]
28.511: [GC (Allocation Failure)  27781K->22565K(30720K), 0.0008176 secs]
28.516: [GC (Allocation Failure)  27685K->22565K(30720K), 0.0008536 secs]
28.519: [GC (Allocation Failure)  27685K->22565K(30720K), 0.0009492 secs]
28.522: [GC (Allocation Failure)  27685K->22597K(30720K), 0.0008847 secs]
28.526: [GC (Allocation Failure)  27717K->22565K(30720K), 0.0008396 secs]
28.530: [GC (Allocation Failure)  27685K->22597K(30720K), 0.0008370 secs]
28.533: [GC (Allocation Failure)  27717K->22629K(30720K), 0.0007822 secs]
28.536: [GC (Allocation Failure)  27749K->22597K(30720K), 0.0008242 secs]
28.539: [GC (Allocation Failure)  27717K->22597K(30720K), 0.0009110 secs]
28.542: [GC (Allocation Failure)  27717K->22565K(30720K), 0.0007342 secs]
28.546: [GC (Allocation Failure)  27685K->22565K(30720K), 0.0007776 secs]
28.549: [GC (Allocation Failure)  27685K->22565K(30720K), 0.0007996 secs]
28.552: [GC (Allocation Failure)  27685K->22621K(30720K), 0.0007904 secs]
28.555: [GC (Allocation Failure)  27741K->22581K(30720K), 0.0008569 secs]
28.558: [GC (Allocation Failure)  27701K->22581K(30720K), 0.0007920 secs]
28.561: [GC (Allocation Failure)  27701K->22581K(30720K), 0.0006685 secs]
28.564: [GC (Allocation Failure)  27701K->22589K(30720K), 0.0007266 secs]
28.567: [GC (Allocation Failure)  27709K->22557K(30720K), 0.0007181 secs]
28.570: [GC (Allocation Failure)  27677K->22653K(30720K), 0.0007384 secs]
28.573: [GC (Allocation Failure)  27773K->22557K(30720K), 0.0007446 secs]
28.577: [GC (Allocation Failure)  27677K->22589K(30720K), 0.0007927 secs]
28.580: [GC (Allocation Failure)  27709K->22557K(30720K), 0.0007606 secs]
28.583: [GC (Allocation Failure)  27677K->22525K(30720K), 0.0007794 secs]
28.586: [GC (Allocation Failure)  27645K->22557K(30720K), 0.0010754 secs]
28.590: [GC (Allocation Failure)  27677K->22557K(30720K), 0.0008241 secs]
28.593: [GC (Allocation Failure)  27677K->22557K(30720K), 0.0008033 secs]
28.596: [GC (Allocation Failure)  27677K->22589K(30720K), 0.0006756 secs]
28.600: [GC (Allocation Failure)  27709K->22685K(30720K), 0.0007346 secs]
28.603: [GC (Allocation Failure)  27805K->22653K(30720K), 0.0009928 secs]
28.607: [GC (Allocation Failure)  27773K->22653K(30720K), 0.0012621 secs]
28.611: [GC (Allocation Failure)  27773K->22653K(30720K), 0.0009842 secs]
28.614: [GC (Allocation Failure)  27773K->22589K(30720K), 0.0011959 secs]
28.618: [GC (Allocation Failure)  27709K->22653K(30720K), 0.0009052 secs]
28.621: [GC (Allocation Failure)  27773K->22589K(30720K), 0.0008397 secs]
28.625: [GC (Allocation Failure)  27709K->22653K(30720K), 0.0009717 secs]
28.628: [GC (Allocation Failure)  27773K->22589K(30720K), 0.0007507 secs]
28.631: [GC (Allocation Failure)  27709K->22621K(30720K), 0.0006849 secs]
28.635: [GC (Allocation Failure)  27741K->22653K(30720K), 0.0008160 secs]
28.638: [GC (Allocation Failure)  27773K->22621K(30720K), 0.0007480 secs]
28.641: [GC (Allocation Failure)  27741K->22621K(30720K), 0.0008143 secs]
28.644: [GC (Allocation Failure)  27741K->22653K(30720K), 0.0007143 secs]
28.647: [GC (Allocation Failure)  27773K->22589K(30720K), 0.0007415 secs]
28.650: [GC (Allocation Failure)  27709K->22645K(30720K), 0.0007966 secs]
28.654: [GC (Allocation Failure)  27765K->22629K(30720K), 0.0007523 secs]
28.657: [GC (Allocation Failure)  27749K->22693K(30720K), 0.0007626 secs]
28.660: [GC (Allocation Failure)  27813K->22637K(30720K), 0.0008264 secs]
28.663: [GC (Allocation Failure)  27757K->22605K(30720K), 0.0007861 secs]
28.666: [GC (Allocation Failure)  27725K->22589K(30720K), 0.0008641 secs]
28.669: [GC (Allocation Failure)  27709K->22653K(30720K), 0.0007511 secs]
28.672: [GC (Allocation Failure)  27773K->22621K(30720K), 0.0007324 secs]
28.676: [GC (Allocation Failure)  27741K->22685K(30720K), 0.0007311 secs]
28.679: [GC (Allocation Failure)  27805K->22653K(30720K), 0.0007569 secs]
28.682: [GC (Allocation Failure)  27773K->22653K(30720K), 0.0008745 secs]
28.685: [GC (Allocation Failure)  27773K->22621K(30720K), 0.0008014 secs]
28.688: [GC (Allocation Failure)  27741K->22621K(30720K), 0.0006989 secs]
28.691: [GC (Allocation Failure)  27741K->22685K(30720K), 0.0007334 secs]
28.694: [GC (Allocation Failure)  27805K->22621K(30720K), 0.0007630 secs]
28.697: [GC (Allocation Failure)  27741K->22685K(30720K), 0.0008038 secs]
28.702: [GC (Allocation Failure)  27805K->22717K(30720K), 0.0013246 secs]
28.706: [GC (Allocation Failure)  27837K->22717K(30720K), 0.0017563 secs]
28.711: [GC (Allocation Failure)  27837K->22717K(30720K), 0.0014213 secs]
28.716: [GC (Allocation Failure)  27837K->22621K(30720K), 0.0014763 secs]
28.720: [GC (Allocation Failure)  27741K->22685K(30720K), 0.0009473 secs]
28.724: [GC (Allocation Failure)  27805K->22685K(30720K), 0.0012294 secs]
28.727: [GC (Allocation Failure)  27805K->22717K(30720K), 0.0007872 secs]
28.731: [GC (Allocation Failure)  27837K->22717K(30720K), 0.0008022 secs]
28.734: [GC (Allocation Failure)  27837K->22717K(30720K), 0.0008937 secs]
28.737: [GC (Allocation Failure)  27837K->22717K(30720K), 0.0008453 secs]
28.740: [GC (Allocation Failure)  27837K->22717K(30720K), 0.0008270 secs]
28.744: [GC (Allocation Failure)  27837K->22685K(30720K), 0.0009096 secs]
28.747: [GC (Allocation Failure)  27805K->22685K(30720K), 0.0007729 secs]
28.750: [GC (Allocation Failure)  27805K->22685K(30720K), 0.0008751 secs]
28.754: [GC (Allocation Failure)  27805K->22685K(30720K), 0.0008249 secs]
28.757: [GC (Allocation Failure)  27805K->22733K(30720K), 0.0008885 secs]
28.760: [GC (Allocation Failure)  27853K->22661K(30720K), 0.0007978 secs]
28.764: [GC (Allocation Failure)  27781K->22757K(30720K), 0.0009837 secs]
28.768: [GC (Allocation Failure)  27877K->22773K(30720K), 0.0012547 secs]
28.772: [GC (Allocation Failure)  27893K->22741K(30720K), 0.0009666 secs]
28.775: [GC (Allocation Failure)  27861K->22709K(30720K), 0.0009950 secs]
28.779: [GC (Allocation Failure)  27829K->22709K(30720K), 0.0010727 secs]
28.783: [GC (Allocation Failure)  27829K->22741K(30720K), 0.0010938 secs]
28.787: [GC (Allocation Failure)  27861K->22773K(30720K), 0.0009576 secs]
28.790: [GC (Allocation Failure)  27893K->22741K(30720K), 0.0008979 secs]
28.794: [GC (Allocation Failure)  27861K->22741K(30720K), 0.0008837 secs]
28.797: [GC (Allocation Failure)  27861K->22773K(30720K), 0.0009871 secs]
28.800: [GC (Allocation Failure)  27893K->22741K(30720K), 0.0009093 secs]
28.804: [GC (Allocation Failure)  27861K->22709K(30720K), 0.0014185 secs]
28.809: [GC (Allocation Failure)  27829K->22805K(30720K), 0.0010949 secs]
28.813: [GC (Allocation Failure)  27925K->22773K(30720K), 0.0015091 secs]
28.817: [GC (Allocation Failure)  27893K->22741K(30720K), 0.0012087 secs]
28.821: [GC (Allocation Failure)  27861K->22789K(30720K), 0.0011140 secs]
28.824: [GC (Allocation Failure)  27909K->22773K(30720K), 0.0012310 secs]
28.828: [GC (Allocation Failure)  27893K->22741K(30720K), 0.0010777 secs]
28.832: [GC (Allocation Failure)  27861K->22773K(30720K), 0.0010239 secs]
28.836: [GC (Allocation Failure)  27893K->22773K(30720K), 0.0010143 secs]
28.839: [GC (Allocation Failure)  27893K->22773K(30720K), 0.0008875 secs]
28.843: [GC (Allocation Failure)  27893K->22773K(30720K), 0.0008574 secs]
28.846: [GC (Allocation Failure)  27893K->22773K(30720K), 0.0008378 secs]
28.849: [GC (Allocation Failure)  27893K->22773K(30720K), 0.0009897 secs]
28.852: [GC (Allocation Failure)  27893K->22773K(30720K), 0.0008258 secs]
28.856: [GC (Allocation Failure)  27893K->22789K(30720K), 0.0007802 secs]
28.859: [GC (Allocation Failure)  27909K->22813K(30720K), 0.0007883 secs]
28.862: [GC (Allocation Failure)  27933K->22829K(30720K), 0.0006983 secs]
28.865: [GC (Allocation Failure)  27949K->22765K(30720K), 0.0009107 secs]
28.868: [GC (Allocation Failure)  27885K->22741K(30720K), 0.0012125 secs]
28.872: [GC (Allocation Failure)  27861K->22773K(30720K), 0.0009713 secs]
28.876: [GC (Allocation Failure)  27893K->22773K(30720K), 0.0007548 secs]
28.879: [GC (Allocation Failure)  27893K->22805K(30720K), 0.0007655 secs]
28.882: [GC (Allocation Failure)  27925K->22773K(30720K), 0.0010557 secs]
28.885: [GC (Allocation Failure)  27893K->22773K(30720K), 0.0009305 secs]
28.889: [GC (Allocation Failure)  27893K->22805K(30720K), 0.0007844 secs]
29.851: [GC (Allocation Failure)  27925K->22933K(30720K), 0.0015391 secs]
29.855: [GC (Allocation Failure)  28053K->22901K(30720K), 0.0009770 secs]
29.858: [GC (Allocation Failure)  28021K->22901K(30720K), 0.0010284 secs]
29.862: [GC (Allocation Failure)  28021K->22933K(30720K), 0.0009538 secs]
29.865: [GC (Allocation Failure)  28053K->22901K(30720K), 0.0008601 secs]
29.869: [GC (Allocation Failure)  28021K->22933K(30720K), 0.0008649 secs]
29.872: [GC (Allocation Failure)  28053K->22901K(30720K), 0.0009099 secs]
29.875: [GC (Allocation Failure)  28021K->22965K(30720K), 0.0009086 secs]
29.879: [GC (Allocation Failure)  28085K->22901K(30720K), 0.0007271 secs]
29.882: [GC (Allocation Failure)  28021K->22933K(30720K), 0.0007470 secs]
29.885: [GC (Allocation Failure)  28053K->22933K(30720K), 0.0007652 secs]
29.888: [GC (Allocation Failure)  28053K->22933K(30720K), 0.0007452 secs]
29.891: [GC (Allocation Failure)  28053K->22933K(30720K), 0.0007664 secs]
29.894: [GC (Allocation Failure)  28053K->22901K(30720K), 0.0008650 secs]
29.898: [GC (Allocation Failure)  28021K->22901K(30720K), 0.0009741 secs]
29.901: [GC (Allocation Failure)  28021K->22957K(30720K), 0.0008325 secs]
29.905: [GC (Allocation Failure)  28077K->22941K(30720K), 0.0008770 secs]
29.908: [GC (Allocation Failure)  28061K->22909K(30720K), 0.0008051 secs]
29.911: [GC (Allocation Failure)  28029K->22973K(30720K), 0.0008945 secs]
29.916: [GC (Allocation Failure)  28093K->22973K(30720K), 0.0009608 secs]
29.919: [GC (Allocation Failure)  28093K->22973K(30720K), 0.0008086 secs]
29.922: [GC (Allocation Failure)  28093K->22909K(30720K), 0.0008911 secs]
29.926: [GC (Allocation Failure)  28029K->22973K(30720K), 0.0007566 secs]
29.929: [GC (Allocation Failure)  28093K->22941K(30720K), 0.0008575 secs]
29.932: [GC (Allocation Failure)  28061K->22973K(30720K), 0.0009649 secs]
29.936: [GC (Allocation Failure)  28093K->22941K(30720K), 0.0007155 secs]
29.939: [GC (Allocation Failure)  28061K->22909K(30720K), 0.0008027 secs]
29.942: [GC (Allocation Failure)  28029K->22973K(30720K), 0.0007923 secs]
29.945: [GC (Allocation Failure)  28093K->22973K(30720K), 0.0007534 secs]
29.948: [GC (Allocation Failure)  28093K->22941K(30720K), 0.0008762 secs]
29.951: [GC (Allocation Failure)  28061K->22973K(30720K), 0.0008013 secs]
29.955: [GC (Allocation Failure)  28093K->22941K(30720K), 0.0008334 secs]
29.958: [GC (Allocation Failure)  28061K->22997K(30720K), 0.0008000 secs]
29.961: [GC (Allocation Failure)  28117K->22981K(30720K), 0.0008545 secs]
29.964: [GC (Allocation Failure)  28101K->22893K(30720K), 0.0008195 secs]
29.967: [GC (Allocation Failure)  28013K->22925K(30720K), 0.0007889 secs]
29.970: [GC (Allocation Failure)  28045K->22957K(30720K), 0.0007503 secs]
29.973: [GC (Allocation Failure)  28077K->22925K(30720K), 0.0009278 secs]
29.977: [GC (Allocation Failure)  28045K->22941K(30720K), 0.0007889 secs]
29.980: [GC (Allocation Failure)  28061K->22973K(30720K), 0.0007022 secs]
29.983: [GC (Allocation Failure)  28093K->23005K(30720K), 0.0008114 secs]
29.986: [GC (Allocation Failure)  28125K->22941K(30720K), 0.0008506 secs]
29.989: [GC (Allocation Failure)  28061K->22941K(30720K), 0.0008235 secs]
29.992: [GC (Allocation Failure)  28061K->23005K(30720K), 0.0007417 secs]
29.996: [GC (Allocation Failure)  28125K->22941K(30720K), 0.0008162 secs]
29.999: [GC (Allocation Failure)  28061K->22909K(30720K), 0.0009175 secs]
30.002: [GC (Allocation Failure)  28029K->22973K(30720K), 0.0007683 secs]
30.005: [GC (Allocation Failure)  28093K->23005K(30720K), 0.0009966 secs]
30.009: [GC (Allocation Failure)  28125K->23005K(30720K), 0.0007638 secs]
30.013: [GC (Allocation Failure)  28125K->23037K(30720K), 0.0009412 secs]
30.016: [GC (Allocation Failure)  28157K->23037K(30720K), 0.0008386 secs]
30.019: [GC (Allocation Failure)  28157K->22973K(30720K), 0.0008071 secs]
30.023: [GC (Allocation Failure)  28093K->23037K(30720K), 0.0010705 secs]
30.026: [GC (Allocation Failure)  28157K->23005K(30720K), 0.0007844 secs]
30.029: [GC (Allocation Failure)  28125K->22973K(30720K), 0.0007291 secs]
30.032: [GC (Allocation Failure)  28093K->23005K(30720K), 0.0007194 secs]
30.035: [GC (Allocation Failure)  28125K->23069K(30720K), 0.0008913 secs]
30.039: [GC (Allocation Failure)  28189K->23037K(30720K), 0.0009872 secs]
30.043: [GC (Allocation Failure)  28157K->23037K(30720K), 0.0013100 secs]
30.047: [GC (Allocation Failure)  28157K->22973K(30720K), 0.0008880 secs]
30.050: [GC (Allocation Failure)  28093K->22973K(30720K), 0.0008648 secs]
30.053: [GC (Allocation Failure)  28093K->23037K(30720K), 0.0007777 secs]
30.056: [GC (Allocation Failure)  28157K->23005K(30720K), 0.0008531 secs]
30.060: [GC (Allocation Failure)  28125K->23069K(30720K), 0.0007283 secs]
30.063: [GC (Allocation Failure)  28189K->23053K(30720K), 0.0007505 secs]
30.066: [GC (Allocation Failure)  28173K->23061K(30720K), 0.0007770 secs]
30.069: [GC (Allocation Failure)  28181K->23029K(30720K), 0.0007807 secs]
30.072: [GC (Allocation Failure)  28149K->22997K(30720K), 0.0007454 secs]
30.075: [GC (Allocation Failure)  28117K->23029K(30720K), 0.0008374 secs]
30.078: [GC (Allocation Failure)  28149K->23013K(30720K), 0.0008107 secs]
30.081: [GC (Allocation Failure)  28133K->23013K(30720K), 0.0007678 secs]
30.084: [GC (Allocation Failure)  28133K->22981K(30720K), 0.0008222 secs]
30.087: [GC (Allocation Failure)  28101K->23013K(30720K), 0.0009234 secs]
30.090: [GC (Allocation Failure)  28133K->23013K(30720K), 0.0007181 secs]
30.094: [GC (Allocation Failure)  28133K->23013K(30720K), 0.0006858 secs]
30.097: [GC (Allocation Failure)  28133K->23045K(30720K), 0.0007520 secs]
30.100: [GC (Allocation Failure)  28165K->23013K(30720K), 0.0008849 secs]
30.103: [GC (Allocation Failure)  28133K->23013K(30720K), 0.0008714 secs]
30.106: [GC (Allocation Failure)  28133K->23045K(30720K), 0.0010013 secs]
30.110: [GC (Allocation Failure)  28165K->23077K(30720K), 0.0009841 secs]
30.114: [GC (Allocation Failure)  28197K->23109K(30720K), 0.0009894 secs]
30.117: [GC (Allocation Failure)  28229K->23109K(30720K), 0.0011586 secs]
30.121: [GC (Allocation Failure)  28229K->23077K(30720K), 0.0009891 secs]
30.125: [GC (Allocation Failure)  28197K->23109K(30720K), 0.0008947 secs]
30.128: [GC (Allocation Failure)  28229K->23045K(30720K), 0.0007854 secs]
30.132: [GC (Allocation Failure)  28165K->23013K(30720K), 0.0007458 secs]
30.135: [GC (Allocation Failure)  28133K->23109K(30720K), 0.0008620 secs]
30.138: [GC (Allocation Failure)  28229K->23077K(30720K), 0.0008549 secs]
30.141: [GC (Allocation Failure)  28197K->23141K(30720K), 0.0008277 secs]
30.145: [GC (Allocation Failure)  28261K->23013K(30720K), 0.0008715 secs]
30.148: [GC (Allocation Failure)  28133K->23045K(30720K), 0.0007921 secs]
30.151: [GC (Allocation Failure)  28165K->23045K(30720K), 0.0008242 secs]
30.155: [GC (Allocation Failure)  28165K->23077K(30720K), 0.0007688 secs]
30.158: [GC (Allocation Failure)  28197K->23045K(30720K), 0.0008103 secs]
30.161: [GC (Allocation Failure)  28165K->23109K(30720K), 0.0008105 secs]
30.164: [GC (Allocation Failure)  28229K->23141K(30720K), 0.0008394 secs]
30.167: [GC (Allocation Failure)  28261K->23053K(30720K), 0.0007456 secs]
30.170: [GC (Allocation Failure)  28173K->23053K(30720K), 0.0007923 secs]
30.173: [GC (Allocation Failure)  28173K->23093K(30720K), 0.0007614 secs]
30.177: [GC (Allocation Failure)  28213K->23093K(30720K), 0.0008175 secs]
30.180: [GC (Allocation Failure)  28213K->23077K(30720K), 0.0008995 secs]
30.183: [GC (Allocation Failure)  28197K->23109K(30720K), 0.0007497 secs]
30.186: [GC (Allocation Failure)  28229K->23077K(30720K), 0.0007609 secs]
30.189: [GC (Allocation Failure)  28197K->23045K(30720K), 0.0010168 secs]
30.193: [GC (Allocation Failure)  28165K->23109K(30720K), 0.0007958 secs]
30.196: [GC (Allocation Failure)  28229K->23077K(30720K), 0.0007889 secs]
30.199: [GC (Allocation Failure)  28197K->23045K(30720K), 0.0008317 secs]
30.202: [GC (Allocation Failure)  28165K->23077K(30720K), 0.0006732 secs]
30.205: [GC (Allocation Failure)  28197K->23077K(30720K), 0.0007412 secs]
30.209: [GC (Allocation Failure)  28197K->23077K(30720K), 0.0007485 secs]
30.212: [GC (Allocation Failure)  28197K->23141K(30720K), 0.0008749 secs]
30.216: [GC (Allocation Failure)  28261K->23173K(30720K), 0.0012173 secs]
30.220: [GC (Allocation Failure)  28293K->23205K(30720K), 0.0009011 secs]
30.223: [GC (Allocation Failure)  28325K->23141K(30720K), 0.0012687 secs]
30.227: [GC (Allocation Failure)  28261K->23205K(30720K), 0.0008308 secs]
30.230: [GC (Allocation Failure)  28325K->23141K(30720K), 0.0008129 secs]
30.233: [GC (Allocation Failure)  28261K->23173K(30720K), 0.0007962 secs]
30.237: [GC (Allocation Failure)  28293K->23109K(30720K), 0.0007854 secs]
30.240: [GC (Allocation Failure)  28229K->23173K(30720K), 0.0007633 secs]
30.243: [GC (Allocation Failure)  28293K->23109K(30720K), 0.0007914 secs]
30.246: [GC (Allocation Failure)  28229K->23141K(30720K), 0.0007940 secs]
30.250: [GC (Allocation Failure)  28261K->23109K(30720K), 0.0007439 secs]
30.253: [GC (Allocation Failure)  28229K->23141K(30720K), 0.0007370 secs]
30.256: [GC (Allocation Failure)  28261K->23173K(30720K), 0.0009212 secs]
30.259: [GC (Allocation Failure)  28293K->23141K(30720K), 0.0007136 secs]
30.262: [GC (Allocation Failure)  28261K->23205K(30720K), 0.0007593 secs]
30.265: [GC (Allocation Failure)  28325K->23221K(30720K), 0.0007239 secs]
30.268: [GC (Allocation Failure)  28341K->23133K(30720K), 0.0007808 secs]
30.271: [GC (Allocation Failure)  28253K->23101K(30720K), 0.0008535 secs]
30.274: [GC (Allocation Failure)  28221K->23165K(30720K), 0.0008441 secs]
30.278: [GC (Allocation Failure)  28285K->23165K(30720K), 0.0007003 secs]
30.281: [GC (Allocation Failure)  28285K->23117K(30720K), 0.0007391 secs]
30.284: [GC (Allocation Failure)  28237K->23149K(30720K), 0.0008112 secs]
30.287: [GC (Allocation Failure)  28269K->23149K(30720K), 0.0007757 secs]
30.290: [GC (Allocation Failure)  28269K->23181K(30720K), 0.0007790 secs]
30.293: [GC (Allocation Failure)  28301K->23149K(30720K), 0.0007891 secs]
30.296: [GC (Allocation Failure)  28269K->23117K(30720K), 0.0007765 secs]
30.299: [GC (Allocation Failure)  28237K->23181K(30720K), 0.0007396 secs]
30.302: [GC (Allocation Failure)  28301K->23117K(30720K), 0.0007302 secs]
30.305: [GC (Allocation Failure)  28237K->23149K(30720K), 0.0010885 secs]
30.309: [GC (Allocation Failure)  28269K->23181K(30720K), 0.0007147 secs]
30.312: [GC (Allocation Failure)  28301K->23245K(30720K), 0.0009057 secs]
30.315: [GC (Allocation Failure)  28365K->23181K(30720K), 0.0012713 secs]
30.319: [GC (Allocation Failure)  28301K->23277K(30720K), 0.0010287 secs]
30.323: [GC (Allocation Failure)  28397K->23245K(30720K), 0.0011891 secs]
30.327: [GC (Allocation Failure)  28365K->23149K(30720K), 0.0009351 secs]
30.330: [GC (Allocation Failure)  28269K->23181K(30720K), 0.0009119 secs]
30.333: [GC (Allocation Failure)  28301K->23157K(30720K), 0.0008316 secs]
30.337: [GC (Allocation Failure)  28277K->23157K(30720K), 0.0008027 secs]
30.340: [GC (Allocation Failure)  28277K->23189K(30720K), 0.0007136 secs]
30.343: [GC (Allocation Failure)  28309K->23285K(30720K), 0.0009443 secs]
30.347: [GC (Allocation Failure)  28405K->23253K(30720K), 0.0010046 secs]
30.351: [GC (Allocation Failure)  28373K->23253K(30720K), 0.0007734 secs]
30.354: [GC (Allocation Failure)  28373K->23253K(30720K), 0.0008281 secs]
30.357: [GC (Allocation Failure)  28373K->23221K(30720K), 0.0008201 secs]
30.360: [GC (Allocation Failure)  28341K->23253K(30720K), 0.0007959 secs]
30.363: [GC (Allocation Failure)  28373K->23221K(30720K), 0.0008158 secs]
30.366: [GC (Allocation Failure)  28341K->23253K(30720K), 0.0007849 secs]
30.370: [GC (Allocation Failure)  28373K->23293K(30720K), 0.0007625 secs]
30.373: [GC (Allocation Failure)  28413K->23197K(30720K), 0.0007903 secs]
30.376: [GC (Allocation Failure)  28317K->23237K(30720K), 0.0008692 secs]
30.379: [GC (Allocation Failure)  28357K->23237K(30720K), 0.0008250 secs]
30.383: [GC (Allocation Failure)  28357K->23269K(30720K), 0.0010609 secs]
30.386: [GC (Allocation Failure)  28389K->23205K(30720K), 0.0008995 secs]
30.390: [GC (Allocation Failure)  28325K->23237K(30720K), 0.0008106 secs]
30.393: [GC (Allocation Failure)  28357K->23245K(30720K), 0.0008546 secs]
30.396: [GC (Allocation Failure)  28365K->23221K(30720K), 0.0008475 secs]
30.400: [GC (Allocation Failure)  28341K->23253K(30720K), 0.0007996 secs]
30.403: [GC (Allocation Failure)  28373K->23189K(30720K), 0.0008138 secs]
30.406: [GC (Allocation Failure)  28309K->23253K(30720K), 0.0009614 secs]
30.410: [GC (Allocation Failure)  28373K->23285K(30720K), 0.0008269 secs]
30.413: [GC (Allocation Failure)  28405K->23317K(30720K), 0.0010231 secs]
30.418: [GC (Allocation Failure)  28437K->23349K(30720K), 0.0011647 secs]
30.422: [GC (Allocation Failure)  28469K->23285K(30720K), 0.0010836 secs]
30.426: [GC (Allocation Failure)  28405K->23285K(30720K), 0.0009694 secs]
30.429: [GC (Allocation Failure)  28405K->23317K(30720K), 0.0009302 secs]
30.433: [GC (Allocation Failure)  28437K->23317K(30720K), 0.0008315 secs]
30.436: [GC (Allocation Failure)  28437K->23349K(30720K), 0.0008160 secs]
30.440: [GC (Allocation Failure)  28469K->23285K(30720K), 0.0008143 secs]
30.443: [GC (Allocation Failure)  28405K->23253K(30720K), 0.0008092 secs]
30.446: [GC (Allocation Failure)  28373K->23285K(30720K), 0.0008081 secs]
30.450: [GC (Allocation Failure)  28405K->23349K(30720K), 0.0007780 secs]
30.453: [GC (Allocation Failure)  28469K->23317K(30720K), 0.0008856 secs]
30.456: [GC (Allocation Failure)  28437K->23253K(30720K), 0.0007420 secs]
30.460: [GC (Allocation Failure)  28373K->23253K(30720K), 0.0007834 secs]
30.463: [GC (Allocation Failure)  28373K->23285K(30720K), 0.0008513 secs]
30.466: [GC (Allocation Failure)  28405K->23349K(30720K), 0.0009447 secs]
30.470: [GC (Allocation Failure)  28469K->23277K(30720K), 0.0007378 secs]
30.473: [GC (Allocation Failure)  28397K->23317K(30720K), 0.0008054 secs]
30.476: [GC (Allocation Failure)  28437K->23285K(30720K), 0.0008419 secs]
30.479: [GC (Allocation Failure)  28405K->23317K(30720K), 0.0009184 secs]
30.483: [GC (Allocation Failure)  28437K->23285K(30720K), 0.0008662 secs]
30.486: [GC (Allocation Failure)  28405K->23253K(30720K), 0.0007770 secs]
30.489: [GC (Allocation Failure)  28373K->23253K(30720K), 0.0007626 secs]
30.492: [GC (Allocation Failure)  28373K->23349K(30720K), 0.0009573 secs]
30.496: [GC (Allocation Failure)  28469K->23285K(30720K), 0.0008817 secs]
30.499: [GC (Allocation Failure)  28405K->23349K(30720K), 0.0008490 secs]
30.503: [GC (Allocation Failure)  28469K->23285K(30720K), 0.0008407 secs]
30.506: [GC (Allocation Failure)  28405K->23253K(30720K), 0.0008978 secs]
30.509: [GC (Allocation Failure)  28373K->23349K(30720K), 0.0008142 secs]
30.513: [GC (Allocation Failure)  28469K->23413K(30720K), 0.0009488 secs]
30.517: [GC (Allocation Failure)  28533K->23349K(30720K), 0.0016017 secs]
30.521: [GC (Allocation Failure)  28469K->23381K(30720K), 0.0012133 secs]
30.525: [GC (Allocation Failure)  28501K->23349K(30720K), 0.0012749 secs]
30.529: [GC (Allocation Failure)  28469K->23413K(30720K), 0.0010908 secs]
30.533: [GC (Allocation Failure)  28533K->23381K(30720K), 0.0010429 secs]
30.536: [GC (Allocation Failure)  28501K->23349K(30720K), 0.0008922 secs]
30.540: [GC (Allocation Failure)  28469K->23381K(30720K), 0.0009049 secs]
30.543: [GC (Allocation Failure)  28501K->23381K(30720K), 0.0009056 secs]
30.547: [GC (Allocation Failure)  28501K->23349K(30720K), 0.0008563 secs]
30.550: [GC (Allocation Failure)  28469K->23381K(30720K), 0.0008612 secs]
30.553: [GC (Allocation Failure)  28501K->23381K(30720K), 0.0008319 secs]
30.557: [GC (Allocation Failure)  28501K->23349K(30720K), 0.0009991 secs]
30.560: [GC (Allocation Failure)  28469K->23381K(30720K), 0.0008893 secs]
30.564: [GC (Allocation Failure)  28501K->23381K(30720K), 0.0008908 secs]
30.567: [GC (Allocation Failure)  28501K->23333K(30720K), 0.0007446 secs]
30.570: [GC (Allocation Failure)  28453K->23341K(30720K), 0.0007343 secs]
30.573: [GC (Allocation Failure)  28461K->23349K(30720K), 0.0008525 secs]
30.577: [GC (Allocation Failure)  28469K->23349K(30720K), 0.0008312 secs]
30.580: [GC (Allocation Failure)  28469K->23349K(30720K), 0.0008456 secs]
30.584: [GC (Allocation Failure)  28469K->23381K(30720K), 0.0008307 secs]
30.587: [GC (Allocation Failure)  28501K->23349K(30720K), 0.0008604 secs]
30.590: [GC (Allocation Failure)  28469K->23317K(30720K), 0.0011544 secs]
30.594: [GC (Allocation Failure)  28437K->23317K(30720K), 0.0008842 secs]
30.597: [GC (Allocation Failure)  28437K->23349K(30720K), 0.0009778 secs]
30.600: [GC (Allocation Failure)  28469K->23349K(30720K), 0.0007949 secs]
30.604: [GC (Allocation Failure)  28469K->23349K(30720K), 0.0008766 secs]
30.607: [GC (Allocation Failure)  28469K->23349K(30720K), 0.0007952 secs]
30.610: [GC (Allocation Failure)  28469K->23317K(30720K), 0.0009343 secs]
30.613: [GC (Allocation Failure)  28437K->23349K(30720K), 0.0008219 secs]
30.617: [GC (Allocation Failure)  28469K->23413K(30720K), 0.0008806 secs]
30.621: [GC (Allocation Failure)  28533K->23413K(30720K), 0.0013294 secs]
30.625: [GC (Allocation Failure)  28533K->23413K(30720K), 0.0013819 secs]
30.629: [GC (Allocation Failure)  28533K->23381K(30720K), 0.0010762 secs]
30.633: [GC (Allocation Failure)  28501K->23381K(30720K), 0.0009042 secs]
30.636: [GC (Allocation Failure)  28501K->23381K(30720K), 0.0008683 secs]
30.640: [GC (Allocation Failure)  28501K->23413K(30720K), 0.0008536 secs]
30.643: [GC (Allocation Failure)  28533K->23349K(30720K), 0.0007763 secs]
30.646: [GC (Allocation Failure)  28469K->23381K(30720K), 0.0009327 secs]
30.650: [GC (Allocation Failure)  28501K->23381K(30720K), 0.0009004 secs]
30.653: [GC (Allocation Failure)  28501K->23413K(30720K), 0.0008888 secs]
30.657: [GC (Allocation Failure)  28533K->23445K(30720K), 0.0007991 secs]
30.660: [GC (Allocation Failure)  28565K->23381K(30720K), 0.0007483 secs]
30.663: [GC (Allocation Failure)  28501K->23413K(30720K), 0.0007852 secs]
30.666: [GC (Allocation Failure)  28533K->23445K(30720K), 0.0008829 secs]
30.670: [GC (Allocation Failure)  28565K->23469K(30720K), 0.0008123 secs]
30.673: [GC (Allocation Failure)  28589K->23405K(30720K), 0.0008748 secs]
30.676: [GC (Allocation Failure)  28525K->23381K(30720K), 0.0008171 secs]
30.679: [GC (Allocation Failure)  28501K->23445K(30720K), 0.0008862 secs]
30.683: [GC (Allocation Failure)  28565K->23381K(30720K), 0.0008610 secs]
30.686: [GC (Allocation Failure)  28501K->23397K(30720K), 0.0009403 secs]
30.689: [GC (Allocation Failure)  28517K->23429K(30720K), 0.0009592 secs]
30.693: [GC (Allocation Failure)  28549K->23397K(30720K), 0.0007568 secs]
30.696: [GC (Allocation Failure)  28517K->23365K(30720K), 0.0007581 secs]
30.699: [GC (Allocation Failure)  28485K->23429K(30720K), 0.0009470 secs]
30.703: [GC (Allocation Failure)  28549K->23461K(30720K), 0.0008323 secs]
30.706: [GC (Allocation Failure)  28581K->23397K(30720K), 0.0008512 secs]
30.710: [GC (Allocation Failure)  28517K->23365K(30720K), 0.0008814 secs]
30.713: [GC (Allocation Failure)  28485K->23429K(30720K), 0.0008766 secs]
30.717: [GC (Allocation Failure)  28549K->23461K(30720K), 0.0011020 secs]
30.721: [GC (Allocation Failure)  28581K->23525K(30720K), 0.0009966 secs]
30.726: [GC (Allocation Failure)  28645K->23461K(30720K), 0.0013270 secs]
30.730: [GC (Allocation Failure)  28581K->23429K(30720K), 0.0009833 secs]
30.733: [GC (Allocation Failure)  28549K->23461K(30720K), 0.0010852 secs]
30.737: [GC (Allocation Failure)  28581K->23461K(30720K), 0.0008333 secs]
30.740: [GC (Allocation Failure)  28581K->23461K(30720K), 0.0010091 secs]
30.744: [GC (Allocation Failure)  28581K->23493K(30720K), 0.0009208 secs]
30.747: [GC (Allocation Failure)  28613K->23461K(30720K), 0.0008507 secs]
30.751: [GC (Allocation Failure)  28581K->23429K(30720K), 0.0009629 secs]
30.754: [GC (Allocation Failure)  28549K->23493K(30720K), 0.0009276 secs]
30.757: [GC (Allocation Failure)  28613K->23397K(30720K), 0.0009232 secs]
30.761: [GC (Allocation Failure)  28517K->23461K(30720K), 0.0008598 secs]
30.764: [GC (Allocation Failure)  28581K->23429K(30720K), 0.0012322 secs]
30.768: [GC (Allocation Failure)  28549K->23429K(30720K), 0.0013056 secs]
30.772: [GC (Allocation Failure)  28549K->23461K(30720K), 0.0012699 secs]
30.776: [GC (Allocation Failure)  28581K->23517K(30720K), 0.0010174 secs]
30.780: [GC (Allocation Failure)  28637K->23493K(30720K), 0.0008550 secs]
30.783: [GC (Allocation Failure)  28613K->23429K(30720K), 0.0009139 secs]
30.786: [GC (Allocation Failure)  28549K->23429K(30720K), 0.0007839 secs]
30.790: [GC (Allocation Failure)  28549K->23493K(30720K), 0.0009182 secs]
30.793: [GC (Allocation Failure)  28613K->23461K(30720K), 0.0009925 secs]
30.797: [GC (Allocation Failure)  28581K->23493K(30720K), 0.0008953 secs]
30.800: [GC (Allocation Failure)  28613K->23493K(30720K), 0.0008687 secs]
30.804: [GC (Allocation Failure)  28613K->23461K(30720K), 0.0009799 secs]
30.807: [GC (Allocation Failure)  28581K->23493K(30720K), 0.0009455 secs]
30.810: [GC (Allocation Failure)  28613K->23525K(30720K), 0.0007763 secs]
30.813: [GC (Allocation Failure)  28645K->23525K(30720K), 0.0010506 secs]
30.818: [GC (Allocation Failure)  28645K->23525K(30720K), 0.0011435 secs]
30.822: [GC (Allocation Failure)  28645K->23557K(30720K), 0.0010303 secs]
30.826: [GC (Allocation Failure)  28677K->23493K(30720K), 0.0009717 secs]
30.830: [GC (Allocation Failure)  28613K->23493K(30720K), 0.0009025 secs]
30.833: [GC (Allocation Failure)  28613K->23493K(30720K), 0.0010174 secs]
30.837: [GC (Allocation Failure)  28613K->23525K(30720K), 0.0008008 secs]
30.840: [GC (Allocation Failure)  28645K->23557K(30720K), 0.0008048 secs]
30.843: [GC (Allocation Failure)  28677K->23557K(30720K), 0.0008839 secs]
30.846: [GC (Allocation Failure)  28677K->23557K(30720K), 0.0010921 secs]
30.850: [GC (Allocation Failure)  28677K->23525K(30720K), 0.0009856 secs]
30.853: [GC (Allocation Failure)  28645K->23525K(30720K), 0.0008176 secs]
30.857: [GC (Allocation Failure)  28645K->23557K(30720K), 0.0008785 secs]
30.860: [GC (Allocation Failure)  28677K->23557K(30720K), 0.0007267 secs]
30.863: [GC (Allocation Failure)  28677K->23557K(30720K), 0.0007949 secs]
30.866: [GC (Allocation Failure)  28677K->23557K(30720K), 0.0007768 secs]
30.870: [GC (Allocation Failure)  28677K->23525K(30720K), 0.0007885 secs]
30.873: [GC (Allocation Failure)  28645K->23501K(30720K), 0.0007366 secs]
30.876: [GC (Allocation Failure)  28621K->23541K(30720K), 0.0006977 secs]
30.879: [GC (Allocation Failure)  28661K->23541K(30720K), 0.0007565 secs]
30.882: [GC (Allocation Failure)  28661K->23509K(30720K), 0.0009963 secs]
30.885: [GC (Allocation Failure)  28629K->23573K(30720K), 0.0009533 secs]
30.889: [GC (Allocation Failure)  28693K->23493K(30720K), 0.0007390 secs]
30.892: [GC (Allocation Failure)  28613K->23557K(30720K), 0.0007450 secs]
30.895: [GC (Allocation Failure)  28677K->23525K(30720K), 0.0007583 secs]
30.898: [GC (Allocation Failure)  28645K->23565K(30720K), 0.0007921 secs]
30.901: [GC (Allocation Failure)  28685K->23597K(30720K), 0.0008401 secs]
30.905: [GC (Allocation Failure)  28717K->23565K(30720K), 0.0008138 secs]
30.908: [GC (Allocation Failure)  28685K->23565K(30720K), 0.0009060 secs]
30.912: [GC (Allocation Failure)  28685K->23597K(30720K), 0.0007326 secs]
30.915: [GC (Allocation Failure)  28717K->23661K(30720K), 0.0007025 secs]
30.918: [GC (Allocation Failure)  28781K->23597K(30720K), 0.0007771 secs]
30.922: [GC (Allocation Failure)  28717K->23597K(30720K), 0.0012891 secs]
30.926: [GC (Allocation Failure)  28717K->23629K(30720K), 0.0010363 secs]
30.929: [GC (Allocation Failure)  28749K->23661K(30720K), 0.0008628 secs]
30.933: [GC (Allocation Failure)  28781K->23533K(30720K), 0.0008841 secs]
30.936: [GC (Allocation Failure)  28653K->23597K(30720K), 0.0008310 secs]
30.939: [GC (Allocation Failure)  28717K->23629K(30720K), 0.0008399 secs]
30.942: [GC (Allocation Failure)  28749K->23597K(30720K), 0.0008458 secs]
30.945: [GC (Allocation Failure)  28717K->23629K(30720K), 0.0008017 secs]
30.948: [GC (Allocation Failure)  28749K->23597K(30720K), 0.0008345 secs]
30.951: [GC (Allocation Failure)  28717K->23597K(30720K), 0.0007644 secs]
30.954: [GC (Allocation Failure)  28717K->23597K(30720K), 0.0008295 secs]
30.958: [GC (Allocation Failure)  28717K->23597K(30720K), 0.0007782 secs]
30.961: [GC (Allocation Failure)  28717K->23597K(30720K), 0.0007563 secs]
30.964: [GC (Allocation Failure)  28717K->23637K(30720K), 0.0007576 secs]
30.967: [GC (Allocation Failure)  28757K->23573K(30720K), 0.0008055 secs]
30.970: [GC (Allocation Failure)  28693K->23613K(30720K), 0.0008370 secs]
30.973: [GC (Allocation Failure)  28733K->23557K(30720K), 0.0008195 secs]
30.976: [GC (Allocation Failure)  28677K->23621K(30720K), 0.0007874 secs]
30.980: [GC (Allocation Failure)  28741K->23557K(30720K), 0.0006978 secs]
30.982: [GC (Allocation Failure)  28677K->23653K(30720K), 0.0007544 secs]
30.985: [GC (Allocation Failure)  28773K->23589K(30720K), 0.0007939 secs]
30.989: [GC (Allocation Failure)  28709K->23565K(30720K), 0.0007085 secs]
30.992: [GC (Allocation Failure)  28685K->23629K(30720K), 0.0009474 secs]
30.997: [GC (Allocation Failure)  28749K->23597K(30720K), 0.0008476 secs]
31.000: [GC (Allocation Failure)  28717K->23597K(30720K), 0.0009206 secs]
31.003: [GC (Allocation Failure)  28717K->23629K(30720K), 0.0008631 secs]
31.006: [GC (Allocation Failure)  28749K->23565K(30720K), 0.0007360 secs]
31.009: [GC (Allocation Failure)  28685K->23629K(30720K), 0.0007960 secs]
31.012: [GC (Allocation Failure)  28749K->23597K(30720K), 0.0008404 secs]
31.016: [GC (Allocation Failure)  28717K->23693K(30720K), 0.0007007 secs]
31.019: [GC (Allocation Failure)  28813K->23693K(30720K), 0.0008629 secs]
31.023: [GC (Allocation Failure)  28813K->23661K(30720K), 0.0012857 secs]
31.027: [GC (Allocation Failure)  28781K->23661K(30720K), 0.0012583 secs]
31.031: [GC (Allocation Failure)  28781K->23661K(30720K), 0.0009869 secs]
31.034: [GC (Allocation Failure)  28781K->23629K(30720K), 0.0009613 secs]
31.038: [GC (Allocation Failure)  28749K->23661K(30720K), 0.0011509 secs]
31.043: [GC (Allocation Failure)  28781K->23661K(30720K), 0.0012474 secs]
31.046: [GC (Allocation Failure)  28781K->23693K(30720K), 0.0010287 secs]
31.050: [GC (Allocation Failure)  28813K->23661K(30720K), 0.0008587 secs]
31.053: [GC (Allocation Failure)  28781K->23725K(30720K), 0.0010603 secs]
31.056: [GC (Allocation Failure)  28845K->23693K(30720K), 0.0008634 secs]
31.060: [GC (Allocation Failure)  28813K->23629K(30720K), 0.0009350 secs]
31.063: [GC (Allocation Failure)  28749K->23661K(30720K), 0.0008907 secs]
31.066: [GC (Allocation Failure)  28781K->23693K(30720K), 0.0007693 secs]
31.070: [GC (Allocation Failure)  28813K->23637K(30720K), 0.0007683 secs]
31.072: [GC (Allocation Failure)  28757K->23693K(30720K), 0.0007323 secs]
31.076: [GC (Allocation Failure)  28813K->23669K(30720K), 0.0007965 secs]
31.079: [GC (Allocation Failure)  28789K->23701K(30720K), 0.0007049 secs]
31.082: [GC (Allocation Failure)  28821K->23733K(30720K), 0.0007304 secs]
31.085: [GC (Allocation Failure)  28853K->23709K(30720K), 0.0007733 secs]
31.088: [GC (Allocation Failure)  28829K->23677K(30720K), 0.0008111 secs]
31.091: [GC (Allocation Failure)  28797K->23645K(30720K), 0.0008271 secs]
31.094: [GC (Allocation Failure)  28765K->23709K(30720K), 0.0008986 secs]
31.097: [GC (Allocation Failure)  28829K->23677K(30720K), 0.0007760 secs]
31.100: [GC (Allocation Failure)  28797K->23677K(30720K), 0.0007174 secs]
31.103: [GC (Allocation Failure)  28797K->23709K(30720K), 0.0007811 secs]
31.106: [GC (Allocation Failure)  28829K->23677K(30720K), 0.0007719 secs]
31.109: [GC (Allocation Failure)  28797K->23741K(30720K), 0.0007341 secs]
31.112: [GC (Allocation Failure)  28861K->23709K(30720K), 0.0007913 secs]
31.115: [GC (Allocation Failure)  28829K->23645K(30720K), 0.0007895 secs]
31.119: [GC (Allocation Failure)  28765K->23741K(30720K), 0.0008860 secs]
31.122: [GC (Allocation Failure)  28861K->23741K(30720K), 0.0010717 secs]
31.126: [GC (Allocation Failure)  28861K->23805K(30720K), 0.0009868 secs]
31.130: [GC (Allocation Failure)  28925K->23773K(30720K), 0.0008773 secs]
31.133: [GC (Allocation Failure)  28893K->23709K(30720K), 0.0008438 secs]
31.136: [GC (Allocation Failure)  28829K->23709K(30720K), 0.0008283 secs]
31.139: [GC (Allocation Failure)  28829K->23789K(30720K), 0.0008338 secs]
31.143: [GC (Allocation Failure)  28909K->23789K(30720K), 0.0007792 secs]
31.146: [GC (Allocation Failure)  28909K->23693K(30720K), 0.0009610 secs]
31.150: [GC (Allocation Failure)  28813K->23725K(30720K), 0.0007664 secs]
31.153: [GC (Allocation Failure)  28845K->23821K(30720K), 0.0007882 secs]
31.156: [GC (Allocation Failure)  28941K->23725K(30720K), 0.0007649 secs]
31.159: [GC (Allocation Failure)  28845K->23693K(30720K), 0.0008448 secs]
31.162: [GC (Allocation Failure)  28813K->23789K(30720K), 0.0008237 secs]
31.165: [GC (Allocation Failure)  28909K->23757K(30720K), 0.0007796 secs]
31.168: [GC (Allocation Failure)  28877K->23781K(30720K), 0.0007999 secs]
31.172: [GC (Allocation Failure)  28901K->23765K(30720K), 0.0007263 secs]
31.175: [GC (Allocation Failure)  28885K->23741K(30720K), 0.0007568 secs]
31.178: [GC (Allocation Failure)  28861K->23773K(30720K), 0.0007763 secs]
31.181: [GC (Allocation Failure)  28893K->23741K(30720K), 0.0007234 secs]
31.184: [GC (Allocation Failure)  28861K->23709K(30720K), 0.0008989 secs]
31.187: [GC (Allocation Failure)  28829K->23741K(30720K), 0.0007647 secs]
31.190: [GC (Allocation Failure)  28861K->23693K(30720K), 0.0007670 secs]
31.193: [GC (Allocation Failure)  28813K->23789K(30720K), 0.0007715 secs]
31.196: [GC (Allocation Failure)  28909K->23757K(30720K), 0.0008332 secs]
31.199: [GC (Allocation Failure)  28877K->23821K(30720K), 0.0007455 secs]
31.202: [GC (Allocation Failure)  28941K->23821K(30720K), 0.0007514 secs]
31.205: [GC (Allocation Failure)  28941K->23757K(30720K), 0.0008046 secs]
31.208: [GC (Allocation Failure)  28877K->23757K(30720K), 0.0007866 secs]
31.211: [GC (Allocation Failure)  28877K->23725K(30720K), 0.0007812 secs]
31.215: [GC (Allocation Failure)  28845K->23725K(30720K), 0.0009296 secs]
31.218: [GC (Allocation Failure)  28845K->23821K(30720K), 0.0008580 secs]
31.222: [GC (Allocation Failure)  28941K->23821K(30720K), 0.0011757 secs]
31.226: [GC (Allocation Failure)  28941K->23821K(30720K), 0.0009890 secs]
31.230: [GC (Allocation Failure)  28941K->23821K(30720K), 0.0010368 secs]
31.233: [GC (Allocation Failure)  28941K->23853K(30720K), 0.0008255 secs]
31.236: [GC (Allocation Failure)  28973K->23853K(30720K), 0.0008015 secs]
31.239: [GC (Allocation Failure)  28973K->23821K(30720K), 0.0010114 secs]
31.243: [GC (Allocation Failure)  28941K->23821K(30720K), 0.0009743 secs]
31.247: [GC (Allocation Failure)  28941K->23789K(30720K), 0.0008634 secs]
31.250: [GC (Allocation Failure)  28909K->23821K(30720K), 0.0008480 secs]
31.253: [GC (Allocation Failure)  28941K->23821K(30720K), 0.0007924 secs]
31.257: [GC (Allocation Failure)  28941K->23789K(30720K), 0.0008961 secs]
31.260: [GC (Allocation Failure)  28909K->23821K(30720K), 0.0007554 secs]
31.263: [GC (Allocation Failure)  28941K->23885K(30720K), 0.0007605 secs]
31.266: [GC (Allocation Failure)  29005K->23821K(30720K), 0.0008364 secs]
31.270: [GC (Allocation Failure)  28941K->23821K(30720K), 0.0008179 secs]
31.273: [GC (Allocation Failure)  28941K->23837K(30720K), 0.0007657 secs]
31.276: [GC (Allocation Failure)  28957K->23813K(30720K), 0.0007796 secs]
31.279: [GC (Allocation Failure)  28933K->23845K(30720K), 0.0007507 secs]
31.282: [GC (Allocation Failure)  28965K->23845K(30720K), 0.0007301 secs]
31.285: [GC (Allocation Failure)  28965K->23877K(30720K), 0.0007807 secs]
31.288: [GC (Allocation Failure)  28997K->23813K(30720K), 0.0007943 secs]
31.292: [GC (Allocation Failure)  28933K->23829K(30720K), 0.0008272 secs]
31.295: [GC (Allocation Failure)  28949K->23893K(30720K), 0.0008159 secs]
31.298: [GC (Allocation Failure)  29013K->23893K(30720K), 0.0008455 secs]
31.301: [GC (Allocation Failure)  29013K->23829K(30720K), 0.0008168 secs]
31.304: [GC (Allocation Failure)  28949K->23797K(30720K), 0.0008601 secs]
31.307: [GC (Allocation Failure)  28917K->23893K(30720K), 0.0007801 secs]
31.310: [GC (Allocation Failure)  29013K->23797K(30720K), 0.0007261 secs]
31.314: [GC (Allocation Failure)  28917K->23893K(30720K), 0.0007836 secs]
31.317: [GC (Allocation Failure)  29013K->23925K(30720K), 0.0008304 secs]
31.320: [GC (Allocation Failure)  29045K->23893K(30720K), 0.0011825 secs]
31.325: [GC (Allocation Failure)  29013K->23829K(30720K), 0.0013371 secs]
31.329: [GC (Allocation Failure)  28949K->23861K(30720K), 0.0009866 secs]
31.333: [GC (Allocation Failure)  28981K->23861K(30720K), 0.0009824 secs]
31.336: [GC (Allocation Failure)  28981K->23925K(30720K), 0.0008679 secs]
31.340: [GC (Allocation Failure)  29045K->23861K(30720K), 0.0010294 secs]
31.343: [GC (Allocation Failure)  28981K->23893K(30720K), 0.0009362 secs]
31.347: [GC (Allocation Failure)  29013K->23957K(30720K), 0.0010418 secs]
31.351: [GC (Allocation Failure)  29077K->23893K(30720K), 0.0008875 secs]
31.354: [GC (Allocation Failure)  29013K->23925K(30720K), 0.0008535 secs]
31.358: [GC (Allocation Failure)  29045K->23925K(30720K), 0.0009848 secs]
31.361: [GC (Allocation Failure)  29045K->23925K(30720K), 0.0008498 secs]
31.365: [GC (Allocation Failure)  29045K->23893K(30720K), 0.0009021 secs]
31.368: [GC (Allocation Failure)  29013K->23981K(30720K), 0.0008435 secs]
31.371: [GC (Allocation Failure)  29101K->23917K(30720K), 0.0009452 secs]
31.375: [GC (Allocation Failure)  29037K->23949K(30720K), 0.0008479 secs]
31.378: [GC (Allocation Failure)  29069K->23989K(30720K), 0.0009083 secs]
31.381: [GC (Allocation Failure)  29109K->23965K(30720K), 0.0007911 secs]
31.385: [GC (Allocation Failure)  29085K->23933K(30720K), 0.0008376 secs]
31.388: [GC (Allocation Failure)  29053K->23933K(30720K), 0.0007653 secs]
31.391: [GC (Allocation Failure)  29053K->23965K(30720K), 0.0007621 secs]
31.394: [GC (Allocation Failure)  29085K->23901K(30720K), 0.0007975 secs]
31.397: [GC (Allocation Failure)  29021K->23989K(30720K), 0.0009414 secs]
31.400: [GC (Allocation Failure)  29109K->23933K(30720K), 0.0007538 secs]
31.403: [GC (Allocation Failure)  29053K->23933K(30720K), 0.0008186 secs]
31.406: [GC (Allocation Failure)  29053K->23965K(30720K), 0.0008252 secs]
31.410: [GC (Allocation Failure)  29085K->23869K(30720K), 0.0007576 secs]
31.413: [GC (Allocation Failure)  28989K->23933K(30720K), 0.0008146 secs]
31.416: [GC (Allocation Failure)  29053K->23965K(30720K), 0.0007743 secs]
31.419: [GC (Allocation Failure)  29085K->23965K(30720K), 0.0008071 secs]
31.423: [GC (Allocation Failure)  29085K->23965K(30720K), 0.0017110 secs]
31.428: [GC (Allocation Failure)  29085K->23933K(30720K), 0.0010951 secs]
31.431: [GC (Allocation Failure)  29053K->23997K(30720K), 0.0008585 secs]
31.434: [GC (Allocation Failure)  29117K->23965K(30720K), 0.0008850 secs]
31.437: [GC (Allocation Failure)  29085K->23997K(30720K), 0.0009045 secs]
31.441: [GC (Allocation Failure)  29117K->23965K(30720K), 0.0010327 secs]
31.444: [GC (Allocation Failure)  29085K->23933K(30720K), 0.0008907 secs]
31.448: [GC (Allocation Failure)  29053K->23997K(30720K), 0.0008512 secs]
31.451: [GC (Allocation Failure)  29117K->23997K(30720K), 0.0009479 secs]
31.454: [GC (Allocation Failure)  29117K->24029K(30720K), 0.0008402 secs]
31.457: [GC (Allocation Failure)  29149K->23933K(30720K), 0.0009318 secs]
31.461: [GC (Allocation Failure)  29053K->23997K(30720K), 0.0009502 secs]
31.464: [GC (Allocation Failure)  29117K->23965K(30720K), 0.0008430 secs]
31.467: [GC (Allocation Failure)  29085K->24029K(30720K), 0.0007669 secs]
31.470: [GC (Allocation Failure)  29149K->23997K(30720K), 0.0007717 secs]
31.473: [GC (Allocation Failure)  29117K->23973K(30720K), 0.0007875 secs]
31.477: [GC (Allocation Failure)  29093K->23981K(30720K), 0.0007289 secs]
31.480: [GC (Allocation Failure)  29101K->23981K(30720K), 0.0006783 secs]
31.483: [GC (Allocation Failure)  29101K->23917K(30720K), 0.0007303 secs]
31.486: [GC (Allocation Failure)  29037K->23981K(30720K), 0.0007301 secs]
31.489: [GC (Allocation Failure)  29101K->23981K(30720K), 0.0007353 secs]
31.492: [GC (Allocation Failure)  29101K->23981K(30720K), 0.0006886 secs]
31.495: [GC (Allocation Failure)  29101K->23933K(30720K), 0.0007893 secs]
31.498: [GC (Allocation Failure)  29053K->24061K(30720K), 0.0007466 secs]
31.501: [GC (Allocation Failure)  29181K->23997K(30720K), 0.0007605 secs]
31.504: [GC (Allocation Failure)  29117K->23997K(30720K), 0.0007071 secs]
31.507: [GC (Allocation Failure)  29117K->23965K(30720K), 0.0007425 secs]
31.510: [GC (Allocation Failure)  29085K->23965K(30720K), 0.0007938 secs]
31.513: [GC (Allocation Failure)  29085K->23965K(30720K), 0.0008033 secs]
31.516: [GC (Allocation Failure)  29085K->23965K(30720K), 0.0007567 secs]
31.519: [GC (Allocation Failure)  29085K->24061K(30720K), 0.0008046 secs]
31.523: [GC (Allocation Failure)  29181K->24029K(30720K), 0.0011351 secs]
31.526: [GC (Allocation Failure)  29149K->24061K(30720K), 0.0009818 secs]
31.530: [GC (Allocation Failure)  29181K->24093K(30720K), 0.0009357 secs]
31.533: [GC (Allocation Failure)  29213K->24029K(30720K), 0.0007916 secs]
31.536: [GC (Allocation Failure)  29149K->24029K(30720K), 0.0008139 secs]
31.539: [GC (Allocation Failure)  29149K->23933K(30720K), 0.0008979 secs]
31.543: [GC (Allocation Failure)  29053K->24029K(30720K), 0.0007685 secs]
31.546: [GC (Allocation Failure)  29149K->24061K(30720K), 0.0007542 secs]
31.549: [GC (Allocation Failure)  29181K->24029K(30720K), 0.0007685 secs]
31.552: [GC (Allocation Failure)  29149K->24029K(30720K), 0.0006825 secs]
31.555: [GC (Allocation Failure)  29149K->24029K(30720K), 0.0007914 secs]
31.558: [GC (Allocation Failure)  29149K->24029K(30720K), 0.0008588 secs]
31.561: [GC (Allocation Failure)  29149K->24061K(30720K), 0.0007537 secs]
31.564: [GC (Allocation Failure)  29181K->24061K(30720K), 0.0008115 secs]
31.567: [GC (Allocation Failure)  29181K->24053K(30720K), 0.0008266 secs]
31.570: [GC (Allocation Failure)  29173K->24061K(30720K), 0.0007488 secs]
31.573: [GC (Allocation Failure)  29181K->24077K(30720K), 0.0008259 secs]
31.576: [GC (Allocation Failure)  29197K->24077K(30720K), 0.0008605 secs]
31.580: [GC (Allocation Failure)  29197K->24021K(30720K), 0.0007065 secs]
31.582: [GC (Allocation Failure)  29141K->24021K(30720K), 0.0007495 secs]
31.585: [GC (Allocation Failure)  29141K->24053K(30720K), 0.0007906 secs]
31.588: [GC (Allocation Failure)  29173K->24053K(30720K), 0.0007772 secs]
31.592: [GC (Allocation Failure)  29173K->24037K(30720K), 0.0007884 secs]
31.595: [GC (Allocation Failure)  29157K->24005K(30720K), 0.0008043 secs]
31.598: [GC (Allocation Failure)  29125K->24101K(30720K), 0.0008733 secs]
31.601: [GC (Allocation Failure)  29221K->24069K(30720K), 0.0007879 secs]
31.604: [GC (Allocation Failure)  29189K->24069K(30720K), 0.0007477 secs]
31.607: [GC (Allocation Failure)  29189K->24069K(30720K), 0.0008164 secs]
31.610: [GC (Allocation Failure)  29189K->24037K(30720K), 0.0007188 secs]
31.613: [GC (Allocation Failure)  29157K->24037K(30720K), 0.0007428 secs]
31.616: [GC (Allocation Failure)  29157K->24069K(30720K), 0.0008390 secs]
31.619: [GC (Allocation Failure)  29189K->24165K(30720K), 0.0008832 secs]
31.623: [GC (Allocation Failure)  29285K->24069K(30720K), 0.0018065 secs]
31.628: [GC (Allocation Failure)  29189K->24133K(30720K), 0.0010915 secs]
31.631: [GC (Allocation Failure)  29253K->24101K(30720K), 0.0008727 secs]
31.634: [GC (Allocation Failure)  29221K->24133K(30720K), 0.0008778 secs]
31.638: [GC (Allocation Failure)  29253K->24069K(30720K), 0.0007317 secs]
31.641: [GC (Allocation Failure)  29189K->24037K(30720K), 0.0008270 secs]
31.644: [GC (Allocation Failure)  29157K->24101K(30720K), 0.0008529 secs]
31.647: [GC (Allocation Failure)  29221K->24069K(30720K), 0.0008569 secs]
31.650: [GC (Allocation Failure)  29189K->24101K(30720K), 0.0007427 secs]
31.653: [GC (Allocation Failure)  29221K->24101K(30720K), 0.0007551 secs]
31.656: [GC (Allocation Failure)  29221K->24069K(30720K), 0.0006989 secs]
31.659: [GC (Allocation Failure)  29189K->24101K(30720K), 0.0006982 secs]
31.662: [GC (Allocation Failure)  29221K->24101K(30720K), 0.0007371 secs]
31.665: [GC (Allocation Failure)  29221K->24069K(30720K), 0.0009145 secs]
31.668: [GC (Allocation Failure)  29189K->24157K(30720K), 0.0008322 secs]
31.671: [GC (Allocation Failure)  29277K->24173K(30720K), 0.0007782 secs]
31.674: [GC (Allocation Failure)  29293K->24053K(30720K), 0.0007905 secs]
31.677: [GC (Allocation Failure)  29173K->24053K(30720K), 0.0007143 secs]
31.680: [GC (Allocation Failure)  29173K->24085K(30720K), 0.0007866 secs]
31.683: [GC (Allocation Failure)  29205K->24117K(30720K), 0.0008129 secs]
31.687: [GC (Allocation Failure)  29237K->24085K(30720K), 0.0006974 secs]
31.690: [GC (Allocation Failure)  29205K->24085K(30720K), 0.0007344 secs]
31.693: [GC (Allocation Failure)  29205K->24101K(30720K), 0.0007486 secs]
31.696: [GC (Allocation Failure)  29221K->24069K(30720K), 0.0007185 secs]
31.698: [GC (Allocation Failure)  29189K->24069K(30720K), 0.0007532 secs]
31.701: [GC (Allocation Failure)  29189K->24165K(30720K), 0.0007651 secs]
31.704: [GC (Allocation Failure)  29285K->24069K(30720K), 0.0007762 secs]
31.707: [GC (Allocation Failure)  29189K->24101K(30720K), 0.0008226 secs]
31.711: [GC (Allocation Failure)  29221K->24101K(30720K), 0.0007483 secs]
31.714: [GC (Allocation Failure)  29221K->24133K(30720K), 0.0008217 secs]
31.717: [GC (Allocation Failure)  29253K->24165K(30720K), 0.0008864 secs]
31.720: [GC (Allocation Failure)  29285K->24197K(30720K), 0.0008180 secs]
31.724: [GC (Allocation Failure)  29317K->24229K(30720K), 0.0016057 secs]
31.729: [GC (Allocation Failure)  29349K->24165K(30720K), 0.0009742 secs]
31.732: [GC (Allocation Failure)  29285K->24197K(30720K), 0.0007780 secs]
31.735: [GC (Allocation Failure)  29317K->24165K(30720K), 0.0007929 secs]
31.738: [GC (Allocation Failure)  29285K->24229K(30720K), 0.0007015 secs]
31.741: [GC (Allocation Failure)  29349K->24197K(30720K), 0.0009717 secs]
31.744: [GC (Allocation Failure)  29317K->24165K(30720K), 0.0007273 secs]
31.747: [GC (Allocation Failure)  29285K->24149K(30720K), 0.0007786 secs]
31.750: [GC (Allocation Failure)  29269K->24181K(30720K), 0.0007947 secs]
31.753: [GC (Allocation Failure)  29301K->24213K(30720K), 0.0007502 secs]
31.756: [GC (Allocation Failure)  29333K->24213K(30720K), 0.0007835 secs]
31.759: [GC (Allocation Failure)  29333K->24181K(30720K), 0.0007273 secs]
31.762: [GC (Allocation Failure)  29301K->24149K(30720K), 0.0007340 secs]
31.765: [GC (Allocation Failure)  29269K->24149K(30720K), 0.0007674 secs]
31.768: [GC (Allocation Failure)  29269K->24189K(30720K), 0.0008051 secs]
31.771: [GC (Allocation Failure)  29309K->24237K(30720K), 0.0007561 secs]
31.774: [GC (Allocation Failure)  29357K->24213K(30720K), 0.0008506 secs]
31.778: [GC (Allocation Failure)  29333K->24245K(30720K), 0.0009890 secs]
31.782: [GC (Allocation Failure)  29365K->24181K(30720K), 0.0007968 secs]
31.785: [GC (Allocation Failure)  29301K->24213K(30720K), 0.0007655 secs]
31.788: [GC (Allocation Failure)  29333K->24181K(30720K), 0.0008122 secs]
31.791: [GC (Allocation Failure)  29301K->24245K(30720K), 0.0008330 secs]
31.794: [GC (Allocation Failure)  29365K->24149K(30720K), 0.0007777 secs]
31.797: [GC (Allocation Failure)  29269K->24165K(30720K), 0.0007900 secs]
31.800: [GC (Allocation Failure)  29285K->24197K(30720K), 0.0008289 secs]
31.803: [GC (Allocation Failure)  29317K->24261K(30720K), 0.0008456 secs]
31.807: [GC (Allocation Failure)  29381K->24165K(30720K), 0.0007385 secs]
31.810: [GC (Allocation Failure)  29285K->24197K(30720K), 0.0007448 secs]
31.813: [GC (Allocation Failure)  29317K->24261K(30720K), 0.0007787 secs]
31.816: [GC (Allocation Failure)  29381K->24229K(30720K), 0.0007564 secs]
31.819: [GC (Allocation Failure)  29349K->24293K(30720K), 0.0008663 secs]
31.822: [GC (Allocation Failure)  29413K->24325K(30720K), 0.0007681 secs]
31.826: [GC (Allocation Failure)  29445K->24261K(30720K), 0.0010174 secs]
31.830: [GC (Allocation Failure)  29381K->24261K(30720K), 0.0008857 secs]
31.833: [GC (Allocation Failure)  29381K->24261K(30720K), 0.0008412 secs]
31.836: [GC (Allocation Failure)  29381K->24261K(30720K), 0.0009083 secs]
31.839: [GC (Allocation Failure)  29381K->24261K(30720K), 0.0008728 secs]
31.843: [GC (Allocation Failure)  29381K->24229K(30720K), 0.0008149 secs]
31.846: [GC (Allocation Failure)  29349K->24325K(30720K), 0.0010426 secs]
31.850: [GC (Allocation Failure)  29445K->24261K(30720K), 0.0007703 secs]
31.853: [GC (Allocation Failure)  29381K->24261K(30720K), 0.0007990 secs]
31.856: [GC (Allocation Failure)  29381K->24293K(30720K), 0.0007744 secs]
31.860: [GC (Allocation Failure)  29413K->24261K(30720K), 0.0007494 secs]
31.863: [GC (Allocation Failure)  29381K->24325K(30720K), 0.0008368 secs]
31.866: [GC (Allocation Failure)  29445K->24261K(30720K), 0.0007891 secs]
31.869: [GC (Allocation Failure)  29381K->24261K(30720K), 0.0007927 secs]
31.872: [GC (Allocation Failure)  29381K->24325K(30720K), 0.0009268 secs]
31.875: [GC (Allocation Failure)  29445K->24269K(30720K), 0.0010256 secs]
31.879: [GC (Allocation Failure)  29389K->24309K(30720K), 0.0007999 secs]
31.882: [GC (Allocation Failure)  29429K->24309K(30720K), 0.0008753 secs]
31.885: [GC (Allocation Failure)  29429K->24277K(30720K), 0.0008249 secs]
31.888: [GC (Allocation Failure)  29397K->24245K(30720K), 0.0007469 secs]
31.891: [GC (Allocation Failure)  29365K->24277K(30720K), 0.0007866 secs]
31.894: [GC (Allocation Failure)  29397K->24245K(30720K), 0.0009444 secs]
31.897: [GC (Allocation Failure)  29365K->24261K(30720K), 0.0012544 secs]
31.901: [GC (Allocation Failure)  29381K->24261K(30720K), 0.0007617 secs]
31.904: [GC (Allocation Failure)  29381K->24293K(30720K), 0.0007918 secs]
31.907: [GC (Allocation Failure)  29413K->24293K(30720K), 0.0008381 secs]
31.910: [GC (Allocation Failure)  29413K->24357K(30720K), 0.0007889 secs]
31.913: [GC (Allocation Failure)  29477K->24261K(30720K), 0.0008017 secs]
31.916: [GC (Allocation Failure)  29381K->24261K(30720K), 0.0007915 secs]
31.919: [GC (Allocation Failure)  29381K->24389K(30720K), 0.0007823 secs]
31.923: [GC (Allocation Failure)  29509K->24325K(30720K), 0.0009275 secs]
31.926: [GC (Allocation Failure)  29445K->24357K(30720K), 0.0011882 secs]
31.930: [GC (Allocation Failure)  29477K->24325K(30720K), 0.0009909 secs]
31.934: [GC (Allocation Failure)  29445K->24293K(30720K), 0.0008565 secs]
31.937: [GC (Allocation Failure)  29413K->24325K(30720K), 0.0007467 secs]
31.940: [GC (Allocation Failure)  29445K->24325K(30720K), 0.0008249 secs]
31.943: [GC (Allocation Failure)  29445K->24357K(30720K), 0.0007897 secs]
31.946: [GC (Allocation Failure)  29477K->24325K(30720K), 0.0008406 secs]
31.949: [GC (Allocation Failure)  29445K->24309K(30720K), 0.0007879 secs]
31.952: [GC (Allocation Failure)  29429K->24373K(30720K), 0.0007327 secs]
31.955: [GC (Allocation Failure)  29493K->24341K(30720K), 0.0009204 secs]
31.958: [GC (Allocation Failure)  29461K->24277K(30720K), 0.0008279 secs]
31.961: [GC (Allocation Failure)  29397K->24309K(30720K), 0.0007957 secs]
31.965: [GC (Allocation Failure)  29429K->24341K(30720K), 0.0007837 secs]
31.967: [GC (Allocation Failure)  29461K->24389K(30720K), 0.0007782 secs]
31.970: [GC (Allocation Failure)  29509K->24389K(30720K), 0.0007105 secs]
31.973: [GC (Allocation Failure)  29509K->24349K(30720K), 0.0008033 secs]
31.976: [GC (Allocation Failure)  29469K->24357K(30720K), 0.0007863 secs]
31.979: [GC (Allocation Failure)  29477K->24293K(30720K), 0.0008684 secs]
31.982: [GC (Allocation Failure)  29413K->24325K(30720K), 0.0007727 secs]
31.986: [GC (Allocation Failure)  29445K->24357K(30720K), 0.0007464 secs]
31.988: [GC (Allocation Failure)  29477K->24325K(30720K), 0.0008417 secs]
31.992: [GC (Allocation Failure)  29445K->24357K(30720K), 0.0007438 secs]
31.995: [GC (Allocation Failure)  29477K->24325K(30720K), 0.0008344 secs]
31.998: [GC (Allocation Failure)  29445K->24365K(30720K), 0.0008468 secs]
32.001: [GC (Allocation Failure)  29485K->24333K(30720K), 0.0007531 secs]
32.004: [GC (Allocation Failure)  29453K->24365K(30720K), 0.0007895 secs]
32.007: [GC (Allocation Failure)  29485K->24333K(30720K), 0.0007443 secs]
32.010: [GC (Allocation Failure)  29453K->24397K(30720K), 0.0007774 secs]
32.013: [GC (Allocation Failure)  29517K->24301K(30720K), 0.0007760 secs]
32.016: [GC (Allocation Failure)  29421K->24365K(30720K), 0.0007740 secs]
32.019: [GC (Allocation Failure)  29485K->24397K(30720K), 0.0009047 secs]
32.022: [GC (Allocation Failure)  29517K->24429K(30720K), 0.0007744 secs]
32.025: [GC (Allocation Failure)  29549K->24461K(30720K), 0.0008761 secs]
32.029: [GC (Allocation Failure)  29581K->24397K(30720K), 0.0010194 secs]
32.032: [GC (Allocation Failure)  29517K->24429K(30720K), 0.0008996 secs]
32.036: [GC (Allocation Failure)  29549K->24429K(30720K), 0.0007605 secs]
32.039: [GC (Allocation Failure)  29549K->24397K(30720K), 0.0008942 secs]
32.043: [GC (Allocation Failure)  29517K->24461K(30720K), 0.0011607 secs]
32.046: [GC (Allocation Failure)  29581K->24365K(30720K), 0.0010157 secs]
32.050: [GC (Allocation Failure)  29485K->24397K(30720K), 0.0007964 secs]
32.053: [GC (Allocation Failure)  29517K->24397K(30720K), 0.0008518 secs]
32.056: [GC (Allocation Failure)  29517K->24365K(30720K), 0.0008014 secs]
32.059: [GC (Allocation Failure)  29485K->24365K(30720K), 0.0008792 secs]
32.062: [GC (Allocation Failure)  29485K->24397K(30720K), 0.0008805 secs]
32.065: [GC (Allocation Failure)  29517K->24397K(30720K), 0.0008204 secs]
32.068: [GC (Allocation Failure)  29517K->24373K(30720K), 0.0007932 secs]
32.072: [GC (Allocation Failure)  29493K->24405K(30720K), 0.0007832 secs]
32.075: [GC (Allocation Failure)  29525K->24397K(30720K), 0.0008681 secs]
32.078: [GC (Allocation Failure)  29517K->24429K(30720K), 0.0007549 secs]
32.081: [GC (Allocation Failure)  29549K->24373K(30720K), 0.0008402 secs]
32.084: [GC (Allocation Failure)  29493K->24373K(30720K), 0.0008114 secs]
32.087: [GC (Allocation Failure)  29493K->24405K(30720K), 0.0007582 secs]
32.090: [GC (Allocation Failure)  29525K->24373K(30720K), 0.0008603 secs]
32.093: [GC (Allocation Failure)  29493K->24373K(30720K), 0.0007725 secs]
32.096: [GC (Allocation Failure)  29493K->24437K(30720K), 0.0007441 secs]
32.099: [GC (Allocation Failure)  29557K->24389K(30720K), 0.0007859 secs]
32.102: [GC (Allocation Failure)  29509K->24389K(30720K), 0.0007940 secs]
32.105: [GC (Allocation Failure)  29509K->24421K(30720K), 0.0008309 secs]
32.108: [GC (Allocation Failure)  29541K->24389K(30720K), 0.0008357 secs]
32.112: [GC (Allocation Failure)  29509K->24389K(30720K), 0.0007249 secs]
32.115: [GC (Allocation Failure)  29509K->24421K(30720K), 0.0007928 secs]
32.118: [GC (Allocation Failure)  29541K->24389K(30720K), 0.0010373 secs]
32.121: [GC (Allocation Failure)  29509K->24549K(30720K), 0.0009089 secs]
32.125: [GC (Allocation Failure)  29669K->24517K(30720K), 0.0010014 secs]
32.129: [GC (Allocation Failure)  29637K->24485K(30720K), 0.0008608 secs]
32.132: [GC (Allocation Failure)  29605K->24421K(30720K), 0.0007688 secs]
32.135: [GC (Allocation Failure)  29541K->24453K(30720K), 0.0008336 secs]
32.138: [GC (Allocation Failure)  29573K->24453K(30720K), 0.0008396 secs]
32.141: [GC (Allocation Failure)  29573K->24389K(30720K), 0.0007699 secs]
32.144: [GC (Allocation Failure)  29509K->24453K(30720K), 0.0008484 secs]
32.147: [GC (Allocation Failure)  29573K->24453K(30720K), 0.0008969 secs]
32.151: [GC (Allocation Failure)  29573K->24437K(30720K), 0.0007732 secs]
32.154: [GC (Allocation Failure)  29557K->24469K(30720K), 0.0007755 secs]
32.157: [GC (Allocation Failure)  29589K->24501K(30720K), 0.0007025 secs]
32.160: [GC (Allocation Failure)  29621K->24469K(30720K), 0.0007743 secs]
32.163: [GC (Allocation Failure)  29589K->24469K(30720K), 0.0007638 secs]
32.166: [GC (Allocation Failure)  29589K->24501K(30720K), 0.0007650 secs]
32.169: [GC (Allocation Failure)  29621K->24493K(30720K), 0.0007246 secs]
32.172: [GC (Allocation Failure)  29613K->24517K(30720K), 0.0007504 secs]
32.175: [GC (Allocation Failure)  29637K->24453K(30720K), 0.0008607 secs]
32.178: [GC (Allocation Failure)  29573K->24493K(30720K), 0.0008071 secs]
32.181: [GC (Allocation Failure)  29613K->24429K(30720K), 0.0007971 secs]
32.184: [GC (Allocation Failure)  29549K->24461K(30720K), 0.0007909 secs]
32.187: [GC (Allocation Failure)  29581K->24493K(30720K), 0.0007851 secs]
32.190: [GC (Allocation Failure)  29613K->24525K(30720K), 0.0007998 secs]
32.193: [GC (Allocation Failure)  29645K->24493K(30720K), 0.0007931 secs]
32.196: [GC (Allocation Failure)  29613K->24525K(30720K), 0.0008097 secs]
32.199: [GC (Allocation Failure)  29645K->24477K(30720K), 0.0007804 secs]
32.202: [GC (Allocation Failure)  29597K->24445K(30720K), 0.0008201 secs]
32.205: [GC (Allocation Failure)  29565K->24477K(30720K), 0.0007824 secs]
32.208: [GC (Allocation Failure)  29597K->24477K(30720K), 0.0008273 secs]
32.211: [GC (Allocation Failure)  29597K->24509K(30720K), 0.0007953 secs]
32.215: [GC (Allocation Failure)  29629K->24541K(30720K), 0.0007206 secs]
32.217: [GC (Allocation Failure)  29661K->24509K(30720K), 0.0007728 secs]
32.220: [GC (Allocation Failure)  29629K->24509K(30720K), 0.0007540 secs]
32.223: [GC (Allocation Failure)  29629K->24573K(30720K), 0.0010321 secs]
32.227: [GC (Allocation Failure)  29693K->24573K(30720K), 0.0007711 secs]
32.230: [GC (Allocation Failure)  29693K->24541K(30720K), 0.0009447 secs]
32.234: [GC (Allocation Failure)  29661K->24573K(30720K), 0.0008257 secs]
32.237: [GC (Allocation Failure)  29693K->24509K(30720K), 0.0008632 secs]
32.240: [GC (Allocation Failure)  29629K->24573K(30720K), 0.0008971 secs]
32.243: [GC (Allocation Failure)  29693K->24541K(30720K), 0.0008920 secs]
32.247: [GC (Allocation Failure)  29661K->24541K(30720K), 0.0007651 secs]
32.249: [GC (Allocation Failure)  29661K->24605K(30720K), 0.0007803 secs]
32.252: [GC (Allocation Failure)  29725K->24525K(30720K), 0.0008091 secs]
32.255: [GC (Allocation Failure)  29645K->24589K(30720K), 0.0007666 secs]
32.258: [GC (Allocation Failure)  29709K->24589K(30720K), 0.0009024 secs]
32.262: [GC (Allocation Failure)  29709K->24557K(30720K), 0.0008053 secs]
32.265: [GC (Allocation Failure)  29677K->24589K(30720K), 0.0006836 secs]
32.268: [GC (Allocation Failure)  29709K->24589K(30720K), 0.0008121 secs]
32.271: [GC (Allocation Failure)  29709K->24549K(30720K), 0.0007610 secs]
32.274: [GC (Allocation Failure)  29669K->24533K(30720K), 0.0008446 secs]
32.277: [GC (Allocation Failure)  29653K->24573K(30720K), 0.0008117 secs]
32.280: [GC (Allocation Failure)  29693K->24573K(30720K), 0.0008710 secs]
32.283: [GC (Allocation Failure)  29693K->24573K(30720K), 0.0007813 secs]
32.286: [GC (Allocation Failure)  29693K->24605K(30720K), 0.0007327 secs]
32.289: [GC (Allocation Failure)  29725K->24573K(30720K), 0.0007771 secs]
32.292: [GC (Allocation Failure)  29693K->24509K(30720K), 0.0009057 secs]
32.295: [GC (Allocation Failure)  29629K->24541K(30720K), 0.0007191 secs]
32.299: [GC (Allocation Failure)  29661K->24541K(30720K), 0.0007371 secs]
32.302: [GC (Allocation Failure)  29661K->24525K(30720K), 0.0008268 secs]
32.305: [GC (Allocation Failure)  29645K->24525K(30720K), 0.0008542 secs]
32.308: [GC (Allocation Failure)  29645K->24589K(30720K), 0.0007765 secs]
32.311: [GC (Allocation Failure)  29709K->24589K(30720K), 0.0008192 secs]
32.314: [GC (Allocation Failure)  29709K->24589K(30720K), 0.0008451 secs]
32.317: [GC (Allocation Failure)  29709K->24557K(30720K), 0.0007228 secs]
32.320: [GC (Allocation Failure)  29677K->24589K(30720K), 0.0008067 secs]
32.323: [GC (Allocation Failure)  29709K->24653K(30720K), 0.0009320 secs]
32.327: [GC (Allocation Failure)  29773K->24653K(30720K), 0.0008236 secs]
32.331: [GC (Allocation Failure)  29773K->24653K(30720K), 0.0008038 secs]
32.334: [GC (Allocation Failure)  29773K->24653K(30720K), 0.0008428 secs]
32.338: [GC (Allocation Failure)  29773K->24589K(30720K), 0.0007808 secs]
32.341: [GC (Allocation Failure)  29709K->24621K(30720K), 0.0009295 secs]
32.344: [GC (Allocation Failure)  29741K->24621K(30720K), 0.0009468 secs]
32.348: [GC (Allocation Failure)  29741K->24717K(30720K), 0.0007738 secs]
32.351: [GC (Allocation Failure)  29837K->24653K(30720K), 0.0007911 secs]
32.354: [GC (Allocation Failure)  29773K->24653K(30720K), 0.0007567 secs]
32.358: [GC (Allocation Failure)  29773K->24589K(30720K), 0.0010242 secs]
32.361: [GC (Allocation Failure)  29709K->24621K(30720K), 0.0008254 secs]
32.364: [GC (Allocation Failure)  29741K->24717K(30720K), 0.0008097 secs]
32.367: [GC (Allocation Failure)  29837K->24685K(30720K), 0.0007638 secs]
32.370: [GC (Allocation Failure)  29805K->24621K(30720K), 0.0007935 secs]
32.374: [GC (Allocation Failure)  29741K->24621K(30720K), 0.0008931 secs]
32.377: [GC (Allocation Failure)  29741K->24621K(30720K), 0.0007281 secs]
32.380: [GC (Allocation Failure)  29741K->24597K(30720K), 0.0008535 secs]
32.383: [GC (Allocation Failure)  29717K->24645K(30720K), 0.0007419 secs]
32.386: [GC (Allocation Failure)  29765K->24645K(30720K), 0.0007614 secs]
32.389: [GC (Allocation Failure)  29765K->24613K(30720K), 0.0009186 secs]
32.392: [GC (Allocation Failure)  29733K->24645K(30720K), 0.0008083 secs]
32.395: [GC (Allocation Failure)  29765K->24605K(30720K), 0.0008325 secs]
32.399: [GC (Allocation Failure)  29725K->24613K(30720K), 0.0008209 secs]
32.402: [GC (Allocation Failure)  29733K->24677K(30720K), 0.0007178 secs]
32.405: [GC (Allocation Failure)  29797K->24693K(30720K), 0.0006978 secs]
32.408: [GC (Allocation Failure)  29813K->24661K(30720K), 0.0007720 secs]
32.411: [GC (Allocation Failure)  29781K->24597K(30720K), 0.0007505 secs]
32.414: [GC (Allocation Failure)  29717K->24629K(30720K), 0.0007835 secs]
32.417: [GC (Allocation Failure)  29749K->24629K(30720K), 0.0008582 secs]
32.421: [GC (Allocation Failure)  29749K->24629K(30720K), 0.0009621 secs]
32.425: [GC (Allocation Failure)  29749K->24693K(30720K), 0.0010306 secs]
32.428: [GC (Allocation Failure)  29813K->24725K(30720K), 0.0010779 secs]
32.432: [GC (Allocation Failure)  29845K->24725K(30720K), 0.0011099 secs]
32.436: [GC (Allocation Failure)  29845K->24693K(30720K), 0.0009447 secs]
32.440: [GC (Allocation Failure)  29813K->24725K(30720K), 0.0012851 secs]
32.443: [GC (Allocation Failure)  29845K->24725K(30720K), 0.0009509 secs]
32.447: [GC (Allocation Failure)  29845K->24693K(30720K), 0.0009471 secs]
32.450: [GC (Allocation Failure)  29813K->24661K(30720K), 0.0008729 secs]
32.454: [GC (Allocation Failure)  29781K->24725K(30720K), 0.0008397 secs]
32.457: [GC (Allocation Failure)  29845K->24693K(30720K), 0.0010270 secs]
32.461: [GC (Allocation Failure)  29813K->24821K(30720K), 0.0011572 secs]
32.465: [GC (Allocation Failure)  29941K->24693K(30720K), 0.0017644 secs]
32.470: [GC (Allocation Failure)  29813K->24789K(30720K), 0.0011407 secs]
32.474: [GC (Allocation Failure)  29909K->24789K(30720K), 0.0015972 secs]
32.479: [GC (Allocation Failure)  29909K->24757K(30720K), 0.0012217 secs]
32.482: [GC (Allocation Failure)  29877K->24693K(30720K), 0.0013280 secs]
32.486: [GC (Allocation Failure)  29813K->24789K(30720K), 0.0010961 secs]
32.491: [GC (Allocation Failure)  29909K->24765K(30720K), 0.0013554 secs]
32.495: [GC (Allocation Failure)  29885K->24797K(30720K), 0.0009499 secs]
32.498: [GC (Allocation Failure)  29917K->24765K(30720K), 0.0009655 secs]
32.502: [GC (Allocation Failure)  29885K->24829K(30720K), 0.0008481 secs]
32.505: [GC (Allocation Failure)  29949K->24797K(30720K), 0.0008990 secs]
32.508: [GC (Allocation Failure)  29917K->24797K(30720K), 0.0009234 secs]
32.512: [GC (Allocation Failure)  29917K->24829K(30720K), 0.0008533 secs]
32.515: [GC (Allocation Failure)  29949K->24805K(30720K), 0.0008170 secs]
32.519: [GC (Allocation Failure)  29925K->24821K(30720K), 0.0017513 secs]
32.524: [GC (Allocation Failure)  29941K->24789K(30720K), 0.0014519 secs]
32.528: [GC (Allocation Failure)  29909K->24853K(30720K), 0.0012916 secs]
32.532: [GC (Allocation Failure)  29973K->24789K(30720K), 0.0019711 secs]
32.537: [GC (Allocation Failure)  29909K->24853K(30720K), 0.0010705 secs]
32.541: [GC (Allocation Failure)  29973K->24821K(30720K), 0.0011089 secs]
32.545: [GC (Allocation Failure)  29941K->24901K(30720K), 0.0008950 secs]
32.548: [GC (Allocation Failure)  30021K->24901K(30720K), 0.0008946 secs]
32.551: [GC (Allocation Failure)  30021K->24869K(30720K), 0.0009112 secs]
32.555: [GC (Allocation Failure)  29989K->24869K(30720K), 0.0008576 secs]
32.558: [GC (Allocation Failure)  29989K->24901K(30720K), 0.0008811 secs]
32.561: [GC (Allocation Failure)  30021K->24901K(30720K), 0.0008469 secs]
32.564: [GC (Allocation Failure)  30021K->24933K(30720K), 0.0009000 secs]
32.568: [GC (Allocation Failure)  30053K->24957K(30720K), 0.0009967 secs]
32.571: [GC (Allocation Failure)  30077K->24941K(30720K), 0.0010778 secs]
32.575: [GC (Allocation Failure)  30061K->24909K(30720K), 0.0009266 secs]
32.578: [GC (Allocation Failure)  30029K->24941K(30720K), 0.0007758 secs]
32.582: [GC (Allocation Failure)  30061K->24941K(30720K), 0.0009018 secs]
32.585: [GC (Allocation Failure)  30061K->24973K(30720K), 0.0009291 secs]
32.588: [GC (Allocation Failure)  30093K->24877K(30720K), 0.0008407 secs]
32.592: [GC (Allocation Failure)  29997K->24925K(30720K), 0.0010842 secs]
32.595: [GC (Allocation Failure)  30045K->24957K(30720K), 0.0008048 secs]
32.599: [GC (Allocation Failure)  30077K->24925K(30720K), 0.0008729 secs]
32.602: [GC (Allocation Failure)  30045K->24989K(30720K), 0.0008250 secs]
32.605: [GC (Allocation Failure)  30109K->24957K(30720K), 0.0008962 secs]
32.609: [GC (Allocation Failure)  30077K->24989K(30720K), 0.0009053 secs]
32.612: [GC (Allocation Failure)  30109K->24957K(30720K), 0.0009062 secs]
32.615: [GC (Allocation Failure)  30077K->24957K(30720K), 0.0008369 secs]
32.618: [GC (Allocation Failure)  30077K->25045K(30720K), 0.0010761 secs]
32.622: [GC (Allocation Failure)  30165K->24917K(30720K), 0.0012181 secs]
32.627: [GC (Allocation Failure)  30037K->25013K(30720K), 0.0013371 secs]
32.631: [GC (Allocation Failure)  30133K->24981K(30720K), 0.0010458 secs]
32.635: [GC (Allocation Failure)  30101K->24949K(30720K), 0.0010910 secs]
32.639: [GC (Allocation Failure)  30069K->25013K(30720K), 0.0008264 secs]
32.642: [GC (Allocation Failure)  30133K->25013K(30720K), 0.0010238 secs]
32.646: [GC (Allocation Failure)  30133K->24981K(30720K), 0.0009126 secs]
32.649: [GC (Allocation Failure)  30101K->24949K(30720K), 0.0009907 secs]
32.653: [GC (Allocation Failure)  30069K->24981K(30720K), 0.0008170 secs]
32.656: [GC (Allocation Failure)  30101K->24981K(30720K), 0.0009382 secs]
32.659: [GC (Allocation Failure)  30101K->25013K(30720K), 0.0009450 secs]
32.662: [GC (Allocation Failure)  30133K->24981K(30720K), 0.0010053 secs]
32.666: [GC (Allocation Failure)  30101K->24853K(30720K), 0.0009551 secs]
32.669: [GC (Allocation Failure)  29973K->25013K(30720K), 0.0009736 secs]
32.673: [GC (Allocation Failure)  30133K->25029K(30720K), 0.0013300 secs]
32.677: [GC (Allocation Failure)  30149K->24997K(30720K), 0.0009503 secs]
32.680: [GC (Allocation Failure)  30117K->24997K(30720K), 0.0008710 secs]
32.684: [GC (Allocation Failure)  30117K->25045K(30720K), 0.0009175 secs]
32.687: [GC (Allocation Failure)  30165K->25029K(30720K), 0.0008403 secs]
32.690: [GC (Allocation Failure)  30149K->25029K(30720K), 0.0010537 secs]
32.694: [GC (Allocation Failure)  30149K->24997K(30720K), 0.0009553 secs]
32.698: [GC (Allocation Failure)  30117K->24997K(30720K), 0.0007439 secs]
32.701: [GC (Allocation Failure)  30117K->25029K(30720K), 0.0007851 secs]
32.704: [GC (Allocation Failure)  30149K->25061K(30720K), 0.0008246 secs]
32.707: [GC (Allocation Failure)  30181K->24965K(30720K), 0.0009410 secs]
32.710: [GC (Allocation Failure)  30085K->25093K(30720K), 0.0008220 secs]
32.714: [GC (Allocation Failure)  30213K->25061K(30720K), 0.0009207 secs]
32.717: [GC (Allocation Failure)  30181K->25061K(30720K), 0.0009067 secs]
32.721: [GC (Allocation Failure)  30181K->25117K(30720K), 0.0010988 secs]
32.725: [GC (Allocation Failure)  30237K->25069K(30720K), 0.0014377 secs]
32.730: [GC (Allocation Failure)  30189K->25141K(30720K), 0.0010920 secs]
32.734: [GC (Allocation Failure)  30261K->25045K(30720K), 0.0015561 secs]
32.738: [GC (Allocation Failure)  30165K->25109K(30720K), 0.0009443 secs]
32.742: [GC (Allocation Failure)  30229K->25109K(30720K), 0.0011835 secs]
32.746: [GC (Allocation Failure)  30229K->25077K(30720K), 0.0010337 secs]
32.749: [GC (Allocation Failure)  30197K->25109K(30720K), 0.0011647 secs]
32.753: [GC (Allocation Failure)  30229K->25013K(30720K), 0.0008212 secs]
32.756: [GC (Allocation Failure)  30133K->25109K(30720K), 0.0007936 secs]
32.760: [GC (Allocation Failure)  30229K->25109K(30720K), 0.0009065 secs]
32.763: [GC (Allocation Failure)  30229K->25141K(30720K), 0.0007978 secs]
32.766: [GC (Allocation Failure)  30261K->25109K(30720K), 0.0009151 secs]
32.769: [GC (Allocation Failure)  30229K->25141K(30720K), 0.0008362 secs]
32.773: [GC (Allocation Failure)  30261K->25141K(30720K), 0.0015895 secs]
32.778: [GC (Allocation Failure)  30261K->25125K(30720K), 0.0011732 secs]
32.782: [GC (Allocation Failure)  30245K->25125K(30720K), 0.0011354 secs]
32.785: [GC (Allocation Failure)  30245K->25125K(30720K), 0.0011318 secs]
32.789: [GC (Allocation Failure)  30245K->25141K(30720K), 0.0008872 secs]
32.792: [GC (Allocation Failure)  30261K->25157K(30720K), 0.0011322 secs]
32.796: [GC (Allocation Failure)  30277K->25093K(30720K), 0.0008218 secs]
32.799: [GC (Allocation Failure)  30213K->25157K(30720K), 0.0008518 secs]
32.802: [GC (Allocation Failure)  30277K->25093K(30720K), 0.0010023 secs]
32.806: [GC (Allocation Failure)  30213K->25157K(30720K), 0.0011598 secs]
32.810: [GC (Allocation Failure)  30277K->25157K(30720K), 0.0009439 secs]
32.813: [GC (Allocation Failure)  30277K->25093K(30720K), 0.0008372 secs]
32.817: [GC (Allocation Failure)  30213K->25125K(30720K), 0.0008844 secs]
32.820: [GC (Allocation Failure)  30245K->25157K(30720K), 0.0008134 secs]
32.823: [GC (Allocation Failure)  30277K->25157K(30720K), 0.0010290 secs]
32.827: [GC (Allocation Failure)  30277K->25133K(30720K), 0.0011124 secs]
32.831: [GC (Allocation Failure)  30253K->25173K(30720K), 0.0009010 secs]
32.834: [GC (Allocation Failure)  30293K->25141K(30720K), 0.0013798 secs]
32.839: [GC (Allocation Failure)  30261K->25173K(30720K), 0.0013383 secs]
32.843: [GC (Allocation Failure)  30293K->25141K(30720K), 0.0012243 secs]
32.847: [GC (Allocation Failure)  30261K->25141K(30720K), 0.0012923 secs]
32.851: [GC (Allocation Failure)  30261K->25141K(30720K), 0.0009659 secs]
32.855: [GC (Allocation Failure)  30261K->25141K(30720K), 0.0008709 secs]
32.858: [GC (Allocation Failure)  30261K->25173K(30720K), 0.0010027 secs]
32.862: [GC (Allocation Failure)  30293K->25173K(30720K), 0.0008054 secs]
32.865: [GC (Allocation Failure)  30293K->25109K(30720K), 0.0009477 secs]
32.868: [GC (Allocation Failure)  30229K->25141K(30720K), 0.0008776 secs]
32.872: [GC (Allocation Failure)  30261K->25141K(30720K), 0.0007482 secs]
32.875: [GC (Allocation Failure)  30261K->25205K(30720K), 0.0012787 secs]
32.879: [GC (Allocation Failure)  30325K->25181K(30720K), 0.0010721 secs]
32.883: [GC (Allocation Failure)  30301K->25117K(30720K), 0.0011622 secs]
32.886: [GC (Allocation Failure)  30237K->25149K(30720K), 0.0009681 secs]
32.890: [GC (Allocation Failure)  30269K->25133K(30720K), 0.0008716 secs]
32.893: [GC (Allocation Failure)  30253K->25165K(30720K), 0.0008866 secs]
32.896: [GC (Allocation Failure)  30285K->25133K(30720K), 0.0008232 secs]
32.900: [GC (Allocation Failure)  30253K->25141K(30720K), 0.0008244 secs]
32.903: [GC (Allocation Failure)  30261K->25189K(30720K), 0.0008048 secs]
32.906: [GC (Allocation Failure)  30309K->25061K(30720K), 0.0009235 secs]
32.910: [GC (Allocation Failure)  30181K->25157K(30720K), 0.0008242 secs]
32.913: [GC (Allocation Failure)  30277K->25221K(30720K), 0.0008268 secs]
32.916: [GC (Allocation Failure)  30341K->25157K(30720K), 0.0008849 secs]
32.919: [GC (Allocation Failure)  30277K->25189K(30720K), 0.0008287 secs]
32.922: [GC (Allocation Failure)  30309K->25189K(30720K), 0.0007743 secs]
32.925: [GC (Allocation Failure)  30309K->25269K(30720K), 0.0009494 secs]
32.929: [GC (Allocation Failure)  30389K->25229K(30720K), 0.0010047 secs]
32.934: [GC (Allocation Failure)  30349K->25261K(30720K), 0.0016247 secs]
32.938: [GC (Allocation Failure)  30381K->25229K(30720K), 0.0012111 secs]
32.943: [GC (Allocation Failure)  30349K->25197K(30720K), 0.0010630 secs]
32.947: [GC (Allocation Failure)  30317K->25261K(30720K), 0.0009503 secs]
32.950: [GC (Allocation Failure)  30381K->25197K(30720K), 0.0009277 secs]
32.953: [GC (Allocation Failure)  30317K->25229K(30720K), 0.0009196 secs]
32.957: [GC (Allocation Failure)  30349K->25261K(30720K), 0.0009436 secs]
32.960: [GC (Allocation Failure)  30381K->25229K(30720K), 0.0009299 secs]
32.963: [GC (Allocation Failure)  30349K->25261K(30720K), 0.0008779 secs]
32.967: [GC (Allocation Failure)  30381K->25261K(30720K), 0.0008282 secs]
32.970: [GC (Allocation Failure)  30381K->25229K(30720K), 0.0007997 secs]
32.973: [GC (Allocation Failure)  30349K->25197K(30720K), 0.0008002 secs]
32.976: [GC (Allocation Failure)  30317K->25261K(30720K), 0.0007382 secs]
32.979: [GC (Allocation Failure)  30381K->25309K(30720K), 0.0008515 secs]
32.983: [GC (Allocation Failure)  30429K->25245K(30720K), 0.0008275 secs]
32.986: [GC (Allocation Failure)  30365K->25213K(30720K), 0.0008486 secs]
32.990: [GC (Allocation Failure)  30333K->25197K(30720K), 0.0008669 secs]
32.993: [GC (Allocation Failure)  30317K->25245K(30720K), 0.0008534 secs]
32.994: [Full GC (Ergonomics)  25245K->20806K(30208K), 0.0776129 secs]
33.076: [GC (Allocation Failure)  25926K->21094K(30208K), 0.0016735 secs]
33.081: [GC (Allocation Failure)  26214K->20998K(30208K), 0.0010833 secs]
33.084: [GC (Allocation Failure)  26118K->20998K(30208K), 0.0010515 secs]
33.088: [GC (Allocation Failure)  26118K->21030K(30208K), 0.0008661 secs]
33.092: [GC (Allocation Failure)  26150K->21030K(30208K), 0.0010413 secs]
33.095: [GC (Allocation Failure)  26150K->21030K(30208K), 0.0007915 secs]
33.098: [GC (Allocation Failure)  26150K->20966K(30208K), 0.0007510 secs]
33.101: [GC (Allocation Failure)  26086K->20998K(30208K), 0.0007465 secs]
33.104: [GC (Allocation Failure)  26118K->20966K(30208K), 0.0007392 secs]
33.107: [GC (Allocation Failure)  26086K->21030K(30208K), 0.0007942 secs]
33.110: [GC (Allocation Failure)  26150K->20998K(30208K), 0.0008166 secs]
33.113: [GC (Allocation Failure)  26118K->21030K(30208K), 0.0007054 secs]
33.116: [GC (Allocation Failure)  26150K->20998K(30208K), 0.0007245 secs]
33.119: [GC (Allocation Failure)  26118K->21062K(30208K), 0.0007130 secs]
33.122: [GC (Allocation Failure)  26182K->20992K(30208K), 0.0007821 secs]
33.125: [GC (Allocation Failure)  26112K->21192K(30208K), 0.0007744 secs]
33.129: [GC (Allocation Failure)  26312K->21136K(30208K), 0.0007581 secs]
33.132: [GC (Allocation Failure)  26256K->21104K(30208K), 0.0008432 secs]
33.135: [GC (Allocation Failure)  26224K->21104K(30208K), 0.0008202 secs]
33.138: [GC (Allocation Failure)  26224K->21104K(30208K), 0.0008101 secs]
33.142: [GC (Allocation Failure)  26224K->21104K(30208K), 0.0008538 secs]
33.145: [GC (Allocation Failure)  26224K->21104K(30208K), 0.0008323 secs]
33.148: [GC (Allocation Failure)  26224K->21072K(30208K), 0.0007185 secs]
33.152: [GC (Allocation Failure)  26192K->21072K(30208K), 0.0007745 secs]
33.155: [GC (Allocation Failure)  26192K->21104K(30208K), 0.0007253 secs]
33.158: [GC (Allocation Failure)  26224K->21136K(30208K), 0.0007579 secs]
33.161: [GC (Allocation Failure)  26256K->21104K(30208K), 0.0007219 secs]
33.163: [GC (Allocation Failure)  26224K->21072K(30208K), 0.0007456 secs]
33.166: [GC (Allocation Failure)  26192K->21104K(30208K), 0.0007795 secs]
33.170: [GC (Allocation Failure)  26224K->21195K(30208K), 0.0008328 secs]
33.173: [GC (Allocation Failure)  26315K->21195K(30208K), 0.0008750 secs]
33.177: [GC (Allocation Failure)  26315K->21131K(30208K), 0.0008671 secs]
33.180: [GC (Allocation Failure)  26251K->21227K(30208K), 0.0010321 secs]
33.184: [GC (Allocation Failure)  26347K->21227K(30208K), 0.0010983 secs]
33.188: [GC (Allocation Failure)  26347K->21195K(30208K), 0.0008599 secs]
33.192: [GC (Allocation Failure)  26315K->21195K(30208K), 0.0010230 secs]
33.195: [GC (Allocation Failure)  26315K->21163K(30208K), 0.0009615 secs]
33.199: [GC (Allocation Failure)  26283K->21171K(30208K), 0.0007500 secs]
33.202: [GC (Allocation Failure)  26291K->21270K(30208K), 0.0007983 secs]
33.205: [GC (Allocation Failure)  26390K->21206K(30208K), 0.0008407 secs]
33.208: [GC (Allocation Failure)  26326K->21182K(30208K), 0.0007939 secs]
33.211: [GC (Allocation Failure)  26302K->21182K(30208K), 0.0007327 secs]
33.214: [GC (Allocation Failure)  26302K->21214K(30208K), 0.0008722 secs]
33.218: [GC (Allocation Failure)  26334K->21182K(30208K), 0.0008215 secs]
33.221: [GC (Allocation Failure)  26302K->21214K(30208K), 0.0007071 secs]
33.224: [GC (Allocation Failure)  26334K->21182K(30208K), 0.0008352 secs]
33.227: [GC (Allocation Failure)  26302K->21214K(30208K), 0.0007063 secs]
33.230: [GC (Allocation Failure)  26334K->21406K(30208K), 0.0007584 secs]
33.234: [GC (Allocation Failure)  26526K->21377K(30208K), 0.0008069 secs]
33.237: [GC (Allocation Failure)  26497K->21337K(30208K), 0.0008301 secs]
33.240: [GC (Allocation Failure)  26457K->21281K(30208K), 0.0010273 secs]
33.244: [GC (Allocation Failure)  26401K->21249K(30208K), 0.0009073 secs]
33.247: [GC (Allocation Failure)  26369K->21345K(30208K), 0.0008353 secs]
33.250: [GC (Allocation Failure)  26465K->21345K(30208K), 0.0007997 secs]
33.253: [GC (Allocation Failure)  26465K->21281K(30208K), 0.0008718 secs]
33.257: [GC (Allocation Failure)  26401K->21345K(30208K), 0.0007373 secs]
33.260: [GC (Allocation Failure)  26465K->21249K(30208K), 0.0007512 secs]
33.263: [GC (Allocation Failure)  26369K->21249K(30208K), 0.0007231 secs]
33.266: [GC (Allocation Failure)  26369K->21313K(30208K), 0.0007519 secs]
33.269: [GC (Allocation Failure)  26433K->21281K(30208K), 0.0007540 secs]
33.272: [GC (Allocation Failure)  26401K->21281K(30208K), 0.0008818 secs]
33.276: [GC (Allocation Failure)  26401K->21409K(30208K), 0.0007699 secs]
33.279: [GC (Allocation Failure)  26529K->21433K(30208K), 0.0009582 secs]
33.283: [GC (Allocation Failure)  26553K->21569K(30208K), 0.0010309 secs]
33.287: [GC (Allocation Failure)  26689K->21482K(30208K), 0.0010825 secs]
33.291: [GC (Allocation Failure)  26602K->21506K(30208K), 0.0012172 secs]
33.294: [GC (Allocation Failure)  26626K->21482K(30208K), 0.0009225 secs]
33.298: [GC (Allocation Failure)  26602K->21450K(30208K), 0.0008136 secs]
33.301: [GC (Allocation Failure)  26570K->21386K(30208K), 0.0008979 secs]
33.304: [GC (Allocation Failure)  26506K->21450K(30208K), 0.0007964 secs]
33.308: [GC (Allocation Failure)  26570K->21386K(30208K), 0.0008219 secs]
33.311: [GC (Allocation Failure)  26506K->21450K(30208K), 0.0007913 secs]
33.314: [GC (Allocation Failure)  26570K->21450K(30208K), 0.0008519 secs]
33.317: [GC (Allocation Failure)  26570K->21418K(30208K), 0.0007448 secs]
33.320: [GC (Allocation Failure)  26538K->21418K(30208K), 0.0008328 secs]
33.323: [GC (Allocation Failure)  26538K->21450K(30208K), 0.0007047 secs]
33.326: [GC (Allocation Failure)  26570K->21418K(30208K), 0.0008315 secs]
33.329: [GC (Allocation Failure)  26538K->21482K(30208K), 0.0008587 secs]
33.332: [GC (Allocation Failure)  26602K->21514K(30208K), 0.0007790 secs]
33.336: [GC (Allocation Failure)  26634K->21554K(30208K), 0.0009103 secs]
33.340: [GC (Allocation Failure)  26674K->21476K(30208K), 0.0010990 secs]
33.343: [GC (Allocation Failure)  26596K->21484K(30208K), 0.0008604 secs]
33.347: [GC (Allocation Failure)  26604K->21452K(30208K), 0.0006949 secs]
33.350: [GC (Allocation Failure)  26572K->21612K(30208K), 0.0008447 secs]
33.353: [GC (Allocation Failure)  26732K->21612K(30208K), 0.0008190 secs]
33.357: [GC (Allocation Failure)  26732K->21556K(30208K), 0.0011254 secs]
33.360: [GC (Allocation Failure)  26676K->21524K(30208K), 0.0008281 secs]
33.364: [GC (Allocation Failure)  26644K->21556K(30208K), 0.0009208 secs]
33.367: [GC (Allocation Failure)  26676K->21588K(30208K), 0.0008410 secs]
33.370: [GC (Allocation Failure)  26708K->21524K(30208K), 0.0007823 secs]
33.373: [GC (Allocation Failure)  26644K->21652K(30208K), 0.0011286 secs]
33.377: [GC (Allocation Failure)  26772K->21740K(30208K), 0.0008137 secs]
33.380: [GC (Allocation Failure)  26860K->21676K(30208K), 0.0008217 secs]
33.384: [GC (Allocation Failure)  26796K->21732K(30208K), 0.0009513 secs]
33.388: [GC (Allocation Failure)  26852K->21780K(30208K), 0.0014909 secs]
33.393: [GC (Allocation Failure)  26900K->21783K(30208K), 0.0012248 secs]
33.396: [GC (Allocation Failure)  26903K->21823K(30208K), 0.0010630 secs]
33.400: [GC (Allocation Failure)  26943K->21735K(30208K), 0.0009265 secs]
33.403: [GC (Allocation Failure)  26855K->21799K(30208K), 0.0008240 secs]
33.407: [GC (Allocation Failure)  26919K->21735K(30208K), 0.0008801 secs]
33.410: [GC (Allocation Failure)  26855K->21767K(30208K), 0.0007756 secs]
33.413: [GC (Allocation Failure)  26887K->21735K(30208K), 0.0008132 secs]
33.416: [GC (Allocation Failure)  26855K->21735K(30208K), 0.0007604 secs]
33.419: [GC (Allocation Failure)  26855K->21767K(30208K), 0.0007751 secs]
33.422: [GC (Allocation Failure)  26887K->21735K(30208K), 0.0009970 secs]
33.425: [GC (Allocation Failure)  26855K->21703K(30208K), 0.0007540 secs]
33.429: [GC (Allocation Failure)  26823K->21735K(30208K), 0.0008709 secs]
33.432: [GC (Allocation Failure)  26855K->21767K(30208K), 0.0007715 secs]
33.435: [GC (Allocation Failure)  26887K->21767K(30208K), 0.0008080 secs]
33.438: [GC (Allocation Failure)  26887K->21927K(30208K), 0.0007646 secs]
33.441: [GC (Allocation Failure)  27047K->21897K(30208K), 0.0009530 secs]
33.445: [GC (Allocation Failure)  27017K->21825K(30208K), 0.0008864 secs]
33.448: [GC (Allocation Failure)  26945K->21801K(30208K), 0.0007602 secs]
33.451: [GC (Allocation Failure)  26921K->21865K(30208K), 0.0007764 secs]
33.454: [GC (Allocation Failure)  26985K->21801K(30208K), 0.0007396 secs]
33.457: [GC (Allocation Failure)  26921K->21865K(30208K), 0.0007818 secs]
33.461: [GC (Allocation Failure)  26985K->21865K(30208K), 0.0009353 secs]
33.464: [GC (Allocation Failure)  26985K->21865K(30208K), 0.0007904 secs]
33.467: [GC (Allocation Failure)  26985K->21929K(30208K), 0.0007659 secs]
33.470: [GC (Allocation Failure)  27049K->21801K(30208K), 0.0007445 secs]
33.473: [GC (Allocation Failure)  26921K->21929K(30208K), 0.0009669 secs]
33.477: [GC (Allocation Failure)  27049K->21849K(30208K), 0.0009846 secs]
33.480: [GC (Allocation Failure)  26969K->22009K(30208K), 0.0008038 secs]
33.484: [GC (Allocation Failure)  27129K->22025K(30208K), 0.0008533 secs]
33.487: [GC (Allocation Failure)  27145K->21969K(30208K), 0.0008104 secs]
33.491: [GC (Allocation Failure)  27089K->22017K(30208K), 0.0012668 secs]
33.495: [GC (Allocation Failure)  27137K->22117K(30208K), 0.0008191 secs]
33.498: [GC (Allocation Failure)  27237K->22109K(30208K), 0.0007823 secs]
33.501: [GC (Allocation Failure)  27229K->22045K(30208K), 0.0007082 secs]
33.504: [GC (Allocation Failure)  27165K->21981K(30208K), 0.0007877 secs]
33.507: [GC (Allocation Failure)  27101K->22045K(30208K), 0.0011909 secs]
33.511: [GC (Allocation Failure)  27165K->22045K(30208K), 0.0007996 secs]
33.514: [GC (Allocation Failure)  27165K->22013K(30208K), 0.0007456 secs]
33.517: [GC (Allocation Failure)  27133K->22045K(30208K), 0.0007526 secs]
33.519: [GC (Allocation Failure)  27165K->21981K(30208K), 0.0008931 secs]
33.523: [GC (Allocation Failure)  27101K->22045K(30208K), 0.0008041 secs]
33.526: [GC (Allocation Failure)  27165K->22045K(30208K), 0.0008151 secs]
33.529: [GC (Allocation Failure)  27165K->22045K(30208K), 0.0007393 secs]
33.532: [GC (Allocation Failure)  27165K->22045K(30208K), 0.0008396 secs]
33.535: [GC (Allocation Failure)  27165K->22045K(30208K), 0.0007926 secs]
33.538: [GC (Allocation Failure)  27165K->22045K(30208K), 0.0008001 secs]
33.541: [GC (Allocation Failure)  27165K->22205K(30208K), 0.0008949 secs]
33.545: [GC (Allocation Failure)  27325K->22167K(30208K), 0.0008694 secs]
33.548: [GC (Allocation Failure)  27287K->22103K(30208K), 0.0008140 secs]
33.551: [GC (Allocation Failure)  27223K->22135K(30208K), 0.0007354 secs]
33.554: [GC (Allocation Failure)  27255K->22103K(30208K), 0.0008157 secs]
33.558: [GC (Allocation Failure)  27223K->22103K(30208K), 0.0008141 secs]
33.561: [GC (Allocation Failure)  27223K->22199K(30208K), 0.0008435 secs]
33.564: [GC (Allocation Failure)  27319K->22135K(30208K), 0.0008397 secs]
33.567: [GC (Allocation Failure)  27255K->22167K(30208K), 0.0007430 secs]
33.570: [GC (Allocation Failure)  27287K->22135K(30208K), 0.0008298 secs]
33.573: [GC (Allocation Failure)  27255K->22199K(30208K), 0.0008972 secs]
33.577: [GC (Allocation Failure)  27319K->22191K(30208K), 0.0009983 secs]
33.580: [GC (Allocation Failure)  27311K->22255K(30208K), 0.0008222 secs]
33.584: [GC (Allocation Failure)  27375K->22151K(30208K), 0.0008948 secs]
33.587: [GC (Allocation Failure)  27271K->22223K(30208K), 0.0008253 secs]
33.590: [GC (Allocation Failure)  27343K->22255K(30208K), 0.0008221 secs]
33.594: [GC (Allocation Failure)  27375K->22375K(30208K), 0.0008773 secs]
33.597: [GC (Allocation Failure)  27495K->22314K(30208K), 0.0010233 secs]
33.601: [GC (Allocation Failure)  27434K->22250K(30208K), 0.0008771 secs]
33.604: [GC (Allocation Failure)  27370K->22314K(30208K), 0.0009888 secs]
33.608: [GC (Allocation Failure)  27434K->22282K(30208K), 0.0009470 secs]
33.611: [GC (Allocation Failure)  27402K->22314K(30208K), 0.0007905 secs]
33.614: [GC (Allocation Failure)  27434K->22250K(30208K), 0.0008343 secs]
33.617: [GC (Allocation Failure)  27370K->22314K(30208K), 0.0007505 secs]
33.620: [GC (Allocation Failure)  27434K->22250K(30208K), 0.0008345 secs]
33.623: [GC (Allocation Failure)  27370K->22314K(30208K), 0.0008695 secs]
33.627: [GC (Allocation Failure)  27434K->22314K(30208K), 0.0007564 secs]
33.629: [GC (Allocation Failure)  27434K->22282K(30208K), 0.0007100 secs]
33.633: [GC (Allocation Failure)  27402K->22314K(30208K), 0.0008008 secs]
33.636: [GC (Allocation Failure)  27434K->22282K(30208K), 0.0007943 secs]
33.639: [GC (Allocation Failure)  27402K->22250K(30208K), 0.0008290 secs]
33.642: [GC (Allocation Failure)  27370K->22378K(30208K), 0.0007654 secs]
33.646: [GC (Allocation Failure)  27498K->22506K(30208K), 0.0008209 secs]
33.649: [GC (Allocation Failure)  27626K->22476K(30208K), 0.0007974 secs]
33.652: [GC (Allocation Failure)  27596K->22444K(30208K), 0.0008634 secs]
33.656: [GC (Allocation Failure)  27564K->22380K(30208K), 0.0008035 secs]
33.659: [GC (Allocation Failure)  27500K->22412K(30208K), 0.0008102 secs]
33.663: [GC (Allocation Failure)  27532K->22444K(30208K), 0.0007402 secs]
33.666: [GC (Allocation Failure)  27564K->22476K(30208K), 0.0007777 secs]
33.669: [GC (Allocation Failure)  27596K->22444K(30208K), 0.0007344 secs]
33.672: [GC (Allocation Failure)  27564K->22380K(30208K), 0.0008439 secs]
33.675: [GC (Allocation Failure)  27500K->22540K(30208K), 0.0008168 secs]
33.679: [GC (Allocation Failure)  27660K->22548K(30208K), 0.0008903 secs]
33.682: [GC (Allocation Failure)  27668K->22508K(30208K), 0.0010866 secs]
33.686: [GC (Allocation Failure)  27628K->22508K(30208K), 0.0008213 secs]
33.689: [GC (Allocation Failure)  27628K->22476K(30208K), 0.0009996 secs]
33.693: [GC (Allocation Failure)  27596K->22516K(30208K), 0.0009140 secs]
33.697: [GC (Allocation Failure)  27636K->22708K(30208K), 0.0010957 secs]
33.701: [GC (Allocation Failure)  27828K->22589K(30208K), 0.0009423 secs]
33.705: [GC (Allocation Failure)  27709K->22621K(30208K), 0.0008556 secs]
33.708: [GC (Allocation Failure)  27741K->22557K(30208K), 0.0008136 secs]
33.711: [GC (Allocation Failure)  27677K->22557K(30208K), 0.0009229 secs]
33.714: [GC (Allocation Failure)  27677K->22557K(30208K), 0.0007797 secs]
33.717: [GC (Allocation Failure)  27677K->22653K(30208K), 0.0008103 secs]
33.720: [GC (Allocation Failure)  27773K->22557K(30208K), 0.0007755 secs]
33.723: [GC (Allocation Failure)  27677K->22589K(30208K), 0.0008574 secs]
33.727: [GC (Allocation Failure)  27709K->22589K(30208K), 0.0007552 secs]
33.730: [GC (Allocation Failure)  27709K->22621K(30208K), 0.0006893 secs]
33.732: [GC (Allocation Failure)  27741K->22589K(30208K), 0.0006935 secs]
33.735: [GC (Allocation Failure)  27709K->22621K(30208K), 0.0007577 secs]
33.738: [GC (Allocation Failure)  27741K->22557K(30208K), 0.0007889 secs]
33.742: [GC (Allocation Failure)  27677K->22589K(30208K), 0.0007288 secs]
33.745: [GC (Allocation Failure)  27709K->22557K(30208K), 0.0007785 secs]
33.748: [GC (Allocation Failure)  27677K->22749K(30208K), 0.0007093 secs]
33.751: [GC (Allocation Failure)  27869K->22728K(30208K), 0.0010976 secs]
33.755: [GC (Allocation Failure)  27848K->22696K(30208K), 0.0009936 secs]
33.759: [GC (Allocation Failure)  27816K->22704K(30208K), 0.0011151 secs]
33.762: [GC (Allocation Failure)  27824K->22704K(30208K), 0.0008439 secs]
33.765: [GC (Allocation Failure)  27824K->22704K(30208K), 0.0007913 secs]
33.768: [GC (Allocation Failure)  27824K->22704K(30208K), 0.0008021 secs]
33.771: [GC (Allocation Failure)  27824K->22704K(30208K), 0.0007898 secs]
33.774: [GC (Allocation Failure)  27824K->22704K(30208K), 0.0009515 secs]
33.779: [GC (Allocation Failure)  27824K->22768K(30208K), 0.0015220 secs]
33.784: [GC (Allocation Failure)  27888K->22792K(30208K), 0.0015441 secs]
33.789: [GC (Allocation Failure)  27912K->22776K(30208K), 0.0014894 secs]
33.793: [GC (Allocation Failure)  27896K->22752K(30208K), 0.0010273 secs]
33.797: [GC (Allocation Failure)  27872K->22688K(30208K), 0.0011760 secs]
33.800: [GC (Allocation Failure)  27808K->22944K(30208K), 0.0014247 secs]
33.805: [GC (Allocation Failure)  28064K->22793K(30208K), 0.0012518 secs]
33.809: [GC (Allocation Failure)  27913K->22825K(30208K), 0.0012929 secs]
33.813: [GC (Allocation Failure)  27945K->22801K(30208K), 0.0008252 secs]
33.816: [GC (Allocation Failure)  27921K->22833K(30208K), 0.0007975 secs]
33.819: [GC (Allocation Failure)  27953K->22865K(30208K), 0.0008550 secs]
33.822: [GC (Allocation Failure)  27985K->22769K(30208K), 0.0008850 secs]
33.825: [GC (Allocation Failure)  27889K->22801K(30208K), 0.0008245 secs]
33.828: [GC (Allocation Failure)  27921K->22769K(30208K), 0.0008469 secs]
33.831: [GC (Allocation Failure)  27889K->22833K(30208K), 0.0007827 secs]
33.834: [GC (Allocation Failure)  27953K->22801K(30208K), 0.0007397 secs]
33.837: [GC (Allocation Failure)  27921K->22801K(30208K), 0.0007609 secs]
33.841: [GC (Allocation Failure)  27921K->22833K(30208K), 0.0007439 secs]
33.844: [GC (Allocation Failure)  27953K->22865K(30208K), 0.0007061 secs]
33.847: [GC (Allocation Failure)  27985K->22801K(30208K), 0.0008181 secs]
33.852: [GC (Allocation Failure)  27921K->22993K(30208K), 0.0011873 secs]
33.856: [GC (Allocation Failure)  28113K->22963K(30208K), 0.0019890 secs]
33.860: [GC (Allocation Failure)  28083K->22971K(30208K), 0.0012183 secs]
33.864: [GC (Allocation Failure)  28091K->23003K(30208K), 0.0010244 secs]
33.867: [GC (Allocation Failure)  28123K->23011K(30208K), 0.0008611 secs]
33.871: [GC (Allocation Failure)  28131K->22947K(30208K), 0.0007776 secs]
33.874: [GC (Allocation Failure)  28067K->22947K(30208K), 0.0009106 secs]
33.877: [GC (Allocation Failure)  28067K->23011K(30208K), 0.0008337 secs]
33.880: [GC (Allocation Failure)  28131K->23043K(30208K), 0.0010607 secs]
33.884: [GC (Allocation Failure)  28163K->22995K(30208K), 0.0008832 secs]
33.888: [GC (Allocation Failure)  28115K->23027K(30208K), 0.0008575 secs]
33.891: [GC (Allocation Failure)  28147K->23003K(30208K), 0.0009029 secs]
33.895: [GC (Allocation Failure)  28123K->22939K(30208K), 0.0008651 secs]
33.898: [GC (Allocation Failure)  28059K->22971K(30208K), 0.0009084 secs]
33.901: [GC (Allocation Failure)  28091K->23035K(30208K), 0.0007269 secs]
33.905: [GC (Allocation Failure)  28155K->23139K(30208K), 0.0009828 secs]
33.909: [GC (Allocation Failure)  28259K->23164K(30208K), 0.0009314 secs]
33.912: [GC (Allocation Failure)  28284K->23172K(30208K), 0.0007835 secs]
33.915: [GC (Allocation Failure)  28292K->23108K(30208K), 0.0007987 secs]
33.918: [GC (Allocation Failure)  28228K->23108K(30208K), 0.0008002 secs]
33.921: [GC (Allocation Failure)  28228K->23108K(30208K), 0.0007159 secs]
33.924: [GC (Allocation Failure)  28228K->23140K(30208K), 0.0008676 secs]
33.928: [GC (Allocation Failure)  28260K->23044K(30208K), 0.0007329 secs]
33.931: [GC (Allocation Failure)  28164K->23108K(30208K), 0.0007704 secs]
33.934: [GC (Allocation Failure)  28228K->23076K(30208K), 0.0007418 secs]
33.937: [GC (Allocation Failure)  28196K->23076K(30208K), 0.0007821 secs]
33.940: [GC (Allocation Failure)  28196K->23108K(30208K), 0.0007493 secs]
33.943: [GC (Allocation Failure)  28228K->23140K(30208K), 0.0007808 secs]
33.946: [GC (Allocation Failure)  28260K->23108K(30208K), 0.0007642 secs]
33.949: [GC (Allocation Failure)  28228K->23108K(30208K), 0.0007216 secs]
33.952: [GC (Allocation Failure)  28228K->23236K(30208K), 0.0007665 secs]
33.955: [GC (Allocation Failure)  28356K->23308K(30208K), 0.0008192 secs]
33.959: [GC (Allocation Failure)  28428K->23229K(30208K), 0.0009368 secs]
33.962: [GC (Allocation Failure)  28349K->23229K(30208K), 0.0008498 secs]
33.965: [GC (Allocation Failure)  28349K->23197K(30208K), 0.0008594 secs]
33.969: [GC (Allocation Failure)  28317K->23261K(30208K), 0.0008113 secs]
33.972: [GC (Allocation Failure)  28381K->23197K(30208K), 0.0007549 secs]
33.975: [GC (Allocation Failure)  28317K->23229K(30208K), 0.0009183 secs]
33.978: [GC (Allocation Failure)  28349K->23357K(30208K), 0.0010224 secs]
33.982: [GC (Allocation Failure)  28477K->23293K(30208K), 0.0008611 secs]
33.986: [GC (Allocation Failure)  28413K->23365K(30208K), 0.0008574 secs]
33.990: [GC (Allocation Failure)  28485K->23285K(30208K), 0.0008533 secs]
33.993: [GC (Allocation Failure)  28405K->23293K(30208K), 0.0008702 secs]
33.996: [GC (Allocation Failure)  28413K->23293K(30208K), 0.0008923 secs]
33.999: [GC (Allocation Failure)  28413K->23293K(30208K), 0.0007658 secs]
34.002: [GC (Allocation Failure)  28413K->23229K(30208K), 0.0007265 secs]
34.005: [GC (Allocation Failure)  28349K->23421K(30208K), 0.0009960 secs]
34.009: [GC (Allocation Failure)  28541K->23448K(30208K), 0.0010299 secs]
34.013: [GC (Allocation Failure)  28568K->23384K(30208K), 0.0008258 secs]
34.016: [GC (Allocation Failure)  28504K->23416K(30208K), 0.0007483 secs]
34.019: [GC (Allocation Failure)  28536K->23384K(30208K), 0.0007043 secs]
34.022: [GC (Allocation Failure)  28504K->23352K(30208K), 0.0008388 secs]
34.026: [GC (Allocation Failure)  28472K->23320K(30208K), 0.0008555 secs]
34.029: [GC (Allocation Failure)  28440K->23320K(30208K), 0.0009196 secs]
34.032: [GC (Allocation Failure)  28440K->23352K(30208K), 0.0008896 secs]
34.035: [GC (Allocation Failure)  28472K->23352K(30208K), 0.0008076 secs]
34.038: [GC (Allocation Failure)  28472K->23320K(30208K), 0.0006701 secs]
34.042: [GC (Allocation Failure)  28440K->23352K(30208K), 0.0012101 secs]
34.046: [GC (Allocation Failure)  28472K->23352K(30208K), 0.0009748 secs]
34.049: [GC (Allocation Failure)  28472K->23384K(30208K), 0.0008686 secs]
34.052: [GC (Allocation Failure)  28504K->23384K(30208K), 0.0008739 secs]
34.055: [GC (Allocation Failure)  28504K->23480K(30208K), 0.0013846 secs]
34.060: [GC (Allocation Failure)  28600K->23459K(30208K), 0.0008750 secs]
34.063: [GC (Allocation Failure)  28579K->23491K(30208K), 0.0009559 secs]
34.067: [GC (Allocation Failure)  28611K->23523K(30208K), 0.0007981 secs]
34.070: [GC (Allocation Failure)  28643K->23459K(30208K), 0.0007096 secs]
34.073: [GC (Allocation Failure)  28579K->23459K(30208K), 0.0009460 secs]
34.076: [GC (Allocation Failure)  28579K->23459K(30208K), 0.0009071 secs]
34.080: [GC (Allocation Failure)  28579K->23491K(30208K), 0.0009329 secs]
34.084: [GC (Allocation Failure)  28611K->23579K(30208K), 0.0009874 secs]
34.088: [GC (Allocation Failure)  28699K->23571K(30208K), 0.0009927 secs]
34.092: [GC (Allocation Failure)  28691K->23515K(30208K), 0.0009637 secs]
34.095: [GC (Allocation Failure)  28635K->23547K(30208K), 0.0007952 secs]
34.099: [GC (Allocation Failure)  28667K->23579K(30208K), 0.0007744 secs]
34.102: [GC (Allocation Failure)  28699K->23611K(30208K), 0.0012033 secs]
34.106: [GC (Allocation Failure)  28731K->23731K(30208K), 0.0009429 secs]
34.109: [GC (Allocation Failure)  28851K->23726K(30208K), 0.0007107 secs]
34.113: [GC (Allocation Failure)  28846K->23670K(30208K), 0.0009184 secs]
34.116: [GC (Allocation Failure)  28790K->23710K(30208K), 0.0008006 secs]
34.119: [GC (Allocation Failure)  28830K->23710K(30208K), 0.0007954 secs]
34.122: [GC (Allocation Failure)  28830K->23646K(30208K), 0.0008462 secs]
34.126: [GC (Allocation Failure)  28766K->23742K(30208K), 0.0007816 secs]
34.129: [GC (Allocation Failure)  28862K->23710K(30208K), 0.0006795 secs]
34.132: [GC (Allocation Failure)  28830K->23710K(30208K), 0.0009067 secs]
34.135: [GC (Allocation Failure)  28830K->23710K(30208K), 0.0007575 secs]
34.138: [GC (Allocation Failure)  28830K->23742K(30208K), 0.0007152 secs]
34.141: [GC (Allocation Failure)  28862K->23710K(30208K), 0.0007468 secs]
34.144: [GC (Allocation Failure)  28830K->23710K(30208K), 0.0007241 secs]
34.147: [GC (Allocation Failure)  28830K->23678K(30208K), 0.0008045 secs]
34.150: [GC (Allocation Failure)  28798K->23678K(30208K), 0.0008676 secs]
34.153: [GC (Allocation Failure)  28798K->23710K(30208K), 0.0007821 secs]
34.157: [GC (Allocation Failure)  28830K->23870K(30208K), 0.0010586 secs]
34.161: [GC (Allocation Failure)  28990K->23823K(30208K), 0.0009346 secs]
34.164: [GC (Allocation Failure)  28943K->23799K(30208K), 0.0007555 secs]
34.167: [GC (Allocation Failure)  28919K->23799K(30208K), 0.0007836 secs]
34.170: [GC (Allocation Failure)  28919K->23799K(30208K), 0.0007465 secs]
34.173: [GC (Allocation Failure)  28919K->23767K(30208K), 0.0008317 secs]
34.176: [GC (Allocation Failure)  28887K->23831K(30208K), 0.0007549 secs]
34.179: [GC (Allocation Failure)  28951K->23927K(30208K), 0.0008622 secs]
34.183: [GC (Allocation Failure)  29047K->23959K(30208K), 0.0012925 secs]
34.188: [GC (Allocation Failure)  29079K->23823K(30208K), 0.0009749 secs]
34.191: [GC (Allocation Failure)  28943K->23831K(30208K), 0.0009548 secs]
34.195: [GC (Allocation Failure)  28951K->23863K(30208K), 0.0008640 secs]
34.198: [GC (Allocation Failure)  28983K->23895K(30208K), 0.0007676 secs]
34.201: [GC (Allocation Failure)  29015K->23831K(30208K), 0.0007620 secs]
34.204: [GC (Allocation Failure)  28951K->23895K(30208K), 0.0008312 secs]
34.208: [GC (Allocation Failure)  29015K->23959K(30208K), 0.0010203 secs]
34.212: [GC (Allocation Failure)  29079K->23938K(30208K), 0.0008668 secs]
34.215: [GC (Allocation Failure)  29058K->24002K(30208K), 0.0008973 secs]
34.218: [GC (Allocation Failure)  29122K->24010K(30208K), 0.0007768 secs]
34.221: [GC (Allocation Failure)  29130K->23946K(30208K), 0.0008201 secs]
34.225: [GC (Allocation Failure)  29066K->23914K(30208K), 0.0008025 secs]
34.228: [GC (Allocation Failure)  29034K->23914K(30208K), 0.0008257 secs]
34.231: [GC (Allocation Failure)  29034K->23946K(30208K), 0.0007692 secs]
34.235: [GC (Allocation Failure)  29066K->23978K(30208K), 0.0007049 secs]
34.238: [GC (Allocation Failure)  29098K->23914K(30208K), 0.0008141 secs]
34.241: [GC (Allocation Failure)  29034K->23978K(30208K), 0.0008936 secs]
34.244: [GC (Allocation Failure)  29098K->23946K(30208K), 0.0007890 secs]
34.247: [GC (Allocation Failure)  29066K->23946K(30208K), 0.0008816 secs]
34.251: [GC (Allocation Failure)  29066K->23978K(30208K), 0.0008343 secs]
34.254: [GC (Allocation Failure)  29098K->24010K(30208K), 0.0007525 secs]
34.257: [GC (Allocation Failure)  29130K->24170K(30208K), 0.0007846 secs]
34.260: [GC (Allocation Failure)  29290K->24163K(30208K), 0.0008797 secs]
34.264: [GC (Allocation Failure)  29283K->24099K(30208K), 0.0008212 secs]
34.267: [GC (Allocation Failure)  29219K->24043K(30208K), 0.0007679 secs]
34.270: [GC (Allocation Failure)  29163K->24075K(30208K), 0.0009477 secs]
34.274: [GC (Allocation Failure)  29195K->24011K(30208K), 0.0010744 secs]
34.277: [GC (Allocation Failure)  29131K->24043K(30208K), 0.0007745 secs]
34.281: [GC (Allocation Failure)  29163K->24171K(30208K), 0.0009367 secs]
34.284: [GC (Allocation Failure)  29291K->24171K(30208K), 0.0010073 secs]
34.288: [GC (Allocation Failure)  29291K->24131K(30208K), 0.0009158 secs]
34.292: [GC (Allocation Failure)  29251K->24171K(30208K), 0.0009384 secs]
34.295: [GC (Allocation Failure)  29291K->24075K(30208K), 0.0008593 secs]
34.299: [GC (Allocation Failure)  29195K->24107K(30208K), 0.0007592 secs]
34.302: [GC (Allocation Failure)  29227K->24107K(30208K), 0.0007499 secs]
34.305: [GC (Allocation Failure)  29227K->24075K(30208K), 0.0008539 secs]
34.308: [GC (Allocation Failure)  29195K->24171K(30208K), 0.0007462 secs]
34.311: [GC (Allocation Failure)  29291K->24347K(30208K), 0.0008745 secs]
34.315: [GC (Allocation Failure)  29467K->24294K(30208K), 0.0011325 secs]
34.319: [GC (Allocation Failure)  29414K->24254K(30208K), 0.0009268 secs]
34.322: [GC (Allocation Failure)  29374K->24262K(30208K), 0.0008680 secs]
34.326: [GC (Allocation Failure)  29382K->24230K(30208K), 0.0007330 secs]
34.329: [GC (Allocation Failure)  29350K->24262K(30208K), 0.0007387 secs]
34.332: [GC (Allocation Failure)  29382K->24262K(30208K), 0.0006960 secs]
34.335: [GC (Allocation Failure)  29382K->24230K(30208K), 0.0008777 secs]
34.338: [GC (Allocation Failure)  29350K->24262K(30208K), 0.0009294 secs]
34.341: [GC (Allocation Failure)  29382K->24294K(30208K), 0.0007926 secs]
34.344: [GC (Allocation Failure)  29414K->24262K(30208K), 0.0008062 secs]
34.347: [GC (Allocation Failure)  29382K->24230K(30208K), 0.0008015 secs]
34.350: [GC (Allocation Failure)  29350K->24326K(30208K), 0.0008086 secs]
34.354: [GC (Allocation Failure)  29446K->24366K(30208K), 0.0009360 secs]
34.358: [GC (Allocation Failure)  29486K->24310K(30208K), 0.0009339 secs]
34.362: [GC (Allocation Failure)  29430K->24406K(30208K), 0.0010959 secs]
34.366: [GC (Allocation Failure)  29526K->24488K(30208K), 0.0009763 secs]
34.369: [GC (Allocation Failure)  29608K->24344K(30208K), 0.0008230 secs]
34.373: [GC (Allocation Failure)  29464K->24408K(30208K), 0.0009074 secs]
34.376: [GC (Allocation Failure)  29528K->24408K(30208K), 0.0009588 secs]
34.380: [GC (Allocation Failure)  29528K->24504K(30208K), 0.0011735 secs]
34.384: [GC (Allocation Failure)  29624K->24512K(30208K), 0.0008579 secs]
34.388: [GC (Allocation Failure)  29632K->24568K(30208K), 0.0008732 secs]
34.391: [GC (Allocation Failure)  29688K->24448K(30208K), 0.0008401 secs]
34.395: [GC (Allocation Failure)  29568K->24480K(30208K), 0.0008526 secs]
34.398: [GC (Allocation Failure)  29600K->24448K(30208K), 0.0009094 secs]
34.402: [GC (Allocation Failure)  29568K->24480K(30208K), 0.0007628 secs]
34.405: [GC (Allocation Failure)  29600K->24480K(30208K), 0.0008051 secs]
34.408: [GC (Allocation Failure)  29600K->24512K(30208K), 0.0007927 secs]
34.411: [GC (Allocation Failure)  29632K->24512K(30208K), 0.0008173 secs]
34.414: [GC (Allocation Failure)  29632K->24680K(30208K), 0.0008484 secs]
34.418: [GC (Allocation Failure)  29800K->24651K(30208K), 0.0008107 secs]
34.421: [GC (Allocation Failure)  29771K->24587K(30208K), 0.0008134 secs]
34.424: [GC (Allocation Failure)  29707K->24619K(30208K), 0.0009150 secs]
34.428: [GC (Allocation Failure)  29739K->24587K(30208K), 0.0008798 secs]
34.431: [GC (Allocation Failure)  29707K->24587K(30208K), 0.0007435 secs]
34.434: [GC (Allocation Failure)  29707K->24555K(30208K), 0.0008639 secs]
34.437: [GC (Allocation Failure)  29675K->24587K(30208K), 0.0008170 secs]
34.440: [GC (Allocation Failure)  29707K->24587K(30208K), 0.0008122 secs]
34.444: [GC (Allocation Failure)  29707K->24587K(30208K), 0.0007312 secs]
34.447: [GC (Allocation Failure)  29707K->24587K(30208K), 0.0007123 secs]
34.450: [GC (Allocation Failure)  29707K->24555K(30208K), 0.0006695 secs]
34.452: [GC (Allocation Failure)  29675K->24587K(30208K), 0.0007285 secs]
34.455: [GC (Allocation Failure)  29707K->24587K(30208K), 0.0007065 secs]
34.459: [GC (Allocation Failure)  29707K->24619K(30208K), 0.0008206 secs]
34.462: [GC (Allocation Failure)  29739K->24523K(30208K), 0.0008316 secs]
34.465: [GC (Allocation Failure)  29643K->24747K(30208K), 0.0008911 secs]
34.469: [GC (Allocation Failure)  29867K->24693K(30208K), 0.0010068 secs]
34.473: [GC (Allocation Failure)  29813K->24733K(30208K), 0.0010281 secs]
34.474: [Full GC (Ergonomics)  24733K->20846K(30208K), 0.0737276 secs]
34.551: [GC (Allocation Failure)  25966K->21102K(30208K), 0.0019554 secs]
34.556: [GC (Allocation Failure)  26222K->21047K(30208K), 0.0021234 secs]
34.561: [GC (Allocation Failure)  26167K->20991K(30208K), 0.0011707 secs]
34.565: [GC (Allocation Failure)  26111K->21063K(30208K), 0.0012010 secs]
34.569: [GC (Allocation Failure)  26183K->20967K(30208K), 0.0008692 secs]
34.572: [GC (Allocation Failure)  26087K->21031K(30208K), 0.0008723 secs]
34.576: [GC (Allocation Failure)  26151K->21031K(30208K), 0.0008688 secs]
34.579: [GC (Allocation Failure)  26151K->21031K(30208K), 0.0008319 secs]
34.582: [GC (Allocation Failure)  26151K->20967K(30208K), 0.0010704 secs]
34.586: [GC (Allocation Failure)  26087K->21063K(30208K), 0.0008637 secs]
34.589: [GC (Allocation Failure)  26183K->20967K(30208K), 0.0010084 secs]
34.592: [GC (Allocation Failure)  26087K->20967K(30208K), 0.0008589 secs]
34.596: [GC (Allocation Failure)  26087K->21031K(30208K), 0.0008031 secs]
34.599: [GC (Allocation Failure)  26151K->21031K(30208K), 0.0010764 secs]
34.603: [GC (Allocation Failure)  26151K->21239K(30208K), 0.0011898 secs]
34.607: [GC (Allocation Failure)  26359K->21186K(30208K), 0.0013172 secs]
34.611: [GC (Allocation Failure)  26306K->21154K(30208K), 0.0007369 secs]
34.614: [GC (Allocation Failure)  26274K->21154K(30208K), 0.0010405 secs]
34.618: [GC (Allocation Failure)  26274K->21122K(30208K), 0.0010742 secs]
34.621: [GC (Allocation Failure)  26242K->21154K(30208K), 0.0007993 secs]
34.624: [GC (Allocation Failure)  26274K->21154K(30208K), 0.0009110 secs]
34.628: [GC (Allocation Failure)  26274K->21122K(30208K), 0.0007982 secs]
34.631: [GC (Allocation Failure)  26242K->21122K(30208K), 0.0006968 secs]
34.634: [GC (Allocation Failure)  26242K->21122K(30208K), 0.0011310 secs]
34.637: [GC (Allocation Failure)  26242K->21154K(30208K), 0.0007831 secs]
34.641: [GC (Allocation Failure)  26274K->21122K(30208K), 0.0007673 secs]
34.644: [GC (Allocation Failure)  26242K->21186K(30208K), 0.0007456 secs]
34.647: [GC (Allocation Failure)  26306K->21122K(30208K), 0.0007934 secs]
34.651: [GC (Allocation Failure)  26242K->21218K(30208K), 0.0014339 secs]
34.656: [GC (Allocation Failure)  26338K->21346K(30208K), 0.0019316 secs]
34.660: [GC (Allocation Failure)  26466K->21372K(30208K), 0.0013344 secs]
34.665: [GC (Allocation Failure)  26492K->21308K(30208K), 0.0014839 secs]
34.669: [GC (Allocation Failure)  26428K->21340K(30208K), 0.0011756 secs]
34.673: [GC (Allocation Failure)  26460K->21316K(30208K), 0.0012850 secs]
34.676: [GC (Allocation Failure)  26436K->21252K(30208K), 0.0008784 secs]
34.680: [GC (Allocation Failure)  26372K->21220K(30208K), 0.0009828 secs]
34.683: [GC (Allocation Failure)  26340K->21252K(30208K), 0.0009303 secs]
34.687: [GC (Allocation Failure)  26372K->21316K(30208K), 0.0007728 secs]
34.690: [GC (Allocation Failure)  26436K->21252K(30208K), 0.0008451 secs]
34.693: [GC (Allocation Failure)  26372K->21284K(30208K), 0.0007650 secs]
34.697: [GC (Allocation Failure)  26404K->21252K(30208K), 0.0006802 secs]
34.700: [GC (Allocation Failure)  26372K->21284K(30208K), 0.0010394 secs]
34.703: [GC (Allocation Failure)  26404K->21252K(30208K), 0.0009361 secs]
34.707: [GC (Allocation Failure)  26372K->21412K(30208K), 0.0011530 secs]
34.711: [GC (Allocation Failure)  26532K->21391K(30208K), 0.0010516 secs]
34.715: [GC (Allocation Failure)  26511K->21351K(30208K), 0.0009231 secs]
34.718: [GC (Allocation Failure)  26471K->21359K(30208K), 0.0010028 secs]
34.721: [GC (Allocation Failure)  26479K->21391K(30208K), 0.0009208 secs]
34.725: [GC (Allocation Failure)  26511K->21359K(30208K), 0.0008480 secs]
34.728: [GC (Allocation Failure)  26479K->21423K(30208K), 0.0008702 secs]
34.732: [GC (Allocation Failure)  26543K->21327K(30208K), 0.0010063 secs]
34.735: [GC (Allocation Failure)  26447K->21391K(30208K), 0.0008536 secs]
34.738: [GC (Allocation Failure)  26511K->21391K(30208K), 0.0010024 secs]
34.742: [GC (Allocation Failure)  26511K->21391K(30208K), 0.0010534 secs]
34.745: [GC (Allocation Failure)  26511K->21423K(30208K), 0.0007868 secs]
34.749: [GC (Allocation Failure)  26543K->21455K(30208K), 0.0010985 secs]
34.754: [GC (Allocation Failure)  26575K->21447K(30208K), 0.0009801 secs]
34.758: [GC (Allocation Failure)  26567K->21519K(30208K), 0.0013234 secs]
34.762: [GC (Allocation Failure)  26639K->21536K(30208K), 0.0016809 secs]
34.767: [GC (Allocation Failure)  26656K->21576K(30208K), 0.0011767 secs]
34.771: [GC (Allocation Failure)  26696K->21520K(30208K), 0.0010122 secs]
34.774: [GC (Allocation Failure)  26640K->21520K(30208K), 0.0011426 secs]
34.778: [GC (Allocation Failure)  26640K->21520K(30208K), 0.0009427 secs]
34.781: [GC (Allocation Failure)  26640K->21520K(30208K), 0.0013157 secs]
34.786: [GC (Allocation Failure)  26640K->21520K(30208K), 0.0009558 secs]
34.789: [GC (Allocation Failure)  26640K->21584K(30208K), 0.0008126 secs]
34.792: [GC (Allocation Failure)  26704K->21488K(30208K), 0.0007817 secs]
34.795: [GC (Allocation Failure)  26608K->21488K(30208K), 0.0007328 secs]
34.798: [GC (Allocation Failure)  26608K->21552K(30208K), 0.0008965 secs]
34.801: [GC (Allocation Failure)  26672K->21488K(30208K), 0.0008125 secs]
34.804: [GC (Allocation Failure)  26608K->21488K(30208K), 0.0008001 secs]
34.808: [GC (Allocation Failure)  26608K->21680K(30208K), 0.0008405 secs]
34.811: [GC (Allocation Failure)  26800K->21641K(30208K), 0.0008399 secs]
34.815: [GC (Allocation Failure)  26761K->21681K(30208K), 0.0013180 secs]
34.819: [GC (Allocation Failure)  26801K->21593K(30208K), 0.0008099 secs]
34.822: [GC (Allocation Failure)  26713K->21593K(30208K), 0.0011267 secs]
34.826: [GC (Allocation Failure)  26713K->21593K(30208K), 0.0008588 secs]
34.829: [GC (Allocation Failure)  26713K->21561K(30208K), 0.0008536 secs]
34.833: [GC (Allocation Failure)  26681K->21593K(30208K), 0.0010255 secs]
34.836: [GC (Allocation Failure)  26713K->21561K(30208K), 0.0009342 secs]
34.839: [GC (Allocation Failure)  26681K->21593K(30208K), 0.0008706 secs]
34.843: [GC (Allocation Failure)  26713K->21593K(30208K), 0.0009766 secs]
34.846: [GC (Allocation Failure)  26713K->21529K(30208K), 0.0007572 secs]
34.849: [GC (Allocation Failure)  26649K->21625K(30208K), 0.0014768 secs]
34.853: [GC (Allocation Failure)  26745K->21697K(30208K), 0.0009085 secs]
34.858: [GC (Allocation Failure)  26817K->21729K(30208K), 0.0013229 secs]
34.862: [GC (Allocation Failure)  26849K->21793K(30208K), 0.0012321 secs]
34.867: [GC (Allocation Failure)  26913K->21851K(30208K), 0.0015782 secs]
34.871: [GC (Allocation Failure)  26971K->21739K(30208K), 0.0010533 secs]
34.875: [GC (Allocation Failure)  26859K->21803K(30208K), 0.0010690 secs]
34.879: [GC (Allocation Failure)  26923K->21811K(30208K), 0.0009246 secs]
34.882: [GC (Allocation Failure)  26931K->21747K(30208K), 0.0011677 secs]
34.886: [GC (Allocation Failure)  26867K->21811K(30208K), 0.0009388 secs]
34.889: [GC (Allocation Failure)  26931K->21715K(30208K), 0.0007067 secs]
34.892: [GC (Allocation Failure)  26835K->21779K(30208K), 0.0009068 secs]
34.895: [GC (Allocation Failure)  26899K->21747K(30208K), 0.0008578 secs]
34.899: [GC (Allocation Failure)  26867K->21779K(30208K), 0.0009771 secs]
34.902: [GC (Allocation Failure)  26899K->21747K(30208K), 0.0008676 secs]
34.906: [GC (Allocation Failure)  26867K->21747K(30208K), 0.0007520 secs]
34.909: [GC (Allocation Failure)  26867K->21715K(30208K), 0.0007616 secs]
34.912: [GC (Allocation Failure)  26835K->21971K(30208K), 0.0008647 secs]
34.916: [GC (Allocation Failure)  27091K->21956K(30208K), 0.0010811 secs]
34.920: [GC (Allocation Failure)  27076K->21916K(30208K), 0.0009106 secs]
34.923: [GC (Allocation Failure)  27036K->21860K(30208K), 0.0009243 secs]
34.927: [GC (Allocation Failure)  26980K->21892K(30208K), 0.0009318 secs]
34.930: [GC (Allocation Failure)  27012K->21860K(30208K), 0.0009372 secs]
34.933: [GC (Allocation Failure)  26980K->21860K(30208K), 0.0010227 secs]
34.937: [GC (Allocation Failure)  26980K->21828K(30208K), 0.0009631 secs]
34.940: [GC (Allocation Failure)  26948K->21860K(30208K), 0.0008147 secs]
34.943: [GC (Allocation Failure)  26980K->21860K(30208K), 0.0008265 secs]
34.946: [GC (Allocation Failure)  26980K->21860K(30208K), 0.0008927 secs]
34.950: [GC (Allocation Failure)  26980K->21860K(30208K), 0.0008420 secs]
34.953: [GC (Allocation Failure)  26980K->21956K(30208K), 0.0010231 secs]
34.957: [GC (Allocation Failure)  27076K->21956K(30208K), 0.0011316 secs]
34.961: [GC (Allocation Failure)  27076K->21956K(30208K), 0.0009272 secs]
34.965: [GC (Allocation Failure)  27076K->22084K(30208K), 0.0014096 secs]
34.970: [GC (Allocation Failure)  27204K->22101K(30208K), 0.0009987 secs]
34.974: [GC (Allocation Failure)  27221K->22037K(30208K), 0.0009004 secs]
34.977: [GC (Allocation Failure)  27157K->21941K(30208K), 0.0009901 secs]
34.980: [GC (Allocation Failure)  27061K->21941K(30208K), 0.0009863 secs]
34.984: [GC (Allocation Failure)  27061K->22005K(30208K), 0.0008349 secs]
34.987: [GC (Allocation Failure)  27125K->22005K(30208K), 0.0008609 secs]
34.990: [GC (Allocation Failure)  27125K->21941K(30208K), 0.0009217 secs]
34.994: [GC (Allocation Failure)  27061K->21973K(30208K), 0.0009685 secs]
35.858: [GC (Allocation Failure)  27093K->22165K(30208K), 0.0012123 secs]
35.862: [GC (Allocation Failure)  27285K->22125K(30208K), 0.0014722 secs]
35.867: [GC (Allocation Failure)  27245K->22157K(30208K), 0.0013006 secs]
35.871: [GC (Allocation Failure)  27277K->22197K(30208K), 0.0009350 secs]
35.876: [GC (Allocation Failure)  27317K->22245K(30208K), 0.0017181 secs]
35.880: [GC (Allocation Failure)  27365K->22167K(30208K), 0.0013772 secs]
35.885: [GC (Allocation Failure)  27287K->22295K(30208K), 0.0012724 secs]
35.889: [GC (Allocation Failure)  27415K->22223K(30208K), 0.0013002 secs]
35.893: [GC (Allocation Failure)  27343K->22231K(30208K), 0.0009032 secs]
35.897: [GC (Allocation Failure)  27351K->22231K(30208K), 0.0011525 secs]
35.901: [GC (Allocation Failure)  27351K->22199K(30208K), 0.0010754 secs]
35.904: [GC (Allocation Failure)  27319K->22231K(30208K), 0.0008816 secs]
35.908: [GC (Allocation Failure)  27351K->22295K(30208K), 0.0009137 secs]
35.911: [GC (Allocation Failure)  27415K->22263K(30208K), 0.0009215 secs]
35.915: [GC (Allocation Failure)  27383K->22295K(30208K), 0.0009628 secs]
35.918: [GC (Allocation Failure)  27415K->22295K(30208K), 0.0008597 secs]
35.921: [GC (Allocation Failure)  27415K->22295K(30208K), 0.0009077 secs]
35.925: [GC (Allocation Failure)  27415K->22231K(30208K), 0.0008637 secs]
35.928: [GC (Allocation Failure)  27351K->22327K(30208K), 0.0010787 secs]
35.932: [GC (Allocation Failure)  27447K->22455K(30208K), 0.0010671 secs]
35.936: [GC (Allocation Failure)  27575K->22329K(30208K), 0.0008788 secs]
35.940: [GC (Allocation Failure)  27449K->22369K(30208K), 0.0010317 secs]
35.943: [GC (Allocation Failure)  27489K->22337K(30208K), 0.0008834 secs]
35.946: [GC (Allocation Failure)  27457K->22369K(30208K), 0.0008969 secs]
35.950: [GC (Allocation Failure)  27489K->22369K(30208K), 0.0009157 secs]
35.953: [GC (Allocation Failure)  27489K->22337K(30208K), 0.0009570 secs]
35.957: [GC (Allocation Failure)  27457K->22433K(30208K), 0.0010704 secs]
35.961: [GC (Allocation Failure)  27553K->22329K(30208K), 0.0011515 secs]
35.965: [GC (Allocation Failure)  27449K->22489K(30208K), 0.0012395 secs]
35.969: [GC (Allocation Failure)  27609K->22481K(30208K), 0.0009754 secs]
35.973: [GC (Allocation Failure)  27601K->22393K(30208K), 0.0012734 secs]
35.977: [GC (Allocation Failure)  27513K->22425K(30208K), 0.0009690 secs]
35.980: [GC (Allocation Failure)  27545K->22425K(30208K), 0.0007783 secs]
35.983: [GC (Allocation Failure)  27545K->22521K(30208K), 0.0008852 secs]
35.988: [GC (Allocation Failure)  27641K->22593K(30208K), 0.0012215 secs]
35.992: [GC (Allocation Failure)  27713K->22635K(30208K), 0.0013496 secs]
35.996: [GC (Allocation Failure)  27755K->22643K(30208K), 0.0013896 secs]
36.001: [GC (Allocation Failure)  27763K->22667K(30208K), 0.0011134 secs]
36.005: [GC (Allocation Failure)  27787K->22611K(30208K), 0.0008845 secs]
36.008: [GC (Allocation Failure)  27731K->22579K(30208K), 0.0010103 secs]
36.012: [GC (Allocation Failure)  27699K->22579K(30208K), 0.0008245 secs]
36.015: [GC (Allocation Failure)  27699K->22579K(30208K), 0.0007707 secs]
36.018: [GC (Allocation Failure)  27699K->22643K(30208K), 0.0008057 secs]
36.022: [GC (Allocation Failure)  27763K->22611K(30208K), 0.0009070 secs]
36.025: [GC (Allocation Failure)  27731K->22547K(30208K), 0.0009141 secs]
36.029: [GC (Allocation Failure)  27667K->22579K(30208K), 0.0007712 secs]
36.032: [GC (Allocation Failure)  27699K->22579K(30208K), 0.0008001 secs]
36.035: [GC (Allocation Failure)  27699K->22643K(30208K), 0.0007776 secs]
36.039: [GC (Allocation Failure)  27763K->22643K(30208K), 0.0012120 secs]
36.043: [GC (Allocation Failure)  27763K->22643K(30208K), 0.0014169 secs]
36.048: [GC (Allocation Failure)  27763K->22707K(30208K), 0.0016869 secs]
36.052: [GC (Allocation Failure)  27827K->22767K(30208K), 0.0015481 secs]
36.058: [GC (Allocation Failure)  27887K->22767K(30208K), 0.0015564 secs]
36.062: [GC (Allocation Failure)  27887K->22791K(30208K), 0.0017326 secs]
36.067: [GC (Allocation Failure)  27911K->22847K(30208K), 0.0018630 secs]
36.072: [GC (Allocation Failure)  27967K->22847K(30208K), 0.0012654 secs]
36.076: [GC (Allocation Failure)  27967K->22855K(30208K), 0.0010467 secs]
36.079: [GC (Allocation Failure)  27975K->22791K(30208K), 0.0009253 secs]
36.083: [GC (Allocation Failure)  27911K->22823K(30208K), 0.0009413 secs]
36.086: [GC (Allocation Failure)  27943K->22791K(30208K), 0.0010320 secs]
36.090: [GC (Allocation Failure)  27911K->22823K(30208K), 0.0012457 secs]
36.095: [GC (Allocation Failure)  27943K->22759K(30208K), 0.0010752 secs]
36.098: [GC (Allocation Failure)  27879K->22855K(30208K), 0.0009956 secs]
36.102: [GC (Allocation Failure)  27975K->22887K(30208K), 0.0009949 secs]
36.106: [GC (Allocation Failure)  28007K->23015K(30208K), 0.0013270 secs]
36.111: [GC (Allocation Failure)  28135K->22947K(30208K), 0.0016361 secs]
36.116: [GC (Allocation Failure)  28067K->22947K(30208K), 0.0012374 secs]
36.120: [GC (Allocation Failure)  28067K->22923K(30208K), 0.0009964 secs]
36.124: [GC (Allocation Failure)  28043K->22923K(30208K), 0.0012575 secs]
36.128: [GC (Allocation Failure)  28043K->22987K(30208K), 0.0010671 secs]
36.131: [GC (Allocation Failure)  28107K->22987K(30208K), 0.0008853 secs]
36.135: [GC (Allocation Failure)  28107K->22923K(30208K), 0.0009722 secs]
36.138: [GC (Allocation Failure)  28043K->22891K(30208K), 0.0010087 secs]
36.142: [GC (Allocation Failure)  28011K->22955K(30208K), 0.0010658 secs]
36.146: [GC (Allocation Failure)  28075K->22891K(30208K), 0.0013089 secs]
36.151: [GC (Allocation Failure)  28011K->22923K(30208K), 0.0010665 secs]
36.154: [GC (Allocation Failure)  28043K->22891K(30208K), 0.0009026 secs]
36.159: [GC (Allocation Failure)  28011K->23019K(30208K), 0.0012688 secs]
36.163: [GC (Allocation Failure)  28139K->23059K(30208K), 0.0012582 secs]
36.168: [GC (Allocation Failure)  28179K->23172K(30208K), 0.0013526 secs]
36.172: [GC (Allocation Failure)  28292K->23109K(30208K), 0.0017276 secs]
36.177: [GC (Allocation Failure)  28229K->23237K(30208K), 0.0014343 secs]
36.182: [GC (Allocation Failure)  28357K->23205K(30208K), 0.0015310 secs]
36.187: [GC (Allocation Failure)  28325K->23117K(30208K), 0.0012453 secs]
36.191: [GC (Allocation Failure)  28237K->23117K(30208K), 0.0012478 secs]
36.195: [GC (Allocation Failure)  28237K->23181K(30208K), 0.0009844 secs]
36.199: [GC (Allocation Failure)  28301K->23085K(30208K), 0.0010396 secs]
36.202: [GC (Allocation Failure)  28205K->23117K(30208K), 0.0009367 secs]
36.206: [GC (Allocation Failure)  28237K->23149K(30208K), 0.0010122 secs]
36.209: [GC (Allocation Failure)  28269K->23149K(30208K), 0.0010826 secs]
36.213: [GC (Allocation Failure)  28269K->23117K(30208K), 0.0011581 secs]
36.217: [GC (Allocation Failure)  28237K->23245K(30208K), 0.0012151 secs]
36.221: [GC (Allocation Failure)  28365K->23309K(30208K), 0.0013322 secs]
36.226: [GC (Allocation Failure)  28429K->23326K(30208K), 0.0015883 secs]
36.231: [GC (Allocation Failure)  28446K->23359K(30208K), 0.0014898 secs]
36.235: [GC (Allocation Failure)  28479K->23295K(30208K), 0.0012146 secs]
36.239: [GC (Allocation Failure)  28415K->23303K(30208K), 0.0013682 secs]
36.243: [GC (Allocation Failure)  28423K->23335K(30208K), 0.0010454 secs]
36.247: [GC (Allocation Failure)  28455K->23271K(30208K), 0.0009038 secs]
36.250: [GC (Allocation Failure)  28391K->23303K(30208K), 0.0009761 secs]
36.254: [GC (Allocation Failure)  28423K->23239K(30208K), 0.0008892 secs]
36.258: [GC (Allocation Failure)  28359K->23303K(30208K), 0.0009537 secs]
36.262: [GC (Allocation Failure)  28423K->23367K(30208K), 0.0013784 secs]
36.266: [GC (Allocation Failure)  28487K->23439K(30208K), 0.0012498 secs]
36.270: [GC (Allocation Failure)  28559K->23399K(30208K), 0.0009829 secs]
36.275: [GC (Allocation Failure)  28519K->23463K(30208K), 0.0009958 secs]
36.278: [GC (Allocation Failure)  28583K->23551K(30208K), 0.0009260 secs]
36.282: [GC (Allocation Failure)  28671K->23576K(30208K), 0.0009430 secs]
36.286: [GC (Allocation Failure)  28696K->23625K(30208K), 0.0011196 secs]
36.290: [GC (Allocation Failure)  28745K->23633K(30208K), 0.0011433 secs]
36.294: [GC (Allocation Failure)  28753K->23481K(30208K), 0.0009969 secs]
36.298: [GC (Allocation Failure)  28601K->23545K(30208K), 0.0008568 secs]
36.301: [GC (Allocation Failure)  28665K->23577K(30208K), 0.0007728 secs]
36.304: [GC (Allocation Failure)  28697K->23545K(30208K), 0.0008323 secs]
36.307: [GC (Allocation Failure)  28665K->23545K(30208K), 0.0007617 secs]
36.310: [GC (Allocation Failure)  28665K->23545K(30208K), 0.0007275 secs]
36.313: [GC (Allocation Failure)  28665K->23513K(30208K), 0.0007299 secs]
36.317: [GC (Allocation Failure)  28633K->23513K(30208K), 0.0010293 secs]
36.321: [GC (Allocation Failure)  28633K->23481K(30208K), 0.0008186 secs]
36.325: [GC (Allocation Failure)  28601K->23545K(30208K), 0.0008816 secs]
36.328: [GC (Allocation Failure)  28665K->23545K(30208K), 0.0007814 secs]
36.331: [GC (Allocation Failure)  28665K->23641K(30208K), 0.0007907 secs]
36.334: [GC (Allocation Failure)  28761K->23657K(30208K), 0.0008736 secs]
36.338: [GC (Allocation Failure)  28777K->23689K(30208K), 0.0012549 secs]
36.342: [GC (Allocation Failure)  28809K->23765K(30208K), 0.0010700 secs]
36.346: [GC (Allocation Failure)  28885K->23781K(30208K), 0.0009192 secs]
36.349: [GC (Allocation Failure)  28901K->23861K(30208K), 0.0008475 secs]
36.353: [GC (Allocation Failure)  28981K->23805K(30208K), 0.0013021 secs]
36.357: [GC (Allocation Failure)  28925K->23789K(30208K), 0.0010132 secs]
36.361: [GC (Allocation Failure)  28909K->23829K(30208K), 0.0010331 secs]
36.365: [GC (Allocation Failure)  28949K->23829K(30208K), 0.0014648 secs]
36.370: [GC (Allocation Failure)  28949K->23797K(30208K), 0.0011675 secs]
36.373: [GC (Allocation Failure)  28917K->23837K(30208K), 0.0011812 secs]
36.377: [GC (Allocation Failure)  28957K->23885K(30208K), 0.0008435 secs]
36.380: [GC (Allocation Failure)  29005K->23853K(30208K), 0.0007757 secs]
36.383: [GC (Allocation Failure)  28973K->23853K(30208K), 0.0007404 secs]
36.386: [GC (Allocation Failure)  28973K->23853K(30208K), 0.0007705 secs]
36.389: [GC (Allocation Failure)  28973K->23917K(30208K), 0.0008454 secs]
36.393: [GC (Allocation Failure)  29037K->24029K(30208K), 0.0011505 secs]
36.397: [GC (Allocation Failure)  29149K->24078K(30208K), 0.0011444 secs]
36.402: [GC (Allocation Failure)  29198K->24055K(30208K), 0.0014354 secs]
36.406: [GC (Allocation Failure)  29175K->24144K(30208K), 0.0019826 secs]
36.411: [GC (Allocation Failure)  29264K->24217K(30208K), 0.0009704 secs]
36.415: [GC (Allocation Failure)  29337K->24161K(30208K), 0.0014029 secs]
36.420: [GC (Allocation Failure)  29281K->24233K(30208K), 0.0011568 secs]
36.425: [GC (Allocation Failure)  29353K->24185K(30208K), 0.0016100 secs]
36.430: [GC (Allocation Failure)  29305K->24169K(30208K), 0.0014572 secs]
37.108: [GC (Allocation Failure)  29289K->24393K(30208K), 0.0012238 secs]
37.112: [GC (Allocation Failure)  29513K->24369K(30208K), 0.0013737 secs]
37.117: [GC (Allocation Failure)  29489K->24417K(30208K), 0.0012767 secs]
37.120: [GC (Allocation Failure)  29537K->24425K(30208K), 0.0009166 secs]
37.126: [GC (Allocation Failure)  29545K->24449K(30208K), 0.0013177 secs]
37.130: [GC (Allocation Failure)  29569K->24587K(30208K), 0.0013131 secs]
37.135: [GC (Allocation Failure)  29707K->24644K(30208K), 0.0012050 secs]
37.139: [GC (Allocation Failure)  29764K->24677K(30208K), 0.0022058 secs]
37.141: [Full GC (Ergonomics)  24677K->21023K(30720K), 0.0670215 secs]
37.212: [GC (Allocation Failure)  26143K->21215K(30720K), 0.0017583 secs]
37.218: [GC (Allocation Failure)  26335K->21306K(30720K), 0.0014483 secs]
37.222: [GC (Allocation Failure)  26426K->21338K(30720K), 0.0018817 secs]
37.227: [GC (Allocation Failure)  26458K->21394K(30720K), 0.0011645 secs]
37.231: [GC (Allocation Failure)  26514K->21402K(30720K), 0.0011883 secs]
37.235: [GC (Allocation Failure)  26522K->21346K(30720K), 0.0011259 secs]
37.238: [GC (Allocation Failure)  26466K->21338K(30720K), 0.0009372 secs]
37.242: [GC (Allocation Failure)  26458K->21338K(30720K), 0.0010837 secs]
37.246: [GC (Allocation Failure)  26458K->21346K(30720K), 0.0009595 secs]
37.249: [GC (Allocation Failure)  26466K->21434K(30720K), 0.0011533 secs]
37.253: [GC (Allocation Failure)  26554K->21322K(30720K), 0.0009203 secs]
37.257: [GC (Allocation Failure)  26442K->21418K(30720K), 0.0009047 secs]
37.260: [GC (Allocation Failure)  26538K->21362K(30720K), 0.0007363 secs]
37.263: [GC (Allocation Failure)  26482K->21394K(30720K), 0.0007877 secs]
37.266: [GC (Allocation Failure)  26514K->21378K(30720K), 0.0008492 secs]
40.668: [GC (Allocation Failure)  26498K->21770K(30720K), 0.0017076 secs]
40.673: [GC (Allocation Failure)  26890K->21754K(30720K), 0.0014146 secs]
40.677: [GC (Allocation Failure)  26874K->21706K(30720K), 0.0010369 secs]
40.680: [GC (Allocation Failure)  26826K->21642K(30720K), 0.0008262 secs]
40.684: [GC (Allocation Failure)  26762K->21674K(30720K), 0.0009456 secs]
40.687: [GC (Allocation Failure)  26794K->21714K(30720K), 0.0009355 secs]
40.691: [GC (Allocation Failure)  26834K->21682K(30720K), 0.0007805 secs]
40.694: [GC (Allocation Failure)  26802K->21682K(30720K), 0.0007947 secs]
40.698: [GC (Allocation Failure)  26802K->21682K(30720K), 0.0007409 secs]
40.701: [GC (Allocation Failure)  26802K->21682K(30720K), 0.0008031 secs]
40.704: [GC (Allocation Failure)  26802K->21682K(30720K), 0.0007829 secs]
40.707: [GC (Allocation Failure)  26802K->21650K(30720K), 0.0008413 secs]
40.710: [GC (Allocation Failure)  26770K->21682K(30720K), 0.0008039 secs]
40.713: [GC (Allocation Failure)  26802K->21650K(30720K), 0.0008005 secs]
40.716: [GC (Allocation Failure)  26770K->21682K(30720K), 0.0007963 secs]
40.719: [GC (Allocation Failure)  26802K->21682K(30720K), 0.0007151 secs]
40.722: [GC (Allocation Failure)  26802K->21714K(30720K), 0.0006972 secs]
40.726: [GC (Allocation Failure)  26834K->21770K(30720K), 0.0008037 secs]
40.730: [GC (Allocation Failure)  26890K->21722K(30720K), 0.0010604 secs]
40.734: [GC (Allocation Failure)  26842K->21722K(30720K), 0.0010025 secs]
40.737: [GC (Allocation Failure)  26842K->21802K(30720K), 0.0008350 secs]
40.741: [GC (Allocation Failure)  26922K->21714K(30720K), 0.0009527 secs]
40.744: [GC (Allocation Failure)  26834K->21810K(30720K), 0.0008879 secs]
40.747: [GC (Allocation Failure)  26930K->21810K(30720K), 0.0008603 secs]
40.750: [GC (Allocation Failure)  26930K->21778K(30720K), 0.0008803 secs]
40.753: [GC (Allocation Failure)  26898K->21746K(30720K), 0.0008579 secs]
40.757: [GC (Allocation Failure)  26866K->21778K(30720K), 0.0007745 secs]
40.760: [GC (Allocation Failure)  26898K->21810K(30720K), 0.0006994 secs]
40.763: [GC (Allocation Failure)  26930K->21778K(30720K), 0.0007358 secs]
40.766: [GC (Allocation Failure)  26898K->21810K(30720K), 0.0009177 secs]
40.769: [GC (Allocation Failure)  26930K->21746K(30720K), 0.0007949 secs]
40.772: [GC (Allocation Failure)  26866K->21810K(30720K), 0.0009260 secs]
40.776: [GC (Allocation Failure)  26930K->21842K(30720K), 0.0008719 secs]
40.779: [GC (Allocation Failure)  26962K->21778K(30720K), 0.0008284 secs]
40.782: [GC (Allocation Failure)  26898K->21810K(30720K), 0.0010610 secs]
40.786: [GC (Allocation Failure)  26930K->21786K(30720K), 0.0008585 secs]
40.789: [GC (Allocation Failure)  26906K->21722K(30720K), 0.0007833 secs]
40.792: [GC (Allocation Failure)  26842K->21754K(30720K), 0.0008129 secs]
40.795: [GC (Allocation Failure)  26874K->21786K(30720K), 0.0007113 secs]
40.798: [GC (Allocation Failure)  26906K->21850K(30720K), 0.0007200 secs]
40.801: [GC (Allocation Failure)  26970K->21786K(30720K), 0.0007632 secs]
40.804: [GC (Allocation Failure)  26906K->21754K(30720K), 0.0008120 secs]
40.808: [GC (Allocation Failure)  26874K->21786K(30720K), 0.0007964 secs]
40.811: [GC (Allocation Failure)  26906K->21754K(30720K), 0.0008910 secs]
40.814: [GC (Allocation Failure)  26874K->21786K(30720K), 0.0007729 secs]
40.817: [GC (Allocation Failure)  26906K->21722K(30720K), 0.0007980 secs]
40.820: [GC (Allocation Failure)  26842K->21818K(30720K), 0.0008195 secs]
40.823: [GC (Allocation Failure)  26938K->21850K(30720K), 0.0009141 secs]
40.827: [GC (Allocation Failure)  26970K->21826K(30720K), 0.0009839 secs]
40.830: [GC (Allocation Failure)  26946K->21890K(30720K), 0.0010271 secs]
40.834: [GC (Allocation Failure)  27010K->21842K(30720K), 0.0008693 secs]
40.837: [GC (Allocation Failure)  26962K->21866K(30720K), 0.0010458 secs]
40.841: [GC (Allocation Failure)  26986K->21898K(30720K), 0.0008746 secs]
40.844: [GC (Allocation Failure)  27018K->21898K(30720K), 0.0008127 secs]
40.848: [GC (Allocation Failure)  27018K->21834K(30720K), 0.0008951 secs]
40.851: [GC (Allocation Failure)  26954K->21802K(30720K), 0.0007878 secs]
40.854: [GC (Allocation Failure)  26922K->21866K(30720K), 0.0008228 secs]
40.858: [GC (Allocation Failure)  26986K->21898K(30720K), 0.0007517 secs]
40.861: [GC (Allocation Failure)  27018K->21898K(30720K), 0.0007108 secs]
40.864: [GC (Allocation Failure)  27018K->21866K(30720K), 0.0008071 secs]
40.867: [GC (Allocation Failure)  26986K->21802K(30720K), 0.0007999 secs]
40.870: [GC (Allocation Failure)  26922K->21866K(30720K), 0.0007449 secs]
40.873: [GC (Allocation Failure)  26986K->21834K(30720K), 0.0007660 secs]
40.877: [GC (Allocation Failure)  26954K->21898K(30720K), 0.0007106 secs]
40.880: [GC (Allocation Failure)  27018K->21898K(30720K), 0.0007920 secs]
40.883: [GC (Allocation Failure)  27018K->21866K(30720K), 0.0007480 secs]
40.886: [GC (Allocation Failure)  26986K->21850K(30720K), 0.0008294 secs]
40.889: [GC (Allocation Failure)  26970K->21882K(30720K), 0.0008613 secs]
40.893: [GC (Allocation Failure)  27002K->21882K(30720K), 0.0007235 secs]
40.896: [GC (Allocation Failure)  27002K->21818K(30720K), 0.0009017 secs]
40.899: [GC (Allocation Failure)  26938K->21882K(30720K), 0.0010202 secs]
40.902: [GC (Allocation Failure)  27002K->21882K(30720K), 0.0008318 secs]
40.906: [GC (Allocation Failure)  27002K->21914K(30720K), 0.0007887 secs]
40.909: [GC (Allocation Failure)  27034K->21914K(30720K), 0.0007503 secs]
40.912: [GC (Allocation Failure)  27034K->21818K(30720K), 0.0007587 secs]
40.915: [GC (Allocation Failure)  26938K->21882K(30720K), 0.0009019 secs]
40.918: [GC (Allocation Failure)  27002K->21850K(30720K), 0.0008780 secs]
40.921: [GC (Allocation Failure)  26970K->21914K(30720K), 0.0008210 secs]
40.924: [GC (Allocation Failure)  27034K->21914K(30720K), 0.0008486 secs]
40.928: [GC (Allocation Failure)  27034K->21938K(30720K), 0.0008530 secs]
40.932: [GC (Allocation Failure)  27058K->21978K(30720K), 0.0011643 secs]
40.935: [GC (Allocation Failure)  27098K->21978K(30720K), 0.0008171 secs]
40.939: [GC (Allocation Failure)  27098K->21970K(30720K), 0.0009920 secs]
40.942: [GC (Allocation Failure)  27090K->21938K(30720K), 0.0007893 secs]
40.945: [GC (Allocation Failure)  27058K->21970K(30720K), 0.0007442 secs]
40.949: [GC (Allocation Failure)  27090K->22002K(30720K), 0.0007548 secs]
40.952: [GC (Allocation Failure)  27122K->21970K(30720K), 0.0007232 secs]
40.955: [GC (Allocation Failure)  27090K->21938K(30720K), 0.0006866 secs]
40.958: [GC (Allocation Failure)  27058K->21970K(30720K), 0.0007984 secs]
40.961: [GC (Allocation Failure)  27090K->21970K(30720K), 0.0007976 secs]
40.964: [GC (Allocation Failure)  27090K->21938K(30720K), 0.0008669 secs]
40.967: [GC (Allocation Failure)  27058K->21970K(30720K), 0.0007541 secs]
40.970: [GC (Allocation Failure)  27090K->21938K(30720K), 0.0007494 secs]
40.974: [GC (Allocation Failure)  27058K->21970K(30720K), 0.0008581 secs]
40.977: [GC (Allocation Failure)  27090K->21970K(30720K), 0.0008421 secs]
40.980: [GC (Allocation Failure)  27090K->21938K(30720K), 0.0007376 secs]
40.983: [GC (Allocation Failure)  27058K->22002K(30720K), 0.0006848 secs]
40.986: [GC (Allocation Failure)  27122K->21970K(30720K), 0.0007686 secs]
40.989: [GC (Allocation Failure)  27090K->21978K(30720K), 0.0007959 secs]
40.993: [GC (Allocation Failure)  27098K->21946K(30720K), 0.0008184 secs]
40.996: [GC (Allocation Failure)  27066K->21978K(30720K), 0.0007401 secs]
40.999: [GC (Allocation Failure)  27098K->21978K(30720K), 0.0007183 secs]
41.002: [GC (Allocation Failure)  27098K->22010K(30720K), 0.0007031 secs]
41.005: [GC (Allocation Failure)  27130K->22010K(30720K), 0.0008199 secs]
41.008: [GC (Allocation Failure)  27130K->21946K(30720K), 0.0007301 secs]
41.011: [GC (Allocation Failure)  27066K->21978K(30720K), 0.0007636 secs]
41.015: [GC (Allocation Failure)  27098K->21978K(30720K), 0.0008659 secs]
41.018: [GC (Allocation Failure)  27098K->21978K(30720K), 0.0007706 secs]
41.021: [GC (Allocation Failure)  27098K->21978K(30720K), 0.0007941 secs]
41.024: [GC (Allocation Failure)  27098K->21946K(30720K), 0.0007900 secs]
41.028: [GC (Allocation Failure)  27066K->22042K(30720K), 0.0009658 secs]
41.032: [GC (Allocation Failure)  27162K->22034K(30720K), 0.0012543 secs]
41.036: [GC (Allocation Failure)  27154K->22122K(30720K), 0.0009827 secs]
41.039: [GC (Allocation Failure)  27242K->22018K(30720K), 0.0015872 secs]
41.044: [GC (Allocation Failure)  27138K->21986K(30720K), 0.0011003 secs]
41.048: [GC (Allocation Failure)  27106K->22082K(30720K), 0.0009512 secs]
41.051: [GC (Allocation Failure)  27202K->22050K(30720K), 0.0007595 secs]
41.054: [GC (Allocation Failure)  27170K->22018K(30720K), 0.0008882 secs]
41.057: [GC (Allocation Failure)  27138K->22050K(30720K), 0.0010448 secs]
41.061: [GC (Allocation Failure)  27170K->22018K(30720K), 0.0007661 secs]
41.065: [GC (Allocation Failure)  27138K->21986K(30720K), 0.0007134 secs]
41.068: [GC (Allocation Failure)  27106K->21986K(30720K), 0.0007580 secs]
41.071: [GC (Allocation Failure)  27106K->21986K(30720K), 0.0007482 secs]
41.074: [GC (Allocation Failure)  27106K->22050K(30720K), 0.0008120 secs]
41.077: [GC (Allocation Failure)  27170K->21986K(30720K), 0.0006865 secs]
41.080: [GC (Allocation Failure)  27106K->22018K(30720K), 0.0007584 secs]
41.083: [GC (Allocation Failure)  27138K->21986K(30720K), 0.0007763 secs]
41.087: [GC (Allocation Failure)  27106K->22050K(30720K), 0.0007610 secs]
41.090: [GC (Allocation Failure)  27170K->22066K(30720K), 0.0008972 secs]
41.093: [GC (Allocation Failure)  27186K->22066K(30720K), 0.0007360 secs]
41.096: [GC (Allocation Failure)  27186K->22066K(30720K), 0.0007833 secs]
41.100: [GC (Allocation Failure)  27186K->22098K(30720K), 0.0007803 secs]
41.103: [GC (Allocation Failure)  27218K->22066K(30720K), 0.0007083 secs]
41.106: [GC (Allocation Failure)  27186K->22066K(30720K), 0.0008120 secs]
41.109: [GC (Allocation Failure)  27186K->22066K(30720K), 0.0007947 secs]
41.112: [GC (Allocation Failure)  27186K->22066K(30720K), 0.0007822 secs]
41.115: [GC (Allocation Failure)  27186K->22066K(30720K), 0.0007792 secs]
41.119: [GC (Allocation Failure)  27186K->22066K(30720K), 0.0007359 secs]
41.122: [GC (Allocation Failure)  27186K->22066K(30720K), 0.0007967 secs]
41.125: [GC (Allocation Failure)  27186K->22130K(30720K), 0.0007626 secs]
41.128: [GC (Allocation Failure)  27250K->22194K(30720K), 0.0008332 secs]
41.132: [GC (Allocation Failure)  27314K->22210K(30720K), 0.0010515 secs]
41.136: [GC (Allocation Failure)  27330K->22194K(30720K), 0.0008087 secs]
41.139: [GC (Allocation Failure)  27314K->22186K(30720K), 0.0009665 secs]
41.142: [GC (Allocation Failure)  27306K->22186K(30720K), 0.0008044 secs]
41.146: [GC (Allocation Failure)  27306K->22122K(30720K), 0.0008590 secs]
41.149: [GC (Allocation Failure)  27242K->22090K(30720K), 0.0007357 secs]
41.153: [GC (Allocation Failure)  27210K->22282K(30720K), 0.0009643 secs]
41.156: [GC (Allocation Failure)  27402K->22250K(30720K), 0.0010265 secs]
41.160: [GC (Allocation Failure)  27370K->22130K(30720K), 0.0008156 secs]
41.163: [GC (Allocation Failure)  27250K->22162K(30720K), 0.0008554 secs]
41.166: [GC (Allocation Failure)  27282K->22194K(30720K), 0.0007825 secs]
41.169: [GC (Allocation Failure)  27314K->22194K(30720K), 0.0008611 secs]
41.172: [GC (Allocation Failure)  27314K->22194K(30720K), 0.0007437 secs]
41.175: [GC (Allocation Failure)  27314K->22194K(30720K), 0.0007886 secs]
41.179: [GC (Allocation Failure)  27314K->22130K(30720K), 0.0009382 secs]
41.182: [GC (Allocation Failure)  27250K->22162K(30720K), 0.0008542 secs]
41.185: [GC (Allocation Failure)  27282K->22162K(30720K), 0.0007715 secs]
41.189: [GC (Allocation Failure)  27282K->22226K(30720K), 0.0007820 secs]
41.192: [GC (Allocation Failure)  27346K->22210K(30720K), 0.0007189 secs]
41.195: [GC (Allocation Failure)  27330K->22146K(30720K), 0.0006956 secs]
41.197: [GC (Allocation Failure)  27266K->22242K(30720K), 0.0007270 secs]
41.200: [GC (Allocation Failure)  27362K->22210K(30720K), 0.0007377 secs]
41.203: [GC (Allocation Failure)  27330K->22210K(30720K), 0.0007753 secs]
41.206: [GC (Allocation Failure)  27330K->22178K(30720K), 0.0007546 secs]
41.210: [GC (Allocation Failure)  27298K->22210K(30720K), 0.0007158 secs]
41.213: [GC (Allocation Failure)  27330K->22210K(30720K), 0.0008650 secs]
41.216: [GC (Allocation Failure)  27330K->22178K(30720K), 0.0008002 secs]
41.219: [GC (Allocation Failure)  27298K->22210K(30720K), 0.0007732 secs]
41.222: [GC (Allocation Failure)  27330K->22242K(30720K), 0.0008662 secs]
41.225: [GC (Allocation Failure)  27362K->22274K(30720K), 0.0010390 secs]
41.229: [GC (Allocation Failure)  27394K->22250K(30720K), 0.0008253 secs]
41.233: [GC (Allocation Failure)  27370K->22282K(30720K), 0.0008882 secs]
41.236: [GC (Allocation Failure)  27402K->22242K(30720K), 0.0008954 secs]
41.240: [GC (Allocation Failure)  27362K->22314K(30720K), 0.0010666 secs]
41.244: [GC (Allocation Failure)  27434K->22330K(30720K), 0.0009134 secs]
41.247: [GC (Allocation Failure)  27450K->22266K(30720K), 0.0009283 secs]
41.251: [GC (Allocation Failure)  27386K->22298K(30720K), 0.0007442 secs]
41.254: [GC (Allocation Failure)  27418K->22298K(30720K), 0.0008534 secs]
41.257: [GC (Allocation Failure)  27418K->22266K(30720K), 0.0007840 secs]
41.260: [GC (Allocation Failure)  27386K->22298K(30720K), 0.0007718 secs]
41.263: [GC (Allocation Failure)  27418K->22266K(30720K), 0.0008668 secs]
41.267: [GC (Allocation Failure)  27386K->22266K(30720K), 0.0008654 secs]
41.270: [GC (Allocation Failure)  27386K->22298K(30720K), 0.0008156 secs]
41.273: [GC (Allocation Failure)  27418K->22298K(30720K), 0.0008965 secs]
41.276: [GC (Allocation Failure)  27418K->22298K(30720K), 0.0007574 secs]
41.279: [GC (Allocation Failure)  27418K->22298K(30720K), 0.0007565 secs]
41.282: [GC (Allocation Failure)  27418K->22298K(30720K), 0.0008510 secs]
41.285: [GC (Allocation Failure)  27418K->22298K(30720K), 0.0007321 secs]
41.288: [GC (Allocation Failure)  27418K->22362K(30720K), 0.0007188 secs]
41.291: [GC (Allocation Failure)  27482K->22314K(30720K), 0.0007840 secs]
41.294: [GC (Allocation Failure)  27434K->22314K(30720K), 0.0008635 secs]
41.298: [GC (Allocation Failure)  27434K->22314K(30720K), 0.0008211 secs]
41.301: [GC (Allocation Failure)  27434K->22282K(30720K), 0.0008462 secs]
41.304: [GC (Allocation Failure)  27402K->22314K(30720K), 0.0007640 secs]
41.307: [GC (Allocation Failure)  27434K->22314K(30720K), 0.0007978 secs]
41.311: [GC (Allocation Failure)  27434K->22282K(30720K), 0.0007460 secs]
41.314: [GC (Allocation Failure)  27402K->22282K(30720K), 0.0008598 secs]
41.317: [GC (Allocation Failure)  27402K->22346K(30720K), 0.0007700 secs]
41.320: [GC (Allocation Failure)  27466K->22314K(30720K), 0.0007127 secs]
41.323: [GC (Allocation Failure)  27434K->22314K(30720K), 0.0006941 secs]
41.326: [GC (Allocation Failure)  27434K->22410K(30720K), 0.0007678 secs]
41.329: [GC (Allocation Failure)  27530K->22378K(30720K), 0.0007996 secs]
41.333: [GC (Allocation Failure)  27498K->22474K(30720K), 0.0008843 secs]
41.336: [GC (Allocation Failure)  27594K->22426K(30720K), 0.0008608 secs]
41.340: [GC (Allocation Failure)  27546K->22402K(30720K), 0.0009445 secs]
41.343: [GC (Allocation Failure)  27522K->22418K(30720K), 0.0010367 secs]
41.346: [GC (Allocation Failure)  27538K->22418K(30720K), 0.0007659 secs]
41.350: [GC (Allocation Failure)  27538K->22450K(30720K), 0.0008399 secs]
41.353: [GC (Allocation Failure)  27570K->22418K(30720K), 0.0007154 secs]
41.356: [GC (Allocation Failure)  27538K->22450K(30720K), 0.0007415 secs]
41.359: [GC (Allocation Failure)  27570K->22418K(30720K), 0.0008982 secs]
41.362: [GC (Allocation Failure)  27538K->22450K(30720K), 0.0008027 secs]
41.366: [GC (Allocation Failure)  27570K->22386K(30720K), 0.0013203 secs]
41.370: [GC (Allocation Failure)  27506K->22386K(30720K), 0.0008682 secs]
41.373: [GC (Allocation Failure)  27506K->22386K(30720K), 0.0008214 secs]
41.376: [GC (Allocation Failure)  27506K->22386K(30720K), 0.0007947 secs]
41.379: [GC (Allocation Failure)  27506K->22418K(30720K), 0.0007759 secs]
41.382: [GC (Allocation Failure)  27538K->22386K(30720K), 0.0007474 secs]
41.385: [GC (Allocation Failure)  27506K->22418K(30720K), 0.0007826 secs]
41.388: [GC (Allocation Failure)  27538K->22418K(30720K), 0.0008403 secs]
41.392: [GC (Allocation Failure)  27538K->22418K(30720K), 0.0008392 secs]
41.395: [GC (Allocation Failure)  27538K->22466K(30720K), 0.0007317 secs]
41.398: [GC (Allocation Failure)  27586K->22402K(30720K), 0.0007537 secs]
41.401: [GC (Allocation Failure)  27522K->22434K(30720K), 0.0007842 secs]
41.404: [GC (Allocation Failure)  27554K->22370K(30720K), 0.0008444 secs]
41.407: [GC (Allocation Failure)  27490K->22466K(30720K), 0.0007201 secs]
41.410: [GC (Allocation Failure)  27586K->22402K(30720K), 0.0007687 secs]
41.413: [GC (Allocation Failure)  27522K->22370K(30720K), 0.0008115 secs]
41.416: [GC (Allocation Failure)  27490K->22402K(30720K), 0.0007829 secs]
41.419: [GC (Allocation Failure)  27522K->22402K(30720K), 0.0006720 secs]
41.422: [GC (Allocation Failure)  27522K->22402K(30720K), 0.0007833 secs]
41.426: [GC (Allocation Failure)  27522K->22370K(30720K), 0.0007480 secs]
41.429: [GC (Allocation Failure)  27490K->22530K(30720K), 0.0008671 secs]
41.433: [GC (Allocation Failure)  27650K->22514K(30720K), 0.0012812 secs]
41.437: [GC (Allocation Failure)  27634K->22546K(30720K), 0.0010777 secs]
41.441: [GC (Allocation Failure)  27666K->22562K(30720K), 0.0009263 secs]
41.444: [GC (Allocation Failure)  27682K->22514K(30720K), 0.0008098 secs]
41.448: [GC (Allocation Failure)  27634K->22450K(30720K), 0.0008032 secs]
41.451: [GC (Allocation Failure)  27570K->22450K(30720K), 0.0007802 secs]
41.454: [GC (Allocation Failure)  27570K->22546K(30720K), 0.0008103 secs]
41.457: [GC (Allocation Failure)  27666K->22546K(30720K), 0.0007817 secs]
41.460: [GC (Allocation Failure)  27666K->22514K(30720K), 0.0007661 secs]
41.463: [GC (Allocation Failure)  27634K->22546K(30720K), 0.0009193 secs]
41.466: [GC (Allocation Failure)  27666K->22450K(30720K), 0.0008271 secs]
41.469: [GC (Allocation Failure)  27570K->22514K(30720K), 0.0008117 secs]
41.472: [GC (Allocation Failure)  27634K->22450K(30720K), 0.0007716 secs]
41.476: [GC (Allocation Failure)  27570K->22514K(30720K), 0.0009255 secs]
41.479: [GC (Allocation Failure)  27634K->22514K(30720K), 0.0008106 secs]
41.482: [GC (Allocation Failure)  27634K->22578K(30720K), 0.0008245 secs]
41.485: [GC (Allocation Failure)  27698K->22514K(30720K), 0.0007752 secs]
41.488: [GC (Allocation Failure)  27634K->22482K(30720K), 0.0007801 secs]
41.491: [GC (Allocation Failure)  27602K->22546K(30720K), 0.0008457 secs]
41.494: [GC (Allocation Failure)  27666K->22498K(30720K), 0.0007027 secs]
41.497: [GC (Allocation Failure)  27618K->22530K(30720K), 0.0007351 secs]
41.500: [GC (Allocation Failure)  27650K->22498K(30720K), 0.0007651 secs]
41.503: [GC (Allocation Failure)  27618K->22498K(30720K), 0.0007686 secs]
41.506: [GC (Allocation Failure)  27618K->22498K(30720K), 0.0007532 secs]
41.510: [GC (Allocation Failure)  27618K->22530K(30720K), 0.0007827 secs]
41.513: [GC (Allocation Failure)  27650K->22466K(30720K), 0.0007942 secs]
41.516: [GC (Allocation Failure)  27586K->22530K(30720K), 0.0007757 secs]
41.519: [GC (Allocation Failure)  27650K->22530K(30720K), 0.0008024 secs]
41.522: [GC (Allocation Failure)  27650K->22498K(30720K), 0.0007512 secs]
41.525: [GC (Allocation Failure)  27618K->22466K(30720K), 0.0007432 secs]
41.528: [GC (Allocation Failure)  27586K->22658K(30720K), 0.0007817 secs]
41.532: [GC (Allocation Failure)  27778K->22634K(30720K), 0.0008687 secs]
41.536: [GC (Allocation Failure)  27754K->22610K(30720K), 0.0008769 secs]
41.539: [GC (Allocation Failure)  27730K->22586K(30720K), 0.0009463 secs]
41.542: [GC (Allocation Failure)  27706K->22586K(30720K), 0.0008837 secs]
41.546: [GC (Allocation Failure)  27706K->22538K(30720K), 0.0008085 secs]
41.549: [GC (Allocation Failure)  27658K->22602K(30720K), 0.0010384 secs]
41.552: [GC (Allocation Failure)  27722K->22634K(30720K), 0.0008177 secs]
41.555: [GC (Allocation Failure)  27754K->22634K(30720K), 0.0007873 secs]
41.559: [GC (Allocation Failure)  27754K->22634K(30720K), 0.0008070 secs]
41.562: [GC (Allocation Failure)  27754K->22602K(30720K), 0.0007582 secs]
41.565: [GC (Allocation Failure)  27722K->22634K(30720K), 0.0007427 secs]
41.568: [GC (Allocation Failure)  27754K->22570K(30720K), 0.0007400 secs]
41.570: [GC (Allocation Failure)  27690K->22570K(30720K), 0.0007389 secs]
41.574: [GC (Allocation Failure)  27690K->22602K(30720K), 0.0008402 secs]
41.577: [GC (Allocation Failure)  27722K->22634K(30720K), 0.0007732 secs]
41.580: [GC (Allocation Failure)  27754K->22602K(30720K), 0.0007803 secs]
41.583: [GC (Allocation Failure)  27722K->22602K(30720K), 0.0008063 secs]
41.586: [GC (Allocation Failure)  27722K->22570K(30720K), 0.0007822 secs]
41.590: [GC (Allocation Failure)  27690K->22602K(30720K), 0.0008019 secs]
41.593: [GC (Allocation Failure)  27722K->22602K(30720K), 0.0007156 secs]
41.596: [GC (Allocation Failure)  27722K->22554K(30720K), 0.0007766 secs]
41.599: [GC (Allocation Failure)  27674K->22618K(30720K), 0.0007662 secs]
41.602: [GC (Allocation Failure)  27738K->22618K(30720K), 0.0008047 secs]
41.605: [GC (Allocation Failure)  27738K->22618K(30720K), 0.0007771 secs]
41.609: [GC (Allocation Failure)  27738K->22626K(30720K), 0.0007857 secs]
41.612: [GC (Allocation Failure)  27746K->22594K(30720K), 0.0009333 secs]
41.615: [GC (Allocation Failure)  27714K->22626K(30720K), 0.0008016 secs]
41.618: [GC (Allocation Failure)  27746K->22658K(30720K), 0.0007297 secs]
41.621: [GC (Allocation Failure)  27778K->22594K(30720K), 0.0007012 secs]
41.624: [GC (Allocation Failure)  27714K->22626K(30720K), 0.0008024 secs]
41.628: [GC (Allocation Failure)  27746K->22754K(30720K), 0.0007767 secs]
41.631: [GC (Allocation Failure)  27874K->22754K(30720K), 0.0007770 secs]
41.634: [GC (Allocation Failure)  27874K->22754K(30720K), 0.0013000 secs]
41.638: [GC (Allocation Failure)  27874K->22626K(30720K), 0.0008281 secs]
41.642: [GC (Allocation Failure)  27746K->22658K(30720K), 0.0010311 secs]
41.645: [GC (Allocation Failure)  27778K->22794K(30720K), 0.0008450 secs]
41.648: [GC (Allocation Failure)  27914K->22874K(30720K), 0.0008908 secs]
41.652: [GC (Allocation Failure)  27994K->22867K(30720K), 0.0010535 secs]
41.657: [GC (Allocation Failure)  27987K->22907K(30720K), 0.0013594 secs]
41.661: [GC (Allocation Failure)  28027K->22811K(30720K), 0.0011289 secs]
41.665: [GC (Allocation Failure)  27931K->22939K(30720K), 0.0013599 secs]
41.669: [GC (Allocation Failure)  28059K->22963K(30720K), 0.0009362 secs]
41.672: [GC (Allocation Failure)  28083K->22875K(30720K), 0.0014707 secs]
41.676: [GC (Allocation Failure)  27995K->22907K(30720K), 0.0009390 secs]
41.679: [GC (Allocation Failure)  28027K->22875K(30720K), 0.0009609 secs]
41.682: [GC (Allocation Failure)  27995K->22907K(30720K), 0.0008458 secs]
41.685: [GC (Allocation Failure)  28027K->22939K(30720K), 0.0008519 secs]
41.689: [GC (Allocation Failure)  28059K->22907K(30720K), 0.0007769 secs]
41.692: [GC (Allocation Failure)  28027K->22875K(30720K), 0.0007930 secs]
41.695: [GC (Allocation Failure)  27995K->22907K(30720K), 0.0007506 secs]
41.698: [GC (Allocation Failure)  28027K->22907K(30720K), 0.0008454 secs]
41.701: [GC (Allocation Failure)  28027K->22971K(30720K), 0.0008343 secs]
41.704: [GC (Allocation Failure)  28091K->23067K(30720K), 0.0007934 secs]
41.708: [GC (Allocation Failure)  28187K->23059K(30720K), 0.0009017 secs]
41.711: [GC (Allocation Failure)  28179K->23062K(30720K), 0.0009995 secs]
41.715: [GC (Allocation Failure)  28182K->22974K(30720K), 0.0010900 secs]
41.718: [GC (Allocation Failure)  28094K->23038K(30720K), 0.0007257 secs]
41.721: [GC (Allocation Failure)  28158K->23038K(30720K), 0.0007281 secs]
41.724: [GC (Allocation Failure)  28158K->23070K(30720K), 0.0008547 secs]
41.727: [GC (Allocation Failure)  28190K->22974K(30720K), 0.0008355 secs]
41.731: [GC (Allocation Failure)  28094K->23134K(30720K), 0.0009918 secs]
41.734: [GC (Allocation Failure)  28254K->23174K(30720K), 0.0008664 secs]
41.738: [GC (Allocation Failure)  28294K->23126K(30720K), 0.0008024 secs]
41.741: [GC (Allocation Failure)  28246K->23102K(30720K), 0.0009539 secs]
41.745: [GC (Allocation Failure)  28222K->23102K(30720K), 0.0008689 secs]
41.748: [GC (Allocation Failure)  28222K->23134K(30720K), 0.0007333 secs]
41.751: [GC (Allocation Failure)  28254K->23102K(30720K), 0.0008706 secs]
41.754: [GC (Allocation Failure)  28222K->23070K(30720K), 0.0007924 secs]
41.757: [GC (Allocation Failure)  28190K->23198K(30720K), 0.0007777 secs]
41.760: [GC (Allocation Failure)  28318K->23222K(30720K), 0.0009558 secs]
41.764: [GC (Allocation Failure)  28342K->23216K(30720K), 0.0010695 secs]
41.768: [GC (Allocation Failure)  28336K->23184K(30720K), 0.0008893 secs]
41.771: [GC (Allocation Failure)  28304K->23192K(30720K), 0.0010404 secs]
41.775: [GC (Allocation Failure)  28312K->23128K(30720K), 0.0009138 secs]
41.779: [GC (Allocation Failure)  28248K->23192K(30720K), 0.0008871 secs]
41.782: [GC (Allocation Failure)  28312K->23160K(30720K), 0.0008580 secs]
41.785: [GC (Allocation Failure)  28280K->23256K(30720K), 0.0007826 secs]
41.788: [GC (Allocation Failure)  28376K->23192K(30720K), 0.0007898 secs]
41.792: [GC (Allocation Failure)  28312K->23224K(30720K), 0.0007307 secs]
41.795: [GC (Allocation Failure)  28344K->23160K(30720K), 0.0007868 secs]
41.798: [GC (Allocation Failure)  28280K->23224K(30720K), 0.0008090 secs]
41.801: [GC (Allocation Failure)  28344K->23192K(30720K), 0.0007883 secs]
41.804: [GC (Allocation Failure)  28312K->23224K(30720K), 0.0007389 secs]
41.807: [GC (Allocation Failure)  28344K->23160K(30720K), 0.0009447 secs]
41.810: [GC (Allocation Failure)  28280K->23224K(30720K), 0.0007861 secs]
41.814: [GC (Allocation Failure)  28344K->23328K(30720K), 0.0007791 secs]
41.817: [GC (Allocation Failure)  28448K->23322K(30720K), 0.0009709 secs]
41.821: [GC (Allocation Failure)  28442K->23274K(30720K), 0.0009723 secs]
41.825: [GC (Allocation Failure)  28394K->23282K(30720K), 0.0008754 secs]
41.828: [GC (Allocation Failure)  28402K->23282K(30720K), 0.0007847 secs]
41.832: [GC (Allocation Failure)  28402K->23378K(30720K), 0.0008167 secs]
41.836: [GC (Allocation Failure)  28498K->23410K(30720K), 0.0010849 secs]
41.840: [GC (Allocation Failure)  28530K->23442K(30720K), 0.0013037 secs]
41.844: [GC (Allocation Failure)  28562K->23386K(30720K), 0.0010280 secs]
41.847: [GC (Allocation Failure)  28506K->23386K(30720K), 0.0008482 secs]
41.850: [GC (Allocation Failure)  28506K->23418K(30720K), 0.0008832 secs]
41.853: [GC (Allocation Failure)  28538K->23386K(30720K), 0.0008141 secs]
41.857: [GC (Allocation Failure)  28506K->23386K(30720K), 0.0009685 secs]
41.860: [GC (Allocation Failure)  28506K->23354K(30720K), 0.0008573 secs]
41.863: [GC (Allocation Failure)  28474K->23450K(30720K), 0.0008260 secs]
41.866: [GC (Allocation Failure)  28570K->23562K(30720K), 0.0010050 secs]
41.870: [GC (Allocation Failure)  28682K->23469K(30720K), 0.0009395 secs]
41.874: [GC (Allocation Failure)  28589K->23509K(30720K), 0.0011591 secs]
41.877: [GC (Allocation Failure)  28629K->23517K(30720K), 0.0008764 secs]
41.881: [GC (Allocation Failure)  28637K->23485K(30720K), 0.0008098 secs]
41.884: [GC (Allocation Failure)  28605K->23485K(30720K), 0.0010170 secs]
41.888: [GC (Allocation Failure)  28605K->23517K(30720K), 0.0007403 secs]
41.891: [GC (Allocation Failure)  28637K->23517K(30720K), 0.0008462 secs]
41.894: [GC (Allocation Failure)  28637K->23549K(30720K), 0.0007232 secs]
41.897: [GC (Allocation Failure)  28669K->23485K(30720K), 0.0007069 secs]
41.900: [GC (Allocation Failure)  28605K->23517K(30720K), 0.0009809 secs]
41.904: [GC (Allocation Failure)  28637K->23485K(30720K), 0.0009111 secs]
41.907: [GC (Allocation Failure)  28605K->23517K(30720K), 0.0008066 secs]
41.910: [GC (Allocation Failure)  28637K->23517K(30720K), 0.0007667 secs]
41.914: [GC (Allocation Failure)  28637K->23485K(30720K), 0.0008241 secs]
41.917: [GC (Allocation Failure)  28605K->23645K(30720K), 0.0007370 secs]
41.920: [GC (Allocation Failure)  28765K->23709K(30720K), 0.0008686 secs]
41.924: [GC (Allocation Failure)  28829K->23624K(30720K), 0.0011605 secs]
41.928: [GC (Allocation Failure)  28744K->23680K(30720K), 0.0008511 secs]
41.931: [GC (Allocation Failure)  28800K->23720K(30720K), 0.0009547 secs]
41.935: [GC (Allocation Failure)  28840K->23808K(30720K), 0.0008671 secs]
41.938: [GC (Allocation Failure)  28928K->23680K(30720K), 0.0011693 secs]
41.942: [GC (Allocation Failure)  28800K->23776K(30720K), 0.0010330 secs]
41.946: [GC (Allocation Failure)  28896K->23752K(30720K), 0.0008197 secs]
41.949: [GC (Allocation Failure)  28872K->23720K(30720K), 0.0007845 secs]
41.952: [GC (Allocation Failure)  28840K->23656K(30720K), 0.0007547 secs]
41.955: [GC (Allocation Failure)  28776K->23752K(30720K), 0.0010549 secs]
41.958: [GC (Allocation Failure)  28872K->23752K(30720K), 0.0008074 secs]
41.961: [GC (Allocation Failure)  28872K->23720K(30720K), 0.0008014 secs]
41.964: [GC (Allocation Failure)  28840K->23656K(30720K), 0.0007511 secs]
41.967: [GC (Allocation Failure)  28776K->23720K(30720K), 0.0006913 secs]
41.970: [GC (Allocation Failure)  28840K->23784K(30720K), 0.0007778 secs]
41.974: [GC (Allocation Failure)  28904K->23888K(30720K), 0.0012926 secs]
41.978: [GC (Allocation Failure)  29008K->23931K(30720K), 0.0009113 secs]
41.981: [GC (Allocation Failure)  29051K->23771K(30720K), 0.0007760 secs]
41.984: [GC (Allocation Failure)  28891K->23867K(30720K), 0.0007287 secs]
41.987: [GC (Allocation Failure)  28987K->23771K(30720K), 0.0007463 secs]
41.991: [GC (Allocation Failure)  28891K->23771K(30720K), 0.0009038 secs]
41.994: [GC (Allocation Failure)  28891K->23835K(30720K), 0.0008275 secs]
41.997: [GC (Allocation Failure)  28955K->23835K(30720K), 0.0007662 secs]
42.000: [GC (Allocation Failure)  28955K->23803K(30720K), 0.0007964 secs]
42.004: [GC (Allocation Failure)  28923K->23803K(30720K), 0.0008267 secs]
42.007: [GC (Allocation Failure)  28923K->23803K(30720K), 0.0008247 secs]
42.010: [GC (Allocation Failure)  28923K->23803K(30720K), 0.0007729 secs]
42.013: [GC (Allocation Failure)  28923K->23771K(30720K), 0.0008286 secs]
42.016: [GC (Allocation Failure)  28891K->23771K(30720K), 0.0007564 secs]
42.019: [GC (Allocation Failure)  28891K->23835K(30720K), 0.0008025 secs]
42.023: [GC (Allocation Failure)  28955K->23835K(30720K), 0.0008953 secs]
42.026: [GC (Allocation Failure)  28955K->23931K(30720K), 0.0008282 secs]
42.029: [GC (Allocation Failure)  29051K->23995K(30720K), 0.0008168 secs]
42.034: [GC (Allocation Failure)  29115K->23974K(30720K), 0.0009785 secs]
42.038: [GC (Allocation Failure)  29094K->24062K(30720K), 0.0016319 secs]
42.044: [GC (Allocation Failure)  29182K->24030K(30720K), 0.0014556 secs]
42.048: [GC (Allocation Failure)  29150K->24006K(30720K), 0.0012450 secs]
42.052: [GC (Allocation Failure)  29126K->23974K(30720K), 0.0008228 secs]
42.055: [GC (Allocation Failure)  29094K->24006K(30720K), 0.0008353 secs]
42.058: [GC (Allocation Failure)  29126K->23974K(30720K), 0.0010040 secs]
42.062: [GC (Allocation Failure)  29094K->24102K(30720K), 0.0011784 secs]
42.066: [GC (Allocation Failure)  29222K->24094K(30720K), 0.0010731 secs]
42.069: [GC (Allocation Failure)  29214K->24062K(30720K), 0.0011457 secs]
42.073: [GC (Allocation Failure)  29182K->24094K(30720K), 0.0009720 secs]
42.076: [GC (Allocation Failure)  29214K->24094K(30720K), 0.0010013 secs]
42.079: [GC (Allocation Failure)  29214K->24190K(30720K), 0.0010327 secs]
42.083: [GC (Allocation Failure)  29310K->24206K(30720K), 0.0011227 secs]
42.087: [GC (Allocation Failure)  29326K->24185K(30720K), 0.0013464 secs]
42.091: [GC (Allocation Failure)  29305K->24161K(30720K), 0.0012306 secs]
42.095: [GC (Allocation Failure)  29281K->24161K(30720K), 0.0011027 secs]
42.098: [GC (Allocation Failure)  29281K->24129K(30720K), 0.0012554 secs]
42.102: [GC (Allocation Failure)  29249K->24129K(30720K), 0.0011608 secs]
42.106: [GC (Allocation Failure)  29249K->24193K(30720K), 0.0012045 secs]
42.110: [GC (Allocation Failure)  29313K->24193K(30720K), 0.0010708 secs]
42.113: [GC (Allocation Failure)  29313K->24161K(30720K), 0.0011425 secs]
42.117: [GC (Allocation Failure)  29281K->24161K(30720K), 0.0012036 secs]
42.120: [GC (Allocation Failure)  29281K->24161K(30720K), 0.0010836 secs]
42.124: [GC (Allocation Failure)  29281K->24129K(30720K), 0.0011504 secs]
42.128: [GC (Allocation Failure)  29249K->24161K(30720K), 0.0010945 secs]
42.132: [GC (Allocation Failure)  29281K->24225K(30720K), 0.0012389 secs]
42.136: [GC (Allocation Failure)  29345K->24305K(30720K), 0.0014260 secs]
42.140: [GC (Allocation Failure)  29425K->24401K(30720K), 0.0013815 secs]
42.145: [GC (Allocation Failure)  29521K->24386K(30720K), 0.0016029 secs]
42.150: [GC (Allocation Failure)  29506K->24354K(30720K), 0.0014711 secs]
42.154: [GC (Allocation Failure)  29474K->24394K(30720K), 0.0017396 secs]
42.159: [GC (Allocation Failure)  29514K->24426K(30720K), 0.0011840 secs]
42.162: [GC (Allocation Failure)  29546K->24402K(30720K), 0.0013431 secs]
42.166: [GC (Allocation Failure)  29522K->24370K(30720K), 0.0012734 secs]
42.170: [GC (Allocation Failure)  29490K->24434K(30720K), 0.0010363 secs]
42.174: [GC (Allocation Failure)  29554K->24338K(30720K), 0.0012965 secs]
42.177: [GC (Allocation Failure)  29458K->24370K(30720K), 0.0011458 secs]
42.181: [GC (Allocation Failure)  29490K->24434K(30720K), 0.0014711 secs]
42.185: [GC (Allocation Failure)  29554K->24338K(30720K), 0.0011456 secs]
42.189: [GC (Allocation Failure)  29458K->24434K(30720K), 0.0009402 secs]
42.193: [GC (Allocation Failure)  29554K->24490K(30720K), 0.0013926 secs]
42.197: [GC (Allocation Failure)  29610K->24491K(30720K), 0.0013620 secs]
42.201: [GC (Allocation Failure)  29611K->24499K(30720K), 0.0013351 secs]
42.205: [GC (Allocation Failure)  29619K->24467K(30720K), 0.0010664 secs]
42.209: [GC (Allocation Failure)  29587K->24499K(30720K), 0.0011607 secs]
42.212: [GC (Allocation Failure)  29619K->24403K(30720K), 0.0012953 secs]
42.216: [GC (Allocation Failure)  29523K->24435K(30720K), 0.0011856 secs]
42.220: [GC (Allocation Failure)  29555K->24403K(30720K), 0.0009213 secs]
42.223: [GC (Allocation Failure)  29523K->24435K(30720K), 0.0011521 secs]
42.227: [GC (Allocation Failure)  29555K->24435K(30720K), 0.0011293 secs]
42.231: [GC (Allocation Failure)  29555K->24467K(30720K), 0.0011977 secs]
42.235: [GC (Allocation Failure)  29587K->24499K(30720K), 0.0012898 secs]
42.239: [GC (Allocation Failure)  29619K->24547K(30720K), 0.0013948 secs]
42.244: [GC (Allocation Failure)  29667K->24619K(30720K), 0.0014055 secs]
42.248: [GC (Allocation Failure)  29739K->24619K(30720K), 0.0016599 secs]
42.252: [GC (Allocation Failure)  29739K->24630K(30720K), 0.0012363 secs]
42.256: [GC (Allocation Failure)  29750K->24638K(30720K), 0.0013113 secs]
42.260: [GC (Allocation Failure)  29758K->24606K(30720K), 0.0012806 secs]
42.264: [GC (Allocation Failure)  29726K->24670K(30720K), 0.0013066 secs]
42.268: [GC (Allocation Failure)  29790K->24606K(30720K), 0.0010310 secs]
42.271: [GC (Allocation Failure)  29726K->24606K(30720K), 0.0013104 secs]
42.275: [GC (Allocation Failure)  29726K->24638K(30720K), 0.0011690 secs]
42.279: [GC (Allocation Failure)  29758K->24670K(30720K), 0.0011849 secs]
42.282: [GC (Allocation Failure)  29790K->24574K(30720K), 0.0012062 secs]
42.286: [GC (Allocation Failure)  29694K->24606K(30720K), 0.0011897 secs]
42.289: [GC (Allocation Failure)  29726K->24638K(30720K), 0.0010517 secs]
42.293: [GC (Allocation Failure)  29758K->24638K(30720K), 0.0011815 secs]
42.297: [GC (Allocation Failure)  29758K->24670K(30720K), 0.0010813 secs]
42.301: [GC (Allocation Failure)  29790K->24774K(30720K), 0.0012490 secs]
42.305: [GC (Allocation Failure)  29894K->24721K(30720K), 0.0015598 secs]
42.309: [GC (Allocation Failure)  29841K->24793K(30720K), 0.0012451 secs]
42.313: [GC (Allocation Failure)  29913K->24769K(30720K), 0.0011168 secs]
42.316: [GC (Allocation Failure)  29889K->24737K(30720K), 0.0011431 secs]
42.320: [GC (Allocation Failure)  29857K->24737K(30720K), 0.0012290 secs]
42.324: [GC (Allocation Failure)  29857K->24769K(30720K), 0.0011775 secs]
42.327: [GC (Allocation Failure)  29889K->24737K(30720K), 0.0010099 secs]
42.331: [GC (Allocation Failure)  29857K->24769K(30720K), 0.0011688 secs]
42.336: [GC (Allocation Failure)  29889K->24833K(30720K), 0.0018519 secs]
42.340: [GC (Allocation Failure)  29953K->24873K(30720K), 0.0016554 secs]
42.345: [GC (Allocation Failure)  29993K->24897K(30720K), 0.0013955 secs]
42.349: [GC (Allocation Failure)  30017K->24865K(30720K), 0.0013878 secs]
42.352: [GC (Allocation Failure)  29985K->24969K(30720K), 0.0011828 secs]
42.356: [GC (Allocation Failure)  30089K->24953K(30720K), 0.0016527 secs]
42.361: [GC (Allocation Failure)  30073K->25020K(30720K), 0.0011304 secs]
42.364: [GC (Allocation Failure)  30140K->24900K(30720K), 0.0013158 secs]
42.368: [GC (Allocation Failure)  30020K->24932K(30720K), 0.0011615 secs]
42.372: [GC (Allocation Failure)  30052K->24964K(30720K), 0.0014312 secs]
42.376: [GC (Allocation Failure)  30084K->24932K(30720K), 0.0012251 secs]
42.379: [GC (Allocation Failure)  30052K->24964K(30720K), 0.0011284 secs]
42.383: [GC (Allocation Failure)  30084K->24932K(30720K), 0.0012482 secs]
42.387: [GC (Allocation Failure)  30052K->24932K(30720K), 0.0011575 secs]
42.391: [GC (Allocation Failure)  30052K->24964K(30720K), 0.0012072 secs]
42.395: [GC (Allocation Failure)  30084K->24900K(30720K), 0.0011630 secs]
42.398: [GC (Allocation Failure)  30020K->24932K(30720K), 0.0013115 secs]
42.402: [GC (Allocation Failure)  30052K->24932K(30720K), 0.0012393 secs]
42.406: [GC (Allocation Failure)  30052K->25028K(30720K), 0.0012715 secs]
42.410: [GC (Allocation Failure)  30148K->25092K(30720K), 0.0011667 secs]
42.414: [GC (Allocation Failure)  30212K->25135K(30720K), 0.0010918 secs]
42.418: [GC (Allocation Failure)  30255K->25015K(30720K), 0.0011965 secs]
42.422: [GC (Allocation Failure)  30135K->25047K(30720K), 0.0012815 secs]
42.425: [GC (Allocation Failure)  30167K->25015K(30720K), 0.0011121 secs]
42.429: [GC (Allocation Failure)  30135K->25047K(30720K), 0.0012787 secs]
42.433: [GC (Allocation Failure)  30167K->25047K(30720K), 0.0011368 secs]
42.436: [GC (Allocation Failure)  30167K->25143K(30720K), 0.0013486 secs]
42.441: [GC (Allocation Failure)  30263K->25135K(30720K), 0.0012866 secs]
42.445: [GC (Allocation Failure)  30255K->25087K(30720K), 0.0013809 secs]
42.449: [GC (Allocation Failure)  30207K->25151K(30720K), 0.0013070 secs]
42.452: [GC (Allocation Failure)  30271K->25063K(30720K), 0.0011768 secs]
42.456: [GC (Allocation Failure)  30183K->25127K(30720K), 0.0013057 secs]
42.460: [GC (Allocation Failure)  30247K->25255K(30720K), 0.0012631 secs]
42.464: [GC (Allocation Failure)  30375K->25287K(30720K), 0.0017825 secs]
42.466: [Full GC (Ergonomics)  25287K->20938K(30720K), 0.0747227 secs]
42.545: [GC (Allocation Failure)  26058K->21162K(30720K), 0.0019566 secs]
42.550: [GC (Allocation Failure)  26282K->21234K(30720K), 0.0015564 secs]
42.555: [GC (Allocation Failure)  26354K->21205K(30720K), 0.0014861 secs]
42.559: [GC (Allocation Failure)  26325K->21293K(30720K), 0.0015066 secs]
42.564: [GC (Allocation Failure)  26413K->21277K(30720K), 0.0012062 secs]
42.567: [GC (Allocation Failure)  26397K->21285K(30720K), 0.0010826 secs]
42.571: [GC (Allocation Failure)  26405K->21229K(30720K), 0.0010489 secs]
42.574: [GC (Allocation Failure)  26349K->21325K(30720K), 0.0010668 secs]
42.578: [GC (Allocation Failure)  26445K->21261K(30720K), 0.0009780 secs]
42.581: [GC (Allocation Failure)  26381K->21197K(30720K), 0.0010694 secs]
42.584: [GC (Allocation Failure)  26317K->21229K(30720K), 0.0010940 secs]
42.588: [GC (Allocation Failure)  26349K->21229K(30720K), 0.0011000 secs]
42.591: [GC (Allocation Failure)  26349K->21229K(30720K), 0.0010132 secs]
42.595: [GC (Allocation Failure)  26349K->21229K(30720K), 0.0010899 secs]
42.598: [GC (Allocation Failure)  26349K->21261K(30720K), 0.0011994 secs]
42.602: [GC (Allocation Failure)  26381K->21365K(30720K), 0.0012316 secs]
42.606: [GC (Allocation Failure)  26485K->21414K(30720K), 0.0014100 secs]
42.610: [GC (Allocation Failure)  26534K->21390K(30720K), 0.0010766 secs]
42.614: [GC (Allocation Failure)  26510K->21334K(30720K), 0.0011042 secs]
42.617: [GC (Allocation Failure)  26454K->21366K(30720K), 0.0011500 secs]
42.621: [GC (Allocation Failure)  26486K->21366K(30720K), 0.0010840 secs]
42.624: [GC (Allocation Failure)  26486K->21366K(30720K), 0.0010925 secs]
42.628: [GC (Allocation Failure)  26486K->21366K(30720K), 0.0010234 secs]
42.631: [GC (Allocation Failure)  26486K->21334K(30720K), 0.0010362 secs]
42.635: [GC (Allocation Failure)  26454K->21366K(30720K), 0.0010642 secs]
42.638: [GC (Allocation Failure)  26486K->21398K(30720K), 0.0010788 secs]
42.641: [GC (Allocation Failure)  26518K->21366K(30720K), 0.0010834 secs]
42.645: [GC (Allocation Failure)  26486K->21430K(30720K), 0.0014356 secs]
42.649: [GC (Allocation Failure)  26550K->21422K(30720K), 0.0016458 secs]
42.654: [GC (Allocation Failure)  26542K->21558K(30720K), 0.0015059 secs]
42.666: [GC (Allocation Failure)  26678K->21566K(30720K), 0.0012999 secs]
42.677: [GC (Allocation Failure)  26686K->21510K(30720K), 0.0012798 secs]
42.681: [GC (Allocation Failure)  26630K->21602K(30720K), 0.0010378 secs]
42.685: [GC (Allocation Failure)  26722K->21620K(30720K), 0.0011657 secs]
42.689: [GC (Allocation Failure)  26740K->21564K(30720K), 0.0012149 secs]
42.692: [GC (Allocation Failure)  26684K->21564K(30720K), 0.0011957 secs]
42.696: [GC (Allocation Failure)  26684K->21564K(30720K), 0.0008221 secs]
42.699: [GC (Allocation Failure)  26684K->21564K(30720K), 0.0011346 secs]
42.703: [GC (Allocation Failure)  26684K->21532K(30720K), 0.0008027 secs]
42.706: [GC (Allocation Failure)  26652K->21532K(30720K), 0.0012547 secs]
42.710: [GC (Allocation Failure)  26652K->21532K(30720K), 0.0011481 secs]
42.713: [GC (Allocation Failure)  26652K->21564K(30720K), 0.0010854 secs]
42.717: [GC (Allocation Failure)  26684K->21564K(30720K), 0.0010837 secs]
42.720: [GC (Allocation Failure)  26684K->21564K(30720K), 0.0010335 secs]
42.724: [GC (Allocation Failure)  26684K->21564K(30720K), 0.0012127 secs]
42.727: [GC (Allocation Failure)  26684K->21564K(30720K), 0.0011027 secs]
42.731: [GC (Allocation Failure)  26684K->21692K(30720K), 0.0010378 secs]
42.734: [GC (Allocation Failure)  26812K->21692K(30720K), 0.0011410 secs]
42.738: [GC (Allocation Failure)  26812K->21735K(30720K), 0.0012247 secs]
42.742: [GC (Allocation Failure)  26855K->21679K(30720K), 0.0012237 secs]
42.746: [GC (Allocation Failure)  26799K->21807K(30720K), 0.0013182 secs]
42.750: [GC (Allocation Failure)  26927K->21775K(30720K), 0.0011045 secs]
42.754: [GC (Allocation Failure)  26895K->21735K(30720K), 0.0011315 secs]
42.758: [GC (Allocation Failure)  26855K->21743K(30720K), 0.0011045 secs]
42.761: [GC (Allocation Failure)  26863K->21807K(30720K), 0.0011191 secs]
42.765: [GC (Allocation Failure)  26927K->21775K(30720K), 0.0011085 secs]
42.769: [GC (Allocation Failure)  26895K->21743K(30720K), 0.0011849 secs]
42.772: [GC (Allocation Failure)  26863K->21743K(30720K), 0.0013014 secs]
42.776: [GC (Allocation Failure)  26863K->21743K(30720K), 0.0013979 secs]
42.780: [GC (Allocation Failure)  26863K->21775K(30720K), 0.0010897 secs]
42.784: [GC (Allocation Failure)  26895K->21871K(30720K), 0.0011103 secs]
42.787: [GC (Allocation Failure)  26991K->21959K(30720K), 0.0011804 secs]
42.791: [GC (Allocation Failure)  27079K->21938K(30720K), 0.0011100 secs]
42.795: [GC (Allocation Failure)  27058K->21938K(30720K), 0.0011969 secs]
42.799: [GC (Allocation Failure)  27058K->21946K(30720K), 0.0010908 secs]
42.802: [GC (Allocation Failure)  27066K->21850K(30720K), 0.0011336 secs]
42.806: [GC (Allocation Failure)  26970K->21882K(30720K), 0.0011836 secs]
42.809: [GC (Allocation Failure)  27002K->21850K(30720K), 0.0010752 secs]
42.813: [GC (Allocation Failure)  26970K->21882K(30720K), 0.0011129 secs]
42.816: [GC (Allocation Failure)  27002K->21882K(30720K), 0.0009702 secs]
42.819: [GC (Allocation Failure)  27002K->21882K(30720K), 0.0011133 secs]
42.823: [GC (Allocation Failure)  27002K->21882K(30720K), 0.0011454 secs]
42.826: [GC (Allocation Failure)  27002K->21914K(30720K), 0.0010868 secs]
42.830: [GC (Allocation Failure)  27034K->21882K(30720K), 0.0010510 secs]
42.833: [GC (Allocation Failure)  27002K->21882K(30720K), 0.0010778 secs]
42.837: [GC (Allocation Failure)  27002K->21946K(30720K), 0.0011116 secs]
42.841: [GC (GCLocker Initiated GC)  27066K->22050K(30720K), 0.0010696 secs]
42.844: [GC (Allocation Failure)  27174K->22057K(30720K), 0.0011866 secs]
42.848: [GC (Allocation Failure)  27177K->22065K(30720K), 0.0013541 secs]
42.853: [GC (Allocation Failure)  27185K->22089K(30720K), 0.0012038 secs]
42.857: [GC (Allocation Failure)  27209K->22121K(30720K), 0.0014879 secs]
42.861: [GC (Allocation Failure)  27241K->22065K(30720K), 0.0011183 secs]
42.864: [GC (Allocation Failure)  27185K->22097K(30720K), 0.0011290 secs]
42.867: [GC (Allocation Failure)  27217K->22129K(30720K), 0.0011688 secs]
42.871: [GC (Allocation Failure)  27249K->22129K(30720K), 0.0011391 secs]
42.876: [GC (Allocation Failure)  27249K->22065K(30720K), 0.0012609 secs]
42.880: [GC (Allocation Failure)  27185K->22065K(30720K), 0.0012455 secs]
42.884: [GC (Allocation Failure)  27185K->22097K(30720K), 0.0011301 secs]
42.887: [GC (Allocation Failure)  27217K->22097K(30720K), 0.0012329 secs]
42.891: [GC (Allocation Failure)  27217K->22161K(30720K), 0.0011266 secs]
42.894: [GC (Allocation Failure)  27281K->22209K(30720K), 0.0015173 secs]
42.898: [GC (Allocation Failure)  27329K->22204K(30720K), 0.0014537 secs]
42.902: [GC (Allocation Failure)  27324K->22212K(30720K), 0.0011482 secs]
42.906: [GC (Allocation Failure)  27332K->22220K(30720K), 0.0011683 secs]
42.910: [GC (Allocation Failure)  27340K->22220K(30720K), 0.0010363 secs]
42.913: [GC (Allocation Failure)  27340K->22188K(30720K), 0.0011460 secs]
42.916: [GC (Allocation Failure)  27308K->22188K(30720K), 0.0010583 secs]
42.920: [GC (Allocation Failure)  27308K->22220K(30720K), 0.0009606 secs]
42.923: [GC (Allocation Failure)  27340K->22188K(30720K), 0.0011293 secs]
42.926: [GC (Allocation Failure)  27308K->22188K(30720K), 0.0011226 secs]
42.930: [GC (Allocation Failure)  27308K->22220K(30720K), 0.0010490 secs]
42.933: [GC (Allocation Failure)  27340K->22220K(30720K), 0.0011072 secs]
42.936: [GC (Allocation Failure)  27340K->22220K(30720K), 0.0010588 secs]
42.940: [GC (Allocation Failure)  27340K->22188K(30720K), 0.0012098 secs]
42.943: [GC (Allocation Failure)  27308K->22188K(30720K), 0.0010299 secs]
42.947: [GC (Allocation Failure)  27308K->22348K(30720K), 0.0011813 secs]
42.951: [GC (Allocation Failure)  27468K->22348K(30720K), 0.0011989 secs]
42.955: [GC (Allocation Failure)  27468K->22359K(30720K), 0.0020515 secs]
42.959: [GC (Allocation Failure)  27479K->22287K(30720K), 0.0011062 secs]
42.963: [GC (Allocation Failure)  27407K->22359K(30720K), 0.0012807 secs]
42.967: [GC (Allocation Failure)  27479K->22327K(30720K), 0.0012474 secs]
42.970: [GC (Allocation Failure)  27447K->22295K(30720K), 0.0011140 secs]
42.974: [GC (Allocation Failure)  27415K->22327K(30720K), 0.0011700 secs]
42.977: [GC (Allocation Failure)  27447K->22359K(30720K), 0.0011438 secs]
42.981: [GC (Allocation Failure)  27479K->22327K(30720K), 0.0011003 secs]
42.984: [GC (Allocation Failure)  27447K->22359K(30720K), 0.0009416 secs]
42.988: [GC (Allocation Failure)  27479K->22327K(30720K), 0.0010311 secs]
42.991: [GC (Allocation Failure)  27447K->22327K(30720K), 0.0010393 secs]
42.994: [GC (Allocation Failure)  27447K->22327K(30720K), 0.0010677 secs]
42.998: [GC (Allocation Failure)  27447K->22359K(30720K), 0.0010446 secs]
43.001: [GC (Allocation Failure)  27479K->22423K(30720K), 0.0010856 secs]
43.004: [GC (Allocation Failure)  27543K->22463K(30720K), 0.0013176 secs]
43.008: [GC (Allocation Failure)  27583K->22530K(30720K), 0.0012705 secs]
43.012: [GC (Allocation Failure)  27650K->22498K(30720K), 0.0010825 secs]
43.015: [GC (Allocation Failure)  27618K->22442K(30720K), 0.0010598 secs]
43.019: [GC (Allocation Failure)  27562K->22442K(30720K), 0.0010151 secs]
43.022: [GC (Allocation Failure)  27562K->22474K(30720K), 0.0014737 secs]
43.026: [GC (Allocation Failure)  27594K->22410K(30720K), 0.0009608 secs]
43.029: [GC (Allocation Failure)  27530K->22474K(30720K), 0.0012663 secs]
43.033: [GC (Allocation Failure)  27594K->22410K(30720K), 0.0010531 secs]
43.036: [GC (Allocation Failure)  27530K->22474K(30720K), 0.0011818 secs]
43.040: [GC (Allocation Failure)  27594K->22442K(30720K), 0.0014756 secs]
43.044: [GC (Allocation Failure)  27562K->22410K(30720K), 0.0012495 secs]
43.048: [GC (Allocation Failure)  27530K->22538K(30720K), 0.0013736 secs]
43.052: [GC (Allocation Failure)  27658K->22578K(30720K), 0.0013332 secs]
43.057: [GC (Allocation Failure)  27698K->22650K(30720K), 0.0013680 secs]
43.061: [GC (Allocation Failure)  27770K->22634K(30720K), 0.0013402 secs]
43.065: [GC (Allocation Failure)  27754K->22636K(30720K), 0.0012853 secs]
43.069: [GC (Allocation Failure)  27756K->22668K(30720K), 0.0010832 secs]
43.072: [GC (Allocation Failure)  27788K->22644K(30720K), 0.0012066 secs]
43.076: [GC (Allocation Failure)  27764K->22580K(30720K), 0.0012155 secs]
43.079: [GC (Allocation Failure)  27700K->22612K(30720K), 0.0010955 secs]
43.083: [GC (Allocation Failure)  27732K->22612K(30720K), 0.0012434 secs]
43.086: [GC (Allocation Failure)  27732K->22644K(30720K), 0.0011811 secs]
43.090: [GC (Allocation Failure)  27764K->22580K(30720K), 0.0010659 secs]
43.093: [GC (Allocation Failure)  27700K->22644K(30720K), 0.0010351 secs]
43.097: [GC (Allocation Failure)  27764K->22612K(30720K), 0.0010696 secs]
43.100: [GC (Allocation Failure)  27732K->22580K(30720K), 0.0010976 secs]
43.104: [GC (Allocation Failure)  27700K->22644K(30720K), 0.0010258 secs]
43.107: [GC (Allocation Failure)  27764K->22644K(30720K), 0.0010730 secs]
43.111: [GC (Allocation Failure)  27764K->22708K(30720K), 0.0010107 secs]
43.114: [GC (Allocation Failure)  27828K->22788K(30720K), 0.0012034 secs]
43.118: [GC (Allocation Failure)  27908K->22823K(30720K), 0.0011793 secs]
43.121: [GC (Allocation Failure)  27943K->22799K(30720K), 0.0010539 secs]
43.125: [GC (Allocation Failure)  27919K->22775K(30720K), 0.0011207 secs]
43.129: [GC (Allocation Failure)  27895K->22711K(30720K), 0.0011614 secs]
43.132: [GC (Allocation Failure)  27831K->22743K(30720K), 0.0010755 secs]
43.136: [GC (Allocation Failure)  27863K->22711K(30720K), 0.0010862 secs]
43.139: [GC (Allocation Failure)  27831K->22743K(30720K), 0.0010533 secs]
43.143: [GC (Allocation Failure)  27863K->22743K(30720K), 0.0011193 secs]
43.146: [GC (Allocation Failure)  27863K->22775K(30720K), 0.0014609 secs]
43.150: [GC (Allocation Failure)  27895K->22815K(30720K), 0.0011143 secs]
43.154: [GC (Allocation Failure)  27935K->22879K(30720K), 0.0011324 secs]
43.158: [GC (Allocation Failure)  27999K->22903K(30720K), 0.0013052 secs]
43.162: [GC (Allocation Failure)  28023K->22887K(30720K), 0.0012856 secs]
43.166: [GC (Allocation Failure)  28007K->22951K(30720K), 0.0011684 secs]
43.170: [GC (Allocation Failure)  28071K->23015K(30720K), 0.0012809 secs]
43.174: [GC (Allocation Failure)  28135K->23049K(30720K), 0.0011058 secs]
43.178: [GC (Allocation Failure)  28169K->22961K(30720K), 0.0011472 secs]
43.181: [GC (Allocation Failure)  28081K->22993K(30720K), 0.0011085 secs]
43.185: [GC (Allocation Failure)  28113K->22961K(30720K), 0.0010323 secs]
43.188: [GC (Allocation Failure)  28081K->22929K(30720K), 0.0010353 secs]
43.192: [GC (Allocation Failure)  28049K->22961K(30720K), 0.0010552 secs]
43.195: [GC (Allocation Failure)  28081K->22993K(30720K), 0.0011869 secs]
43.198: [GC (Allocation Failure)  28113K->22993K(30720K), 0.0010398 secs]
43.202: [GC (Allocation Failure)  28113K->22961K(30720K), 0.0010548 secs]
43.205: [GC (Allocation Failure)  28081K->22961K(30720K), 0.0011106 secs]
43.209: [GC (Allocation Failure)  28081K->22993K(30720K), 0.0010822 secs]
43.212: [GC (Allocation Failure)  28113K->23025K(30720K), 0.0011201 secs]
43.215: [GC (Allocation Failure)  28145K->22961K(30720K), 0.0010194 secs]
43.219: [GC (Allocation Failure)  28081K->23121K(30720K), 0.0010319 secs]
43.229: [GC (Allocation Failure)  28241K->23113K(30720K), 0.0011751 secs]
43.232: [GC (Allocation Failure)  28233K->23137K(30720K), 0.0012500 secs]
43.236: [GC (Allocation Failure)  28257K->23148K(30720K), 0.0011125 secs]
43.240: [GC (Allocation Failure)  28268K->23116K(30720K), 0.0013027 secs]
43.244: [GC (Allocation Failure)  28236K->23156K(30720K), 0.0012130 secs]
43.248: [GC (Allocation Failure)  28276K->23220K(30720K), 0.0010141 secs]
43.251: [GC (Allocation Failure)  28340K->23244K(30720K), 0.0014273 secs]
43.255: [GC (Allocation Failure)  28364K->23228K(30720K), 0.0012562 secs]
43.259: [GC (Allocation Failure)  28348K->23204K(30720K), 0.0011835 secs]
43.263: [GC (Allocation Failure)  28324K->23204K(30720K), 0.0011044 secs]
43.266: [GC (Allocation Failure)  28324K->23172K(30720K), 0.0010804 secs]
43.269: [GC (Allocation Failure)  28292K->23204K(30720K), 0.0010201 secs]
43.273: [GC (Allocation Failure)  28324K->23172K(30720K), 0.0013144 secs]
43.276: [GC (Allocation Failure)  28292K->23204K(30720K), 0.0011755 secs]
43.280: [GC (Allocation Failure)  28324K->23172K(30720K), 0.0011108 secs]
43.283: [GC (Allocation Failure)  28292K->23300K(30720K), 0.0011069 secs]
43.287: [GC (Allocation Failure)  28420K->23300K(30720K), 0.0011822 secs]
43.291: [GC (Allocation Failure)  28420K->23334K(30720K), 0.0011334 secs]
43.294: [GC (Allocation Failure)  28454K->23278K(30720K), 0.0010995 secs]
43.298: [GC (Allocation Failure)  28398K->23278K(30720K), 0.0010668 secs]
43.301: [GC (Allocation Failure)  28398K->23278K(30720K), 0.0010569 secs]
43.305: [GC (Allocation Failure)  28398K->23310K(30720K), 0.0009871 secs]
43.308: [GC (Allocation Failure)  28430K->23310K(30720K), 0.0011268 secs]
43.312: [GC (Allocation Failure)  28430K->23310K(30720K), 0.0010897 secs]
43.315: [GC (Allocation Failure)  28430K->23310K(30720K), 0.0010172 secs]
43.319: [GC (Allocation Failure)  28430K->23278K(30720K), 0.0010602 secs]
43.322: [GC (Allocation Failure)  28398K->23310K(30720K), 0.0011284 secs]
43.325: [GC (Allocation Failure)  28430K->23246K(30720K), 0.0011412 secs]
43.329: [GC (Allocation Failure)  28366K->23278K(30720K), 0.0010812 secs]
43.332: [GC (Allocation Failure)  28398K->23278K(30720K), 0.0011157 secs]
43.335: [GC (Allocation Failure)  28398K->23374K(30720K), 0.0010809 secs]
43.339: [GC (GCLocker Initiated GC)  28494K->23422K(30720K), 0.0010353 secs]
43.343: [GC (Allocation Failure)  28546K->23428K(30720K), 0.0011887 secs]
43.347: [GC (Allocation Failure)  28548K->23412K(30720K), 0.0014255 secs]
43.351: [GC (Allocation Failure)  28532K->23492K(30720K), 0.0011810 secs]
43.355: [GC (Allocation Failure)  28612K->23460K(30720K), 0.0011982 secs]
43.359: [GC (Allocation Failure)  28580K->23500K(30720K), 0.0013969 secs]
43.363: [GC (Allocation Failure)  28620K->23468K(30720K), 0.0011333 secs]
43.366: [GC (Allocation Failure)  28588K->23476K(30720K), 0.0011011 secs]
43.369: [GC (Allocation Failure)  28596K->23476K(30720K), 0.0009646 secs]
43.373: [GC (Allocation Failure)  28596K->23476K(30720K), 0.0011995 secs]
43.376: [GC (Allocation Failure)  28596K->23476K(30720K), 0.0010495 secs]
43.380: [GC (Allocation Failure)  28596K->23476K(30720K), 0.0010332 secs]
43.384: [GC (Allocation Failure)  28596K->23540K(30720K), 0.0011350 secs]
43.387: [GC (Allocation Failure)  28660K->23444K(30720K), 0.0011396 secs]
43.391: [GC (Allocation Failure)  28564K->23572K(30720K), 0.0010696 secs]
43.394: [GC (Allocation Failure)  28692K->23676K(30720K), 0.0011188 secs]
43.398: [GC (Allocation Failure)  28796K->23679K(30720K), 0.0011784 secs]
43.402: [GC (Allocation Failure)  28799K->23647K(30720K), 0.0016390 secs]
43.407: [GC (Allocation Failure)  28767K->23591K(30720K), 0.0017146 secs]
43.412: [GC (Allocation Failure)  28711K->23655K(30720K), 0.0012873 secs]
43.415: [GC (Allocation Failure)  28775K->23663K(30720K), 0.0011393 secs]
43.419: [GC (Allocation Failure)  28783K->23639K(30720K), 0.0011907 secs]
43.423: [GC (Allocation Failure)  28759K->23639K(30720K), 0.0012436 secs]
43.427: [GC (Allocation Failure)  28759K->23639K(30720K), 0.0013522 secs]
43.431: [GC (Allocation Failure)  28759K->23639K(30720K), 0.0012002 secs]
43.434: [GC (Allocation Failure)  28759K->23639K(30720K), 0.0011477 secs]
43.438: [GC (Allocation Failure)  28759K->23639K(30720K), 0.0011928 secs]
43.442: [GC (Allocation Failure)  28759K->23639K(30720K), 0.0013080 secs]
43.446: [GC (Allocation Failure)  28759K->23735K(30720K), 0.0010227 secs]
43.450: [GC (Allocation Failure)  28855K->23791K(30720K), 0.0014096 secs]
43.454: [GC (Allocation Failure)  28911K->23803K(30720K), 0.0012332 secs]
43.459: [GC (Allocation Failure)  28923K->23803K(30720K), 0.0012038 secs]
43.462: [GC (Allocation Failure)  28923K->23779K(30720K), 0.0011127 secs]
43.466: [GC (Allocation Failure)  28899K->23811K(30720K), 0.0013250 secs]
43.470: [GC (Allocation Failure)  28931K->23779K(30720K), 0.0011947 secs]
43.473: [GC (Allocation Failure)  28899K->23747K(30720K), 0.0012769 secs]
43.477: [GC (Allocation Failure)  28867K->23779K(30720K), 0.0012075 secs]
43.480: [GC (Allocation Failure)  28899K->23747K(30720K), 0.0010954 secs]
43.484: [GC (Allocation Failure)  28867K->23779K(30720K), 0.0010364 secs]
43.487: [GC (Allocation Failure)  28899K->23811K(30720K), 0.0011261 secs]
43.491: [GC (Allocation Failure)  28931K->23779K(30720K), 0.0007398 secs]
43.494: [GC (Allocation Failure)  28899K->23747K(30720K), 0.0010982 secs]
43.497: [GC (Allocation Failure)  28867K->23779K(30720K), 0.0010266 secs]
43.501: [GC (Allocation Failure)  28899K->23939K(30720K), 0.0010736 secs]
43.504: [GC (Allocation Failure)  29059K->23907K(30720K), 0.0011054 secs]
43.508: [GC (Allocation Failure)  29027K->23950K(30720K), 0.0011252 secs]
43.511: [GC (Allocation Failure)  29070K->23894K(30720K), 0.0010349 secs]
43.515: [GC (Allocation Failure)  29014K->23894K(30720K), 0.0010685 secs]
43.518: [GC (Allocation Failure)  29014K->23862K(30720K), 0.0007477 secs]
43.521: [GC (Allocation Failure)  28982K->23926K(30720K), 0.0011049 secs]
43.525: [GC (Allocation Failure)  29046K->23894K(30720K), 0.0011036 secs]
43.529: [GC (Allocation Failure)  29014K->23862K(30720K), 0.0011074 secs]
43.532: [GC (Allocation Failure)  28982K->23926K(30720K), 0.0010750 secs]
43.536: [GC (Allocation Failure)  29046K->23958K(30720K), 0.0010322 secs]
43.539: [GC (Allocation Failure)  29078K->23958K(30720K), 0.0009799 secs]
43.542: [GC (Allocation Failure)  29078K->23926K(30720K), 0.0010506 secs]
43.546: [GC (Allocation Failure)  29046K->23894K(30720K), 0.0010205 secs]
43.549: [GC (Allocation Failure)  29014K->23958K(30720K), 0.0010633 secs]
43.553: [GC (Allocation Failure)  29078K->24062K(30720K), 0.0011717 secs]
43.557: [GC (Allocation Failure)  29182K->24094K(30720K), 0.0014191 secs]
43.562: [GC (Allocation Failure)  29214K->24105K(30720K), 0.0014868 secs]
43.566: [GC (Allocation Failure)  29225K->24081K(30720K), 0.0012981 secs]
43.570: [GC (Allocation Failure)  29201K->24081K(30720K), 0.0011471 secs]
43.573: [GC (Allocation Failure)  29201K->23993K(30720K), 0.0009459 secs]
43.577: [GC (Allocation Failure)  29113K->24025K(30720K), 0.0011921 secs]
43.580: [GC (Allocation Failure)  29145K->24057K(30720K), 0.0010579 secs]
43.584: [GC (Allocation Failure)  29177K->24057K(30720K), 0.0009933 secs]
43.587: [GC (Allocation Failure)  29177K->24057K(30720K), 0.0011398 secs]
43.591: [GC (Allocation Failure)  29177K->24089K(30720K), 0.0011293 secs]
43.594: [GC (Allocation Failure)  29209K->24089K(30720K), 0.0010560 secs]
43.598: [GC (Allocation Failure)  29209K->24025K(30720K), 0.0010735 secs]
43.601: [GC (Allocation Failure)  29145K->24057K(30720K), 0.0010913 secs]
43.604: [GC (Allocation Failure)  29177K->24057K(30720K), 0.0011496 secs]
43.608: [GC (Allocation Failure)  29177K->24153K(30720K), 0.0011484 secs]
43.612: [GC (Allocation Failure)  29273K->24217K(30720K), 0.0010898 secs]
43.616: [GC (Allocation Failure)  29337K->24196K(30720K), 0.0010721 secs]
43.619: [GC (Allocation Failure)  29316K->24172K(30720K), 0.0010483 secs]
43.622: [GC (Allocation Failure)  29292K->24140K(30720K), 0.0012293 secs]
43.626: [GC (Allocation Failure)  29260K->24140K(30720K), 0.0011153 secs]
43.630: [GC (Allocation Failure)  29260K->24172K(30720K), 0.0010284 secs]
43.633: [GC (Allocation Failure)  29292K->24204K(30720K), 0.0011137 secs]
43.636: [GC (Allocation Failure)  29324K->24172K(30720K), 0.0010029 secs]
43.640: [GC (Allocation Failure)  29292K->24204K(30720K), 0.0010002 secs]
43.643: [GC (Allocation Failure)  29324K->24172K(30720K), 0.0009926 secs]
43.646: [GC (Allocation Failure)  29292K->24204K(30720K), 0.0011521 secs]
43.650: [GC (Allocation Failure)  29324K->24236K(30720K), 0.0010994 secs]
43.653: [GC (Allocation Failure)  29356K->24196K(30720K), 0.0010803 secs]
43.657: [GC (Allocation Failure)  29316K->24292K(30720K), 0.0011329 secs]
43.661: [GC (Allocation Failure)  29412K->24300K(30720K), 0.0013860 secs]
43.666: [GC (Allocation Failure)  29420K->24380K(30720K), 0.0013882 secs]
43.670: [GC (Allocation Failure)  29500K->24414K(30720K), 0.0012104 secs]
43.675: [GC (Allocation Failure)  29534K->24414K(30720K), 0.0013655 secs]
43.679: [GC (Allocation Failure)  29534K->24438K(30720K), 0.0009154 secs]
43.682: [GC (Allocation Failure)  29558K->24438K(30720K), 0.0009571 secs]
43.685: [GC (Allocation Failure)  29558K->24374K(30720K), 0.0007749 secs]
43.688: [GC (Allocation Failure)  29494K->24374K(30720K), 0.0009116 secs]
43.692: [GC (Allocation Failure)  29494K->24374K(30720K), 0.0008130 secs]
43.695: [GC (Allocation Failure)  29494K->24406K(30720K), 0.0008567 secs]
43.698: [GC (Allocation Failure)  29526K->24438K(30720K), 0.0008429 secs]
43.701: [GC (Allocation Failure)  29558K->24374K(30720K), 0.0007059 secs]
43.704: [GC (Allocation Failure)  29494K->24374K(30720K), 0.0007409 secs]
44.378: [GC (Allocation Failure)  29494K->24566K(30720K), 0.0014392 secs]
44.382: [GC (Allocation Failure)  29686K->24590K(30720K), 0.0018312 secs]
44.387: [GC (Allocation Failure)  29710K->24614K(30720K), 0.0012382 secs]
44.391: [GC (Allocation Failure)  29734K->24590K(30720K), 0.0012346 secs]
44.394: [GC (Allocation Failure)  29710K->24526K(30720K), 0.0012518 secs]
44.398: [GC (Allocation Failure)  29646K->24534K(30720K), 0.0010762 secs]
44.402: [GC (Allocation Failure)  29654K->24550K(30720K), 0.0011160 secs]
44.405: [GC (Allocation Failure)  29670K->24614K(30720K), 0.0011494 secs]
44.409: [GC (Allocation Failure)  29734K->24558K(30720K), 0.0011740 secs]
44.412: [GC (Allocation Failure)  29678K->24590K(30720K), 0.0011623 secs]
44.416: [GC (Allocation Failure)  29710K->24494K(30720K), 0.0007714 secs]
44.419: [GC (Allocation Failure)  29614K->24654K(30720K), 0.0011233 secs]
44.423: [GC (Allocation Failure)  29774K->24718K(30720K), 0.0011330 secs]
44.426: [GC (Allocation Failure)  29838K->24751K(30720K), 0.0012766 secs]
44.431: [GC (Allocation Failure)  29871K->24799K(30720K), 0.0015206 secs]
44.436: [GC (Allocation Failure)  29919K->24850K(30720K), 0.0013062 secs]
44.441: [GC (Allocation Failure)  29970K->24882K(30720K), 0.0015710 secs]
44.446: [GC (Allocation Failure)  30002K->25012K(30720K), 0.0013767 secs]
44.451: [GC (Allocation Failure)  30132K->24998K(30720K), 0.0012941 secs]
44.454: [GC (Allocation Failure)  30118K->25078K(30720K), 0.0012351 secs]
44.459: [GC (Allocation Failure)  30198K->25046K(30720K), 0.0014109 secs]
44.464: [GC (Allocation Failure)  30166K->25070K(30720K), 0.0013991 secs]
44.468: [GC (Allocation Failure)  30190K->25046K(30720K), 0.0015974 secs]
44.472: [GC (Allocation Failure)  30166K->25078K(30720K), 0.0011151 secs]
44.475: [GC (Allocation Failure)  30198K->25054K(30720K), 0.0014990 secs]
44.479: [GC (Allocation Failure)  30174K->25118K(30720K), 0.0010192 secs]
44.483: [GC (Allocation Failure)  30238K->25062K(30720K), 0.0008876 secs]
44.486: [GC (Allocation Failure)  30182K->25102K(30720K), 0.0010765 secs]
44.490: [GC (Allocation Failure)  30222K->25078K(30720K), 0.0008119 secs]
44.493: [GC (Allocation Failure)  30198K->25046K(30720K), 0.0010706 secs]
44.496: [GC (Allocation Failure)  30166K->25110K(30720K), 0.0010569 secs]
44.500: [GC (Allocation Failure)  30230K->25142K(30720K), 0.0011670 secs]
44.503: [GC (Allocation Failure)  30262K->25198K(30720K), 0.0010543 secs]
44.507: [GC (Allocation Failure)  30318K->25174K(30720K), 0.0010701 secs]
44.508: [Full GC (Ergonomics)  25174K->21055K(30720K), 0.0744077 secs]
44.586: [GC (Allocation Failure)  26175K->21311K(30720K), 0.0017482 secs]
44.590: [GC (Allocation Failure)  26431K->21319K(30720K), 0.0019851 secs]
44.595: [GC (Allocation Failure)  26439K->21327K(30720K), 0.0014160 secs]
44.599: [GC (Allocation Failure)  26447K->21375K(30720K), 0.0011668 secs]
44.603: [GC (Allocation Failure)  26495K->21295K(30720K), 0.0011934 secs]
44.607: [GC (Allocation Failure)  26415K->21327K(30720K), 0.0012524 secs]
44.611: [GC (Allocation Failure)  26447K->21383K(30720K), 0.0010914 secs]
44.614: [GC (Allocation Failure)  26503K->21287K(30720K), 0.0012027 secs]
44.618: [GC (Allocation Failure)  26407K->21319K(30720K), 0.0010859 secs]
44.621: [GC (Allocation Failure)  26439K->21319K(30720K), 0.0011404 secs]
44.625: [GC (Allocation Failure)  26439K->21383K(30720K), 0.0011551 secs]
44.628: [GC (Allocation Failure)  26503K->21359K(30720K), 0.0010952 secs]
44.632: [GC (Allocation Failure)  26479K->21327K(30720K), 0.0010470 secs]
44.635: [GC (Allocation Failure)  26447K->21391K(30720K), 0.0011096 secs]
44.639: [GC (Allocation Failure)  26511K->21343K(30720K), 0.0011046 secs]
44.642: [GC (Allocation Failure)  26463K->21407K(30720K), 0.0010845 secs]
44.646: [GC (Allocation Failure)  26527K->21343K(30720K), 0.0013457 secs]
44.650: [GC (Allocation Failure)  26463K->21343K(30720K), 0.0011030 secs]
44.653: [GC (Allocation Failure)  26463K->21343K(30720K), 0.0010562 secs]
44.656: [GC (Allocation Failure)  26463K->21375K(30720K), 0.0012104 secs]
44.660: [GC (Allocation Failure)  26495K->21375K(30720K), 0.0010926 secs]
44.663: [GC (Allocation Failure)  26495K->21375K(30720K), 0.0011965 secs]
44.667: [GC (Allocation Failure)  26495K->21311K(30720K), 0.0011455 secs]
44.670: [GC (Allocation Failure)  26431K->21343K(30720K), 0.0011285 secs]
44.674: [GC (Allocation Failure)  26463K->21375K(30720K), 0.0010099 secs]
44.677: [GC (Allocation Failure)  26495K->21375K(30720K), 0.0010671 secs]
44.681: [GC (Allocation Failure)  26495K->21311K(30720K), 0.0009388 secs]
44.685: [GC (Allocation Failure)  26431K->21471K(30720K), 0.0017159 secs]
44.690: [GC (Allocation Failure)  26591K->21439K(30720K), 0.0015686 secs]
44.694: [GC (Allocation Failure)  26559K->21439K(30720K), 0.0017531 secs]
48.382: [GC (Allocation Failure)  26559K->21791K(30720K), 0.0017659 secs]
51.287: [GC (Allocation Failure)  26911K->21751K(30720K), 0.0013089 secs]
51.291: [GC (Allocation Failure)  26871K->21648K(30720K), 0.0015198 secs]
51.295: [GC (Allocation Failure)  26768K->21664K(30720K), 0.0010553 secs]
51.299: [GC (Allocation Failure)  26784K->21608K(30720K), 0.0008396 secs]
51.302: [GC (Allocation Failure)  26728K->21576K(30720K), 0.0008493 secs]
51.305: [GC (Allocation Failure)  26696K->21576K(30720K), 0.0012107 secs]
51.310: [GC (Allocation Failure)  26696K->21704K(30720K), 0.0011723 secs]
51.314: [GC (Allocation Failure)  26824K->21728K(30720K), 0.0011407 secs]
51.318: [GC (Allocation Failure)  26848K->21801K(30720K), 0.0009995 secs]
51.322: [GC (Allocation Failure)  26921K->21745K(30720K), 0.0011281 secs]
51.326: [GC (Allocation Failure)  26865K->21721K(30720K), 0.0008849 secs]
51.329: [GC (Allocation Failure)  26841K->21721K(30720K), 0.0008136 secs]
51.332: [GC (Allocation Failure)  26841K->21721K(30720K), 0.0008634 secs]
51.335: [GC (Allocation Failure)  26841K->21721K(30720K), 0.0007817 secs]
51.339: [GC (Allocation Failure)  26841K->21721K(30720K), 0.0007683 secs]
51.342: [GC (Allocation Failure)  26841K->21657K(30720K), 0.0007751 secs]
51.345: [GC (Allocation Failure)  26777K->21721K(30720K), 0.0007358 secs]
51.348: [GC (Allocation Failure)  26841K->21689K(30720K), 0.0008567 secs]
51.351: [GC (Allocation Failure)  26809K->21753K(30720K), 0.0008170 secs]
51.354: [GC (Allocation Failure)  26873K->21753K(30720K), 0.0007835 secs]
51.357: [GC (Allocation Failure)  26873K->21753K(30720K), 0.0008264 secs]
51.361: [GC (Allocation Failure)  26873K->21689K(30720K), 0.0006936 secs]
51.363: [GC (Allocation Failure)  26809K->21689K(30720K), 0.0007385 secs]
51.366: [GC (Allocation Failure)  26809K->21881K(30720K), 0.0009159 secs]
51.370: [GC (Allocation Failure)  27001K->21884K(30720K), 0.0008249 secs]
51.374: [GC (Allocation Failure)  27004K->21820K(30720K), 0.0009262 secs]
51.377: [GC (Allocation Failure)  26940K->21820K(30720K), 0.0009029 secs]
51.380: [GC (Allocation Failure)  26940K->21788K(30720K), 0.0008749 secs]
51.383: [GC (Allocation Failure)  26908K->21852K(30720K), 0.0008058 secs]
51.387: [GC (Allocation Failure)  26972K->21852K(30720K), 0.0007328 secs]
51.390: [GC (Allocation Failure)  26972K->21820K(30720K), 0.0008924 secs]
51.393: [GC (Allocation Failure)  26940K->21756K(30720K), 0.0009118 secs]
51.396: [GC (Allocation Failure)  26876K->21820K(30720K), 0.0008983 secs]
51.399: [GC (Allocation Failure)  26940K->21820K(30720K), 0.0007382 secs]
51.402: [GC (Allocation Failure)  26940K->21788K(30720K), 0.0007556 secs]
51.406: [GC (Allocation Failure)  26908K->21852K(30720K), 0.0009473 secs]
51.409: [GC (Allocation Failure)  26972K->21916K(30720K), 0.0008760 secs]
51.413: [GC (Allocation Failure)  27036K->21948K(30720K), 0.0009617 secs]
51.416: [GC (Allocation Failure)  27068K->21948K(30720K), 0.0009289 secs]
51.420: [GC (Allocation Failure)  27068K->22060K(30720K), 0.0009130 secs]
51.424: [GC (Allocation Failure)  27180K->22031K(30720K), 0.0010553 secs]
51.427: [GC (Allocation Failure)  27151K->21975K(30720K), 0.0007693 secs]
51.431: [GC (Allocation Failure)  27095K->21975K(30720K), 0.0008226 secs]
51.434: [GC (Allocation Failure)  27095K->22007K(30720K), 0.0008617 secs]
51.437: [GC (Allocation Failure)  27127K->22039K(30720K), 0.0008380 secs]
51.441: [GC (Allocation Failure)  27159K->22007K(30720K), 0.0008689 secs]
51.444: [GC (Allocation Failure)  27127K->22039K(30720K), 0.0008496 secs]
51.447: [GC (Allocation Failure)  27159K->22007K(30720K), 0.0007224 secs]
51.450: [GC (Allocation Failure)  27127K->22071K(30720K), 0.0007515 secs]
51.453: [GC (Allocation Failure)  27191K->22007K(30720K), 0.0007109 secs]
51.457: [GC (Allocation Failure)  27127K->22007K(30720K), 0.0007270 secs]
51.460: [GC (Allocation Failure)  27127K->22007K(30720K), 0.0008614 secs]
51.463: [GC (Allocation Failure)  27127K->21943K(30720K), 0.0007820 secs]
51.466: [GC (Allocation Failure)  27063K->21975K(30720K), 0.0007748 secs]
51.469: [GC (Allocation Failure)  27095K->22167K(30720K), 0.0008919 secs]
51.473: [GC (Allocation Failure)  27287K->22151K(30720K), 0.0010329 secs]
51.477: [GC (Allocation Failure)  27271K->22042K(30720K), 0.0009309 secs]
51.481: [GC (Allocation Failure)  27162K->22138K(30720K), 0.0007438 secs]
51.484: [GC (Allocation Failure)  27258K->22114K(30720K), 0.0007763 secs]
51.487: [GC (Allocation Failure)  27234K->22114K(30720K), 0.0007507 secs]
51.490: [GC (Allocation Failure)  27234K->22114K(30720K), 0.0007590 secs]
51.493: [GC (Allocation Failure)  27234K->22114K(30720K), 0.0007589 secs]
51.496: [GC (Allocation Failure)  27234K->22050K(30720K), 0.0008738 secs]
51.499: [GC (Allocation Failure)  27170K->22146K(30720K), 0.0007126 secs]
51.502: [GC (Allocation Failure)  27266K->22114K(30720K), 0.0007919 secs]
51.505: [GC (Allocation Failure)  27234K->22114K(30720K), 0.0007483 secs]
51.509: [GC (Allocation Failure)  27234K->22210K(30720K), 0.0008090 secs]
51.512: [GC (Allocation Failure)  27330K->22234K(30720K), 0.0008582 secs]
51.515: [GC (Allocation Failure)  27354K->22218K(30720K), 0.0009298 secs]
51.519: [GC (Allocation Failure)  27338K->22218K(30720K), 0.0009019 secs]
51.522: [GC (Allocation Failure)  27338K->22194K(30720K), 0.0012044 secs]
51.526: [GC (Allocation Failure)  27314K->22394K(30720K), 0.0009850 secs]
51.530: [GC (Allocation Failure)  27514K->22315K(30720K), 0.0009931 secs]
51.534: [GC (Allocation Failure)  27435K->22227K(30720K), 0.0007616 secs]
51.537: [GC (Allocation Failure)  27347K->22259K(30720K), 0.0007061 secs]
51.540: [GC (Allocation Failure)  27379K->22291K(30720K), 0.0009484 secs]
51.543: [GC (Allocation Failure)  27411K->22259K(30720K), 0.0008103 secs]
51.546: [GC (Allocation Failure)  27379K->22259K(30720K), 0.0008231 secs]
51.549: [GC (Allocation Failure)  27379K->22259K(30720K), 0.0007795 secs]
51.552: [GC (Allocation Failure)  27379K->22291K(30720K), 0.0010116 secs]
51.556: [GC (Allocation Failure)  27411K->22291K(30720K), 0.0008100 secs]
51.559: [GC (Allocation Failure)  27411K->22259K(30720K), 0.0007861 secs]
51.562: [GC (Allocation Failure)  27379K->22291K(30720K), 0.0007777 secs]
51.565: [GC (Allocation Failure)  27411K->22259K(30720K), 0.0008261 secs]
51.568: [GC (Allocation Failure)  27379K->22323K(30720K), 0.0007302 secs]
51.571: [GC (Allocation Failure)  27443K->22259K(30720K), 0.0007532 secs]
51.575: [GC (GCLocker Initiated GC)  27381K->22453K(30720K), 0.0007074 secs]
51.578: [GC (Allocation Failure)  27577K->22500K(30720K), 0.0008984 secs]
51.582: [GC (Allocation Failure)  27620K->22412K(30720K), 0.0007675 secs]
51.585: [GC (Allocation Failure)  27532K->22460K(30720K), 0.0008567 secs]
51.588: [GC (Allocation Failure)  27580K->22396K(30720K), 0.0008861 secs]
51.591: [GC (Allocation Failure)  27516K->22396K(30720K), 0.0009288 secs]
51.595: [GC (Allocation Failure)  27516K->22364K(30720K), 0.0007951 secs]
51.598: [GC (Allocation Failure)  27484K->22396K(30720K), 0.0008503 secs]
51.601: [GC (Allocation Failure)  27516K->22428K(30720K), 0.0007975 secs]
51.604: [GC (Allocation Failure)  27548K->22428K(30720K), 0.0007004 secs]
51.607: [GC (Allocation Failure)  27548K->22428K(30720K), 0.0007735 secs]
51.611: [GC (Allocation Failure)  27548K->22556K(30720K), 0.0008609 secs]
51.615: [GC (Allocation Failure)  27676K->22556K(30720K), 0.0010061 secs]
51.619: [GC (Allocation Failure)  27676K->22452K(30720K), 0.0008970 secs]
51.622: [GC (Allocation Failure)  27572K->22524K(30720K), 0.0011255 secs]
51.626: [GC (Allocation Failure)  27644K->22652K(30720K), 0.0008175 secs]
51.630: [GC (Allocation Failure)  27772K->22663K(30720K), 0.0011314 secs]
51.633: [GC (Allocation Failure)  27783K->22639K(30720K), 0.0008819 secs]
51.636: [GC (Allocation Failure)  27759K->22583K(30720K), 0.0008291 secs]
51.640: [GC (Allocation Failure)  27703K->22615K(30720K), 0.0008798 secs]
51.643: [GC (Allocation Failure)  27735K->22583K(30720K), 0.0008307 secs]
51.647: [GC (Allocation Failure)  27703K->22551K(30720K), 0.0008102 secs]
51.650: [GC (Allocation Failure)  27671K->22647K(30720K), 0.0008727 secs]
51.653: [GC (Allocation Failure)  27767K->22583K(30720K), 0.0008247 secs]
51.656: [GC (Allocation Failure)  27703K->22647K(30720K), 0.0007367 secs]
51.660: [GC (Allocation Failure)  27767K->22583K(30720K), 0.0008573 secs]
51.663: [GC (Allocation Failure)  27703K->22615K(30720K), 0.0009446 secs]
51.666: [GC (Allocation Failure)  27735K->22583K(30720K), 0.0008737 secs]
51.669: [GC (Allocation Failure)  27703K->22615K(30720K), 0.0007765 secs]
51.672: [GC (Allocation Failure)  27735K->22615K(30720K), 0.0008702 secs]
51.675: [GC (Allocation Failure)  27735K->22583K(30720K), 0.0007368 secs]
51.679: [GC (Allocation Failure)  27703K->22711K(30720K), 0.0009219 secs]
51.682: [GC (Allocation Failure)  27831K->22786K(30720K), 0.0009675 secs]
51.686: [GC (Allocation Failure)  27906K->22674K(30720K), 0.0009540 secs]
51.689: [GC (Allocation Failure)  27794K->22650K(30720K), 0.0012420 secs]
51.693: [GC (Allocation Failure)  27770K->22682K(30720K), 0.0010050 secs]
51.696: [GC (Allocation Failure)  27802K->22746K(30720K), 0.0008651 secs]
51.700: [GC (Allocation Failure)  27866K->22746K(30720K), 0.0008200 secs]
51.703: [GC (Allocation Failure)  27866K->22714K(30720K), 0.0007878 secs]
51.706: [GC (Allocation Failure)  27834K->22650K(30720K), 0.0008197 secs]
51.710: [GC (Allocation Failure)  27770K->22746K(30720K), 0.0011482 secs]
51.714: [GC (Allocation Failure)  27866K->22826K(30720K), 0.0010797 secs]
51.718: [GC (Allocation Failure)  27946K->22858K(30720K), 0.0012354 secs]
51.722: [GC (Allocation Failure)  27978K->22786K(30720K), 0.0012292 secs]
51.726: [GC (Allocation Failure)  27906K->22794K(30720K), 0.0009558 secs]
51.730: [GC (Allocation Failure)  27914K->22890K(30720K), 0.0008942 secs]
51.733: [GC (Allocation Failure)  28010K->23021K(30720K), 0.0008618 secs]
51.736: [GC (Allocation Failure)  28141K->22869K(30720K), 0.0008930 secs]
51.740: [GC (Allocation Failure)  27989K->22909K(30720K), 0.0009241 secs]
51.743: [GC (Allocation Failure)  28029K->22909K(30720K), 0.0009621 secs]
51.747: [GC (Allocation Failure)  28029K->22877K(30720K), 0.0007373 secs]
51.750: [GC (Allocation Failure)  27997K->22909K(30720K), 0.0008820 secs]
51.753: [GC (Allocation Failure)  28029K->22845K(30720K), 0.0006965 secs]
51.756: [GC (Allocation Failure)  27965K->22941K(30720K), 0.0008739 secs]
51.759: [GC (Allocation Failure)  28061K->22909K(30720K), 0.0008607 secs]
51.762: [GC (Allocation Failure)  28029K->22909K(30720K), 0.0008902 secs]
51.765: [GC (Allocation Failure)  28029K->22909K(30720K), 0.0007924 secs]
51.769: [GC (Allocation Failure)  28029K->23005K(30720K), 0.0007919 secs]
51.773: [GC (Allocation Failure)  28125K->22885K(30720K), 0.0014326 secs]
51.777: [GC (Allocation Failure)  28005K->23013K(30720K), 0.0009921 secs]
51.780: [GC (Allocation Failure)  28133K->22925K(30720K), 0.0008756 secs]
51.783: [GC (Allocation Failure)  28045K->23117K(30720K), 0.0011979 secs]
51.787: [GC (Allocation Failure)  28237K->23088K(30720K), 0.0010048 secs]
51.791: [GC (Allocation Failure)  28208K->23096K(30720K), 0.0010251 secs]
51.795: [GC (Allocation Failure)  28216K->23064K(30720K), 0.0008773 secs]
51.798: [GC (Allocation Failure)  28184K->23064K(30720K), 0.0008360 secs]
51.801: [GC (Allocation Failure)  28184K->23064K(30720K), 0.0008405 secs]
51.804: [GC (Allocation Failure)  28184K->23064K(30720K), 0.0008070 secs]
51.807: [GC (Allocation Failure)  28184K->23032K(30720K), 0.0007828 secs]
51.811: [GC (Allocation Failure)  28152K->23096K(30720K), 0.0007549 secs]
51.814: [GC (Allocation Failure)  28216K->23240K(30720K), 0.0008611 secs]
51.818: [GC (Allocation Failure)  28360K->23088K(30720K), 0.0011722 secs]
51.822: [GC (Allocation Failure)  28208K->23184K(30720K), 0.0009193 secs]
51.825: [GC (Allocation Failure)  28304K->23128K(30720K), 0.0010065 secs]
51.829: [GC (Allocation Failure)  28248K->23160K(30720K), 0.0007583 secs]
51.832: [GC (Allocation Failure)  28280K->23192K(30720K), 0.0008455 secs]
51.835: [GC (Allocation Failure)  28312K->23328K(30720K), 0.0009575 secs]
51.839: [GC (Allocation Failure)  28448K->23265K(30720K), 0.0013088 secs]
51.843: [GC (Allocation Failure)  28385K->23233K(30720K), 0.0010434 secs]
51.846: [GC (Allocation Failure)  28353K->23169K(30720K), 0.0009101 secs]
51.850: [GC (Allocation Failure)  28289K->23297K(30720K), 0.0008946 secs]
51.853: [GC (Allocation Failure)  28417K->23233K(30720K), 0.0007713 secs]
51.856: [GC (Allocation Failure)  28353K->23201K(30720K), 0.0008905 secs]
51.859: [GC (Allocation Failure)  28321K->23265K(30720K), 0.0007927 secs]
51.862: [GC (Allocation Failure)  28385K->23201K(30720K), 0.0008006 secs]
51.865: [GC (Allocation Failure)  28321K->23233K(30720K), 0.0006724 secs]
51.868: [GC (Allocation Failure)  28353K->23233K(30720K), 0.0008008 secs]
51.871: [GC (Allocation Failure)  28353K->23297K(30720K), 0.0008362 secs]
51.875: [GC (Allocation Failure)  28417K->23233K(30720K), 0.0007804 secs]
51.878: [GC (Allocation Failure)  28353K->23201K(30720K), 0.0008421 secs]
51.881: [GC (Allocation Failure)  28321K->23233K(30720K), 0.0007284 secs]
51.884: [GC (Allocation Failure)  28353K->23393K(30720K), 0.0008777 secs]
51.888: [GC (Allocation Failure)  28513K->23323K(30720K), 0.0009233 secs]
51.891: [GC (Allocation Failure)  28443K->23283K(30720K), 0.0008901 secs]
51.895: [GC (Allocation Failure)  28403K->23323K(30720K), 0.0009049 secs]
51.898: [GC (Allocation Failure)  28443K->23291K(30720K), 0.0008669 secs]
51.901: [GC (Allocation Failure)  28411K->23323K(30720K), 0.0008132 secs]
51.905: [GC (Allocation Failure)  28443K->23259K(30720K), 0.0008693 secs]
51.908: [GC (Allocation Failure)  28379K->23291K(30720K), 0.0009005 secs]
51.911: [GC (Allocation Failure)  28411K->23451K(30720K), 0.0008585 secs]
51.915: [GC (Allocation Failure)  28571K->23491K(30720K), 0.0009416 secs]
51.919: [GC (Allocation Failure)  28611K->23491K(30720K), 0.0008108 secs]
51.922: [GC (Allocation Failure)  28611K->23411K(30720K), 0.0010874 secs]
51.926: [GC (Allocation Failure)  28531K->23419K(30720K), 0.0008472 secs]
51.929: [GC (Allocation Failure)  28539K->23419K(30720K), 0.0009030 secs]
51.932: [GC (Allocation Failure)  28539K->23419K(30720K), 0.0009660 secs]
51.936: [GC (Allocation Failure)  28539K->23547K(30720K), 0.0017697 secs]
51.941: [GC (Allocation Failure)  28667K->23533K(30720K), 0.0010698 secs]
51.944: [GC (Allocation Failure)  28653K->23493K(30720K), 0.0008366 secs]
51.948: [GC (Allocation Failure)  28613K->23493K(30720K), 0.0012760 secs]
51.952: [GC (Allocation Failure)  28613K->23525K(30720K), 0.0010319 secs]
51.956: [GC (Allocation Failure)  28645K->23493K(30720K), 0.0011658 secs]
51.960: [GC (Allocation Failure)  28613K->23461K(30720K), 0.0009872 secs]
51.963: [GC (Allocation Failure)  28581K->23461K(30720K), 0.0011250 secs]
51.967: [GC (Allocation Failure)  28581K->23493K(30720K), 0.0010688 secs]
51.971: [GC (Allocation Failure)  28613K->23461K(30720K), 0.0008008 secs]
51.974: [GC (Allocation Failure)  28581K->23429K(30720K), 0.0008217 secs]
51.977: [GC (Allocation Failure)  28549K->23493K(30720K), 0.0008542 secs]
51.980: [GC (Allocation Failure)  28613K->23525K(30720K), 0.0008940 secs]
51.984: [GC (Allocation Failure)  28645K->23493K(30720K), 0.0008247 secs]
51.987: [GC (Allocation Failure)  28613K->23621K(30720K), 0.0008131 secs]
51.990: [GC (Allocation Failure)  28741K->23656K(30720K), 0.0009964 secs]
51.995: [GC (Allocation Failure)  28776K->23632K(30720K), 0.0009837 secs]
51.998: [GC (Allocation Failure)  28752K->23640K(30720K), 0.0010353 secs]
52.002: [GC (Allocation Failure)  28760K->23576K(30720K), 0.0009417 secs]
52.005: [GC (Allocation Failure)  28696K->23576K(30720K), 0.0010132 secs]
52.009: [GC (Allocation Failure)  28696K->23608K(30720K), 0.0009662 secs]
52.012: [GC (Allocation Failure)  28728K->23672K(30720K), 0.0010562 secs]
52.016: [GC (Allocation Failure)  28792K->23656K(30720K), 0.0015365 secs]
52.021: [GC (Allocation Failure)  28776K->23752K(30720K), 0.0011729 secs]
52.025: [GC (Allocation Failure)  28872K->23720K(30720K), 0.0011538 secs]
52.029: [GC (Allocation Failure)  28840K->23760K(30720K), 0.0009640 secs]
52.033: [GC (Allocation Failure)  28880K->23664K(30720K), 0.0009219 secs]
52.036: [GC (Allocation Failure)  28784K->23664K(30720K), 0.0009038 secs]
52.040: [GC (Allocation Failure)  28784K->23792K(30720K), 0.0014997 secs]
52.045: [GC (Allocation Failure)  28912K->23777K(30720K), 0.0017797 secs]
52.049: [GC (Allocation Failure)  28897K->23777K(30720K), 0.0012660 secs]
52.053: [GC (Allocation Failure)  28897K->23753K(30720K), 0.0010436 secs]
52.057: [GC (Allocation Failure)  28873K->23753K(30720K), 0.0010904 secs]
52.061: [GC (Allocation Failure)  28873K->23721K(30720K), 0.0009682 secs]
52.064: [GC (Allocation Failure)  28841K->23817K(30720K), 0.0008864 secs]
52.067: [GC (Allocation Failure)  28937K->23817K(30720K), 0.0009386 secs]
52.071: [GC (Allocation Failure)  28937K->23753K(30720K), 0.0007919 secs]
52.074: [GC (Allocation Failure)  28873K->23785K(30720K), 0.0009264 secs]
52.077: [GC (Allocation Failure)  28905K->23785K(30720K), 0.0007997 secs]
52.081: [GC (Allocation Failure)  28905K->23753K(30720K), 0.0009320 secs]
52.084: [GC (Allocation Failure)  28873K->23721K(30720K), 0.0008399 secs]
52.087: [GC (Allocation Failure)  28841K->23753K(30720K), 0.0010151 secs]
52.091: [GC (Allocation Failure)  28873K->23977K(30720K), 0.0008056 secs]
52.095: [GC (Allocation Failure)  29097K->23994K(30720K), 0.0013423 secs]
52.099: [GC (Allocation Failure)  29114K->23963K(30720K), 0.0014178 secs]
52.104: [GC (Allocation Failure)  29083K->24043K(30720K), 0.0011706 secs]
52.108: [GC (Allocation Failure)  29163K->24003K(30720K), 0.0014169 secs]
52.112: [GC (Allocation Failure)  29123K->24115K(30720K), 0.0012993 secs]
52.116: [GC (Allocation Failure)  29235K->24268K(30720K), 0.0014029 secs]
52.121: [GC (Allocation Failure)  29388K->24261K(30720K), 0.0017057 secs]
52.125: [GC (Allocation Failure)  29381K->24333K(30720K), 0.0010975 secs]
52.129: [GC (Allocation Failure)  29453K->24269K(30720K), 0.0011255 secs]
52.134: [GC (Allocation Failure)  29389K->24285K(30720K), 0.0010860 secs]
52.137: [GC (Allocation Failure)  29405K->24229K(30720K), 0.0009008 secs]
52.141: [GC (Allocation Failure)  29349K->24197K(30720K), 0.0009382 secs]
52.144: [GC (Allocation Failure)  29317K->24229K(30720K), 0.0008498 secs]
52.147: [GC (Allocation Failure)  29349K->24197K(30720K), 0.0009689 secs]
52.151: [GC (Allocation Failure)  29317K->24165K(30720K), 0.0008599 secs]
52.154: [GC (Allocation Failure)  29285K->24229K(30720K), 0.0011644 secs]
52.158: [GC (Allocation Failure)  29349K->24261K(30720K), 0.0008426 secs]
52.161: [GC (Allocation Failure)  29381K->24269K(30720K), 0.0008208 secs]
52.164: [GC (Allocation Failure)  29389K->24205K(30720K), 0.0008797 secs]
52.167: [GC (Allocation Failure)  29325K->24205K(30720K), 0.0010210 secs]
52.171: [GC (Allocation Failure)  29325K->24269K(30720K), 0.0010441 secs]
52.174: [GC (Allocation Failure)  29389K->24293K(30720K), 0.0009084 secs]
52.177: [GC (Allocation Failure)  29413K->24261K(30720K), 0.0009200 secs]
52.181: [GC (Allocation Failure)  29381K->24293K(30720K), 0.0008522 secs]
52.184: [GC (Allocation Failure)  29413K->24261K(30720K), 0.0009376 secs]
52.187: [GC (Allocation Failure)  29381K->24261K(30720K), 0.0007686 secs]
52.190: [GC (Allocation Failure)  29381K->24229K(30720K), 0.0007906 secs]
52.194: [GC (Allocation Failure)  29349K->24197K(30720K), 0.0008861 secs]
52.197: [GC (Allocation Failure)  29317K->24261K(30720K), 0.0008902 secs]
52.200: [GC (Allocation Failure)  29381K->24293K(30720K), 0.0008065 secs]
52.203: [GC (Allocation Failure)  29413K->24293K(30720K), 0.0008265 secs]
52.207: [GC (Allocation Failure)  29413K->24261K(30720K), 0.0008096 secs]
52.210: [GC (Allocation Failure)  29381K->24293K(30720K), 0.0007476 secs]
52.213: [GC (Allocation Failure)  29413K->24293K(30720K), 0.0008772 secs]
52.217: [GC (Allocation Failure)  29413K->24229K(30720K), 0.0011313 secs]
52.220: [GC (Allocation Failure)  29349K->24357K(30720K), 0.0009577 secs]
52.225: [GC (Allocation Failure)  29477K->24373K(30720K), 0.0009432 secs]
52.228: [GC (Allocation Failure)  29493K->24373K(30720K), 0.0010320 secs]
52.232: [GC (Allocation Failure)  29493K->24317K(30720K), 0.0008867 secs]
52.235: [GC (Allocation Failure)  29437K->24381K(30720K), 0.0009646 secs]
52.238: [GC (Allocation Failure)  29501K->24349K(30720K), 0.0007090 secs]
52.241: [GC (Allocation Failure)  29469K->24317K(30720K), 0.0007412 secs]
52.244: [GC (Allocation Failure)  29437K->24381K(30720K), 0.0008010 secs]
52.248: [GC (Allocation Failure)  29501K->24317K(30720K), 0.0009434 secs]
52.251: [GC (Allocation Failure)  29437K->24381K(30720K), 0.0007414 secs]
52.255: [GC (Allocation Failure)  29501K->24381K(30720K), 0.0009279 secs]
52.258: [GC (Allocation Failure)  29501K->24285K(30720K), 0.0009278 secs]
52.261: [GC (Allocation Failure)  29405K->24317K(30720K), 0.0008759 secs]
52.264: [GC (Allocation Failure)  29437K->24349K(30720K), 0.0009761 secs]
52.268: [GC (Allocation Failure)  29469K->24445K(30720K), 0.0011314 secs]
52.272: [GC (Allocation Failure)  29565K->24445K(30720K), 0.0012343 secs]
52.276: [GC (Allocation Failure)  29565K->24397K(30720K), 0.0009597 secs]
52.279: [GC (Allocation Failure)  29517K->24397K(30720K), 0.0008537 secs]
52.283: [GC (Allocation Failure)  29517K->24365K(30720K), 0.0008992 secs]
52.286: [GC (Allocation Failure)  29485K->24365K(30720K), 0.0008660 secs]
52.289: [GC (Allocation Failure)  29485K->24429K(30720K), 0.0007528 secs]
52.293: [GC (Allocation Failure)  29549K->24333K(30720K), 0.0007902 secs]
52.296: [GC (Allocation Failure)  29453K->24429K(30720K), 0.0007312 secs]
52.299: [GC (Allocation Failure)  29549K->24397K(30720K), 0.0009373 secs]
52.302: [GC (Allocation Failure)  29517K->24365K(30720K), 0.0010148 secs]
52.306: [GC (Allocation Failure)  29485K->24397K(30720K), 0.0008344 secs]
52.309: [GC (Allocation Failure)  29517K->24397K(30720K), 0.0008699 secs]
52.312: [GC (Allocation Failure)  29517K->24397K(30720K), 0.0008217 secs]
52.316: [GC (Allocation Failure)  29517K->24429K(30720K), 0.0013358 secs]
52.321: [GC (Allocation Failure)  29549K->24493K(30720K), 0.0011739 secs]
52.325: [GC (Allocation Failure)  29613K->24493K(30720K), 0.0012162 secs]
52.329: [GC (Allocation Failure)  29613K->24405K(30720K), 0.0009528 secs]
52.332: [GC (Allocation Failure)  29525K->24405K(30720K), 0.0010082 secs]
52.336: [GC (Allocation Failure)  29525K->24509K(30720K), 0.0008347 secs]
52.339: [GC (Allocation Failure)  29629K->24477K(30720K), 0.0010003 secs]
52.343: [GC (Allocation Failure)  29597K->24413K(30720K), 0.0010025 secs]
52.347: [GC (Allocation Failure)  29533K->24413K(30720K), 0.0008992 secs]
52.350: [GC (Allocation Failure)  29533K->24477K(30720K), 0.0009179 secs]
52.354: [GC (Allocation Failure)  29597K->24477K(30720K), 0.0008846 secs]
52.357: [GC (Allocation Failure)  29597K->24413K(30720K), 0.0009711 secs]
52.360: [GC (Allocation Failure)  29533K->24445K(30720K), 0.0007822 secs]
52.364: [GC (Allocation Failure)  29565K->24445K(30720K), 0.0008582 secs]
52.367: [GC (Allocation Failure)  29565K->24509K(30720K), 0.0007833 secs]
52.370: [GC (Allocation Failure)  29629K->24477K(30720K), 0.0007344 secs]
52.373: [GC (Allocation Failure)  29597K->24493K(30720K), 0.0008359 secs]
52.376: [GC (Allocation Failure)  29613K->24461K(30720K), 0.0008760 secs]
52.379: [GC (Allocation Failure)  29581K->24461K(30720K), 0.0008154 secs]
52.382: [GC (Allocation Failure)  29581K->24461K(30720K), 0.0010225 secs]
52.386: [GC (Allocation Failure)  29581K->24429K(30720K), 0.0008117 secs]
52.389: [GC (Allocation Failure)  29549K->24461K(30720K), 0.0007917 secs]
52.392: [GC (Allocation Failure)  29581K->24461K(30720K), 0.0008424 secs]
52.395: [GC (Allocation Failure)  29581K->24525K(30720K), 0.0007354 secs]
52.398: [GC (Allocation Failure)  29645K->24517K(30720K), 0.0008698 secs]
52.402: [GC (Allocation Failure)  29637K->24485K(30720K), 0.0008907 secs]
52.405: [GC (Allocation Failure)  29605K->24485K(30720K), 0.0007835 secs]
52.408: [GC (Allocation Failure)  29605K->24453K(30720K), 0.0009015 secs]
52.411: [GC (Allocation Failure)  29573K->24581K(30720K), 0.0008690 secs]
52.415: [GC (Allocation Failure)  29701K->24613K(30720K), 0.0010492 secs]
52.418: [GC (Allocation Failure)  29733K->24645K(30720K), 0.0011116 secs]
52.423: [GC (Allocation Failure)  29765K->24573K(30720K), 0.0013885 secs]
52.427: [GC (Allocation Failure)  29693K->24565K(30720K), 0.0008879 secs]
52.430: [GC (Allocation Failure)  29685K->24565K(30720K), 0.0008732 secs]
52.433: [GC (Allocation Failure)  29685K->24597K(30720K), 0.0008945 secs]
52.436: [GC (Allocation Failure)  29717K->24597K(30720K), 0.0008411 secs]
52.439: [GC (Allocation Failure)  29717K->24629K(30720K), 0.0010090 secs]
52.443: [GC (Allocation Failure)  29749K->24597K(30720K), 0.0008578 secs]
52.446: [GC (Allocation Failure)  29717K->24533K(30720K), 0.0006947 secs]
52.449: [GC (Allocation Failure)  29653K->24565K(30720K), 0.0007743 secs]
52.452: [GC (Allocation Failure)  29685K->24597K(30720K), 0.0009253 secs]
52.455: [GC (Allocation Failure)  29717K->24597K(30720K), 0.0007685 secs]
52.458: [GC (Allocation Failure)  29717K->24565K(30720K), 0.0007811 secs]
52.461: [GC (Allocation Failure)  29685K->24629K(30720K), 0.0008789 secs]
52.464: [GC (Allocation Failure)  29749K->24629K(30720K), 0.0008307 secs]
52.468: [GC (Allocation Failure)  29749K->24565K(30720K), 0.0010068 secs]
52.471: [GC (Allocation Failure)  29685K->24629K(30720K), 0.0008958 secs]
52.475: [GC (Allocation Failure)  29749K->24645K(30720K), 0.0008060 secs]
52.478: [GC (Allocation Failure)  29765K->24629K(30720K), 0.0009668 secs]
52.481: [GC (Allocation Failure)  29749K->24605K(30720K), 0.0008262 secs]
52.484: [GC (Allocation Failure)  29725K->24645K(30720K), 0.0007462 secs]
52.487: [GC (Allocation Failure)  29765K->24685K(30720K), 0.0008593 secs]
52.490: [GC (Allocation Failure)  29805K->24669K(30720K), 0.0008170 secs]
52.494: [GC (Allocation Failure)  29789K->24637K(30720K), 0.0008591 secs]
52.497: [GC (Allocation Failure)  29757K->24669K(30720K), 0.0009057 secs]
52.500: [GC (Allocation Failure)  29789K->24637K(30720K), 0.0008377 secs]
52.503: [GC (Allocation Failure)  29757K->24669K(30720K), 0.0007967 secs]
52.506: [GC (Allocation Failure)  29789K->24605K(30720K), 0.0009519 secs]
52.509: [GC (Allocation Failure)  29725K->24669K(30720K), 0.0008841 secs]
52.512: [GC (Allocation Failure)  29789K->24637K(30720K), 0.0007300 secs]
52.516: [GC (Allocation Failure)  29757K->24733K(30720K), 0.0008129 secs]
52.519: [GC (Allocation Failure)  29853K->24757K(30720K), 0.0009519 secs]
52.523: [GC (Allocation Failure)  29877K->24717K(30720K), 0.0011490 secs]
52.527: [GC (Allocation Failure)  29837K->24677K(30720K), 0.0009795 secs]
52.530: [GC (Allocation Failure)  29797K->24741K(30720K), 0.0007687 secs]
52.533: [GC (Allocation Failure)  29861K->24805K(30720K), 0.0008011 secs]
52.536: [GC (Allocation Failure)  29925K->24789K(30720K), 0.0008426 secs]
52.539: [GC (Allocation Failure)  29909K->24725K(30720K), 0.0009393 secs]
52.542: [GC (Allocation Failure)  29845K->24693K(30720K), 0.0008915 secs]
52.545: [GC (Allocation Failure)  29813K->24789K(30720K), 0.0007079 secs]
52.548: [GC (Allocation Failure)  29909K->24725K(30720K), 0.0007608 secs]
52.551: [GC (Allocation Failure)  29845K->24757K(30720K), 0.0008012 secs]
52.554: [GC (Allocation Failure)  29877K->24725K(30720K), 0.0008854 secs]
52.558: [GC (Allocation Failure)  29845K->24725K(30720K), 0.0008822 secs]
52.561: [GC (Allocation Failure)  29845K->24789K(30720K), 0.0007075 secs]
52.564: [GC (Allocation Failure)  29909K->24725K(30720K), 0.0007316 secs]
52.567: [GC (Allocation Failure)  29845K->24693K(30720K), 0.0009944 secs]
52.571: [GC (Allocation Failure)  29813K->24757K(30720K), 0.0011112 secs]
52.574: [GC (Allocation Failure)  29877K->24829K(30720K), 0.0009420 secs]
52.578: [GC (Allocation Failure)  29949K->24773K(30720K), 0.0007992 secs]
52.581: [GC (Allocation Failure)  29893K->24773K(30720K), 0.0007373 secs]
52.584: [GC (Allocation Failure)  29893K->24805K(30720K), 0.0007955 secs]
52.587: [GC (Allocation Failure)  29925K->24773K(30720K), 0.0007824 secs]
52.590: [GC (Allocation Failure)  29893K->24741K(30720K), 0.0007626 secs]
52.593: [GC (Allocation Failure)  29861K->24773K(30720K), 0.0008836 secs]
52.597: [GC (Allocation Failure)  29893K->24773K(30720K), 0.0008287 secs]
52.600: [GC (Allocation Failure)  29893K->24709K(30720K), 0.0007168 secs]
52.603: [GC (Allocation Failure)  29829K->24837K(30720K), 0.0007462 secs]
52.606: [GC (Allocation Failure)  29957K->24741K(30720K), 0.0008171 secs]
52.609: [GC (Allocation Failure)  29861K->24773K(30720K), 0.0008736 secs]
52.612: [GC (Allocation Failure)  29893K->24741K(30720K), 0.0009050 secs]
52.616: [GC (Allocation Failure)  29861K->24837K(30720K), 0.0008678 secs]
52.619: [GC (Allocation Failure)  29957K->24901K(30720K), 0.0010455 secs]
52.624: [GC (Allocation Failure)  30021K->24933K(30720K), 0.0010216 secs]
52.627: [GC (Allocation Failure)  30053K->24861K(30720K), 0.0010426 secs]
52.631: [GC (Allocation Failure)  29981K->24893K(30720K), 0.0009202 secs]
52.634: [GC (Allocation Failure)  30013K->24797K(30720K), 0.0008367 secs]
52.637: [GC (Allocation Failure)  29917K->24797K(30720K), 0.0008599 secs]
52.640: [GC (Allocation Failure)  29917K->24861K(30720K), 0.0007924 secs]
52.644: [GC (Allocation Failure)  29981K->24829K(30720K), 0.0008014 secs]
52.647: [GC (Allocation Failure)  29949K->24893K(30720K), 0.0008111 secs]
52.650: [GC (Allocation Failure)  30013K->24861K(30720K), 0.0009130 secs]
52.654: [GC (Allocation Failure)  29981K->24829K(30720K), 0.0008113 secs]
52.657: [GC (Allocation Failure)  29949K->24829K(30720K), 0.0007454 secs]
52.660: [GC (Allocation Failure)  29949K->24829K(30720K), 0.0007708 secs]
52.663: [GC (Allocation Failure)  29949K->24797K(30720K), 0.0007339 secs]
52.666: [GC (Allocation Failure)  29917K->24829K(30720K), 0.0008249 secs]
52.669: [GC (Allocation Failure)  29949K->24893K(30720K), 0.0007890 secs]
52.672: [GC (Allocation Failure)  30013K->24829K(30720K), 0.0007879 secs]
52.675: [GC (Allocation Failure)  29949K->24893K(30720K), 0.0007748 secs]
52.678: [GC (Allocation Failure)  30013K->24837K(30720K), 0.0006713 secs]
52.681: [GC (Allocation Failure)  29957K->24901K(30720K), 0.0007262 secs]
52.684: [GC (Allocation Failure)  30021K->24869K(30720K), 0.0009813 secs]
52.688: [GC (Allocation Failure)  29989K->24869K(30720K), 0.0009795 secs]
52.691: [GC (Allocation Failure)  29989K->24869K(30720K), 0.0007301 secs]
52.694: [GC (Allocation Failure)  29989K->24805K(30720K), 0.0007739 secs]
52.697: [GC (Allocation Failure)  29925K->24805K(30720K), 0.0008280 secs]
52.700: [GC (Allocation Failure)  29925K->24869K(30720K), 0.0007953 secs]
52.703: [GC (Allocation Failure)  29989K->24869K(30720K), 0.0007502 secs]
52.706: [GC (Allocation Failure)  29989K->24805K(30720K), 0.0008560 secs]
52.709: [GC (Allocation Failure)  29925K->24837K(30720K), 0.0007420 secs]
52.712: [GC (Allocation Failure)  29957K->24869K(30720K), 0.0008618 secs]
52.715: [GC (Allocation Failure)  29989K->24965K(30720K), 0.0008036 secs]
52.718: [GC (Allocation Failure)  30085K->24837K(30720K), 0.0007777 secs]
52.721: [GC (Allocation Failure)  29957K->24965K(30720K), 0.0009045 secs]
52.725: [GC (Allocation Failure)  30085K->24941K(30720K), 0.0009317 secs]
52.729: [GC (Allocation Failure)  30061K->24957K(30720K), 0.0008946 secs]
52.732: [GC (Allocation Failure)  30077K->24997K(30720K), 0.0008309 secs]
52.735: [GC (Allocation Failure)  30117K->24965K(30720K), 0.0008640 secs]
52.738: [GC (Allocation Failure)  30085K->24965K(30720K), 0.0007754 secs]
52.741: [GC (Allocation Failure)  30085K->24933K(30720K), 0.0008142 secs]
52.745: [GC (Allocation Failure)  30053K->24965K(30720K), 0.0008844 secs]
52.748: [GC (Allocation Failure)  30085K->24901K(30720K), 0.0006876 secs]
52.751: [GC (Allocation Failure)  30021K->24933K(30720K), 0.0007262 secs]
52.753: [GC (Allocation Failure)  30053K->24901K(30720K), 0.0007775 secs]
52.757: [GC (Allocation Failure)  30021K->24997K(30720K), 0.0008594 secs]
52.760: [GC (Allocation Failure)  30117K->24965K(30720K), 0.0008088 secs]
52.763: [GC (Allocation Failure)  30085K->24965K(30720K), 0.0007571 secs]
52.766: [GC (Allocation Failure)  30085K->24965K(30720K), 0.0008292 secs]
52.769: [GC (Allocation Failure)  30085K->25093K(30720K), 0.0007358 secs]
52.772: [GC (Allocation Failure)  30213K->25029K(30720K), 0.0012422 secs]
52.776: [GC (Allocation Failure)  30149K->25037K(30720K), 0.0010978 secs]
52.779: [GC (Allocation Failure)  30157K->24957K(30720K), 0.0009932 secs]
52.783: [GC (Allocation Failure)  30077K->24989K(30720K), 0.0009317 secs]
52.787: [GC (Allocation Failure)  30109K->25021K(30720K), 0.0008586 secs]
52.790: [GC (Allocation Failure)  30141K->24957K(30720K), 0.0009604 secs]
52.793: [GC (Allocation Failure)  30077K->24989K(30720K), 0.0007898 secs]
52.796: [GC (Allocation Failure)  30109K->25053K(30720K), 0.0008557 secs]
52.800: [GC (Allocation Failure)  30173K->24989K(30720K), 0.0006729 secs]
52.803: [GC (Allocation Failure)  30109K->24957K(30720K), 0.0008219 secs]
52.806: [GC (Allocation Failure)  30077K->25053K(30720K), 0.0008705 secs]
52.809: [GC (Allocation Failure)  30173K->25021K(30720K), 0.0009067 secs]
52.812: [GC (Allocation Failure)  30141K->25053K(30720K), 0.0009673 secs]
52.816: [GC (Allocation Failure)  30173K->25085K(30720K), 0.0008888 secs]
52.820: [GC (Allocation Failure)  30205K->25181K(30720K), 0.0010911 secs]
52.824: [GC (Allocation Failure)  30301K->25013K(30720K), 0.0013577 secs]
52.828: [GC (Allocation Failure)  30133K->25109K(30720K), 0.0010545 secs]
52.831: [GC (Allocation Failure)  30229K->25133K(30720K), 0.0008385 secs]
52.834: [GC (Allocation Failure)  30253K->25133K(30720K), 0.0007773 secs]
52.837: [GC (Allocation Failure)  30253K->25069K(30720K), 0.0008362 secs]
52.841: [GC (Allocation Failure)  30189K->25069K(30720K), 0.0008574 secs]
52.844: [GC (Allocation Failure)  30189K->25101K(30720K), 0.0009028 secs]
52.847: [GC (Allocation Failure)  30221K->25101K(30720K), 0.0007672 secs]
52.850: [GC (Allocation Failure)  30221K->25037K(30720K), 0.0008295 secs]
52.853: [GC (Allocation Failure)  30157K->25101K(30720K), 0.0007925 secs]
52.856: [GC (Allocation Failure)  30221K->25069K(30720K), 0.0009199 secs]
52.859: [GC (Allocation Failure)  30189K->25133K(30720K), 0.0007604 secs]
52.862: [GC (Allocation Failure)  30253K->25069K(30720K), 0.0007739 secs]
52.866: [GC (Allocation Failure)  30189K->25101K(30720K), 0.0007597 secs]
52.869: [GC (Allocation Failure)  30221K->25133K(30720K), 0.0008049 secs]
52.872: [GC (Allocation Failure)  30253K->25133K(30720K), 0.0007639 secs]
52.875: [GC (Allocation Failure)  30253K->25165K(30720K), 0.0007128 secs]
52.878: [GC (Allocation Failure)  30285K->25101K(30720K), 0.0007962 secs]
52.881: [GC (Allocation Failure)  30221K->25117K(30720K), 0.0008091 secs]
52.884: [GC (Allocation Failure)  30237K->25149K(30720K), 0.0007444 secs]
52.887: [GC (Allocation Failure)  30269K->25149K(30720K), 0.0008984 secs]
52.890: [GC (Allocation Failure)  30269K->25117K(30720K), 0.0009165 secs]
52.894: [GC (Allocation Failure)  30237K->25149K(30720K), 0.0007996 secs]
52.897: [GC (Allocation Failure)  30269K->25085K(30720K), 0.0007618 secs]
52.900: [GC (Allocation Failure)  30205K->25117K(30720K), 0.0007544 secs]
52.903: [GC (Allocation Failure)  30237K->25117K(30720K), 0.0007546 secs]
52.906: [GC (Allocation Failure)  30237K->25085K(30720K), 0.0007738 secs]
52.909: [GC (Allocation Failure)  30205K->25085K(30720K), 0.0007318 secs]
52.912: [GC (Allocation Failure)  30205K->25117K(30720K), 0.0008282 secs]
52.915: [GC (Allocation Failure)  30237K->25181K(30720K), 0.0009511 secs]
52.919: [GC (Allocation Failure)  30301K->25213K(30720K), 0.0009374 secs]
52.922: [GC (Allocation Failure)  30333K->25229K(30720K), 0.0012508 secs]
52.923: [Full GC (Ergonomics)  25229K->20977K(30720K), 0.0734578 secs]
52.999: [GC (Allocation Failure)  26097K->21201K(30720K), 0.0012294 secs]
53.003: [GC (Allocation Failure)  26321K->21113K(30720K), 0.0009150 secs]
53.006: [GC (Allocation Failure)  26233K->21081K(30720K), 0.0008033 secs]
53.009: [GC (Allocation Failure)  26201K->21113K(30720K), 0.0006631 secs]
53.012: [GC (Allocation Failure)  26233K->21081K(30720K), 0.0007896 secs]
53.015: [GC (Allocation Failure)  26201K->21113K(30720K), 0.0006561 secs]
53.018: [GC (Allocation Failure)  26233K->21209K(30720K), 0.0009359 secs]
53.021: [GC (Allocation Failure)  26329K->21169K(30720K), 0.0012525 secs]
53.025: [GC (Allocation Failure)  26289K->21113K(30720K), 0.0010274 secs]
53.029: [GC (Allocation Failure)  26233K->21177K(30720K), 0.0009081 secs]
53.032: [GC (Allocation Failure)  26297K->21121K(30720K), 0.0007613 secs]
53.035: [GC (Allocation Failure)  26241K->21121K(30720K), 0.0008636 secs]
53.038: [GC (Allocation Failure)  26241K->21153K(30720K), 0.0012907 secs]
53.043: [GC (Allocation Failure)  26273K->21121K(30720K), 0.0013515 secs]
53.046: [GC (Allocation Failure)  26241K->21185K(30720K), 0.0009506 secs]
53.049: [GC (Allocation Failure)  26305K->21185K(30720K), 0.0007951 secs]
53.052: [GC (Allocation Failure)  26305K->21201K(30720K), 0.0006996 secs]
53.055: [GC (Allocation Failure)  26321K->21169K(30720K), 0.0007960 secs]
53.058: [GC (Allocation Failure)  26289K->21201K(30720K), 0.0008039 secs]
53.062: [GC (Allocation Failure)  26321K->21201K(30720K), 0.0008238 secs]
53.065: [GC (Allocation Failure)  26321K->21169K(30720K), 0.0007811 secs]
53.068: [GC (Allocation Failure)  26289K->21233K(30720K), 0.0007256 secs]
53.071: [GC (Allocation Failure)  26353K->21233K(30720K), 0.0007273 secs]
53.074: [GC (Allocation Failure)  26353K->21169K(30720K), 0.0007787 secs]
53.077: [GC (Allocation Failure)  26289K->21233K(30720K), 0.0007626 secs]
53.080: [GC (Allocation Failure)  26353K->21169K(30720K), 0.0006853 secs]
53.083: [GC (Allocation Failure)  26289K->21169K(30720K), 0.0007072 secs]
53.086: [GC (Allocation Failure)  26289K->21137K(30720K), 0.0007830 secs]
53.090: [GC (Allocation Failure)  26257K->21169K(30720K), 0.0007750 secs]
53.093: [GC (Allocation Failure)  26289K->21201K(30720K), 0.0007894 secs]
53.096: [GC (Allocation Failure)  26321K->21233K(30720K), 0.0007397 secs]
53.099: [GC (Allocation Failure)  26353K->21233K(30720K), 0.0007026 secs]
53.102: [GC (Allocation Failure)  26353K->21249K(30720K), 0.0007570 secs]
53.105: [GC (Allocation Failure)  26369K->21217K(30720K), 0.0007737 secs]
53.108: [GC (Allocation Failure)  26337K->21217K(30720K), 0.0008511 secs]
53.111: [GC (Allocation Failure)  26337K->21185K(30720K), 0.0006704 secs]
53.114: [GC (Allocation Failure)  26305K->21185K(30720K), 0.0008052 secs]
53.117: [GC (Allocation Failure)  26305K->21281K(30720K), 0.0007813 secs]
53.120: [GC (Allocation Failure)  26401K->21361K(30720K), 0.0009525 secs]
53.124: [GC (Allocation Failure)  26481K->21353K(30720K), 0.0011633 secs]
53.128: [GC (Allocation Failure)  26473K->21289K(30720K), 0.0010151 secs]
53.131: [GC (Allocation Failure)  26409K->21289K(30720K), 0.0008599 secs]
53.135: [GC (Allocation Failure)  26409K->21297K(30720K), 0.0007207 secs]
53.137: [GC (Allocation Failure)  26417K->21265K(30720K), 0.0009272 secs]
53.141: [GC (Allocation Failure)  26385K->21297K(30720K), 0.0007468 secs]
53.144: [GC (Allocation Failure)  26417K->21329K(30720K), 0.0007897 secs]
53.147: [GC (Allocation Failure)  26449K->21265K(30720K), 0.0008328 secs]
53.150: [GC (Allocation Failure)  26385K->21329K(30720K), 0.0008686 secs]
53.153: [GC (Allocation Failure)  26449K->21313K(30720K), 0.0007544 secs]
53.156: [GC (Allocation Failure)  26433K->21281K(30720K), 0.0007961 secs]
53.160: [GC (Allocation Failure)  26401K->21281K(30720K), 0.0007197 secs]
53.162: [GC (Allocation Failure)  26401K->21345K(30720K), 0.0007822 secs]
53.165: [GC (Allocation Failure)  26465K->21313K(30720K), 0.0007392 secs]
53.168: [GC (Allocation Failure)  26433K->21281K(30720K), 0.0007417 secs]
53.171: [GC (Allocation Failure)  26401K->21313K(30720K), 0.0008927 secs]
53.174: [GC (Allocation Failure)  26433K->21281K(30720K), 0.0006989 secs]
53.177: [GC (Allocation Failure)  26401K->21313K(30720K), 0.0008362 secs]
53.180: [GC (Allocation Failure)  26433K->21313K(30720K), 0.0007998 secs]
53.183: [GC (Allocation Failure)  26433K->21313K(30720K), 0.0007489 secs]
53.187: [GC (Allocation Failure)  26433K->21313K(30720K), 0.0007736 secs]
53.189: [GC (Allocation Failure)  26433K->21313K(30720K), 0.0007978 secs]
53.193: [GC (Allocation Failure)  26433K->21345K(30720K), 0.0007662 secs]
53.196: [GC (Allocation Failure)  26465K->21281K(30720K), 0.0007012 secs]
53.198: [GC (Allocation Failure)  26401K->21313K(30720K), 0.0007806 secs]
53.201: [GC (Allocation Failure)  26433K->21377K(30720K), 0.0007811 secs]
53.204: [GC (Allocation Failure)  26497K->21329K(30720K), 0.0006698 secs]
53.207: [GC (Allocation Failure)  26449K->21297K(30720K), 0.0008553 secs]
53.210: [GC (Allocation Failure)  26417K->21265K(30720K), 0.0007984 secs]
53.213: [GC (Allocation Failure)  26385K->21297K(30720K), 0.0007018 secs]
53.217: [GC (Allocation Failure)  26417K->21425K(30720K), 0.0007570 secs]
53.220: [GC (Allocation Failure)  26545K->21425K(30720K), 0.0009435 secs]
53.224: [GC (Allocation Failure)  26545K->21353K(30720K), 0.0009529 secs]
53.228: [GC (Allocation Failure)  26473K->21481K(30720K), 0.0008192 secs]
53.231: [GC (Allocation Failure)  26601K->21457K(30720K), 0.0009243 secs]
53.234: [GC (Allocation Failure)  26577K->21393K(30720K), 0.0007922 secs]
53.237: [GC (Allocation Failure)  26513K->21425K(30720K), 0.0008706 secs]
53.240: [GC (Allocation Failure)  26545K->21425K(30720K), 0.0007452 secs]
53.243: [GC (Allocation Failure)  26545K->21393K(30720K), 0.0008209 secs]
53.246: [GC (Allocation Failure)  26513K->21457K(30720K), 0.0009670 secs]
53.250: [GC (Allocation Failure)  26577K->21425K(30720K), 0.0007399 secs]
53.253: [GC (Allocation Failure)  26545K->21441K(30720K), 0.0008152 secs]
53.256: [GC (Allocation Failure)  26561K->21377K(30720K), 0.0007433 secs]
53.259: [GC (Allocation Failure)  26497K->21441K(30720K), 0.0008205 secs]
53.262: [GC (Allocation Failure)  26561K->21473K(30720K), 0.0007178 secs]
53.264: [GC (Allocation Failure)  26593K->21409K(30720K), 0.0006883 secs]
53.267: [GC (Allocation Failure)  26529K->21473K(30720K), 0.0007568 secs]
53.270: [GC (Allocation Failure)  26593K->21569K(30720K), 0.0009834 secs]
53.274: [GC (Allocation Failure)  26689K->21441K(30720K), 0.0008779 secs]
53.277: [GC (Allocation Failure)  26561K->21473K(30720K), 0.0008334 secs]
53.281: [GC (Allocation Failure)  26593K->21513K(30720K), 0.0008991 secs]
53.284: [GC (Allocation Failure)  26633K->21481K(30720K), 0.0007758 secs]
53.287: [GC (Allocation Failure)  26601K->21545K(30720K), 0.0008098 secs]
53.290: [GC (Allocation Failure)  26665K->21481K(30720K), 0.0007814 secs]
53.293: [GC (Allocation Failure)  26601K->21449K(30720K), 0.0008665 secs]
53.296: [GC (Allocation Failure)  26569K->21513K(30720K), 0.0008975 secs]
53.299: [GC (Allocation Failure)  26633K->21417K(30720K), 0.0007264 secs]
53.302: [GC (Allocation Failure)  26537K->21449K(30720K), 0.0007186 secs]
53.305: [GC (Allocation Failure)  26569K->21497K(30720K), 0.0009000 secs]
53.308: [GC (Allocation Failure)  26617K->21465K(30720K), 0.0008444 secs]
53.311: [GC (Allocation Failure)  26585K->21529K(30720K), 0.0008097 secs]
53.315: [GC (Allocation Failure)  26649K->21529K(30720K), 0.0008439 secs]
53.318: [GC (Allocation Failure)  26649K->21529K(30720K), 0.0010303 secs]
53.321: [GC (Allocation Failure)  26649K->21497K(30720K), 0.0013065 secs]
53.325: [GC (Allocation Failure)  26617K->21561K(30720K), 0.0010073 secs]
53.329: [GC (Allocation Failure)  26681K->21513K(30720K), 0.0009558 secs]
53.332: [GC (Allocation Failure)  26633K->21585K(30720K), 0.0008552 secs]
53.336: [GC (Allocation Failure)  26705K->21521K(30720K), 0.0007957 secs]
53.339: [GC (Allocation Failure)  26641K->21521K(30720K), 0.0008480 secs]
53.342: [GC (Allocation Failure)  26641K->21553K(30720K), 0.0008152 secs]
53.345: [GC (Allocation Failure)  26673K->21553K(30720K), 0.0007724 secs]
53.348: [GC (Allocation Failure)  26673K->21521K(30720K), 0.0007206 secs]
53.351: [GC (Allocation Failure)  26641K->21553K(30720K), 0.0007316 secs]
53.354: [GC (Allocation Failure)  26673K->21537K(30720K), 0.0008145 secs]
53.357: [GC (Allocation Failure)  26657K->21601K(30720K), 0.0007648 secs]
53.360: [GC (Allocation Failure)  26721K->21569K(30720K), 0.0007157 secs]
53.363: [GC (Allocation Failure)  26689K->21537K(30720K), 0.0007521 secs]
53.366: [GC (Allocation Failure)  26657K->21569K(30720K), 0.0008076 secs]
53.369: [GC (Allocation Failure)  26689K->21569K(30720K), 0.0007172 secs]
53.372: [GC (Allocation Failure)  26689K->21505K(30720K), 0.0007405 secs]
53.375: [GC (Allocation Failure)  26625K->21537K(30720K), 0.0008971 secs]
53.378: [GC (Allocation Failure)  26657K->21569K(30720K), 0.0007382 secs]
53.381: [GC (Allocation Failure)  26689K->21537K(30720K), 0.0008631 secs]
53.384: [GC (Allocation Failure)  26657K->21569K(30720K), 0.0008730 secs]
53.387: [GC (Allocation Failure)  26689K->21569K(30720K), 0.0008469 secs]
53.391: [GC (Allocation Failure)  26689K->21569K(30720K), 0.0007544 secs]
53.393: [GC (Allocation Failure)  26689K->21569K(30720K), 0.0007963 secs]
53.397: [GC (Allocation Failure)  26689K->21601K(30720K), 0.0008430 secs]
53.400: [GC (Allocation Failure)  26721K->21569K(30720K), 0.0008410 secs]
53.403: [GC (Allocation Failure)  26689K->21601K(30720K), 0.0007737 secs]
53.406: [GC (Allocation Failure)  26721K->21617K(30720K), 0.0007037 secs]
53.409: [GC (Allocation Failure)  26737K->21585K(30720K), 0.0009058 secs]
53.412: [GC (Allocation Failure)  26705K->21553K(30720K), 0.0007391 secs]
53.415: [GC (Allocation Failure)  26673K->21585K(30720K), 0.0007713 secs]
53.419: [GC (Allocation Failure)  26705K->21681K(30720K), 0.0007737 secs]
53.422: [GC (Allocation Failure)  26801K->21681K(30720K), 0.0010690 secs]
53.426: [GC (Allocation Failure)  26801K->21593K(30720K), 0.0008568 secs]
53.429: [GC (Allocation Failure)  26713K->21689K(30720K), 0.0008455 secs]
53.433: [GC (Allocation Failure)  26809K->21697K(30720K), 0.0007998 secs]
53.436: [GC (Allocation Failure)  26817K->21697K(30720K), 0.0009100 secs]
53.439: [GC (Allocation Failure)  26817K->21665K(30720K), 0.0008629 secs]
53.443: [GC (Allocation Failure)  26785K->21665K(30720K), 0.0009045 secs]
53.446: [GC (Allocation Failure)  26785K->21729K(30720K), 0.0007584 secs]
53.449: [GC (Allocation Failure)  26849K->21697K(30720K), 0.0006803 secs]
53.452: [GC (Allocation Failure)  26817K->21633K(30720K), 0.0007499 secs]
53.455: [GC (Allocation Failure)  26753K->21681K(30720K), 0.0008265 secs]
53.458: [GC (Allocation Failure)  26801K->21617K(30720K), 0.0006745 secs]
53.461: [GC (Allocation Failure)  26737K->21649K(30720K), 0.0007130 secs]
53.464: [GC (Allocation Failure)  26769K->21681K(30720K), 0.0008228 secs]
53.467: [GC (Allocation Failure)  26801K->21617K(30720K), 0.0007546 secs]
53.470: [GC (Allocation Failure)  26737K->21649K(30720K), 0.0006976 secs]
53.473: [GC (Allocation Failure)  26769K->21681K(30720K), 0.0008083 secs]
53.476: [GC (Allocation Failure)  26801K->21649K(30720K), 0.0007658 secs]
53.479: [GC (Allocation Failure)  26769K->21681K(30720K), 0.0008200 secs]
53.482: [GC (Allocation Failure)  26801K->21617K(30720K), 0.0007782 secs]
53.485: [GC (Allocation Failure)  26737K->21649K(30720K), 0.0007697 secs]
53.488: [GC (Allocation Failure)  26769K->21649K(30720K), 0.0007507 secs]
53.491: [GC (Allocation Failure)  26769K->21681K(30720K), 0.0008531 secs]
53.494: [GC (Allocation Failure)  26801K->21649K(30720K), 0.0007189 secs]
53.497: [GC (Allocation Failure)  26769K->21649K(30720K), 0.0009384 secs]
53.500: [GC (Allocation Failure)  26769K->21713K(30720K), 0.0007684 secs]
53.503: [GC (Allocation Failure)  26833K->21713K(30720K), 0.0008301 secs]
53.506: [GC (Allocation Failure)  26833K->21697K(30720K), 0.0007608 secs]
53.509: [GC (Allocation Failure)  26817K->21697K(30720K), 0.0007126 secs]
53.512: [GC (Allocation Failure)  26817K->21729K(30720K), 0.0007974 secs]
53.515: [GC (Allocation Failure)  26849K->21697K(30720K), 0.0007851 secs]
53.519: [GC (Allocation Failure)  26817K->21761K(30720K), 0.0007544 secs]
53.522: [GC (Allocation Failure)  26881K->21809K(30720K), 0.0012283 secs]
53.526: [GC (Allocation Failure)  26929K->21769K(30720K), 0.0011699 secs]
53.529: [GC (Allocation Failure)  26889K->21857K(30720K), 0.0008845 secs]
53.533: [GC (Allocation Failure)  26977K->21729K(30720K), 0.0008433 secs]
53.536: [GC (Allocation Failure)  26849K->21737K(30720K), 0.0009460 secs]
53.539: [GC (Allocation Failure)  26857K->21769K(30720K), 0.0008026 secs]
53.542: [GC (Allocation Failure)  26889K->21769K(30720K), 0.0008158 secs]
53.546: [GC (Allocation Failure)  26889K->21769K(30720K), 0.0007462 secs]
53.548: [GC (Allocation Failure)  26889K->21737K(30720K), 0.0007081 secs]
53.551: [GC (Allocation Failure)  26857K->21769K(30720K), 0.0007161 secs]
53.554: [GC (Allocation Failure)  26889K->21801K(30720K), 0.0007764 secs]
53.558: [GC (Allocation Failure)  26921K->21817K(30720K), 0.0008008 secs]
53.561: [GC (Allocation Failure)  26937K->21753K(30720K), 0.0008418 secs]
53.564: [GC (Allocation Failure)  26873K->21753K(30720K), 0.0008208 secs]
53.567: [GC (Allocation Failure)  26873K->21753K(30720K), 0.0006823 secs]
53.570: [GC (Allocation Failure)  26873K->21753K(30720K), 0.0007603 secs]
53.573: [GC (Allocation Failure)  26873K->21753K(30720K), 0.0007413 secs]
53.576: [GC (Allocation Failure)  26873K->21817K(30720K), 0.0007871 secs]
53.579: [GC (Allocation Failure)  26937K->21817K(30720K), 0.0006976 secs]
53.581: [GC (Allocation Failure)  26937K->21753K(30720K), 0.0007844 secs]
53.584: [GC (Allocation Failure)  26873K->21785K(30720K), 0.0006674 secs]
53.587: [GC (Allocation Failure)  26905K->21753K(30720K), 0.0008988 secs]
53.591: [GC (Allocation Failure)  26873K->21785K(30720K), 0.0007262 secs]
53.593: [GC (Allocation Failure)  26905K->21785K(30720K), 0.0008624 secs]
53.597: [GC (Allocation Failure)  26905K->21753K(30720K), 0.0006902 secs]
53.599: [GC (Allocation Failure)  26873K->21785K(30720K), 0.0007225 secs]
53.602: [GC (Allocation Failure)  26905K->21753K(30720K), 0.0009427 secs]
53.606: [GC (Allocation Failure)  26873K->21753K(30720K), 0.0008097 secs]
53.609: [GC (Allocation Failure)  26873K->21833K(30720K), 0.0007665 secs]
53.612: [GC (Allocation Failure)  26953K->21801K(30720K), 0.0008609 secs]
53.615: [GC (Allocation Failure)  26921K->21737K(30720K), 0.0007545 secs]
53.618: [GC (Allocation Failure)  26857K->21833K(30720K), 0.0009867 secs]
53.622: [GC (Allocation Failure)  26953K->21897K(30720K), 0.0011360 secs]
53.626: [GC (Allocation Failure)  27017K->21921K(30720K), 0.0009217 secs]
53.630: [GC (Allocation Failure)  27041K->21945K(30720K), 0.0008846 secs]
53.633: [GC (Allocation Failure)  27065K->21857K(30720K), 0.0008715 secs]
53.636: [GC (Allocation Failure)  26977K->21889K(30720K), 0.0008614 secs]
53.639: [GC (Allocation Failure)  27009K->21857K(30720K), 0.0008991 secs]
53.643: [GC (Allocation Failure)  26977K->21889K(30720K), 0.0008661 secs]
53.646: [GC (Allocation Failure)  27009K->21921K(30720K), 0.0009011 secs]
53.649: [GC (Allocation Failure)  27041K->21889K(30720K), 0.0008548 secs]
53.652: [GC (Allocation Failure)  27009K->21921K(30720K), 0.0008253 secs]
53.655: [GC (Allocation Failure)  27041K->21921K(30720K), 0.0009588 secs]
53.659: [GC (Allocation Failure)  27041K->21905K(30720K), 0.0008149 secs]
53.662: [GC (Allocation Failure)  27025K->21905K(30720K), 0.0007992 secs]
53.665: [GC (Allocation Failure)  27025K->21841K(30720K), 0.0008789 secs]
53.668: [GC (Allocation Failure)  26961K->21905K(30720K), 0.0007768 secs]
53.671: [GC (Allocation Failure)  27025K->21873K(30720K), 0.0008473 secs]
53.674: [GC (Allocation Failure)  26993K->21905K(30720K), 0.0007829 secs]
53.677: [GC (Allocation Failure)  27025K->21841K(30720K), 0.0007216 secs]
53.680: [GC (Allocation Failure)  26961K->21905K(30720K), 0.0007601 secs]
53.683: [GC (Allocation Failure)  27025K->21873K(30720K), 0.0007883 secs]
53.687: [GC (Allocation Failure)  26993K->21841K(30720K), 0.0007048 secs]
53.690: [GC (Allocation Failure)  26961K->21873K(30720K), 0.0008037 secs]
53.693: [GC (Allocation Failure)  26993K->21873K(30720K), 0.0008333 secs]
53.696: [GC (Allocation Failure)  26993K->21905K(30720K), 0.0008065 secs]
53.699: [GC (Allocation Failure)  27025K->21905K(30720K), 0.0007519 secs]
53.702: [GC (Allocation Failure)  27025K->21905K(30720K), 0.0008602 secs]
53.705: [GC (Allocation Failure)  27025K->21905K(30720K), 0.0007474 secs]
53.708: [GC (Allocation Failure)  27025K->21857K(30720K), 0.0008896 secs]
53.712: [GC (Allocation Failure)  26977K->21921K(30720K), 0.0008207 secs]
53.715: [GC (Allocation Failure)  27041K->21889K(30720K), 0.0008675 secs]
53.718: [GC (Allocation Failure)  27009K->22017K(30720K), 0.0009098 secs]
53.722: [GC (Allocation Failure)  27137K->22073K(30720K), 0.0009410 secs]
53.726: [GC (Allocation Failure)  27193K->22041K(30720K), 0.0011259 secs]
53.730: [GC (Allocation Failure)  27161K->22057K(30720K), 0.0008962 secs]
53.733: [GC (Allocation Failure)  27177K->22033K(30720K), 0.0008285 secs]
53.736: [GC (Allocation Failure)  27153K->22033K(30720K), 0.0007800 secs]
53.740: [GC (Allocation Failure)  27153K->22001K(30720K), 0.0008360 secs]
53.743: [GC (Allocation Failure)  27121K->22001K(30720K), 0.0008026 secs]
53.746: [GC (Allocation Failure)  27121K->22033K(30720K), 0.0008710 secs]
53.749: [GC (Allocation Failure)  27153K->21937K(30720K), 0.0007222 secs]
53.752: [GC (Allocation Failure)  27057K->22001K(30720K), 0.0007852 secs]
53.756: [GC (Allocation Failure)  27121K->22009K(30720K), 0.0008652 secs]
53.759: [GC (Allocation Failure)  27129K->22057K(30720K), 0.0008351 secs]
53.762: [GC (Allocation Failure)  27177K->21993K(30720K), 0.0007397 secs]
53.765: [GC (Allocation Failure)  27113K->22025K(30720K), 0.0008182 secs]
53.768: [GC (Allocation Failure)  27145K->21993K(30720K), 0.0008935 secs]
53.771: [GC (Allocation Failure)  27113K->22121K(30720K), 0.0008541 secs]
53.776: [GC (Allocation Failure)  27241K->22153K(30720K), 0.0017301 secs]
53.781: [GC (Allocation Failure)  27273K->22145K(30720K), 0.0013769 secs]
53.785: [GC (Allocation Failure)  27265K->22121K(30720K), 0.0009620 secs]
53.789: [GC (Allocation Failure)  27241K->22089K(30720K), 0.0011823 secs]
53.792: [GC (Allocation Failure)  27209K->22121K(30720K), 0.0009401 secs]
53.796: [GC (Allocation Failure)  27241K->22121K(30720K), 0.0010067 secs]
53.799: [GC (Allocation Failure)  27241K->22153K(30720K), 0.0007855 secs]
53.802: [GC (Allocation Failure)  27273K->22121K(30720K), 0.0008522 secs]
53.805: [GC (Allocation Failure)  27241K->22121K(30720K), 0.0008119 secs]
53.809: [GC (Allocation Failure)  27241K->22121K(30720K), 0.0008731 secs]
53.812: [GC (Allocation Failure)  27241K->22137K(30720K), 0.0008412 secs]
53.815: [GC (Allocation Failure)  27257K->22073K(30720K), 0.0007060 secs]
53.818: [GC (Allocation Failure)  27193K->22169K(30720K), 0.0007757 secs]
53.822: [GC (Allocation Failure)  27289K->22169K(30720K), 0.0010116 secs]
53.826: [GC (Allocation Failure)  27289K->22161K(30720K), 0.0010523 secs]
53.829: [GC (Allocation Failure)  27281K->22185K(30720K), 0.0008873 secs]
53.833: [GC (Allocation Failure)  27305K->22193K(30720K), 0.0009490 secs]
53.836: [GC (Allocation Failure)  27313K->22129K(30720K), 0.0009447 secs]
53.840: [GC (Allocation Failure)  27249K->22129K(30720K), 0.0012565 secs]
53.844: [GC (Allocation Failure)  27249K->22161K(30720K), 0.0009807 secs]
53.848: [GC (Allocation Failure)  27281K->22129K(30720K), 0.0010052 secs]
53.851: [GC (Allocation Failure)  27249K->22193K(30720K), 0.0010067 secs]
53.855: [GC (Allocation Failure)  27313K->22161K(30720K), 0.0008312 secs]
53.858: [GC (Allocation Failure)  27281K->22193K(30720K), 0.0009071 secs]
53.861: [GC (Allocation Failure)  27313K->22241K(30720K), 0.0008744 secs]
53.864: [GC (Allocation Failure)  27361K->22177K(30720K), 0.0010070 secs]
53.868: [GC (Allocation Failure)  27297K->22209K(30720K), 0.0007818 secs]
53.871: [GC (Allocation Failure)  27329K->22273K(30720K), 0.0008072 secs]
53.874: [GC (Allocation Failure)  27393K->22209K(30720K), 0.0009140 secs]
53.878: [GC (Allocation Failure)  27329K->22145K(30720K), 0.0008578 secs]
53.881: [GC (Allocation Failure)  27265K->22145K(30720K), 0.0008254 secs]
53.884: [GC (Allocation Failure)  27265K->22209K(30720K), 0.0008674 secs]
53.887: [GC (Allocation Failure)  27329K->22177K(30720K), 0.0008443 secs]
53.891: [GC (Allocation Failure)  27297K->22145K(30720K), 0.0008487 secs]
53.894: [GC (Allocation Failure)  27265K->22209K(30720K), 0.0007289 secs]
53.897: [GC (Allocation Failure)  27329K->22209K(30720K), 0.0009171 secs]
53.901: [GC (Allocation Failure)  27329K->22145K(30720K), 0.0007816 secs]
53.904: [GC (Allocation Failure)  27265K->22177K(30720K), 0.0008350 secs]
53.907: [GC (Allocation Failure)  27297K->22273K(30720K), 0.0009106 secs]
53.910: [GC (Allocation Failure)  27393K->22289K(30720K), 0.0008340 secs]
53.914: [GC (Allocation Failure)  27409K->22225K(30720K), 0.0009542 secs]
53.917: [GC (Allocation Failure)  27345K->22257K(30720K), 0.0009618 secs]
53.921: [GC (Allocation Failure)  27377K->22289K(30720K), 0.0012358 secs]
53.925: [GC (Allocation Failure)  27409K->22345K(30720K), 0.0011035 secs]
53.929: [GC (Allocation Failure)  27465K->22217K(30720K), 0.0013366 secs]
53.933: [GC (Allocation Failure)  27337K->22313K(30720K), 0.0011779 secs]
53.937: [GC (Allocation Failure)  27433K->22289K(30720K), 0.0008579 secs]
53.940: [GC (Allocation Failure)  27409K->22289K(30720K), 0.0011809 secs]
53.944: [GC (Allocation Failure)  27409K->22225K(30720K), 0.0010084 secs]
53.947: [GC (Allocation Failure)  27345K->22257K(30720K), 0.0009668 secs]
53.951: [GC (Allocation Failure)  27377K->22321K(30720K), 0.0009101 secs]
53.954: [GC (Allocation Failure)  27441K->22225K(30720K), 0.0009121 secs]
53.957: [GC (Allocation Failure)  27345K->22353K(30720K), 0.0009926 secs]
53.961: [GC (Allocation Failure)  27473K->22337K(30720K), 0.0008622 secs]
53.964: [GC (Allocation Failure)  27457K->22305K(30720K), 0.0009303 secs]
53.967: [GC (Allocation Failure)  27425K->22305K(30720K), 0.0008004 secs]
53.971: [GC (Allocation Failure)  27425K->22305K(30720K), 0.0008022 secs]
53.974: [GC (Allocation Failure)  27425K->22273K(30720K), 0.0008728 secs]
53.977: [GC (Allocation Failure)  27393K->22273K(30720K), 0.0008087 secs]
53.981: [GC (Allocation Failure)  27393K->22305K(30720K), 0.0008723 secs]
53.984: [GC (Allocation Failure)  27425K->22273K(30720K), 0.0008731 secs]
53.988: [GC (Allocation Failure)  27393K->22369K(30720K), 0.0010446 secs]
53.991: [GC (Allocation Failure)  27489K->22401K(30720K), 0.0009729 secs]
53.995: [GC (Allocation Failure)  27521K->22337K(30720K), 0.0009650 secs]
53.998: [GC (Allocation Failure)  27457K->22337K(30720K), 0.0008473 secs]
54.002: [GC (Allocation Failure)  27457K->22337K(30720K), 0.0007433 secs]
54.005: [GC (Allocation Failure)  27457K->22369K(30720K), 0.0007854 secs]
54.008: [GC (Allocation Failure)  27489K->22369K(30720K), 0.0008767 secs]
54.011: [GC (Allocation Failure)  27489K->22385K(30720K), 0.0008512 secs]
54.015: [GC (Allocation Failure)  27505K->22385K(30720K), 0.0008277 secs]
54.018: [GC (Allocation Failure)  27505K->22385K(30720K), 0.0008993 secs]
54.022: [GC (Allocation Failure)  27505K->22481K(30720K), 0.0009688 secs]
54.026: [GC (Allocation Failure)  27601K->22521K(30720K), 0.0008352 secs]
54.029: [GC (Allocation Failure)  27641K->22505K(30720K), 0.0008336 secs]
54.033: [GC (Allocation Failure)  27625K->22489K(30720K), 0.0010102 secs]
54.036: [GC (Allocation Failure)  27609K->22497K(30720K), 0.0009626 secs]
54.041: [GC (Allocation Failure)  27617K->22433K(30720K), 0.0017737 secs]
54.046: [GC (Allocation Failure)  27553K->22401K(30720K), 0.0015387 secs]
54.051: [GC (Allocation Failure)  27521K->22529K(30720K), 0.0019625 secs]
54.057: [GC (Allocation Failure)  27649K->22433K(30720K), 0.0017680 secs]
54.062: [GC (Allocation Failure)  27553K->22497K(30720K), 0.0021645 secs]
54.068: [GC (Allocation Failure)  27617K->22513K(30720K), 0.0016690 secs]
54.072: [GC (Allocation Failure)  27633K->22481K(30720K), 0.0014920 secs]
54.077: [GC (Allocation Failure)  27601K->22449K(30720K), 0.0010984 secs]
54.080: [GC (Allocation Failure)  27569K->22481K(30720K), 0.0011348 secs]
54.084: [GC (Allocation Failure)  27601K->22417K(30720K), 0.0011317 secs]
54.088: [GC (Allocation Failure)  27537K->22449K(30720K), 0.0019159 secs]
54.093: [GC (Allocation Failure)  27569K->22481K(30720K), 0.0013320 secs]
54.098: [GC (Allocation Failure)  27601K->22481K(30720K), 0.0017209 secs]
54.103: [GC (Allocation Failure)  27601K->22513K(30720K), 0.0008331 secs]
54.106: [GC (Allocation Failure)  27633K->22449K(30720K), 0.0009994 secs]
54.110: [GC (Allocation Failure)  27569K->22545K(30720K), 0.0008475 secs]
54.113: [GC (Allocation Failure)  27665K->22529K(30720K), 0.0009257 secs]
54.116: [GC (Allocation Failure)  27649K->22497K(30720K), 0.0008509 secs]
54.120: [GC (Allocation Failure)  27617K->22497K(30720K), 0.0008216 secs]
54.124: [GC (Allocation Failure)  27617K->22593K(30720K), 0.0012243 secs]
54.128: [GC (Allocation Failure)  27713K->22625K(30720K), 0.0009995 secs]
54.132: [GC (Allocation Failure)  27745K->22577K(30720K), 0.0010061 secs]
54.136: [GC (Allocation Failure)  27697K->22553K(30720K), 0.0007477 secs]
54.138: [GC (Allocation Failure)  27673K->22521K(30720K), 0.0009195 secs]
54.142: [GC (Allocation Failure)  27641K->22553K(30720K), 0.0010240 secs]
54.146: [GC (Allocation Failure)  27673K->22585K(30720K), 0.0008545 secs]
54.149: [GC (Allocation Failure)  27705K->22489K(30720K), 0.0008841 secs]
54.153: [GC (Allocation Failure)  27609K->22489K(30720K), 0.0007515 secs]
54.156: [GC (Allocation Failure)  27609K->22489K(30720K), 0.0010549 secs]
54.160: [GC (Allocation Failure)  27609K->22553K(30720K), 0.0009149 secs]
54.163: [GC (Allocation Failure)  27673K->22537K(30720K), 0.0008274 secs]
54.167: [GC (Allocation Failure)  27657K->22537K(30720K), 0.0009012 secs]
54.170: [GC (Allocation Failure)  27657K->22601K(30720K), 0.0008981 secs]
54.174: [GC (Allocation Failure)  27721K->22537K(30720K), 0.0009488 secs]
54.177: [GC (Allocation Failure)  27657K->22601K(30720K), 0.0009136 secs]
54.181: [GC (Allocation Failure)  27721K->22633K(30720K), 0.0011393 secs]
54.185: [GC (Allocation Failure)  27753K->22505K(30720K), 0.0008557 secs]
54.188: [GC (Allocation Failure)  27625K->22601K(30720K), 0.0009091 secs]
54.192: [GC (Allocation Failure)  27721K->22537K(30720K), 0.0009918 secs]
54.196: [GC (Allocation Failure)  27657K->22569K(30720K), 0.0008548 secs]
54.199: [GC (Allocation Failure)  27689K->22537K(30720K), 0.0010004 secs]
54.202: [GC (Allocation Failure)  27657K->22569K(30720K), 0.0008304 secs]
54.206: [GC (Allocation Failure)  27689K->22537K(30720K), 0.0010868 secs]
54.209: [GC (Allocation Failure)  27657K->22633K(30720K), 0.0008643 secs]
54.213: [GC (Allocation Failure)  27753K->22553K(30720K), 0.0011032 secs]
54.216: [GC (Allocation Failure)  27673K->22617K(30720K), 0.0008685 secs]
54.220: [GC (Allocation Failure)  27737K->22553K(30720K), 0.0006858 secs]
54.223: [GC (Allocation Failure)  27673K->22585K(30720K), 0.0012297 secs]
54.227: [GC (Allocation Failure)  27705K->22713K(30720K), 0.0009781 secs]
54.230: [GC (Allocation Failure)  27833K->22657K(30720K), 0.0011828 secs]
54.234: [GC (Allocation Failure)  27777K->22689K(30720K), 0.0009159 secs]
54.238: [GC (Allocation Failure)  27809K->22665K(30720K), 0.0008405 secs]
54.241: [GC (Allocation Failure)  27785K->22665K(30720K), 0.0009627 secs]
54.244: [GC (Allocation Failure)  27785K->22665K(30720K), 0.0008095 secs]
54.248: [GC (Allocation Failure)  27785K->22633K(30720K), 0.0009029 secs]
54.251: [GC (Allocation Failure)  27753K->22633K(30720K), 0.0008674 secs]
54.254: [GC (Allocation Failure)  27753K->22633K(30720K), 0.0007943 secs]
54.257: [GC (Allocation Failure)  27753K->22697K(30720K), 0.0008318 secs]
54.261: [GC (Allocation Failure)  27817K->22633K(30720K), 0.0007545 secs]
54.264: [GC (Allocation Failure)  27753K->22681K(30720K), 0.0008988 secs]
54.267: [GC (Allocation Failure)  27801K->22681K(30720K), 0.0007569 secs]
54.271: [GC (Allocation Failure)  27801K->22681K(30720K), 0.0007873 secs]
54.274: [GC (Allocation Failure)  27801K->22745K(30720K), 0.0009446 secs]
54.278: [GC (Allocation Failure)  27865K->22729K(30720K), 0.0008298 secs]
54.281: [GC (Allocation Failure)  27849K->22737K(30720K), 0.0009012 secs]
54.284: [GC (Allocation Failure)  27857K->22769K(30720K), 0.0008229 secs]
54.288: [GC (Allocation Failure)  27889K->22737K(30720K), 0.0008884 secs]
54.291: [GC (Allocation Failure)  27857K->22769K(30720K), 0.0009598 secs]
54.295: [GC (Allocation Failure)  27889K->22705K(30720K), 0.0009033 secs]
54.298: [GC (Allocation Failure)  27825K->22737K(30720K), 0.0008613 secs]
54.302: [GC (Allocation Failure)  27857K->22737K(30720K), 0.0008906 secs]
54.305: [GC (Allocation Failure)  27857K->22673K(30720K), 0.0008720 secs]
54.308: [GC (Allocation Failure)  27793K->22705K(30720K), 0.0008520 secs]
54.312: [GC (Allocation Failure)  27825K->22737K(30720K), 0.0007725 secs]
54.315: [GC (Allocation Failure)  27857K->22721K(30720K), 0.0007262 secs]
54.318: [GC (Allocation Failure)  27841K->22753K(30720K), 0.0007580 secs]
54.321: [GC (Allocation Failure)  27873K->22753K(30720K), 0.0009245 secs]
54.325: [GC (Allocation Failure)  27873K->22817K(30720K), 0.0012557 secs]
54.330: [GC (Allocation Failure)  27937K->22841K(30720K), 0.0009542 secs]
54.333: [GC (Allocation Failure)  27961K->22793K(30720K), 0.0010063 secs]
54.337: [GC (Allocation Failure)  27913K->22801K(30720K), 0.0008719 secs]
54.340: [GC (Allocation Failure)  27921K->22801K(30720K), 0.0009963 secs]
54.343: [GC (Allocation Failure)  27921K->22801K(30720K), 0.0007663 secs]
54.346: [GC (Allocation Failure)  27921K->22833K(30720K), 0.0008881 secs]
54.350: [GC (Allocation Failure)  27953K->22801K(30720K), 0.0010305 secs]
54.354: [GC (Allocation Failure)  27921K->22737K(30720K), 0.0008303 secs]
54.357: [GC (Allocation Failure)  27857K->22833K(30720K), 0.0008022 secs]
54.361: [GC (Allocation Failure)  27953K->22801K(30720K), 0.0007862 secs]
54.364: [GC (Allocation Failure)  27921K->22753K(30720K), 0.0007679 secs]
54.367: [GC (Allocation Failure)  27873K->22817K(30720K), 0.0007837 secs]
54.370: [GC (Allocation Failure)  27937K->22817K(30720K), 0.0008521 secs]
54.373: [GC (Allocation Failure)  27937K->22817K(30720K), 0.0007700 secs]
54.377: [GC (Allocation Failure)  27937K->22849K(30720K), 0.0007574 secs]
54.380: [GC (Allocation Failure)  27969K->22785K(30720K), 0.0007770 secs]
54.383: [GC (Allocation Failure)  27905K->22753K(30720K), 0.0008090 secs]
54.386: [GC (Allocation Failure)  27873K->22785K(30720K), 0.0008557 secs]
54.389: [GC (Allocation Failure)  27905K->22817K(30720K), 0.0008472 secs]
54.392: [GC (Allocation Failure)  27937K->22817K(30720K), 0.0007897 secs]
54.395: [GC (Allocation Failure)  27937K->22785K(30720K), 0.0007290 secs]
54.398: [GC (Allocation Failure)  27905K->22849K(30720K), 0.0008493 secs]
54.402: [GC (Allocation Failure)  27969K->22785K(30720K), 0.0007891 secs]
54.405: [GC (Allocation Failure)  27905K->22817K(30720K), 0.0008105 secs]
54.408: [GC (Allocation Failure)  27937K->22817K(30720K), 0.0007307 secs]
54.411: [GC (Allocation Failure)  27937K->22849K(30720K), 0.0008218 secs]
54.415: [GC (Allocation Failure)  27969K->22769K(30720K), 0.0007197 secs]
54.418: [GC (Allocation Failure)  27889K->22865K(30720K), 0.0007375 secs]
54.421: [GC (Allocation Failure)  27985K->22769K(30720K), 0.0007127 secs]
54.424: [GC (Allocation Failure)  27889K->22929K(30720K), 0.0009987 secs]
54.428: [GC (Allocation Failure)  28049K->22865K(30720K), 0.0009818 secs]
54.432: [GC (Allocation Failure)  27985K->22921K(30720K), 0.0010342 secs]
54.436: [GC (Allocation Failure)  28041K->22897K(30720K), 0.0008248 secs]
54.439: [GC (Allocation Failure)  28017K->22865K(30720K), 0.0011737 secs]
54.443: [GC (Allocation Failure)  27985K->22865K(30720K), 0.0009321 secs]
54.446: [GC (Allocation Failure)  27985K->22865K(30720K), 0.0008130 secs]
54.449: [GC (Allocation Failure)  27985K->22897K(30720K), 0.0007112 secs]
54.452: [GC (Allocation Failure)  28017K->22929K(30720K), 0.0007825 secs]
54.456: [GC (Allocation Failure)  28049K->22897K(30720K), 0.0008837 secs]
54.459: [GC (Allocation Failure)  28017K->22897K(30720K), 0.0007889 secs]
54.462: [GC (Allocation Failure)  28017K->22865K(30720K), 0.0009486 secs]
54.465: [GC (Allocation Failure)  27985K->22881K(30720K), 0.0008075 secs]
54.468: [GC (Allocation Failure)  28001K->22881K(30720K), 0.0007876 secs]
54.471: [GC (Allocation Failure)  28001K->22913K(30720K), 0.0007909 secs]
54.474: [GC (Allocation Failure)  28033K->22913K(30720K), 0.0008589 secs]
54.478: [GC (Allocation Failure)  28033K->22913K(30720K), 0.0007854 secs]
54.481: [GC (Allocation Failure)  28033K->22881K(30720K), 0.0007421 secs]
54.484: [GC (Allocation Failure)  28001K->22913K(30720K), 0.0007980 secs]
54.487: [GC (Allocation Failure)  28033K->22881K(30720K), 0.0008484 secs]
54.490: [GC (Allocation Failure)  28001K->22945K(30720K), 0.0007752 secs]
54.493: [GC (Allocation Failure)  28065K->22913K(30720K), 0.0008114 secs]
54.496: [GC (Allocation Failure)  28033K->22881K(30720K), 0.0008186 secs]
54.499: [GC (Allocation Failure)  28001K->22849K(30720K), 0.0007261 secs]
54.503: [GC (Allocation Failure)  27969K->22881K(30720K), 0.0008271 secs]
54.506: [GC (Allocation Failure)  28001K->22849K(30720K), 0.0008498 secs]
54.509: [GC (Allocation Failure)  27969K->22913K(30720K), 0.0008055 secs]
54.512: [GC (Allocation Failure)  28033K->22913K(30720K), 0.0009124 secs]
54.516: [GC (Allocation Failure)  28033K->22977K(30720K), 0.0008406 secs]
54.519: [GC (Allocation Failure)  28097K->22897K(30720K), 0.0007218 secs]
54.522: [GC (Allocation Failure)  28017K->22993K(30720K), 0.0008369 secs]
54.526: [GC (Allocation Failure)  28113K->22993K(30720K), 0.0011693 secs]
54.529: [GC (Allocation Failure)  28113K->23057K(30720K), 0.0010856 secs]
54.534: [GC (Allocation Failure)  28177K->22993K(30720K), 0.0009660 secs]
54.537: [GC (Allocation Failure)  28113K->22969K(30720K), 0.0008756 secs]
54.540: [GC (Allocation Failure)  28089K->22969K(30720K), 0.0008712 secs]
54.544: [GC (Allocation Failure)  28089K->22969K(30720K), 0.0007222 secs]
54.546: [GC (Allocation Failure)  28089K->22969K(30720K), 0.0007830 secs]
54.549: [GC (Allocation Failure)  28089K->22969K(30720K), 0.0007756 secs]
54.552: [GC (Allocation Failure)  28089K->22969K(30720K), 0.0007997 secs]
54.555: [GC (Allocation Failure)  28089K->23033K(30720K), 0.0008873 secs]
54.559: [GC (Allocation Failure)  28153K->22937K(30720K), 0.0009091 secs]
54.562: [GC (Allocation Failure)  28057K->22969K(30720K), 0.0007417 secs]
54.565: [GC (Allocation Failure)  28089K->23033K(30720K), 0.0007875 secs]
54.568: [GC (Allocation Failure)  28153K->23017K(30720K), 0.0007892 secs]
54.571: [GC (Allocation Failure)  28137K->23017K(30720K), 0.0010096 secs]
54.574: [GC (Allocation Failure)  28137K->22953K(30720K), 0.0008417 secs]
54.577: [GC (Allocation Failure)  28073K->22985K(30720K), 0.0008666 secs]
54.580: [GC (Allocation Failure)  28105K->23017K(30720K), 0.0008211 secs]
54.583: [GC (Allocation Failure)  28137K->22953K(30720K), 0.0007703 secs]
54.586: [GC (Allocation Failure)  28073K->23017K(30720K), 0.0007755 secs]
54.589: [GC (Allocation Failure)  28137K->23049K(30720K), 0.0008843 secs]
54.592: [GC (Allocation Failure)  28169K->23017K(30720K), 0.0007167 secs]
54.595: [GC (Allocation Failure)  28137K->23017K(30720K), 0.0008766 secs]
54.599: [GC (Allocation Failure)  28137K->23049K(30720K), 0.0007373 secs]
54.602: [GC (Allocation Failure)  28169K->23081K(30720K), 0.0008500 secs]
54.605: [GC (Allocation Failure)  28201K->23017K(30720K), 0.0007926 secs]
54.608: [GC (Allocation Failure)  28137K->22985K(30720K), 0.0008923 secs]
54.611: [GC (Allocation Failure)  28105K->22985K(30720K), 0.0008005 secs]
54.615: [GC (Allocation Failure)  28105K->23017K(30720K), 0.0007668 secs]
54.618: [GC (Allocation Failure)  28137K->23001K(30720K), 0.0007848 secs]
54.621: [GC (Allocation Failure)  28121K->23065K(30720K), 0.0009634 secs]
54.624: [GC (Allocation Failure)  28185K->23129K(30720K), 0.0008034 secs]
54.628: [GC (Allocation Failure)  28249K->23129K(30720K), 0.0009849 secs]
54.632: [GC (Allocation Failure)  28249K->23089K(30720K), 0.0015944 secs]
54.636: [GC (Allocation Failure)  28209K->23089K(30720K), 0.0010005 secs]
54.641: [GC (Allocation Failure)  28209K->23065K(30720K), 0.0010626 secs]
54.644: [GC (Allocation Failure)  28185K->23137K(30720K), 0.0009681 secs]
54.648: [GC (Allocation Failure)  28257K->23105K(30720K), 0.0008839 secs]
54.651: [GC (Allocation Failure)  28225K->23105K(30720K), 0.0008098 secs]
54.654: [GC (Allocation Failure)  28225K->23169K(30720K), 0.0007961 secs]
54.657: [GC (Allocation Failure)  28289K->23137K(30720K), 0.0008424 secs]
54.660: [GC (Allocation Failure)  28257K->23073K(30720K), 0.0008129 secs]
54.663: [GC (Allocation Failure)  28193K->23137K(30720K), 0.0007300 secs]
54.666: [GC (Allocation Failure)  28257K->23105K(30720K), 0.0007478 secs]
54.669: [GC (Allocation Failure)  28225K->23121K(30720K), 0.0007562 secs]
54.672: [GC (Allocation Failure)  28241K->23057K(30720K), 0.0007317 secs]
54.675: [GC (Allocation Failure)  28177K->23089K(30720K), 0.0007864 secs]
54.679: [GC (Allocation Failure)  28209K->23121K(30720K), 0.0009801 secs]
54.682: [GC (Allocation Failure)  28241K->23121K(30720K), 0.0007422 secs]
54.685: [GC (Allocation Failure)  28241K->23089K(30720K), 0.0008146 secs]
54.688: [GC (Allocation Failure)  28209K->23089K(30720K), 0.0007648 secs]
54.691: [GC (Allocation Failure)  28209K->23121K(30720K), 0.0007429 secs]
54.694: [GC (Allocation Failure)  28241K->23089K(30720K), 0.0008610 secs]
54.698: [GC (Allocation Failure)  28209K->23153K(30720K), 0.0007429 secs]
54.701: [GC (Allocation Failure)  28273K->23121K(30720K), 0.0007382 secs]
54.704: [GC (Allocation Failure)  28241K->23025K(30720K), 0.0007202 secs]
54.706: [GC (Allocation Failure)  28145K->23121K(30720K), 0.0007443 secs]
54.709: [GC (Allocation Failure)  28241K->23121K(30720K), 0.0007538 secs]
54.713: [GC (Allocation Failure)  28241K->23089K(30720K), 0.0007998 secs]
54.716: [GC (Allocation Failure)  28209K->23057K(30720K), 0.0007472 secs]
54.719: [GC (Allocation Failure)  28177K->23153K(30720K), 0.0007563 secs]
54.722: [GC (Allocation Failure)  28273K->23129K(30720K), 0.0007398 secs]
54.725: [GC (Allocation Failure)  28249K->23193K(30720K), 0.0008200 secs]
54.729: [GC (Allocation Failure)  28313K->23185K(30720K), 0.0008752 secs]
54.732: [GC (Allocation Failure)  28305K->23217K(30720K), 0.0009426 secs]
54.736: [GC (Allocation Failure)  28337K->23153K(30720K), 0.0010554 secs]
54.740: [GC (Allocation Failure)  28273K->23217K(30720K), 0.0009348 secs]
54.743: [GC (Allocation Failure)  28337K->23225K(30720K), 0.0009395 secs]
54.747: [GC (Allocation Failure)  28345K->23161K(30720K), 0.0012411 secs]
54.751: [GC (Allocation Failure)  28281K->23193K(30720K), 0.0009566 secs]
54.754: [GC (Allocation Failure)  28313K->23225K(30720K), 0.0008066 secs]
54.757: [GC (Allocation Failure)  28345K->23257K(30720K), 0.0007904 secs]
54.760: [GC (Allocation Failure)  28377K->23161K(30720K), 0.0008734 secs]
54.763: [GC (Allocation Failure)  28281K->23225K(30720K), 0.0008283 secs]
54.767: [GC (Allocation Failure)  28345K->23257K(30720K), 0.0008203 secs]
54.770: [GC (Allocation Failure)  28377K->23209K(30720K), 0.0010283 secs]
54.774: [GC (Allocation Failure)  28329K->23337K(30720K), 0.0010890 secs]
54.778: [GC (Allocation Failure)  28457K->23337K(30720K), 0.0016943 secs]
54.782: [GC (Allocation Failure)  28457K->23257K(30720K), 0.0008639 secs]
54.785: [GC (Allocation Failure)  28377K->23265K(30720K), 0.0008849 secs]
54.789: [GC (Allocation Failure)  28385K->23297K(30720K), 0.0011002 secs]
54.792: [GC (Allocation Failure)  28417K->23265K(30720K), 0.0008764 secs]
54.796: [GC (Allocation Failure)  28385K->23265K(30720K), 0.0008962 secs]
54.799: [GC (Allocation Failure)  28385K->23297K(30720K), 0.0008219 secs]
54.802: [GC (Allocation Failure)  28417K->23297K(30720K), 0.0007569 secs]
54.805: [GC (Allocation Failure)  28417K->23233K(30720K), 0.0007939 secs]
54.809: [GC (Allocation Failure)  28353K->23297K(30720K), 0.0008592 secs]
54.812: [GC (Allocation Failure)  28417K->23233K(30720K), 0.0007471 secs]
54.815: [GC (Allocation Failure)  28353K->23329K(30720K), 0.0008441 secs]
54.818: [GC (Allocation Failure)  28449K->23329K(30720K), 0.0008926 secs]
54.821: [GC (Allocation Failure)  28449K->23313K(30720K), 0.0008140 secs]
54.825: [GC (Allocation Failure)  28433K->23313K(30720K), 0.0007371 secs]
54.828: [GC (Allocation Failure)  28433K->23377K(30720K), 0.0010049 secs]
54.832: [GC (Allocation Failure)  28497K->23433K(30720K), 0.0009810 secs]
54.836: [GC (Allocation Failure)  28553K->23417K(30720K), 0.0009770 secs]
54.840: [GC (Allocation Failure)  28537K->23329K(30720K), 0.0011027 secs]
54.843: [GC (Allocation Failure)  28449K->23361K(30720K), 0.0009510 secs]
54.847: [GC (Allocation Failure)  28481K->23393K(30720K), 0.0007993 secs]
54.850: [GC (Allocation Failure)  28513K->23361K(30720K), 0.0009597 secs]
54.853: [GC (Allocation Failure)  28481K->23361K(30720K), 0.0008207 secs]
54.856: [GC (Allocation Failure)  28481K->23329K(30720K), 0.0007392 secs]
54.860: [GC (Allocation Failure)  28449K->23329K(30720K), 0.0007688 secs]
54.863: [GC (Allocation Failure)  28449K->23329K(30720K), 0.0007671 secs]
54.866: [GC (Allocation Failure)  28449K->23361K(30720K), 0.0008295 secs]
54.869: [GC (Allocation Failure)  28481K->23361K(30720K), 0.0010269 secs]
54.873: [GC (Allocation Failure)  28481K->23305K(30720K), 0.0007103 secs]
54.876: [GC (Allocation Failure)  28425K->23369K(30720K), 0.0008049 secs]
54.879: [GC (Allocation Failure)  28489K->23369K(30720K), 0.0007982 secs]
54.882: [GC (Allocation Failure)  28489K->23369K(30720K), 0.0007754 secs]
54.885: [GC (Allocation Failure)  28489K->23433K(30720K), 0.0008501 secs]
54.888: [GC (Allocation Failure)  28553K->23337K(30720K), 0.0007662 secs]
54.891: [GC (Allocation Failure)  28457K->23337K(30720K), 0.0007484 secs]
54.894: [GC (Allocation Failure)  28457K->23401K(30720K), 0.0008980 secs]
54.898: [GC (Allocation Failure)  28521K->23305K(30720K), 0.0007793 secs]
54.901: [GC (Allocation Failure)  28425K->23305K(30720K), 0.0007411 secs]
54.904: [GC (Allocation Failure)  28425K->23337K(30720K), 0.0008965 secs]
54.907: [GC (Allocation Failure)  28457K->23369K(30720K), 0.0008412 secs]
54.910: [GC (Allocation Failure)  28489K->23369K(30720K), 0.0007944 secs]
54.913: [GC (Allocation Failure)  28489K->23369K(30720K), 0.0008464 secs]
54.916: [GC (Allocation Failure)  28489K->23433K(30720K), 0.0007888 secs]
54.920: [GC (Allocation Failure)  28553K->23369K(30720K), 0.0007337 secs]
54.923: [GC (Allocation Failure)  28489K->23385K(30720K), 0.0007207 secs]
54.926: [GC (Allocation Failure)  28505K->23513K(30720K), 0.0008541 secs]
54.929: [GC (Allocation Failure)  28633K->23401K(30720K), 0.0009242 secs]
54.933: [GC (Allocation Failure)  28521K->23433K(30720K), 0.0009554 secs]
54.937: [GC (Allocation Failure)  28553K->23481K(30720K), 0.0011546 secs]
54.941: [GC (Allocation Failure)  28601K->23449K(30720K), 0.0011135 secs]
54.945: [GC (Allocation Failure)  28569K->23457K(30720K), 0.0008830 secs]
54.948: [GC (Allocation Failure)  28577K->23457K(30720K), 0.0008516 secs]
54.951: [GC (Allocation Failure)  28577K->23457K(30720K), 0.0008761 secs]
54.954: [GC (Allocation Failure)  28577K->23393K(30720K), 0.0010395 secs]
54.958: [GC (Allocation Failure)  28513K->23393K(30720K), 0.0008279 secs]
54.961: [GC (Allocation Failure)  28513K->23457K(30720K), 0.0007864 secs]
54.965: [GC (Allocation Failure)  28577K->23393K(30720K), 0.0008947 secs]
54.968: [GC (Allocation Failure)  28513K->23425K(30720K), 0.0007660 secs]
54.971: [GC (Allocation Failure)  28545K->23457K(30720K), 0.0009872 secs]
54.975: [GC (Allocation Failure)  28577K->23441K(30720K), 0.0011081 secs]
54.978: [GC (Allocation Failure)  28561K->23473K(30720K), 0.0009445 secs]
54.981: [GC (Allocation Failure)  28593K->23473K(30720K), 0.0010148 secs]
54.985: [GC (Allocation Failure)  28593K->23441K(30720K), 0.0010185 secs]
54.989: [GC (Allocation Failure)  28561K->23473K(30720K), 0.0008803 secs]
54.992: [GC (Allocation Failure)  28593K->23505K(30720K), 0.0008573 secs]
54.995: [GC (Allocation Failure)  28625K->23473K(30720K), 0.0009312 secs]
54.999: [GC (Allocation Failure)  28593K->23473K(30720K), 0.0007265 secs]
57.771: [GC (Allocation Failure)  28593K->23641K(30720K), 0.0207265 secs]
63.053: [GC (Allocation Failure)  28761K->24233K(30720K), 0.0028341 secs]
70.357: [GC (Allocation Failure)  29353K->24649K(30720K), 0.0018653 secs]
70.362: [GC (Allocation Failure)  29769K->24515K(31232K), 0.0013567 secs]
70.366: [GC (Allocation Failure)  29635K->24387K(31232K), 0.0011217 secs]
70.369: [GC (Allocation Failure)  29507K->24363K(31232K), 0.0008931 secs]
70.373: [GC (Allocation Failure)  29483K->24427K(31232K), 0.0009657 secs]
70.376: [GC (Allocation Failure)  29547K->24523K(31232K), 0.0008399 secs]
70.379: [GC (Allocation Failure)  29643K->24627K(31232K), 0.0008328 secs]
70.384: [GC (Allocation Failure)  29747K->24676K(31232K), 0.0012641 secs]
70.388: [GC (Allocation Failure)  29796K->24612K(31232K), 0.0015587 secs]
70.392: [GC (Allocation Failure)  29732K->24516K(31232K), 0.0012380 secs]
70.397: [GC (Allocation Failure)  29636K->24612K(31232K), 0.0011493 secs]
70.400: [GC (Allocation Failure)  29732K->24556K(31232K), 0.0009123 secs]
70.404: [GC (Allocation Failure)  30188K->24588K(31232K), 0.0012247 secs]
70.408: [GC (Allocation Failure)  30220K->24524K(31232K), 0.0009151 secs]
70.412: [GC (Allocation Failure)  30156K->24588K(31232K), 0.0012593 secs]
70.416: [GC (Allocation Failure)  30220K->24556K(31232K), 0.0009332 secs]
70.420: [GC (Allocation Failure)  30188K->24620K(31232K), 0.0009056 secs]
70.424: [GC (Allocation Failure)  30252K->24620K(31232K), 0.0008617 secs]
70.427: [GC (Allocation Failure)  30252K->24556K(31232K), 0.0008664 secs]
70.431: [GC (Allocation Failure)  30188K->24716K(31232K), 0.0012638 secs]
70.437: [GC (Allocation Failure)  30348K->24733K(31232K), 0.0019243 secs]
70.441: [GC (Allocation Failure)  30365K->24637K(31232K), 0.0010530 secs]
70.445: [GC (Allocation Failure)  30269K->24677K(31232K), 0.0010393 secs]
70.449: [GC (Allocation Failure)  30309K->24677K(31232K), 0.0008218 secs]
70.452: [GC (Allocation Failure)  30309K->24677K(31232K), 0.0009183 secs]
70.456: [GC (Allocation Failure)  30309K->24613K(31232K), 0.0009724 secs]
70.460: [GC (Allocation Failure)  30245K->24613K(31232K), 0.0008806 secs]
70.464: [GC (Allocation Failure)  30245K->24677K(31232K), 0.0008930 secs]
70.467: [GC (Allocation Failure)  30309K->24613K(31232K), 0.0007813 secs]
70.471: [GC (Allocation Failure)  30245K->24645K(31232K), 0.0008163 secs]
70.474: [GC (Allocation Failure)  30277K->24645K(31232K), 0.0009019 secs]
70.478: [GC (Allocation Failure)  30277K->24645K(31232K), 0.0007873 secs]
70.481: [GC (Allocation Failure)  30277K->24837K(31232K), 0.0009759 secs]
70.485: [GC (Allocation Failure)  30469K->24873K(31232K), 0.0010082 secs]
70.490: [GC (Allocation Failure)  30505K->24865K(31232K), 0.0013090 secs]
70.494: [GC (Allocation Failure)  30497K->24785K(31232K), 0.0010944 secs]
70.498: [GC (Allocation Failure)  30417K->24761K(31232K), 0.0008549 secs]
70.502: [GC (Allocation Failure)  30393K->24825K(31232K), 0.0008568 secs]
70.506: [GC (Allocation Failure)  30457K->24857K(31232K), 0.0011665 secs]
70.510: [GC (Allocation Failure)  30488K->24761K(31232K), 0.0008263 secs]
70.513: [GC (Allocation Failure)  30393K->24793K(31232K), 0.0007840 secs]
70.517: [GC (Allocation Failure)  30425K->24761K(31232K), 0.0008087 secs]
70.520: [GC (Allocation Failure)  30393K->24825K(31232K), 0.0007815 secs]
70.524: [GC (Allocation Failure)  30457K->24825K(31232K), 0.0008448 secs]
70.527: [GC (Allocation Failure)  30457K->24825K(31232K), 0.0008238 secs]
70.531: [GC (Allocation Failure)  30457K->24889K(31232K), 0.0007744 secs]
70.534: [GC (Allocation Failure)  30521K->25025K(31232K), 0.0008684 secs]
70.538: [GC (Allocation Failure)  30657K->24940K(31232K), 0.0009695 secs]
70.542: [GC (Allocation Failure)  30572K->24908K(31232K), 0.0010303 secs]
70.546: [GC (Allocation Failure)  30540K->24940K(31232K), 0.0008889 secs]
70.549: [GC (Allocation Failure)  30572K->24908K(31232K), 0.0007142 secs]
70.552: [GC (Allocation Failure)  30540K->24908K(31232K), 0.0008761 secs]
70.556: [GC (Allocation Failure)  30540K->24908K(31232K), 0.0008842 secs]
70.560: [GC (Allocation Failure)  30540K->24972K(31232K), 0.0008751 secs]
70.563: [GC (Allocation Failure)  30604K->24908K(31232K), 0.0007770 secs]
70.567: [GC (Allocation Failure)  30540K->24908K(31232K), 0.0007873 secs]
70.570: [GC (Allocation Failure)  30540K->24908K(31232K), 0.0009122 secs]
70.573: [GC (Allocation Failure)  30540K->24972K(31232K), 0.0009068 secs]
70.577: [GC (Allocation Failure)  30604K->24908K(31232K), 0.0009000 secs]
70.581: [GC (Allocation Failure)  30540K->25036K(31232K), 0.0008909 secs]
70.584: [GC (Allocation Failure)  30668K->25108K(31232K), 0.0013819 secs]
70.590: [GC (Allocation Failure)  30740K->25142K(31232K), 0.0013606 secs]
70.594: [GC (Allocation Failure)  30774K->25174K(31232K), 0.0011154 secs]
70.598: [GC (Allocation Failure)  30806K->25118K(31232K), 0.0009038 secs]
70.601: [GC (Allocation Failure)  30750K->25086K(31232K), 0.0008082 secs]
70.605: [GC (Allocation Failure)  30718K->25054K(31232K), 0.0012528 secs]
70.609: [GC (Allocation Failure)  30686K->25118K(31232K), 0.0010041 secs]
70.612: [GC (Allocation Failure)  30750K->25054K(31232K), 0.0007374 secs]
70.616: [GC (Allocation Failure)  30686K->25118K(31232K), 0.0008547 secs]
70.619: [GC (Allocation Failure)  30750K->25118K(31232K), 0.0008430 secs]
70.623: [GC (Allocation Failure)  30750K->25054K(31232K), 0.0009905 secs]
70.626: [GC (Allocation Failure)  30686K->25086K(31232K), 0.0007756 secs]
70.630: [GC (Allocation Failure)  30718K->25054K(31232K), 0.0009128 secs]
70.633: [GC (Allocation Failure)  30686K->25022K(31232K), 0.0008092 secs]
70.637: [GC (Allocation Failure)  30654K->25246K(31232K), 0.0011621 secs]
70.641: [GC (Allocation Failure)  30878K->25207K(31232K), 0.0010197 secs]
70.642: [Full GC (Ergonomics)  25207K->21543K(31744K), 0.0811961 secs]
70.728: [GC (Allocation Failure)  27175K->21831K(31744K), 0.0016256 secs]
70.733: [GC (Allocation Failure)  27463K->21802K(31744K), 0.0022305 secs]
70.739: [GC (Allocation Failure)  27434K->21898K(31744K), 0.0014392 secs]
70.745: [GC (Allocation Failure)  27530K->21754K(31744K), 0.0013323 secs]
70.749: [GC (Allocation Failure)  27386K->21698K(31744K), 0.0011025 secs]
70.753: [GC (Allocation Failure)  27330K->21730K(31744K), 0.0012589 secs]
70.757: [GC (Allocation Failure)  27362K->21794K(31744K), 0.0010762 secs]
70.760: [GC (Allocation Failure)  27426K->21762K(31744K), 0.0012610 secs]
70.765: [GC (Allocation Failure)  27394K->21762K(31744K), 0.0008588 secs]
70.768: [GC (Allocation Failure)  27394K->21794K(31744K), 0.0009878 secs]
70.771: [GC (Allocation Failure)  27426K->21730K(31744K), 0.0009725 secs]
70.775: [GC (Allocation Failure)  27362K->21762K(31744K), 0.0013775 secs]
70.780: [GC (Allocation Failure)  27394K->21890K(31744K), 0.0014042 secs]
70.785: [GC (Allocation Failure)  27522K->21957K(31744K), 0.0013117 secs]
70.790: [GC (Allocation Failure)  27589K->21805K(31744K), 0.0011763 secs]
70.794: [GC (Allocation Failure)  27437K->21869K(31744K), 0.0009628 secs]
70.797: [GC (Allocation Failure)  27501K->21869K(31744K), 0.0009004 secs]
70.801: [GC (Allocation Failure)  27501K->21869K(31744K), 0.0007541 secs]
70.804: [GC (Allocation Failure)  27501K->21805K(31744K), 0.0012065 secs]
70.808: [GC (Allocation Failure)  27437K->21837K(31744K), 0.0009608 secs]
70.811: [GC (Allocation Failure)  27469K->21837K(31744K), 0.0007484 secs]
70.815: [GC (Allocation Failure)  27469K->21901K(31744K), 0.0007227 secs]
70.818: [GC (Allocation Failure)  27533K->21805K(31744K), 0.0008064 secs]
70.821: [GC (Allocation Failure)  27437K->21837K(31744K), 0.0008553 secs]
70.826: [GC (Allocation Failure)  27469K->21965K(31744K), 0.0008595 secs]
70.830: [GC (Allocation Failure)  27597K->21949K(31744K), 0.0011277 secs]
70.835: [GC (Allocation Failure)  27581K->22006K(31744K), 0.0012700 secs]
70.840: [GC (Allocation Failure)  27638K->22094K(31744K), 0.0015767 secs]
70.845: [GC (Allocation Failure)  27726K->22062K(31744K), 0.0013656 secs]
70.849: [GC (Allocation Failure)  27694K->21998K(31744K), 0.0009807 secs]
70.853: [GC (Allocation Failure)  27630K->22038K(31744K), 0.0009253 secs]
70.856: [GC (Allocation Failure)  27670K->22038K(31744K), 0.0010462 secs]
70.860: [GC (Allocation Failure)  27670K->22070K(31744K), 0.0008126 secs]
70.864: [GC (Allocation Failure)  27702K->22038K(31744K), 0.0008828 secs]
70.867: [GC (Allocation Failure)  27670K->22006K(31744K), 0.0008825 secs]
70.871: [GC (Allocation Failure)  27638K->22038K(31744K), 0.0009566 secs]
70.874: [GC (Allocation Failure)  27670K->22006K(31744K), 0.0008541 secs]
70.877: [GC (Allocation Failure)  27638K->22070K(31744K), 0.0009529 secs]
70.881: [GC (Allocation Failure)  27702K->22198K(31744K), 0.0008653 secs]
70.885: [GC (Allocation Failure)  27830K->22191K(31744K), 0.0012804 secs]
70.889: [GC (Allocation Failure)  27823K->22119K(31744K), 0.0009530 secs]
70.893: [GC (Allocation Failure)  27751K->22063K(31744K), 0.0009205 secs]
70.896: [GC (Allocation Failure)  27695K->22095K(31744K), 0.0007962 secs]
70.900: [GC (Allocation Failure)  27727K->22159K(31744K), 0.0008979 secs]
70.903: [GC (Allocation Failure)  27791K->22159K(31744K), 0.0008693 secs]
70.907: [GC (Allocation Failure)  27791K->22127K(31744K), 0.0009351 secs]
70.910: [GC (Allocation Failure)  27759K->22159K(31744K), 0.0008245 secs]
70.914: [GC (Allocation Failure)  27791K->22159K(31744K), 0.0008761 secs]
70.918: [GC (Allocation Failure)  27791K->22095K(31744K), 0.0008932 secs]
70.921: [GC (Allocation Failure)  27727K->22063K(31744K), 0.0008965 secs]
70.925: [GC (Allocation Failure)  27695K->22127K(31744K), 0.0009064 secs]
70.929: [GC (Allocation Failure)  27759K->22223K(31744K), 0.0011342 secs]
70.933: [GC (Allocation Failure)  27855K->22319K(31744K), 0.0010374 secs]
70.938: [GC (Allocation Failure)  27951K->22281K(31744K), 0.0015270 secs]
70.942: [GC (Allocation Failure)  27913K->22257K(31744K), 0.0011498 secs]
70.946: [GC (Allocation Failure)  27889K->22265K(31744K), 0.0008489 secs]
70.950: [GC (Allocation Failure)  27897K->22265K(31744K), 0.0008391 secs]
70.953: [GC (Allocation Failure)  27897K->22233K(31744K), 0.0011634 secs]
70.957: [GC (Allocation Failure)  27865K->22265K(31744K), 0.0008646 secs]
70.960: [GC (Allocation Failure)  27897K->22265K(31744K), 0.0009409 secs]
70.964: [GC (Allocation Failure)  27897K->22265K(31744K), 0.0009855 secs]
70.968: [GC (Allocation Failure)  27897K->22297K(31744K), 0.0008462 secs]
70.971: [GC (Allocation Failure)  27929K->22265K(31744K), 0.0008596 secs]
70.975: [GC (Allocation Failure)  27897K->22233K(31744K), 0.0008612 secs]
70.978: [GC (Allocation Failure)  27865K->22201K(31744K), 0.0008917 secs]
70.982: [GC (Allocation Failure)  27833K->22329K(31744K), 0.0008370 secs]
70.985: [GC (Allocation Failure)  27961K->22433K(31744K), 0.0008586 secs]
70.989: [GC (Allocation Failure)  28065K->22460K(31744K), 0.0010716 secs]
70.993: [GC (Allocation Failure)  28092K->22348K(31744K), 0.0009120 secs]
70.997: [GC (Allocation Failure)  27980K->22348K(31744K), 0.0008761 secs]
71.000: [GC (Allocation Failure)  27980K->22316K(31744K), 0.0008827 secs]
71.004: [GC (Allocation Failure)  27948K->22316K(31744K), 0.0008686 secs]
71.008: [GC (Allocation Failure)  27948K->22412K(31744K), 0.0007946 secs]
71.011: [GC (Allocation Failure)  28044K->22348K(31744K), 0.0008664 secs]
71.014: [GC (Allocation Failure)  27980K->22348K(31744K), 0.0007773 secs]
71.018: [GC (Allocation Failure)  27980K->22348K(31744K), 0.0008758 secs]
71.021: [GC (Allocation Failure)  27980K->22316K(31744K), 0.0007775 secs]
71.025: [GC (Allocation Failure)  27948K->22316K(31744K), 0.0009446 secs]
71.029: [GC (Allocation Failure)  27948K->22412K(31744K), 0.0010956 secs]
71.034: [GC (Allocation Failure)  28044K->22460K(31744K), 0.0011440 secs]
71.039: [GC (Allocation Failure)  28092K->22556K(31744K), 0.0019911 secs]
71.045: [GC (Allocation Failure)  28188K->22533K(31744K), 0.0014857 secs]
71.049: [GC (Allocation Failure)  28165K->22501K(31744K), 0.0009031 secs]
71.053: [GC (Allocation Failure)  28133K->22469K(31744K), 0.0009078 secs]
71.057: [GC (Allocation Failure)  28101K->22437K(31744K), 0.0008598 secs]
71.061: [GC (Allocation Failure)  28069K->22469K(31744K), 0.0009219 secs]
71.064: [GC (Allocation Failure)  28101K->22469K(31744K), 0.0008127 secs]
71.068: [GC (Allocation Failure)  28101K->22437K(31744K), 0.0009452 secs]
71.072: [GC (Allocation Failure)  28069K->22437K(31744K), 0.0007829 secs]
71.075: [GC (Allocation Failure)  28069K->22437K(31744K), 0.0008476 secs]
71.079: [GC (Allocation Failure)  28069K->22469K(31744K), 0.0008012 secs]
71.082: [GC (Allocation Failure)  28101K->22469K(31744K), 0.0008329 secs]
71.086: [GC (Allocation Failure)  28101K->22437K(31744K), 0.0009062 secs]
71.089: [GC (Allocation Failure)  28069K->22629K(31744K), 0.0011103 secs]
71.094: [GC (Allocation Failure)  28261K->22566K(31744K), 0.0009980 secs]
71.098: [GC (Allocation Failure)  28198K->22566K(31744K), 0.0008484 secs]
71.101: [GC (Allocation Failure)  28198K->22534K(31744K), 0.0008996 secs]
71.105: [GC (Allocation Failure)  28166K->22534K(31744K), 0.0010462 secs]
71.109: [GC (Allocation Failure)  28166K->22502K(31744K), 0.0009233 secs]
71.112: [GC (Allocation Failure)  28134K->22534K(31744K), 0.0008693 secs]
71.116: [GC (Allocation Failure)  28166K->22534K(31744K), 0.0010317 secs]
71.119: [GC (Allocation Failure)  28166K->22502K(31744K), 0.0008121 secs]
71.123: [GC (Allocation Failure)  28134K->22502K(31744K), 0.0009377 secs]
71.127: [GC (Allocation Failure)  28134K->22630K(31744K), 0.0009158 secs]
71.132: [GC (Allocation Failure)  28262K->22630K(31744K), 0.0009247 secs]
71.136: [GC (Allocation Failure)  28262K->22654K(31744K), 0.0009553 secs]
71.140: [GC (Allocation Failure)  28286K->22726K(31744K), 0.0012611 secs]
71.145: [GC (Allocation Failure)  28358K->22833K(31744K), 0.0013424 secs]
71.149: [GC (Allocation Failure)  28465K->22777K(31744K), 0.0010517 secs]
71.153: [GC (Allocation Failure)  28409K->22689K(31744K), 0.0009509 secs]
71.156: [GC (Allocation Failure)  28321K->22689K(31744K), 0.0009560 secs]
71.160: [GC (Allocation Failure)  28321K->22657K(31744K), 0.0009453 secs]
71.164: [GC (Allocation Failure)  28289K->22689K(31744K), 0.0009553 secs]
71.168: [GC (Allocation Failure)  28321K->22753K(31744K), 0.0008496 secs]
71.171: [GC (Allocation Failure)  28385K->22657K(31744K), 0.0008745 secs]
71.175: [GC (Allocation Failure)  28289K->22689K(31744K), 0.0009110 secs]
71.178: [GC (Allocation Failure)  28321K->22657K(31744K), 0.0008060 secs]
71.182: [GC (Allocation Failure)  28289K->22689K(31744K), 0.0009350 secs]
71.186: [GC (Allocation Failure)  28321K->22689K(31744K), 0.0008303 secs]
71.189: [GC (Allocation Failure)  28321K->22721K(31744K), 0.0008031 secs]
71.192: [GC (Allocation Failure)  28353K->22689K(31744K), 0.0008257 secs]
71.196: [GC (Allocation Failure)  28321K->22849K(31744K), 0.0008789 secs]
71.201: [GC (Allocation Failure)  28481K->22875K(31744K), 0.0010098 secs]
71.204: [GC (Allocation Failure)  28507K->22819K(31744K), 0.0011297 secs]
71.208: [GC (Allocation Failure)  28451K->22755K(31744K), 0.0008450 secs]
71.212: [GC (Allocation Failure)  28387K->22787K(31744K), 0.0009419 secs]
71.215: [GC (Allocation Failure)  28419K->22787K(31744K), 0.0007346 secs]
71.219: [GC (Allocation Failure)  28419K->22819K(31744K), 0.0008193 secs]
71.222: [GC (Allocation Failure)  28451K->22851K(31744K), 0.0008283 secs]
71.226: [GC (Allocation Failure)  28483K->22755K(31744K), 0.0009292 secs]
71.230: [GC (Allocation Failure)  28387K->22883K(31744K), 0.0012373 secs]
71.234: [GC (Allocation Failure)  28515K->22907K(31744K), 0.0011003 secs]
71.239: [GC (Allocation Failure)  28539K->22875K(31744K), 0.0011552 secs]
71.243: [GC (Allocation Failure)  28507K->22851K(31744K), 0.0010685 secs]
71.247: [GC (Allocation Failure)  28483K->23011K(31744K), 0.0009340 secs]
71.252: [GC (Allocation Failure)  28643K->23005K(31744K), 0.0010238 secs]
71.256: [GC (Allocation Failure)  28637K->22997K(31744K), 0.0009911 secs]
71.259: [GC (Allocation Failure)  28629K->22965K(31744K), 0.0008494 secs]
71.263: [GC (Allocation Failure)  28597K->22965K(31744K), 0.0008334 secs]
71.266: [GC (Allocation Failure)  28597K->22981K(31744K), 0.0008684 secs]
71.270: [GC (Allocation Failure)  28613K->22917K(31744K), 0.0008005 secs]
71.273: [GC (Allocation Failure)  28549K->22949K(31744K), 0.0009109 secs]
71.277: [GC (Allocation Failure)  28581K->22981K(31744K), 0.0008536 secs]
71.280: [GC (Allocation Failure)  28613K->22981K(31744K), 0.0008300 secs]
71.283: [GC (Allocation Failure)  28613K->22981K(31744K), 0.0008477 secs]
71.287: [GC (Allocation Failure)  28613K->22949K(31744K), 0.0009139 secs]
71.291: [GC (Allocation Failure)  28581K->22981K(31744K), 0.0008879 secs]
71.294: [GC (Allocation Failure)  28613K->23013K(31744K), 0.0008521 secs]
71.297: [GC (Allocation Failure)  28645K->23141K(31744K), 0.0008909 secs]
71.301: [GC (Allocation Failure)  28773K->23101K(31744K), 0.0011648 secs]
71.307: [GC (Allocation Failure)  28733K->23279K(31744K), 0.0015211 secs]
71.312: [GC (Allocation Failure)  28911K->23312K(31744K), 0.0012524 secs]
71.316: [GC (Allocation Failure)  28944K->23313K(31744K), 0.0012977 secs]
71.321: [GC (Allocation Failure)  28945K->23361K(31744K), 0.0014629 secs]
71.325: [GC (Allocation Failure)  28993K->23217K(31744K), 0.0010618 secs]
71.329: [GC (Allocation Failure)  28849K->23345K(31744K), 0.0010368 secs]
71.333: [GC (Allocation Failure)  28977K->23409K(31744K), 0.0011769 secs]
71.338: [GC (Allocation Failure)  29041K->23441K(31744K), 0.0018191 secs]
71.342: [GC (Allocation Failure)  29073K->23489K(31744K), 0.0010788 secs]
71.346: [GC (Allocation Failure)  29121K->23473K(31744K), 0.0014801 secs]
71.351: [GC (Allocation Failure)  29105K->23409K(31744K), 0.0008713 secs]
71.354: [GC (Allocation Failure)  29041K->23481K(31744K), 0.0017921 secs]
71.359: [GC (Allocation Failure)  29113K->23481K(31744K), 0.0009439 secs]
71.362: [GC (Allocation Failure)  29113K->23449K(31744K), 0.0010054 secs]
71.366: [GC (Allocation Failure)  29081K->23401K(31744K), 0.0008626 secs]
71.369: [GC (Allocation Failure)  29033K->23433K(31744K), 0.0009434 secs]
71.373: [GC (Allocation Failure)  29065K->23465K(31744K), 0.0008703 secs]
71.377: [GC (Allocation Failure)  29097K->23465K(31744K), 0.0008342 secs]
71.380: [GC (Allocation Failure)  29097K->23529K(31744K), 0.0008366 secs]
71.383: [GC (Allocation Failure)  29161K->23497K(31744K), 0.0008392 secs]
71.387: [GC (Allocation Failure)  29129K->23465K(31744K), 0.0010213 secs]
71.390: [GC (Allocation Failure)  29097K->23449K(31744K), 0.0008130 secs]
71.394: [GC (Allocation Failure)  29081K->23481K(31744K), 0.0008784 secs]
71.397: [GC (Allocation Failure)  29113K->23449K(31744K), 0.0008251 secs]
71.400: [GC (Allocation Failure)  29081K->23449K(31744K), 0.0007637 secs]
71.404: [GC (Allocation Failure)  29081K->23481K(31744K), 0.0010783 secs]
71.407: [GC (Allocation Failure)  29113K->23513K(31744K), 0.0008459 secs]
71.411: [GC (Allocation Failure)  29145K->23449K(31744K), 0.0008333 secs]
71.414: [GC (Allocation Failure)  29081K->23481K(31744K), 0.0008082 secs]
71.418: [GC (Allocation Failure)  29113K->23433K(31744K), 0.0008300 secs]
71.421: [GC (Allocation Failure)  29065K->23465K(31744K), 0.0008274 secs]
71.425: [GC (Allocation Failure)  29097K->23497K(31744K), 0.0007161 secs]
71.428: [GC (Allocation Failure)  29129K->23593K(31744K), 0.0008713 secs]
71.432: [GC (Allocation Failure)  29225K->23625K(31744K), 0.0016039 secs]
71.437: [GC (Allocation Failure)  29257K->23545K(31744K), 0.0018391 secs]
71.442: [GC (Allocation Failure)  29177K->23553K(31744K), 0.0012876 secs]
71.446: [GC (Allocation Failure)  29185K->23553K(31744K), 0.0011956 secs]
71.450: [GC (Allocation Failure)  29185K->23553K(31744K), 0.0008442 secs]
71.454: [GC (Allocation Failure)  29185K->23521K(31744K), 0.0010732 secs]
71.457: [GC (Allocation Failure)  29153K->23489K(31744K), 0.0008795 secs]
71.461: [GC (Allocation Failure)  29121K->23521K(31744K), 0.0008825 secs]
71.464: [GC (Allocation Failure)  29153K->23585K(31744K), 0.0008869 secs]
71.468: [GC (Allocation Failure)  29217K->23569K(31744K), 0.0008457 secs]
71.471: [GC (Allocation Failure)  29201K->23569K(31744K), 0.0008957 secs]
71.475: [GC (Allocation Failure)  29201K->23505K(31744K), 0.0008646 secs]
71.478: [GC (Allocation Failure)  29137K->23569K(31744K), 0.0008999 secs]
71.482: [GC (Allocation Failure)  29201K->23505K(31744K), 0.0008501 secs]
71.485: [GC (Allocation Failure)  29137K->23505K(31744K), 0.0007876 secs]
71.488: [GC (Allocation Failure)  29137K->23569K(31744K), 0.0009152 secs]
71.492: [GC (Allocation Failure)  29201K->23601K(31744K), 0.0008067 secs]
71.496: [GC (Allocation Failure)  29233K->23537K(31744K), 0.0008926 secs]
71.499: [GC (Allocation Failure)  29169K->23577K(31744K), 0.0007943 secs]
71.503: [GC (Allocation Failure)  29209K->23609K(31744K), 0.0007397 secs]
71.507: [GC (Allocation Failure)  29241K->23513K(31744K), 0.0008424 secs]
71.510: [GC (Allocation Failure)  29145K->23545K(31744K), 0.0007374 secs]
71.513: [GC (Allocation Failure)  29177K->23545K(31744K), 0.0007384 secs]
71.516: [GC (Allocation Failure)  29177K->23585K(31744K), 0.0007536 secs]
71.520: [GC (Allocation Failure)  29217K->23553K(31744K), 0.0008360 secs]
71.523: [GC (Allocation Failure)  29185K->23521K(31744K), 0.0009623 secs]
71.527: [GC (Allocation Failure)  29153K->23585K(31744K), 0.0008081 secs]
71.530: [GC (Allocation Failure)  29217K->23617K(31744K), 0.0008130 secs]
71.534: [GC (Allocation Failure)  29249K->23721K(31744K), 0.0010120 secs]
71.537: [GC (Allocation Failure)  29353K->23673K(31744K), 0.0012393 secs]
71.542: [GC (Allocation Failure)  29305K->23649K(31744K), 0.0009583 secs]
71.545: [GC (Allocation Failure)  29281K->23657K(31744K), 0.0008903 secs]
71.549: [GC (Allocation Failure)  29289K->23625K(31744K), 0.0009059 secs]
71.552: [GC (Allocation Failure)  29257K->23689K(31744K), 0.0008542 secs]
71.556: [GC (Allocation Failure)  29321K->23593K(31744K), 0.0010102 secs]
71.560: [GC (Allocation Failure)  29225K->23673K(31744K), 0.0009123 secs]
71.563: [GC (Allocation Failure)  29305K->23705K(31744K), 0.0008665 secs]
71.567: [GC (Allocation Failure)  29337K->23689K(31744K), 0.0008180 secs]
71.570: [GC (Allocation Failure)  29321K->23689K(31744K), 0.0008794 secs]
71.573: [GC (Allocation Failure)  29321K->23657K(31744K), 0.0008767 secs]
71.577: [GC (Allocation Failure)  29289K->23689K(31744K), 0.0008647 secs]
71.580: [GC (Allocation Failure)  29321K->23657K(31744K), 0.0007992 secs]
71.583: [GC (Allocation Failure)  29289K->23721K(31744K), 0.0007659 secs]
71.587: [GC (Allocation Failure)  29353K->23657K(31744K), 0.0008800 secs]
71.590: [GC (Allocation Failure)  29289K->23657K(31744K), 0.0009192 secs]
71.594: [GC (Allocation Failure)  29289K->23689K(31744K), 0.0009072 secs]
71.597: [GC (Allocation Failure)  29321K->23657K(31744K), 0.0007714 secs]
71.601: [GC (Allocation Failure)  29289K->23625K(31744K), 0.0007701 secs]
71.604: [GC (Allocation Failure)  29257K->23657K(31744K), 0.0008021 secs]
71.607: [GC (Allocation Failure)  29289K->23689K(31744K), 0.0007625 secs]
71.611: [GC (Allocation Failure)  29321K->23657K(31744K), 0.0008340 secs]
71.614: [GC (Allocation Failure)  29289K->23689K(31744K), 0.0008665 secs]
71.617: [GC (Allocation Failure)  29321K->23689K(31744K), 0.0008221 secs]
71.621: [GC (Allocation Failure)  29321K->23769K(31744K), 0.0008651 secs]
71.624: [GC (Allocation Failure)  29401K->23673K(31744K), 0.0008273 secs]
71.628: [GC (Allocation Failure)  29305K->23769K(31744K), 0.0009731 secs]
71.632: [GC (Allocation Failure)  29401K->23761K(31744K), 0.0009838 secs]
71.636: [GC (Allocation Failure)  29393K->23793K(31744K), 0.0009214 secs]
71.640: [GC (Allocation Failure)  29425K->23841K(31744K), 0.0009893 secs]
71.644: [GC (Allocation Failure)  29473K->23817K(31744K), 0.0009362 secs]
71.647: [GC (Allocation Failure)  29449K->23745K(31744K), 0.0008422 secs]
71.651: [GC (Allocation Failure)  29377K->23809K(31744K), 0.0008223 secs]
71.655: [GC (Allocation Failure)  29441K->23777K(31744K), 0.0008138 secs]
71.658: [GC (Allocation Failure)  29409K->23809K(31744K), 0.0008540 secs]
71.661: [GC (Allocation Failure)  29441K->23777K(31744K), 0.0008155 secs]
71.665: [GC (Allocation Failure)  29409K->23841K(31744K), 0.0009859 secs]
71.668: [GC (Allocation Failure)  29473K->23793K(31744K), 0.0007831 secs]
71.671: [GC (Allocation Failure)  29425K->23825K(31744K), 0.0007879 secs]
71.675: [GC (Allocation Failure)  29457K->23825K(31744K), 0.0009097 secs]
71.678: [GC (Allocation Failure)  29457K->23825K(31744K), 0.0010562 secs]
71.682: [GC (Allocation Failure)  29457K->23761K(31744K), 0.0010686 secs]
71.685: [GC (Allocation Failure)  29393K->23793K(31744K), 0.0008554 secs]
71.689: [GC (Allocation Failure)  29425K->23857K(31744K), 0.0008602 secs]
71.692: [GC (Allocation Failure)  29489K->23873K(31744K), 0.0007722 secs]
71.696: [GC (Allocation Failure)  29505K->23777K(31744K), 0.0008261 secs]
71.700: [GC (Allocation Failure)  29409K->23873K(31744K), 0.0008461 secs]
71.703: [GC (Allocation Failure)  29505K->23873K(31744K), 0.0007897 secs]
71.707: [GC (Allocation Failure)  29505K->23809K(31744K), 0.0010722 secs]
71.711: [GC (Allocation Failure)  29441K->23841K(31744K), 0.0009964 secs]
71.714: [GC (Allocation Failure)  29473K->23841K(31744K), 0.0011246 secs]
71.718: [GC (Allocation Failure)  29473K->23809K(31744K), 0.0009080 secs]
71.721: [GC (Allocation Failure)  29441K->23889K(31744K), 0.0009713 secs]
71.725: [GC (Allocation Failure)  29521K->23857K(31744K), 0.0007983 secs]
71.729: [GC (Allocation Failure)  29489K->23889K(31744K), 0.0008072 secs]
71.733: [GC (Allocation Failure)  29521K->23913K(31744K), 0.0014105 secs]
71.739: [GC (Allocation Failure)  29545K->23993K(31744K), 0.0016719 secs]
71.745: [GC (Allocation Failure)  29625K->23865K(31744K), 0.0016710 secs]
71.749: [GC (Allocation Failure)  29497K->23865K(31744K), 0.0011695 secs]
71.754: [GC (Allocation Failure)  29497K->23929K(31744K), 0.0012984 secs]
71.758: [GC (Allocation Failure)  29561K->23897K(31744K), 0.0010013 secs]
71.762: [GC (Allocation Failure)  29529K->23897K(31744K), 0.0010081 secs]
71.766: [GC (Allocation Failure)  29529K->23961K(31744K), 0.0008290 secs]
71.769: [GC (Allocation Failure)  29593K->24009K(31744K), 0.0008420 secs]
71.773: [GC (Allocation Failure)  29641K->23977K(31744K), 0.0012533 secs]
71.778: [GC (Allocation Failure)  29609K->23945K(31744K), 0.0011722 secs]
71.782: [GC (Allocation Failure)  29577K->23913K(31744K), 0.0012355 secs]
71.786: [GC (Allocation Failure)  29545K->23945K(31744K), 0.0010274 secs]
71.789: [GC (Allocation Failure)  29577K->23977K(31744K), 0.0009141 secs]
71.793: [GC (Allocation Failure)  29609K->23945K(31744K), 0.0009181 secs]
71.796: [GC (Allocation Failure)  29577K->23881K(31744K), 0.0008831 secs]
71.800: [GC (Allocation Failure)  29513K->23881K(31744K), 0.0009648 secs]
71.803: [GC (Allocation Failure)  29513K->23977K(31744K), 0.0010878 secs]
71.807: [GC (Allocation Failure)  29609K->23913K(31744K), 0.0009699 secs]
71.811: [GC (Allocation Failure)  29545K->23881K(31744K), 0.0008428 secs]
71.814: [GC (Allocation Failure)  29513K->23913K(31744K), 0.0008632 secs]
71.818: [GC (Allocation Failure)  29545K->23945K(31744K), 0.0009245 secs]
71.821: [GC (Allocation Failure)  29577K->23921K(31744K), 0.0008067 secs]
71.825: [GC (Allocation Failure)  29553K->23953K(31744K), 0.0009322 secs]
71.828: [GC (Allocation Failure)  29585K->23985K(31744K), 0.0008881 secs]
71.832: [GC (Allocation Failure)  29617K->23977K(31744K), 0.0010419 secs]
71.836: [GC (Allocation Failure)  29609K->24017K(31744K), 0.0010247 secs]
71.841: [GC (Allocation Failure)  29649K->24017K(31744K), 0.0012223 secs]
71.845: [GC (Allocation Failure)  29649K->24105K(31744K), 0.0010252 secs]
71.849: [GC (Allocation Failure)  29737K->24041K(31744K), 0.0010042 secs]
71.853: [GC (Allocation Failure)  29673K->24017K(31744K), 0.0008629 secs]
71.857: [GC (Allocation Failure)  29649K->24017K(31744K), 0.0009543 secs]
71.860: [GC (Allocation Failure)  29649K->24081K(31744K), 0.0008479 secs]
71.863: [GC (Allocation Failure)  29713K->24049K(31744K), 0.0009013 secs]
71.867: [GC (Allocation Failure)  29681K->24049K(31744K), 0.0011247 secs]
71.871: [GC (Allocation Failure)  29681K->24065K(31744K), 0.0009144 secs]
71.874: [GC (Allocation Failure)  29697K->24033K(31744K), 0.0008008 secs]
71.877: [GC (Allocation Failure)  29665K->24001K(31744K), 0.0007631 secs]
71.881: [GC (Allocation Failure)  29633K->24001K(31744K), 0.0008324 secs]
71.884: [GC (Allocation Failure)  29633K->24065K(31744K), 0.0007943 secs]
71.887: [GC (Allocation Failure)  29697K->24001K(31744K), 0.0008675 secs]
71.891: [GC (Allocation Failure)  29633K->24033K(31744K), 0.0008412 secs]
71.894: [GC (Allocation Failure)  29665K->24065K(31744K), 0.0008096 secs]
71.897: [GC (Allocation Failure)  29697K->24033K(31744K), 0.0008502 secs]
71.901: [GC (Allocation Failure)  29665K->24033K(31744K), 0.0007878 secs]
71.904: [GC (Allocation Failure)  29665K->24033K(31744K), 0.0007606 secs]
71.907: [GC (Allocation Failure)  29665K->24065K(31744K), 0.0007957 secs]
71.911: [GC (Allocation Failure)  29697K->24033K(31744K), 0.0008267 secs]
71.914: [GC (Allocation Failure)  29665K->24001K(31744K), 0.0009050 secs]
71.917: [GC (Allocation Failure)  29633K->24097K(31744K), 0.0007243 secs]
71.921: [GC (Allocation Failure)  29729K->24081K(31744K), 0.0007742 secs]
71.924: [GC (Allocation Failure)  29713K->24049K(31744K), 0.0008031 secs]
71.927: [GC (Allocation Failure)  29681K->24081K(31744K), 0.0009025 secs]
71.931: [GC (Allocation Failure)  29713K->24145K(31744K), 0.0009583 secs]
71.935: [GC (Allocation Failure)  29777K->24225K(31744K), 0.0009376 secs]
71.939: [GC (Allocation Failure)  29857K->24177K(31744K), 0.0011837 secs]
71.943: [GC (Allocation Failure)  29809K->24121K(31744K), 0.0009211 secs]
71.947: [GC (Allocation Failure)  29753K->24121K(31744K), 0.0009120 secs]
71.950: [GC (Allocation Failure)  29753K->24089K(31744K), 0.0010001 secs]
71.954: [GC (Allocation Failure)  29721K->24089K(31744K), 0.0010366 secs]
71.957: [GC (Allocation Failure)  29721K->24121K(31744K), 0.0008365 secs]
71.961: [GC (Allocation Failure)  29753K->24121K(31744K), 0.0009431 secs]
71.964: [GC (Allocation Failure)  29753K->24153K(31744K), 0.0007778 secs]
71.968: [GC (Allocation Failure)  29785K->24121K(31744K), 0.0008396 secs]
71.971: [GC (Allocation Failure)  29753K->24169K(31744K), 0.0008449 secs]
71.974: [GC (Allocation Failure)  29801K->24169K(31744K), 0.0008308 secs]
71.978: [GC (Allocation Failure)  29801K->24169K(31744K), 0.0007917 secs]
71.981: [GC (Allocation Failure)  29801K->24169K(31744K), 0.0007861 secs]
71.984: [GC (Allocation Failure)  29801K->24137K(31744K), 0.0008721 secs]
71.988: [GC (Allocation Failure)  29769K->24169K(31744K), 0.0008453 secs]
71.991: [GC (Allocation Failure)  29801K->24201K(31744K), 0.0008823 secs]
71.994: [GC (Allocation Failure)  29833K->24201K(31744K), 0.0007835 secs]
71.998: [GC (Allocation Failure)  29833K->24105K(31744K), 0.0008312 secs]
72.001: [GC (Allocation Failure)  29737K->24137K(31744K), 0.0007926 secs]
72.004: [GC (Allocation Failure)  29769K->24169K(31744K), 0.0008441 secs]
72.008: [GC (Allocation Failure)  29801K->24169K(31744K), 0.0007943 secs]
72.011: [GC (Allocation Failure)  29801K->24105K(31744K), 0.0009185 secs]
72.014: [GC (Allocation Failure)  29737K->24169K(31744K), 0.0007635 secs]
72.017: [GC (Allocation Failure)  29801K->24169K(31744K), 0.0008083 secs]
72.021: [GC (Allocation Failure)  29801K->24233K(31744K), 0.0008424 secs]
72.024: [GC (Allocation Failure)  29865K->24185K(31744K), 0.0008000 secs]
72.028: [GC (Allocation Failure)  29817K->24185K(31744K), 0.0009154 secs]
72.031: [GC (Allocation Failure)  29817K->24313K(31744K), 0.0007337 secs]
72.035: [GC (Allocation Failure)  29945K->24281K(31744K), 0.0010449 secs]
72.040: [GC (Allocation Failure)  29913K->24185K(31744K), 0.0014789 secs]
72.045: [GC (Allocation Failure)  29817K->24249K(31744K), 0.0013585 secs]
72.049: [GC (Allocation Failure)  29881K->24225K(31744K), 0.0012129 secs]
72.053: [GC (Allocation Failure)  29857K->24225K(31744K), 0.0010604 secs]
72.057: [GC (Allocation Failure)  29857K->24193K(31744K), 0.0010294 secs]
72.060: [GC (Allocation Failure)  29825K->24225K(31744K), 0.0007316 secs]
72.063: [GC (Allocation Failure)  29857K->24257K(31744K), 0.0007962 secs]
72.067: [GC (Allocation Failure)  29889K->24289K(31744K), 0.0008146 secs]
72.070: [GC (Allocation Failure)  29921K->24225K(31744K), 0.0008031 secs]
72.073: [GC (Allocation Failure)  29857K->24273K(31744K), 0.0008330 secs]
72.077: [GC (Allocation Failure)  29905K->24241K(31744K), 0.0008109 secs]
72.080: [GC (Allocation Failure)  29873K->24305K(31744K), 0.0007602 secs]
72.083: [GC (Allocation Failure)  29937K->24241K(31744K), 0.0009275 secs]
72.087: [GC (Allocation Failure)  29873K->24273K(31744K), 0.0010958 secs]
72.090: [GC (Allocation Failure)  29905K->24241K(31744K), 0.0007640 secs]
72.094: [GC (Allocation Failure)  29873K->24241K(31744K), 0.0009386 secs]
72.097: [GC (Allocation Failure)  29873K->24241K(31744K), 0.0007528 secs]
72.100: [GC (Allocation Failure)  29873K->24209K(31744K), 0.0008264 secs]
72.104: [GC (Allocation Failure)  29841K->24241K(31744K), 0.0009825 secs]
72.107: [GC (Allocation Failure)  29873K->24273K(31744K), 0.0007893 secs]
72.110: [GC (Allocation Failure)  29905K->24241K(31744K), 0.0007791 secs]
72.114: [GC (Allocation Failure)  29873K->24241K(31744K), 0.0007834 secs]
72.117: [GC (Allocation Failure)  29873K->24273K(31744K), 0.0008408 secs]
72.121: [GC (Allocation Failure)  29905K->24273K(31744K), 0.0008060 secs]
72.124: [GC (Allocation Failure)  29905K->24225K(31744K), 0.0007468 secs]
72.127: [GC (Allocation Failure)  29857K->24321K(31744K), 0.0007415 secs]
72.131: [GC (Allocation Failure)  29953K->24353K(31744K), 0.0008458 secs]
72.134: [GC (Allocation Failure)  29985K->24393K(31744K), 0.0009089 secs]
72.139: [GC (Allocation Failure)  30025K->24409K(31744K), 0.0013846 secs]
72.143: [GC (Allocation Failure)  30041K->24345K(31744K), 0.0009022 secs]
72.147: [GC (Allocation Failure)  29977K->24385K(31744K), 0.0009020 secs]
72.150: [GC (Allocation Failure)  30017K->24417K(31744K), 0.0008688 secs]
72.154: [GC (Allocation Failure)  30049K->24353K(31744K), 0.0010864 secs]
72.158: [GC (Allocation Failure)  29985K->24321K(31744K), 0.0009508 secs]
72.161: [GC (Allocation Failure)  29953K->24385K(31744K), 0.0008140 secs]
72.164: [GC (Allocation Failure)  30017K->24353K(31744K), 0.0008206 secs]
72.168: [GC (Allocation Failure)  29985K->24417K(31744K), 0.0008711 secs]
72.171: [GC (Allocation Failure)  30049K->24449K(31744K), 0.0010445 secs]
72.175: [GC (Allocation Failure)  30081K->24433K(31744K), 0.0008818 secs]
72.179: [GC (Allocation Failure)  30065K->24401K(31744K), 0.0008546 secs]
72.182: [GC (Allocation Failure)  30033K->24401K(31744K), 0.0009513 secs]
72.186: [GC (Allocation Failure)  30033K->24369K(31744K), 0.0008837 secs]
72.189: [GC (Allocation Failure)  30001K->24433K(31744K), 0.0008222 secs]
72.193: [GC (Allocation Failure)  30065K->24401K(31744K), 0.0008230 secs]
72.196: [GC (Allocation Failure)  30033K->24369K(31744K), 0.0008685 secs]
72.199: [GC (Allocation Failure)  30001K->24401K(31744K), 0.0008007 secs]
72.203: [GC (Allocation Failure)  30033K->24401K(31744K), 0.0008133 secs]
72.206: [GC (Allocation Failure)  30033K->24401K(31744K), 0.0007910 secs]
72.209: [GC (Allocation Failure)  30033K->24369K(31744K), 0.0008355 secs]
72.213: [GC (Allocation Failure)  30001K->24433K(31744K), 0.0008681 secs]
72.216: [GC (Allocation Failure)  30065K->24369K(31744K), 0.0009081 secs]
72.220: [GC (Allocation Failure)  30001K->24401K(31744K), 0.0007759 secs]
72.223: [GC (Allocation Failure)  30033K->24385K(31744K), 0.0008094 secs]
72.226: [GC (Allocation Failure)  30017K->24417K(31744K), 0.0009030 secs]
72.230: [GC (Allocation Failure)  30049K->24545K(31744K), 0.0008672 secs]
72.234: [GC (Allocation Failure)  30177K->24409K(31744K), 0.0015643 secs]
72.239: [GC (Allocation Failure)  30041K->24505K(31744K), 0.0019311 secs]
72.244: [GC (Allocation Failure)  30137K->24401K(31744K), 0.0014742 secs]
72.248: [GC (Allocation Failure)  30033K->24473K(31744K), 0.0012900 secs]
72.252: [GC (Allocation Failure)  30105K->24505K(31744K), 0.0009946 secs]
72.256: [GC (Allocation Failure)  30137K->24441K(31744K), 0.0013071 secs]
72.260: [GC (Allocation Failure)  30073K->24441K(31744K), 0.0010825 secs]
72.263: [GC (Allocation Failure)  30073K->24473K(31744K), 0.0013231 secs]
72.267: [GC (Allocation Failure)  30105K->24409K(31744K), 0.0008854 secs]
72.270: [GC (Allocation Failure)  30041K->24473K(31744K), 0.0012998 secs]
72.274: [GC (Allocation Failure)  30105K->24449K(31744K), 0.0008205 secs]
72.278: [GC (Allocation Failure)  30081K->24417K(31744K), 0.0009788 secs]
72.282: [GC (Allocation Failure)  30049K->24417K(31744K), 0.0011172 secs]
72.285: [GC (Allocation Failure)  30049K->24449K(31744K), 0.0009891 secs]
72.289: [GC (Allocation Failure)  30081K->24481K(31744K), 0.0009722 secs]
72.292: [GC (Allocation Failure)  30113K->24449K(31744K), 0.0009035 secs]
72.296: [GC (Allocation Failure)  30081K->24481K(31744K), 0.0011731 secs]
72.300: [GC (Allocation Failure)  30113K->24481K(31744K), 0.0009442 secs]
72.303: [GC (Allocation Failure)  30113K->24449K(31744K), 0.0008759 secs]
72.307: [GC (Allocation Failure)  30081K->24481K(31744K), 0.0009122 secs]
72.310: [GC (Allocation Failure)  30113K->24481K(31744K), 0.0007979 secs]
72.314: [GC (Allocation Failure)  30113K->24481K(31744K), 0.0009743 secs]
72.317: [GC (Allocation Failure)  30113K->24449K(31744K), 0.0008777 secs]
72.321: [GC (Allocation Failure)  30081K->24545K(31744K), 0.0008065 secs]
72.324: [GC (Allocation Failure)  30177K->24433K(31744K), 0.0007505 secs]
72.328: [GC (Allocation Failure)  30065K->24529K(31744K), 0.0007966 secs]
72.331: [GC (Allocation Failure)  30161K->24625K(31744K), 0.0009670 secs]
72.335: [GC (Allocation Failure)  30257K->24617K(31744K), 0.0010267 secs]
72.340: [GC (Allocation Failure)  30249K->24641K(31744K), 0.0014731 secs]
72.345: [GC (Allocation Failure)  30273K->24673K(31744K), 0.0014607 secs]
72.350: [GC (Allocation Failure)  30305K->24665K(31744K), 0.0011223 secs]
72.353: [GC (Allocation Failure)  30297K->24545K(31744K), 0.0010475 secs]
72.357: [GC (Allocation Failure)  30177K->24609K(31744K), 0.0009239 secs]
72.361: [GC (Allocation Failure)  30241K->24545K(31744K), 0.0009642 secs]
72.365: [GC (Allocation Failure)  30177K->24609K(31744K), 0.0011042 secs]
72.369: [GC (Allocation Failure)  30241K->24609K(31744K), 0.0010807 secs]
72.373: [GC (Allocation Failure)  30241K->24641K(31744K), 0.0010457 secs]
72.377: [GC (Allocation Failure)  30273K->24657K(31744K), 0.0008641 secs]
72.380: [GC (Allocation Failure)  30289K->24625K(31744K), 0.0009350 secs]
72.384: [GC (Allocation Failure)  30257K->24625K(31744K), 0.0008791 secs]
72.387: [GC (Allocation Failure)  30257K->24625K(31744K), 0.0010180 secs]
72.391: [GC (Allocation Failure)  30257K->24593K(31744K), 0.0009579 secs]
72.394: [GC (Allocation Failure)  30225K->24625K(31744K), 0.0008537 secs]
72.398: [GC (Allocation Failure)  30257K->24625K(31744K), 0.0009062 secs]
72.401: [GC (Allocation Failure)  30257K->24625K(31744K), 0.0009182 secs]
72.405: [GC (Allocation Failure)  30257K->24593K(31744K), 0.0010481 secs]
72.408: [GC (Allocation Failure)  30225K->24593K(31744K), 0.0008316 secs]
72.412: [GC (Allocation Failure)  30225K->24625K(31744K), 0.0011062 secs]
72.416: [GC (Allocation Failure)  30257K->24657K(31744K), 0.0009472 secs]
72.419: [GC (Allocation Failure)  30289K->24625K(31744K), 0.0008457 secs]
72.422: [GC (Allocation Failure)  30257K->24625K(31744K), 0.0011070 secs]
72.426: [GC (Allocation Failure)  30257K->24641K(31744K), 0.0008954 secs]
72.430: [GC (Allocation Failure)  30273K->24673K(31744K), 0.0009927 secs]
72.434: [GC (Allocation Failure)  30305K->24673K(31744K), 0.0011449 secs]
72.438: [GC (Allocation Failure)  30305K->24801K(31744K), 0.0012770 secs]
72.443: [GC (Allocation Failure)  30433K->24737K(31744K), 0.0011817 secs]
72.447: [GC (Allocation Failure)  30369K->24713K(31744K), 0.0012321 secs]
72.451: [GC (Allocation Failure)  30345K->24713K(31744K), 0.0009831 secs]
72.454: [GC (Allocation Failure)  30345K->24681K(31744K), 0.0013331 secs]
72.458: [GC (Allocation Failure)  30313K->24681K(31744K), 0.0009756 secs]
72.462: [GC (Allocation Failure)  30313K->24649K(31744K), 0.0012926 secs]
72.466: [GC (Allocation Failure)  30281K->24681K(31744K), 0.0010386 secs]
72.469: [GC (Allocation Failure)  30313K->24681K(31744K), 0.0011165 secs]
72.473: [GC (Allocation Failure)  30313K->24713K(31744K), 0.0009502 secs]
72.477: [GC (Allocation Failure)  30345K->24761K(31744K), 0.0008992 secs]
72.480: [GC (Allocation Failure)  30393K->24697K(31744K), 0.0008178 secs]
72.484: [GC (Allocation Failure)  30329K->24761K(31744K), 0.0008673 secs]
72.487: [GC (Allocation Failure)  30393K->24729K(31744K), 0.0009183 secs]
72.491: [GC (Allocation Failure)  30361K->24729K(31744K), 0.0008758 secs]
72.495: [GC (Allocation Failure)  30361K->24697K(31744K), 0.0011387 secs]
72.499: [GC (Allocation Failure)  30329K->24729K(31744K), 0.0009431 secs]
72.502: [GC (Allocation Failure)  30361K->24697K(31744K), 0.0008842 secs]
72.506: [GC (Allocation Failure)  30329K->24665K(31744K), 0.0009776 secs]
72.509: [GC (Allocation Failure)  30297K->24729K(31744K), 0.0008499 secs]
72.513: [GC (Allocation Failure)  30361K->24729K(31744K), 0.0009598 secs]
72.516: [GC (Allocation Failure)  30361K->24697K(31744K), 0.0008032 secs]
72.520: [GC (Allocation Failure)  30329K->24729K(31744K), 0.0007756 secs]
72.523: [GC (Allocation Failure)  30361K->24697K(31744K), 0.0009619 secs]
72.527: [GC (Allocation Failure)  30329K->24729K(31744K), 0.0008771 secs]
72.530: [GC (Allocation Failure)  30361K->24713K(31744K), 0.0008441 secs]
72.534: [GC (Allocation Failure)  30345K->24777K(31744K), 0.0010891 secs]
72.540: [GC (Allocation Failure)  30409K->24833K(31744K), 0.0025145 secs]
72.546: [GC (Allocation Failure)  30465K->24865K(31744K), 0.0015960 secs]
72.551: [GC (Allocation Failure)  30497K->24841K(31744K), 0.0011231 secs]
72.554: [GC (Allocation Failure)  30473K->24809K(31744K), 0.0014900 secs]
72.559: [GC (Allocation Failure)  30441K->24809K(31744K), 0.0010936 secs]
72.562: [GC (Allocation Failure)  30441K->24809K(31744K), 0.0010768 secs]
72.566: [GC (Allocation Failure)  30441K->24745K(31744K), 0.0010558 secs]
72.570: [GC (Allocation Failure)  30377K->24841K(31744K), 0.0010923 secs]
72.574: [GC (Allocation Failure)  30473K->24809K(31744K), 0.0009206 secs]
72.577: [GC (Allocation Failure)  30441K->24825K(31744K), 0.0008615 secs]
72.581: [GC (Allocation Failure)  30457K->24761K(31744K), 0.0008842 secs]
72.584: [GC (Allocation Failure)  30393K->24825K(31744K), 0.0009827 secs]
72.588: [GC (Allocation Failure)  30457K->24793K(31744K), 0.0009789 secs]
72.591: [GC (Allocation Failure)  30425K->24825K(31744K), 0.0008390 secs]
72.595: [GC (Allocation Failure)  30457K->24857K(31744K), 0.0009617 secs]
72.598: [GC (Allocation Failure)  30489K->24793K(31744K), 0.0008092 secs]
72.602: [GC (Allocation Failure)  30425K->24793K(31744K), 0.0008993 secs]
72.605: [GC (Allocation Failure)  30425K->24825K(31744K), 0.0009976 secs]
72.609: [GC (Allocation Failure)  30457K->24825K(31744K), 0.0008371 secs]
72.612: [GC (Allocation Failure)  30457K->24825K(31744K), 0.0009095 secs]
72.616: [GC (Allocation Failure)  30457K->24825K(31744K), 0.0009801 secs]
72.620: [GC (Allocation Failure)  30457K->24825K(31744K), 0.0010615 secs]
72.623: [GC (Allocation Failure)  30457K->24857K(31744K), 0.0008958 secs]
72.627: [GC (Allocation Failure)  30489K->24873K(31744K), 0.0008630 secs]
72.630: [GC (Allocation Failure)  30505K->24809K(31744K), 0.0008488 secs]
72.634: [GC (Allocation Failure)  30441K->24905K(31744K), 0.0008234 secs]
72.638: [GC (Allocation Failure)  30537K->24977K(31744K), 0.0012427 secs]
72.643: [GC (Allocation Failure)  30609K->24897K(31744K), 0.0014442 secs]
72.647: [GC (Allocation Failure)  30529K->24993K(31744K), 0.0010589 secs]
72.651: [GC (Allocation Failure)  30625K->24905K(31744K), 0.0010185 secs]
72.655: [GC (Allocation Failure)  30537K->24905K(31744K), 0.0012567 secs]
72.658: [GC (Allocation Failure)  30537K->24873K(31744K), 0.0010691 secs]
72.662: [GC (Allocation Failure)  30505K->24905K(31744K), 0.0014097 secs]
72.666: [GC (Allocation Failure)  30537K->24937K(31744K), 0.0009915 secs]
72.670: [GC (Allocation Failure)  30569K->24937K(31744K), 0.0009163 secs]
72.673: [GC (Allocation Failure)  30569K->24937K(31744K), 0.0009973 secs]
72.677: [GC (Allocation Failure)  30569K->24937K(31744K), 0.0010186 secs]
72.681: [GC (Allocation Failure)  30569K->24889K(31744K), 0.0010119 secs]
72.685: [GC (Allocation Failure)  30521K->24921K(31744K), 0.0009819 secs]
72.688: [GC (Allocation Failure)  30553K->24889K(31744K), 0.0010631 secs]
73.357: [GC (Allocation Failure)  30521K->25153K(31744K), 0.0012333 secs]
73.361: [GC (Allocation Failure)  30785K->25122K(31744K), 0.0013963 secs]
73.365: [GC (Allocation Failure)  30754K->25122K(31744K), 0.0011230 secs]
73.369: [GC (Allocation Failure)  30754K->25098K(31744K), 0.0008600 secs]
73.373: [GC (Allocation Failure)  30730K->25098K(31744K), 0.0010181 secs]
73.377: [GC (Allocation Failure)  30730K->25034K(31744K), 0.0008102 secs]
73.380: [GC (Allocation Failure)  30666K->25098K(31744K), 0.0007970 secs]
73.383: [GC (Allocation Failure)  30730K->25258K(31744K), 0.0010098 secs]
73.387: [GC (Allocation Failure)  30890K->25235K(31744K), 0.0012599 secs]
73.392: [GC (Allocation Failure)  30867K->25203K(31744K), 0.0011486 secs]
73.396: [GC (Allocation Failure)  30835K->25179K(31744K), 0.0010547 secs]
73.399: [GC (Allocation Failure)  30811K->25179K(31744K), 0.0008341 secs]
73.403: [GC (Allocation Failure)  30811K->25147K(31744K), 0.0008646 secs]
73.406: [GC (Allocation Failure)  30779K->25147K(31744K), 0.0008376 secs]
73.410: [GC (Allocation Failure)  30779K->25179K(31744K), 0.0008915 secs]
73.414: [GC (Allocation Failure)  30811K->25147K(31744K), 0.0008342 secs]
73.417: [GC (Allocation Failure)  30779K->25179K(31744K), 0.0008527 secs]
73.421: [GC (Allocation Failure)  30811K->25211K(31744K), 0.0008227 secs]
73.424: [GC (Allocation Failure)  30843K->25115K(31744K), 0.0008397 secs]
73.428: [GC (Allocation Failure)  30747K->25147K(31744K), 0.0008914 secs]
73.431: [GC (Allocation Failure)  30779K->25179K(31744K), 0.0009613 secs]
73.435: [GC (Allocation Failure)  30811K->25371K(31744K), 0.0008445 secs]
73.439: [GC (Allocation Failure)  31003K->25358K(31744K), 0.0012509 secs]
73.443: [GC (Allocation Failure)  30990K->25366K(31744K), 0.0012209 secs]
73.448: [GC (Allocation Failure)  30998K->25430K(31744K), 0.0010784 secs]
73.452: [GC (Allocation Failure)  31062K->25382K(31744K), 0.0011004 secs]
73.456: [GC (Allocation Failure)  31014K->25358K(31744K), 0.0009573 secs]
73.459: [GC (Allocation Failure)  30990K->25422K(31744K), 0.0009367 secs]
73.463: [GC (Allocation Failure)  31054K->25326K(31744K), 0.0008116 secs]
73.466: [GC (Allocation Failure)  30958K->25390K(31744K), 0.0009247 secs]
73.470: [GC (Allocation Failure)  31022K->25390K(31744K), 0.0008118 secs]
73.473: [GC (Allocation Failure)  31022K->25358K(31744K), 0.0008399 secs]
73.476: [GC (Allocation Failure)  30990K->25390K(31744K), 0.0008534 secs]
73.480: [GC (Allocation Failure)  31022K->25358K(31744K), 0.0008643 secs]
73.483: [GC (Allocation Failure)  30990K->25358K(31744K), 0.0009107 secs]
73.487: [GC (Allocation Failure)  30990K->25550K(31744K), 0.0009680 secs]
73.491: [GC (Allocation Failure)  31182K->25479K(31744K), 0.0010617 secs]
73.495: [GC (Allocation Failure)  31111K->25559K(31744K), 0.0009471 secs]
73.499: [GC (Allocation Failure)  31191K->25471K(31744K), 0.0009095 secs]
73.502: [GC (Allocation Failure)  31103K->25503K(31744K), 0.0008395 secs]
73.506: [GC (Allocation Failure)  31135K->25471K(31744K), 0.0009685 secs]
73.510: [GC (Allocation Failure)  31103K->25439K(31744K), 0.0009831 secs]
73.514: [GC (Allocation Failure)  31071K->25503K(31744K), 0.0009989 secs]
73.517: [GC (Allocation Failure)  31135K->25503K(31744K), 0.0008425 secs]
73.521: [GC (Allocation Failure)  31135K->25503K(31744K), 0.0008081 secs]
73.524: [GC (Allocation Failure)  31135K->25503K(31744K), 0.0008848 secs]
73.528: [GC (Allocation Failure)  31135K->25567K(31744K), 0.0008332 secs]
73.531: [GC (Allocation Failure)  31199K->25535K(31744K), 0.0007506 secs]
73.534: [GC (Allocation Failure)  31167K->25503K(31744K), 0.0008059 secs]
73.538: [GC (Allocation Failure)  31135K->25631K(31744K), 0.0008062 secs]
73.542: [GC (Allocation Failure)  31263K->25671K(31744K), 0.0013986 secs]
73.546: [GC (Allocation Failure)  31303K->25778K(31744K), 0.0009775 secs]
73.550: [GC (Allocation Failure)  31410K->25626K(31744K), 0.0009134 secs]
73.551: [Full GC (Ergonomics)  25626K->21278K(31232K), 0.0762276 secs]
73.631: [GC (Allocation Failure)  26910K->21534K(31232K), 0.0017464 secs]
73.636: [GC (Allocation Failure)  27166K->21545K(31232K), 0.0012740 secs]
73.640: [GC (Allocation Failure)  27177K->21601K(31232K), 0.0012764 secs]
73.645: [GC (Allocation Failure)  27233K->21561K(31232K), 0.0013557 secs]
73.649: [GC (Allocation Failure)  27193K->21545K(31232K), 0.0013795 secs]
73.653: [GC (Allocation Failure)  27177K->21577K(31232K), 0.0013165 secs]
73.658: [GC (Allocation Failure)  27209K->21553K(31232K), 0.0010717 secs]
73.661: [GC (Allocation Failure)  27185K->21553K(31232K), 0.0007973 secs]
73.664: [GC (Allocation Failure)  27185K->21521K(31232K), 0.0008947 secs]
73.668: [GC (Allocation Failure)  27153K->21553K(31232K), 0.0007736 secs]
73.671: [GC (Allocation Failure)  27185K->21521K(31232K), 0.0008255 secs]
73.674: [GC (Allocation Failure)  27153K->21489K(31232K), 0.0009919 secs]
73.678: [GC (Allocation Failure)  27121K->21553K(31232K), 0.0007184 secs]
73.681: [GC (Allocation Failure)  27185K->21649K(31232K), 0.0009709 secs]
73.685: [GC (Allocation Failure)  27281K->21730K(31232K), 0.0013019 secs]
73.689: [GC (Allocation Failure)  27362K->21730K(31232K), 0.0011414 secs]
73.693: [GC (Allocation Failure)  27362K->21642K(31232K), 0.0011803 secs]
73.697: [GC (Allocation Failure)  27274K->21610K(31232K), 0.0009721 secs]
73.700: [GC (Allocation Failure)  27242K->21642K(31232K), 0.0009260 secs]
73.704: [GC (Allocation Failure)  27274K->21674K(31232K), 0.0009651 secs]
73.708: [GC (Allocation Failure)  27306K->21642K(31232K), 0.0008281 secs]
73.711: [GC (Allocation Failure)  27274K->21578K(31232K), 0.0008758 secs]
73.715: [GC (Allocation Failure)  27210K->21674K(31232K), 0.0008579 secs]
73.718: [GC (Allocation Failure)  27306K->21674K(31232K), 0.0008384 secs]
73.721: [GC (Allocation Failure)  27306K->21674K(31232K), 0.0008372 secs]
73.725: [GC (Allocation Failure)  27306K->21642K(31232K), 0.0008913 secs]
73.728: [GC (Allocation Failure)  27274K->21674K(31232K), 0.0008423 secs]
73.731: [GC (Allocation Failure)  27306K->21642K(31232K), 0.0008670 secs]
73.736: [GC (Allocation Failure)  27274K->21770K(31232K), 0.0014013 secs]
73.741: [GC (Allocation Failure)  27402K->21827K(31232K), 0.0013645 secs]
73.747: [GC (Allocation Failure)  27459K->21883K(31232K), 0.0016051 secs]
73.753: [GC (Allocation Failure)  27515K->21859K(31232K), 0.0021065 secs]
73.758: [GC (Allocation Failure)  27491K->21859K(31232K), 0.0011803 secs]
73.762: [GC (Allocation Failure)  27491K->21835K(31232K), 0.0010082 secs]
73.766: [GC (Allocation Failure)  27467K->21803K(31232K), 0.0010925 secs]
73.770: [GC (Allocation Failure)  27435K->21803K(31232K), 0.0011347 secs]
73.774: [GC (Allocation Failure)  27435K->21867K(31232K), 0.0012663 secs]
73.778: [GC (Allocation Failure)  27499K->21803K(31232K), 0.0010581 secs]
73.782: [GC (Allocation Failure)  27435K->21803K(31232K), 0.0012311 secs]
73.786: [GC (Allocation Failure)  27435K->21995K(31232K), 0.0012804 secs]
73.791: [GC (Allocation Failure)  27627K->22006K(31232K), 0.0011261 secs]
73.795: [GC (Allocation Failure)  27638K->21982K(31232K), 0.0009816 secs]
73.798: [GC (Allocation Failure)  27614K->21990K(31232K), 0.0008901 secs]
73.802: [GC (Allocation Failure)  27622K->21958K(31232K), 0.0007981 secs]
73.806: [GC (Allocation Failure)  27590K->21926K(31232K), 0.0010256 secs]
73.809: [GC (Allocation Failure)  27558K->21990K(31232K), 0.0008485 secs]
73.813: [GC (Allocation Failure)  27622K->21926K(31232K), 0.0008260 secs]
73.816: [GC (Allocation Failure)  27558K->21926K(31232K), 0.0008635 secs]
73.820: [GC (Allocation Failure)  27558K->21894K(31232K), 0.0012223 secs]
73.824: [GC (Allocation Failure)  27526K->21958K(31232K), 0.0009529 secs]
73.828: [GC (Allocation Failure)  27590K->21958K(31232K), 0.0008238 secs]
73.831: [GC (Allocation Failure)  27590K->21958K(31232K), 0.0007975 secs]
73.834: [GC (Allocation Failure)  27590K->21926K(31232K), 0.0008204 secs]
73.838: [GC (Allocation Failure)  27558K->22054K(31232K), 0.0008909 secs]
73.842: [GC (Allocation Failure)  27686K->22102K(31232K), 0.0009465 secs]
73.846: [GC (Allocation Failure)  27734K->22104K(31232K), 0.0009641 secs]
73.850: [GC (Allocation Failure)  27736K->22168K(31232K), 0.0010574 secs]
73.854: [GC (Allocation Failure)  27800K->22176K(31232K), 0.0016333 secs]
73.859: [GC (Allocation Failure)  27808K->22224K(31232K), 0.0011160 secs]
73.863: [GC (Allocation Failure)  27856K->22104K(31232K), 0.0011571 secs]
73.866: [GC (Allocation Failure)  27736K->22136K(31232K), 0.0008875 secs]
73.870: [GC (Allocation Failure)  27768K->22072K(31232K), 0.0008731 secs]
73.873: [GC (Allocation Failure)  27704K->22136K(31232K), 0.0008818 secs]
73.877: [GC (Allocation Failure)  27768K->22104K(31232K), 0.0009347 secs]
73.880: [GC (Allocation Failure)  27736K->22104K(31232K), 0.0008715 secs]
73.884: [GC (Allocation Failure)  27736K->22072K(31232K), 0.0008866 secs]
73.887: [GC (Allocation Failure)  27704K->22168K(31232K), 0.0009107 secs]
73.891: [GC (Allocation Failure)  27800K->22232K(31232K), 0.0008778 secs]
73.894: [GC (Allocation Failure)  27864K->22248K(31232K), 0.0008248 secs]
73.898: [GC (Allocation Failure)  27880K->22170K(31232K), 0.0011285 secs]
73.902: [GC (Allocation Failure)  27802K->22210K(31232K), 0.0010840 secs]
73.906: [GC (Allocation Failure)  27842K->22146K(31232K), 0.0009619 secs]
73.910: [GC (Allocation Failure)  27778K->22178K(31232K), 0.0008868 secs]
73.913: [GC (Allocation Failure)  27810K->22210K(31232K), 0.0008977 secs]
73.917: [GC (Allocation Failure)  27842K->22178K(31232K), 0.0009008 secs]
73.920: [GC (Allocation Failure)  27810K->22210K(31232K), 0.0011211 secs]
73.924: [GC (Allocation Failure)  27842K->22146K(31232K), 0.0008288 secs]
73.927: [GC (Allocation Failure)  27778K->22242K(31232K), 0.0008192 secs]
73.931: [GC (Allocation Failure)  27874K->22146K(31232K), 0.0008299 secs]
73.934: [GC (Allocation Failure)  27778K->22210K(31232K), 0.0008119 secs]
73.938: [GC (Allocation Failure)  27842K->22178K(31232K), 0.0009738 secs]
73.942: [GC (Allocation Failure)  27810K->22306K(31232K), 0.0007802 secs]
73.945: [GC (Allocation Failure)  27938K->22394K(31232K), 0.0009049 secs]
73.949: [GC (Allocation Failure)  28026K->22381K(31232K), 0.0009876 secs]
73.953: [GC (Allocation Failure)  28013K->22405K(31232K), 0.0010980 secs]
73.957: [GC (Allocation Failure)  28037K->22333K(31232K), 0.0011844 secs]
73.961: [GC (Allocation Failure)  27965K->22437K(31232K), 0.0009830 secs]
73.965: [GC (Allocation Failure)  28069K->22405K(31232K), 0.0008626 secs]
73.968: [GC (Allocation Failure)  28037K->22309K(31232K), 0.0009511 secs]
73.972: [GC (Allocation Failure)  27941K->22373K(31232K), 0.0008097 secs]
73.975: [GC (Allocation Failure)  28005K->22405K(31232K), 0.0008796 secs]
73.979: [GC (Allocation Failure)  28037K->22373K(31232K), 0.0007497 secs]
73.982: [GC (Allocation Failure)  28005K->22405K(31232K), 0.0008406 secs]
73.985: [GC (Allocation Failure)  28037K->22373K(31232K), 0.0008619 secs]
73.989: [GC (Allocation Failure)  28005K->22341K(31232K), 0.0008724 secs]
73.993: [GC (Allocation Failure)  27973K->22373K(31232K), 0.0009135 secs]
73.996: [GC (Allocation Failure)  28005K->22565K(31232K), 0.0008054 secs]
74.000: [GC (Allocation Failure)  28197K->22512K(31232K), 0.0011779 secs]
74.004: [GC (Allocation Failure)  28144K->22544K(31232K), 0.0010054 secs]
74.008: [GC (Allocation Failure)  28176K->22456K(31232K), 0.0008353 secs]
74.011: [GC (Allocation Failure)  28088K->22488K(31232K), 0.0008099 secs]
74.014: [GC (Allocation Failure)  28120K->22520K(31232K), 0.0008921 secs]
74.018: [GC (Allocation Failure)  28152K->22488K(31232K), 0.0007702 secs]
74.021: [GC (Allocation Failure)  28120K->22520K(31232K), 0.0007313 secs]
74.024: [GC (Allocation Failure)  28152K->22488K(31232K), 0.0008842 secs]
74.028: [GC (Allocation Failure)  28120K->22456K(31232K), 0.0008261 secs]
74.031: [GC (Allocation Failure)  28088K->22488K(31232K), 0.0008505 secs]
74.035: [GC (Allocation Failure)  28120K->22488K(31232K), 0.0009501 secs]
74.040: [GC (Allocation Failure)  28120K->22488K(31232K), 0.0009875 secs]
74.045: [GC (Allocation Failure)  28120K->22584K(31232K), 0.0018692 secs]
74.050: [GC (Allocation Failure)  28216K->22680K(31232K), 0.0015915 secs]
74.055: [GC (Allocation Failure)  28312K->22657K(31232K), 0.0018430 secs]
74.060: [GC (Allocation Failure)  28289K->22641K(31232K), 0.0011808 secs]
74.064: [GC (Allocation Failure)  28273K->22585K(31232K), 0.0010286 secs]
74.068: [GC (Allocation Failure)  28217K->22585K(31232K), 0.0009722 secs]
74.072: [GC (Allocation Failure)  28217K->22617K(31232K), 0.0011270 secs]
74.076: [GC (Allocation Failure)  28249K->22649K(31232K), 0.0009937 secs]
74.079: [GC (Allocation Failure)  28281K->22585K(31232K), 0.0008785 secs]
74.083: [GC (Allocation Failure)  28217K->22649K(31232K), 0.0008956 secs]
74.086: [GC (Allocation Failure)  28281K->22649K(31232K), 0.0008753 secs]
74.090: [GC (Allocation Failure)  28281K->22617K(31232K), 0.0009563 secs]
74.094: [GC (Allocation Failure)  28249K->22617K(31232K), 0.0007884 secs]
74.097: [GC (Allocation Failure)  28249K->22617K(31232K), 0.0008254 secs]
74.100: [GC (Allocation Failure)  28249K->22809K(31232K), 0.0008573 secs]
74.105: [GC (Allocation Failure)  28441K->22803K(31232K), 0.0011174 secs]
74.108: [GC (Allocation Failure)  28435K->22747K(31232K), 0.0008561 secs]
74.112: [GC (Allocation Failure)  28379K->22715K(31232K), 0.0011713 secs]
74.116: [GC (Allocation Failure)  28347K->22715K(31232K), 0.0008165 secs]
74.119: [GC (Allocation Failure)  28347K->22651K(31232K), 0.0009829 secs]
74.123: [GC (Allocation Failure)  28283K->22715K(31232K), 0.0008876 secs]
74.127: [GC (Allocation Failure)  28347K->22715K(31232K), 0.0008916 secs]
74.130: [GC (Allocation Failure)  28347K->22715K(31232K), 0.0008445 secs]
74.133: [GC (Allocation Failure)  28347K->22683K(31232K), 0.0009099 secs]
74.137: [GC (Allocation Failure)  28315K->22683K(31232K), 0.0008082 secs]
74.141: [GC (Allocation Failure)  28315K->22779K(31232K), 0.0009264 secs]
74.144: [GC (Allocation Failure)  28411K->22843K(31232K), 0.0009700 secs]
74.148: [GC (Allocation Failure)  28475K->22795K(31232K), 0.0010849 secs]
74.153: [GC (Allocation Failure)  28427K->22843K(31232K), 0.0012281 secs]
74.158: [GC (Allocation Failure)  28475K->22861K(31232K), 0.0009492 secs]
74.161: [GC (Allocation Failure)  28493K->22837K(31232K), 0.0010856 secs]
74.165: [GC (Allocation Failure)  28469K->22837K(31232K), 0.0008772 secs]
74.168: [GC (Allocation Failure)  28469K->22773K(31232K), 0.0009351 secs]
74.172: [GC (Allocation Failure)  28405K->22869K(31232K), 0.0008887 secs]
74.176: [GC (Allocation Failure)  28501K->22805K(31232K), 0.0008938 secs]
74.179: [GC (Allocation Failure)  28437K->22837K(31232K), 0.0008590 secs]
74.183: [GC (Allocation Failure)  28469K->22837K(31232K), 0.0008755 secs]
74.186: [GC (Allocation Failure)  28469K->22869K(31232K), 0.0009222 secs]
74.190: [GC (Allocation Failure)  28501K->22837K(31232K), 0.0009105 secs]
74.193: [GC (Allocation Failure)  28469K->22837K(31232K), 0.0008992 secs]
74.197: [GC (Allocation Failure)  28469K->22869K(31232K), 0.0008089 secs]
74.200: [GC (Allocation Failure)  28501K->22805K(31232K), 0.0007350 secs]
74.203: [GC (Allocation Failure)  28437K->22965K(31232K), 0.0011903 secs]
74.208: [GC (Allocation Failure)  28597K->22983K(31232K), 0.0009488 secs]
74.211: [GC (Allocation Failure)  28615K->22959K(31232K), 0.0009262 secs]
74.215: [GC (Allocation Failure)  28591K->22895K(31232K), 0.0010600 secs]
74.219: [GC (Allocation Failure)  28527K->22927K(31232K), 0.0007940 secs]
74.222: [GC (Allocation Failure)  28559K->22927K(31232K), 0.0008724 secs]
74.226: [GC (Allocation Failure)  28559K->22927K(31232K), 0.0007982 secs]
74.229: [GC (Allocation Failure)  28559K->22895K(31232K), 0.0007220 secs]
74.232: [GC (Allocation Failure)  28527K->22895K(31232K), 0.0008141 secs]
74.236: [GC (Allocation Failure)  28527K->22927K(31232K), 0.0007660 secs]
74.239: [GC (Allocation Failure)  28559K->22895K(31232K), 0.0008174 secs]
74.243: [GC (Allocation Failure)  28527K->23023K(31232K), 0.0010796 secs]
74.247: [GC (Allocation Failure)  28655K->23079K(31232K), 0.0010172 secs]
74.251: [GC (Allocation Failure)  28711K->23087K(31232K), 0.0009499 secs]
74.255: [GC (Allocation Failure)  28719K->23175K(31232K), 0.0013360 secs]
74.259: [GC (Allocation Failure)  28807K->23242K(31232K), 0.0009895 secs]
74.263: [GC (Allocation Failure)  28874K->23090K(31232K), 0.0009308 secs]
74.267: [GC (Allocation Failure)  28722K->23130K(31232K), 0.0009907 secs]
74.270: [GC (Allocation Failure)  28762K->23098K(31232K), 0.0008601 secs]
74.274: [GC (Allocation Failure)  28730K->23098K(31232K), 0.0009289 secs]
74.278: [GC (Allocation Failure)  28730K->23066K(31232K), 0.0008453 secs]
74.281: [GC (Allocation Failure)  28698K->23130K(31232K), 0.0007756 secs]
74.284: [GC (Allocation Failure)  28762K->23098K(31232K), 0.0008596 secs]
74.288: [GC (Allocation Failure)  28730K->23098K(31232K), 0.0009100 secs]
74.292: [GC (Allocation Failure)  28730K->23066K(31232K), 0.0009388 secs]
74.295: [GC (Allocation Failure)  28698K->23162K(31232K), 0.0008404 secs]
74.299: [GC (Allocation Failure)  28794K->23098K(31232K), 0.0008586 secs]
74.302: [GC (Allocation Failure)  28730K->23130K(31232K), 0.0008121 secs]
74.306: [GC (Allocation Failure)  28762K->23322K(31232K), 0.0009629 secs]
74.310: [GC (Allocation Failure)  28954K->23325K(31232K), 0.0011926 secs]
74.314: [GC (Allocation Failure)  28957K->23245K(31232K), 0.0009241 secs]
74.317: [GC (Allocation Failure)  28877K->23221K(31232K), 0.0009350 secs]
74.321: [GC (Allocation Failure)  28853K->23253K(31232K), 0.0009411 secs]
74.325: [GC (Allocation Failure)  28885K->23221K(31232K), 0.0009257 secs]
74.328: [GC (Allocation Failure)  28853K->23221K(31232K), 0.0009007 secs]
74.332: [GC (Allocation Failure)  28853K->23221K(31232K), 0.0008691 secs]
74.335: [GC (Allocation Failure)  28853K->23157K(31232K), 0.0008114 secs]
74.338: [GC (Allocation Failure)  28789K->23221K(31232K), 0.0008294 secs]
74.342: [GC (Allocation Failure)  28853K->23221K(31232K), 0.0008440 secs]
74.346: [GC (Allocation Failure)  28853K->23349K(31232K), 0.0009034 secs]
74.350: [GC (Allocation Failure)  28981K->23325K(31232K), 0.0009554 secs]
74.354: [GC (Allocation Failure)  28957K->23317K(31232K), 0.0016484 secs]
74.359: [GC (Allocation Failure)  28949K->23453K(31232K), 0.0011050 secs]
74.363: [GC (Allocation Failure)  29085K->23424K(31232K), 0.0010685 secs]
74.367: [GC (Allocation Failure)  29056K->23400K(31232K), 0.0009065 secs]
74.370: [GC (Allocation Failure)  29032K->23368K(31232K), 0.0011707 secs]
74.374: [GC (Allocation Failure)  29000K->23432K(31232K), 0.0008737 secs]
74.378: [GC (Allocation Failure)  29064K->23368K(31232K), 0.0008179 secs]
74.381: [GC (Allocation Failure)  29000K->23368K(31232K), 0.0008541 secs]
74.385: [GC (Allocation Failure)  29000K->23400K(31232K), 0.0009349 secs]
74.388: [GC (Allocation Failure)  29032K->23312K(31232K), 0.0007976 secs]
74.392: [GC (Allocation Failure)  28944K->23440K(31232K), 0.0008049 secs]
74.395: [GC (Allocation Failure)  29072K->23440K(31232K), 0.0008317 secs]
74.399: [GC (Allocation Failure)  29072K->23408K(31232K), 0.0007971 secs]
74.402: [GC (Allocation Failure)  29040K->23376K(31232K), 0.0008210 secs]
74.405: [GC (Allocation Failure)  29008K->23344K(31232K), 0.0008249 secs]
74.409: [GC (Allocation Failure)  28976K->23504K(31232K), 0.0008207 secs]
74.412: [GC (Allocation Failure)  29136K->23496K(31232K), 0.0013487 secs]
74.417: [GC (Allocation Failure)  29128K->23617K(31232K), 0.0012344 secs]
74.421: [GC (Allocation Failure)  29249K->23650K(31232K), 0.0014906 secs]
74.425: [GC (Allocation Failure)  29282K->23706K(31232K), 0.0011428 secs]
74.430: [GC (Allocation Failure)  29338K->23714K(31232K), 0.0015450 secs]
74.434: [GC (Allocation Failure)  29346K->23722K(31232K), 0.0010600 secs]
74.439: [GC (Allocation Failure)  29354K->23746K(31232K), 0.0012066 secs]
74.442: [GC (Allocation Failure)  29378K->23658K(31232K), 0.0011721 secs]
74.446: [GC (Allocation Failure)  29290K->23722K(31232K), 0.0011982 secs]
74.450: [GC (Allocation Failure)  29354K->23810K(31232K), 0.0011501 secs]
74.454: [GC (Allocation Failure)  29442K->23690K(31232K), 0.0011832 secs]
74.458: [GC (Allocation Failure)  29322K->23786K(31232K), 0.0009747 secs]
74.462: [GC (Allocation Failure)  29418K->23730K(31232K), 0.0009569 secs]
74.466: [GC (Allocation Failure)  29362K->23730K(31232K), 0.0008206 secs]
74.469: [GC (Allocation Failure)  29362K->23762K(31232K), 0.0008568 secs]
74.473: [GC (Allocation Failure)  29394K->23794K(31232K), 0.0009270 secs]
74.477: [GC (Allocation Failure)  29426K->23890K(31232K), 0.0009780 secs]
74.481: [GC (Allocation Failure)  29522K->23979K(31232K), 0.0013121 secs]
74.485: [GC (Allocation Failure)  29611K->24014K(31232K), 0.0009711 secs]
74.489: [GC (Allocation Failure)  29646K->23918K(31232K), 0.0011537 secs]
74.493: [GC (Allocation Failure)  29550K->23886K(31232K), 0.0010662 secs]
74.497: [GC (Allocation Failure)  29518K->23918K(31232K), 0.0009753 secs]
74.500: [GC (Allocation Failure)  29550K->23886K(31232K), 0.0008257 secs]
74.503: [GC (Allocation Failure)  29518K->23950K(31232K), 0.0008425 secs]
74.507: [GC (Allocation Failure)  29582K->23886K(31232K), 0.0008031 secs]
74.510: [GC (Allocation Failure)  29518K->23918K(31232K), 0.0009930 secs]
74.514: [GC (Allocation Failure)  29550K->23918K(31232K), 0.0008032 secs]
74.517: [GC (Allocation Failure)  29550K->23854K(31232K), 0.0007750 secs]
74.520: [GC (Allocation Failure)  29486K->23886K(31232K), 0.0010472 secs]
74.524: [GC (Allocation Failure)  29518K->23918K(31232K), 0.0008413 secs]
74.527: [GC (Allocation Failure)  29550K->23886K(31232K), 0.0008732 secs]
74.531: [GC (Allocation Failure)  29518K->24046K(31232K), 0.0010653 secs]
74.535: [GC (Allocation Failure)  29678K->24168K(31232K), 0.0010955 secs]
74.539: [GC (Allocation Failure)  29800K->24050K(31232K), 0.0011653 secs]
74.543: [GC (Allocation Failure)  29682K->24098K(31232K), 0.0010078 secs]
74.547: [GC (Allocation Failure)  29730K->24130K(31232K), 0.0013446 secs]
74.552: [GC (Allocation Failure)  29762K->24218K(31232K), 0.0009559 secs]
74.556: [GC (Allocation Failure)  29850K->24074K(31232K), 0.0011064 secs]
74.560: [GC (Allocation Failure)  29706K->24114K(31232K), 0.0010319 secs]
74.564: [GC (Allocation Failure)  29746K->24114K(31232K), 0.0008473 secs]
74.567: [GC (Allocation Failure)  29746K->24114K(31232K), 0.0009352 secs]
74.571: [GC (Allocation Failure)  29746K->24114K(31232K), 0.0007270 secs]
74.574: [GC (Allocation Failure)  29746K->24082K(31232K), 0.0009250 secs]
74.578: [GC (Allocation Failure)  29714K->24114K(31232K), 0.0008116 secs]
74.581: [GC (Allocation Failure)  29746K->24114K(31232K), 0.0008657 secs]
74.585: [GC (Allocation Failure)  29746K->24178K(31232K), 0.0009011 secs]
74.588: [GC (Allocation Failure)  29810K->24266K(31232K), 0.0010930 secs]
74.592: [GC (Allocation Failure)  29898K->24292K(31232K), 0.0012794 secs]
74.597: [GC (Allocation Failure)  29924K->24204K(31232K), 0.0008661 secs]
74.600: [GC (Allocation Failure)  29836K->24244K(31232K), 0.0009235 secs]
74.604: [GC (Allocation Failure)  29876K->24212K(31232K), 0.0009825 secs]
74.607: [GC (Allocation Failure)  29844K->24244K(31232K), 0.0009508 secs]
74.611: [GC (Allocation Failure)  29876K->24212K(31232K), 0.0008644 secs]
74.614: [GC (Allocation Failure)  29844K->24276K(31232K), 0.0007865 secs]
74.617: [GC (Allocation Failure)  29908K->24244K(31232K), 0.0009884 secs]
74.621: [GC (Allocation Failure)  29876K->24212K(31232K), 0.0008372 secs]
74.624: [GC (Allocation Failure)  29844K->24212K(31232K), 0.0009075 secs]
74.628: [GC (Allocation Failure)  29844K->24244K(31232K), 0.0008042 secs]
74.631: [GC (Allocation Failure)  29876K->24276K(31232K), 0.0008242 secs]
74.634: [GC (Allocation Failure)  29908K->24276K(31232K), 0.0008466 secs]
74.638: [GC (Allocation Failure)  29908K->24244K(31232K), 0.0009808 secs]
74.641: [GC (Allocation Failure)  29876K->24372K(31232K), 0.0012435 secs]
74.646: [GC (Allocation Failure)  30004K->24445K(31232K), 0.0012296 secs]
74.650: [GC (Allocation Failure)  30077K->24415K(31232K), 0.0015178 secs]
74.655: [GC (Allocation Failure)  30047K->24479K(31232K), 0.0015889 secs]
74.659: [GC (Allocation Failure)  30111K->24511K(31232K), 0.0013108 secs]
74.664: [GC (Allocation Failure)  30143K->24399K(31232K), 0.0013465 secs]
74.668: [GC (Allocation Failure)  30031K->24495K(31232K), 0.0008847 secs]
74.671: [GC (Allocation Failure)  30127K->24471K(31232K), 0.0010271 secs]
74.675: [GC (Allocation Failure)  30103K->24503K(31232K), 0.0008988 secs]
74.678: [GC (Allocation Failure)  30135K->24439K(31232K), 0.0009703 secs]
74.682: [GC (Allocation Failure)  30071K->24471K(31232K), 0.0008912 secs]
74.685: [GC (Allocation Failure)  30103K->24407K(31232K), 0.0009592 secs]
74.689: [GC (Allocation Failure)  30039K->24439K(31232K), 0.0009140 secs]
74.692: [GC (Allocation Failure)  30071K->24471K(31232K), 0.0008891 secs]
74.696: [GC (Allocation Failure)  30103K->24599K(31232K), 0.0010048 secs]
74.699: [GC (Allocation Failure)  30231K->24738K(31232K), 0.0009381 secs]
74.705: [GC (Allocation Failure)  30370K->24677K(31232K), 0.0016137 secs]
74.710: [GC (Allocation Failure)  30309K->24693K(31232K), 0.0013966 secs]
74.714: [GC (Allocation Failure)  30325K->24669K(31232K), 0.0010175 secs]
74.717: [GC (Allocation Failure)  30301K->24637K(31232K), 0.0008452 secs]
74.721: [GC (Allocation Failure)  30269K->24637K(31232K), 0.0011616 secs]
74.725: [GC (Allocation Failure)  30269K->24637K(31232K), 0.0009815 secs]
74.728: [GC (Allocation Failure)  30269K->24669K(31232K), 0.0009335 secs]
74.732: [GC (Allocation Failure)  30301K->24669K(31232K), 0.0009413 secs]
74.736: [GC (Allocation Failure)  30301K->24733K(31232K), 0.0010261 secs]
74.741: [GC (Allocation Failure)  30365K->24669K(31232K), 0.0015909 secs]
74.746: [GC (Allocation Failure)  30301K->24685K(31232K), 0.0013341 secs]
74.750: [GC (Allocation Failure)  30317K->24813K(31232K), 0.0015245 secs]
74.756: [GC (Allocation Failure)  30445K->24831K(31232K), 0.0018523 secs]
74.760: [GC (Allocation Failure)  30463K->24840K(31232K), 0.0015217 secs]
74.765: [GC (Allocation Failure)  30472K->24784K(31232K), 0.0013093 secs]
74.769: [GC (Allocation Failure)  30416K->24824K(31232K), 0.0015650 secs]
74.774: [GC (Allocation Failure)  30456K->24824K(31232K), 0.0012075 secs]
74.778: [GC (Allocation Failure)  30456K->24792K(31232K), 0.0015007 secs]
74.782: [GC (Allocation Failure)  30424K->24792K(31232K), 0.0012635 secs]
74.786: [GC (Allocation Failure)  30424K->24792K(31232K), 0.0010553 secs]
74.791: [GC (Allocation Failure)  30424K->24760K(31232K), 0.0020673 secs]
74.796: [GC (Allocation Failure)  30392K->24824K(31232K), 0.0011718 secs]
74.800: [GC (Allocation Failure)  30456K->24760K(31232K), 0.0008737 secs]
74.803: [GC (Allocation Failure)  30392K->24952K(31232K), 0.0008470 secs]
74.808: [GC (Allocation Failure)  30584K->24992K(31232K), 0.0011748 secs]
74.812: [GC (Allocation Failure)  30624K->25044K(31232K), 0.0010951 secs]
74.816: [GC (Allocation Failure)  30676K->25020K(31232K), 0.0012286 secs]
74.819: [GC (Allocation Failure)  30652K->24988K(31232K), 0.0011096 secs]
74.823: [GC (Allocation Failure)  30620K->24964K(31232K), 0.0010858 secs]
74.827: [GC (Allocation Failure)  30596K->24932K(31232K), 0.0009629 secs]
74.831: [GC (Allocation Failure)  30564K->24932K(31232K), 0.0008713 secs]
74.834: [GC (Allocation Failure)  30564K->24932K(31232K), 0.0008857 secs]
74.838: [GC (Allocation Failure)  30564K->24932K(31232K), 0.0009868 secs]
74.841: [GC (Allocation Failure)  30564K->24996K(31232K), 0.0008555 secs]
74.845: [GC (Allocation Failure)  30628K->24900K(31232K), 0.0008640 secs]
74.848: [GC (Allocation Failure)  30532K->25060K(31232K), 0.0008483 secs]
74.852: [GC (Allocation Failure)  30692K->25108K(31232K), 0.0010207 secs]
74.857: [GC (Allocation Failure)  30740K->25092K(31232K), 0.0011067 secs]
74.861: [GC (Allocation Failure)  30724K->25164K(31232K), 0.0014669 secs]
74.866: [GC (Allocation Failure)  30796K->25254K(31232K), 0.0014975 secs]
74.867: [Full GC (Ergonomics)  25254K->21322K(31232K), 0.0758827 secs]
74.947: [GC (Allocation Failure)  26954K->21610K(31232K), 0.0017438 secs]
74.952: [GC (Allocation Failure)  27242K->21643K(31232K), 0.0015201 secs]
74.957: [GC (Allocation Failure)  27275K->21686K(31232K), 0.0015831 secs]
74.962: [GC (Allocation Failure)  27318K->21614K(31232K), 0.0014044 secs]
74.966: [GC (Allocation Failure)  27246K->21638K(31232K), 0.0010364 secs]
74.970: [GC (Allocation Failure)  27270K->21574K(31232K), 0.0009963 secs]
74.974: [GC (Allocation Failure)  27206K->21606K(31232K), 0.0009771 secs]
74.977: [GC (Allocation Failure)  27238K->21606K(31232K), 0.0009826 secs]
74.981: [GC (Allocation Failure)  27238K->21606K(31232K), 0.0010029 secs]
74.985: [GC (Allocation Failure)  27238K->21606K(31232K), 0.0009715 secs]
74.989: [GC (Allocation Failure)  27238K->21574K(31232K), 0.0009671 secs]
74.993: [GC (Allocation Failure)  27206K->21574K(31232K), 0.0011398 secs]
74.997: [GC (Allocation Failure)  27206K->21606K(31232K), 0.0010027 secs]
75.000: [GC (Allocation Failure)  27238K->21670K(31232K), 0.0009632 secs]
75.005: [GC (Allocation Failure)  27302K->21758K(31232K), 0.0014329 secs]
75.010: [GC (Allocation Failure)  27390K->21745K(31232K), 0.0013432 secs]
75.015: [GC (Allocation Failure)  27377K->21674K(31232K), 0.0014690 secs]
75.019: [GC (Allocation Failure)  27306K->21802K(31232K), 0.0010185 secs]
75.023: [GC (Allocation Failure)  27434K->21746K(31232K), 0.0012221 secs]
75.027: [GC (Allocation Failure)  27378K->21714K(31232K), 0.0010633 secs]
75.031: [GC (Allocation Failure)  27346K->21682K(31232K), 0.0009001 secs]
75.035: [GC (Allocation Failure)  27314K->21746K(31232K), 0.0008956 secs]
75.038: [GC (Allocation Failure)  27378K->21746K(31232K), 0.0013221 secs]
75.043: [GC (Allocation Failure)  27378K->21682K(31232K), 0.0013866 secs]
75.047: [GC (Allocation Failure)  27314K->21778K(31232K), 0.0013515 secs]
75.052: [GC (Allocation Failure)  27410K->21842K(31232K), 0.0013847 secs]
75.056: [GC (Allocation Failure)  27474K->21898K(31232K), 0.0013226 secs]
75.061: [GC (Allocation Failure)  27530K->21930K(31232K), 0.0014227 secs]
75.066: [GC (Allocation Failure)  27562K->22053K(31232K), 0.0015272 secs]
75.070: [GC (Allocation Failure)  27685K->22024K(31232K), 0.0017180 secs]
75.076: [GC (Allocation Failure)  27656K->21904K(31232K), 0.0013107 secs]
75.080: [GC (Allocation Failure)  27536K->22000K(31232K), 0.0009882 secs]
75.083: [GC (Allocation Failure)  27632K->22000K(31232K), 0.0011233 secs]
75.087: [GC (Allocation Failure)  27632K->21968K(31232K), 0.0011906 secs]
75.091: [GC (Allocation Failure)  27600K->21904K(31232K), 0.0009245 secs]
75.094: [GC (Allocation Failure)  27536K->21936K(31232K), 0.0008996 secs]
75.098: [GC (Allocation Failure)  27568K->21968K(31232K), 0.0007748 secs]
75.101: [GC (Allocation Failure)  27600K->21904K(31232K), 0.0008454 secs]
75.105: [GC (Allocation Failure)  27536K->21936K(31232K), 0.0010137 secs]
75.108: [GC (Allocation Failure)  27568K->21968K(31232K), 0.0008772 secs]
75.112: [GC (Allocation Failure)  27600K->21968K(31232K), 0.0009085 secs]
75.115: [GC (Allocation Failure)  27600K->22000K(31232K), 0.0009661 secs]
75.120: [GC (Allocation Failure)  27632K->22080K(31232K), 0.0017720 secs]
75.126: [GC (Allocation Failure)  27712K->22188K(31232K), 0.0017302 secs]
75.131: [GC (Allocation Failure)  27820K->22140K(31232K), 0.0012693 secs]
75.135: [GC (Allocation Failure)  27772K->22116K(31232K), 0.0010435 secs]
75.139: [GC (Allocation Failure)  27748K->22116K(31232K), 0.0012314 secs]
75.142: [GC (Allocation Failure)  27748K->22116K(31232K), 0.0011739 secs]
75.146: [GC (Allocation Failure)  27748K->22084K(31232K), 0.0012080 secs]
75.150: [GC (Allocation Failure)  27716K->22148K(31232K), 0.0013274 secs]
75.155: [GC (Allocation Failure)  27780K->22236K(31232K), 0.0011848 secs]
75.159: [GC (Allocation Failure)  27868K->22308K(31232K), 0.0012133 secs]
75.164: [GC (Allocation Failure)  27940K->22172K(31232K), 0.0011501 secs]
75.167: [GC (Allocation Failure)  27804K->22148K(31232K), 0.0009728 secs]
75.172: [GC (Allocation Failure)  27780K->22244K(31232K), 0.0021720 secs]
75.177: [GC (Allocation Failure)  27876K->22356K(31232K), 0.0018107 secs]
75.183: [GC (Allocation Failure)  27988K->22424K(31232K), 0.0017868 secs]
75.189: [GC (Allocation Failure)  28056K->22409K(31232K), 0.0019226 secs]
75.194: [GC (Allocation Failure)  28041K->22441K(31232K), 0.0010741 secs]
75.197: [GC (Allocation Failure)  28073K->22353K(31232K), 0.0008942 secs]
75.201: [GC (Allocation Failure)  27985K->22321K(31232K), 0.0011152 secs]
75.205: [GC (Allocation Failure)  27953K->22385K(31232K), 0.0015475 secs]
75.209: [GC (Allocation Failure)  28017K->22353K(31232K), 0.0012515 secs]
75.213: [GC (Allocation Failure)  27985K->22321K(31232K), 0.0013757 secs]
75.217: [GC (Allocation Failure)  27953K->22385K(31232K), 0.0010540 secs]
75.221: [GC (Allocation Failure)  28017K->22449K(31232K), 0.0008811 secs]
75.224: [GC (Allocation Failure)  28081K->22321K(31232K), 0.0009924 secs]
75.228: [GC (Allocation Failure)  27953K->22417K(31232K), 0.0009475 secs]
75.232: [GC (Allocation Failure)  28049K->22513K(31232K), 0.0017362 secs]
75.236: [GC (Allocation Failure)  28145K->22635K(31232K), 0.0014634 secs]
75.241: [GC (Allocation Failure)  28267K->22548K(31232K), 0.0017860 secs]
75.246: [GC (Allocation Failure)  28180K->22492K(31232K), 0.0011648 secs]
75.250: [GC (Allocation Failure)  28124K->22532K(31232K), 0.0009591 secs]
75.253: [GC (Allocation Failure)  28164K->22628K(31232K), 0.0012055 secs]
75.259: [GC (Allocation Failure)  28260K->22660K(31232K), 0.0017490 secs]
75.264: [GC (Allocation Failure)  28292K->22676K(31232K), 0.0013422 secs]
75.268: [GC (Allocation Failure)  28308K->22676K(31232K), 0.0012300 secs]
75.272: [GC (Allocation Failure)  28308K->22556K(31232K), 0.0014730 secs]
75.276: [GC (Allocation Failure)  28188K->22588K(31232K), 0.0010333 secs]
75.280: [GC (Allocation Failure)  28220K->22652K(31232K), 0.0007775 secs]
75.283: [GC (Allocation Failure)  28284K->22620K(31232K), 0.0007739 secs]
75.286: [GC (Allocation Failure)  28252K->22748K(31232K), 0.0009602 secs]
75.290: [GC (Allocation Failure)  28380K->22846K(31232K), 0.0010815 secs]
75.294: [GC (Allocation Failure)  28478K->22849K(31232K), 0.0011089 secs]
75.298: [GC (Allocation Failure)  28481K->22761K(31232K), 0.0009802 secs]
75.302: [GC (Allocation Failure)  28393K->22737K(31232K), 0.0009206 secs]
75.306: [GC (Allocation Failure)  28369K->22769K(31232K), 0.0009906 secs]
75.309: [GC (Allocation Failure)  28401K->22769K(31232K), 0.0010075 secs]
75.313: [GC (Allocation Failure)  28401K->22737K(31232K), 0.0008972 secs]
75.316: [GC (Allocation Failure)  28369K->22769K(31232K), 0.0008064 secs]
75.319: [GC (Allocation Failure)  28401K->22769K(31232K), 0.0008932 secs]
75.323: [GC (Allocation Failure)  28401K->22769K(31232K), 0.0008076 secs]
75.326: [GC (Allocation Failure)  28401K->22769K(31232K), 0.0008951 secs]
75.330: [GC (Allocation Failure)  28401K->22833K(31232K), 0.0008150 secs]
75.333: [GC (Allocation Failure)  28465K->22769K(31232K), 0.0008000 secs]
75.336: [GC (Allocation Failure)  28401K->22769K(31232K), 0.0009182 secs]
75.340: [GC (Allocation Failure)  28401K->22929K(31232K), 0.0010893 secs]
75.344: [GC (Allocation Failure)  28561K->23036K(31232K), 0.0012958 secs]
75.348: [GC (Allocation Failure)  28668K->23047K(31232K), 0.0011061 secs]
75.352: [GC (Allocation Failure)  28679K->23063K(31232K), 0.0012118 secs]
75.357: [GC (Allocation Failure)  28695K->23087K(31232K), 0.0012653 secs]
75.361: [GC (Allocation Failure)  28719K->23143K(31232K), 0.0010753 secs]
75.365: [GC (Allocation Failure)  28775K->23103K(31232K), 0.0009688 secs]
75.368: [GC (Allocation Failure)  28735K->23047K(31232K), 0.0009493 secs]
75.372: [GC (Allocation Failure)  28679K->23015K(31232K), 0.0009081 secs]
75.376: [GC (Allocation Failure)  28647K->23015K(31232K), 0.0008342 secs]
75.379: [GC (Allocation Failure)  28647K->23047K(31232K), 0.0007533 secs]
75.382: [GC (Allocation Failure)  28679K->23079K(31232K), 0.0008991 secs]
75.386: [GC (Allocation Failure)  28711K->23047K(31232K), 0.0008198 secs]
75.389: [GC (Allocation Failure)  28679K->23047K(31232K), 0.0009038 secs]
75.392: [GC (Allocation Failure)  28679K->23207K(31232K), 0.0008647 secs]
75.396: [GC (Allocation Failure)  28839K->23223K(31232K), 0.0010722 secs]
75.400: [GC (GCLocker Initiated GC)  28855K->23330K(31232K), 0.0010403 secs]
75.404: [GC (Allocation Failure)  28966K->23343K(31232K), 0.0019078 secs]
75.409: [GC (Allocation Failure)  28975K->23223K(31232K), 0.0009832 secs]
75.412: [GC (Allocation Failure)  28855K->23231K(31232K), 0.0009938 secs]
75.416: [GC (Allocation Failure)  28863K->23199K(31232K), 0.0007583 secs]
75.419: [GC (Allocation Failure)  28831K->23263K(31232K), 0.0008336 secs]
75.423: [GC (Allocation Failure)  28895K->23231K(31232K), 0.0008651 secs]
75.426: [GC (Allocation Failure)  28863K->23263K(31232K), 0.0009635 secs]
75.430: [GC (Allocation Failure)  28895K->23263K(31232K), 0.0008858 secs]
75.433: [GC (Allocation Failure)  28895K->23295K(31232K), 0.0008178 secs]
75.436: [GC (Allocation Failure)  28927K->23295K(31232K), 0.0010207 secs]
75.440: [GC (Allocation Failure)  28927K->23231K(31232K), 0.0007812 secs]
75.443: [GC (Allocation Failure)  28863K->23231K(31232K), 0.0009073 secs]
75.447: [GC (Allocation Failure)  28863K->23327K(31232K), 0.0007448 secs]
75.450: [GC (Allocation Failure)  28959K->23391K(31232K), 0.0009976 secs]
75.454: [GC (Allocation Failure)  29023K->23480K(31232K), 0.0011571 secs]
75.458: [GC (Allocation Failure)  29112K->23505K(31232K), 0.0011515 secs]
75.462: [GC (Allocation Failure)  29137K->23521K(31232K), 0.0013370 secs]
75.467: [GC (Allocation Failure)  29153K->23521K(31232K), 0.0011002 secs]
75.471: [GC (Allocation Failure)  29153K->23433K(31232K), 0.0012211 secs]
75.475: [GC (Allocation Failure)  29065K->23433K(31232K), 0.0009876 secs]
75.479: [GC (Allocation Failure)  29065K->23465K(31232K), 0.0009114 secs]
75.482: [GC (Allocation Failure)  29097K->23497K(31232K), 0.0008192 secs]
75.485: [GC (Allocation Failure)  29129K->23465K(31232K), 0.0009392 secs]
75.488: [GC (Allocation Failure)  29097K->23433K(31232K), 0.0010123 secs]
75.492: [GC (Allocation Failure)  29065K->23401K(31232K), 0.0009012 secs]
75.496: [GC (Allocation Failure)  29033K->23465K(31232K), 0.0008601 secs]
75.499: [GC (Allocation Failure)  29097K->23497K(31232K), 0.0010260 secs]
75.503: [GC (Allocation Failure)  29129K->23497K(31232K), 0.0008974 secs]
75.507: [GC (Allocation Failure)  29129K->23641K(31232K), 0.0011190 secs]
75.511: [GC (Allocation Failure)  29273K->23629K(31232K), 0.0012226 secs]
75.515: [GC (Allocation Failure)  29261K->23693K(31232K), 0.0011937 secs]
75.519: [GC (Allocation Failure)  29325K->23685K(31232K), 0.0012395 secs]
75.524: [GC (Allocation Failure)  29317K->23597K(31232K), 0.0011138 secs]
75.528: [GC (Allocation Failure)  29229K->23597K(31232K), 0.0008875 secs]
75.531: [GC (Allocation Failure)  29229K->23565K(31232K), 0.0008004 secs]
75.534: [GC (Allocation Failure)  29197K->23597K(31232K), 0.0008993 secs]
75.538: [GC (Allocation Failure)  29229K->23629K(31232K), 0.0008251 secs]
75.541: [GC (Allocation Failure)  29261K->23661K(31232K), 0.0008272 secs]
75.544: [GC (Allocation Failure)  29293K->23597K(31232K), 0.0007916 secs]
75.548: [GC (Allocation Failure)  29229K->23629K(31232K), 0.0009591 secs]
75.551: [GC (Allocation Failure)  29261K->23661K(31232K), 0.0008259 secs]
75.555: [GC (Allocation Failure)  29293K->23693K(31232K), 0.0010566 secs]
75.559: [GC (Allocation Failure)  29325K->23845K(31232K), 0.0010167 secs]
75.563: [GC (Allocation Failure)  29477K->23854K(31232K), 0.0012861 secs]
75.568: [GC (Allocation Failure)  29486K->23856K(31232K), 0.0012091 secs]
75.572: [GC (Allocation Failure)  29488K->23768K(31232K), 0.0010661 secs]
75.576: [GC (Allocation Failure)  29400K->23840K(31232K), 0.0008819 secs]
75.579: [GC (Allocation Failure)  29472K->23776K(31232K), 0.0008028 secs]
75.582: [GC (Allocation Failure)  29408K->23776K(31232K), 0.0009805 secs]
75.585: [GC (Allocation Failure)  29408K->23840K(31232K), 0.0009740 secs]
75.589: [GC (Allocation Failure)  29472K->23840K(31232K), 0.0009195 secs]
75.593: [GC (Allocation Failure)  29472K->23840K(31232K), 0.0007620 secs]
75.596: [GC (Allocation Failure)  29472K->23808K(31232K), 0.0007667 secs]
75.599: [GC (Allocation Failure)  29440K->23808K(31232K), 0.0008480 secs]
75.603: [GC (Allocation Failure)  29440K->23776K(31232K), 0.0008294 secs]
75.606: [GC (Allocation Failure)  29408K->23872K(31232K), 0.0008646 secs]
75.609: [GC (Allocation Failure)  29504K->23776K(31232K), 0.0008236 secs]
75.613: [GC (Allocation Failure)  29408K->23840K(31232K), 0.0007850 secs]
75.616: [GC (Allocation Failure)  29472K->23984K(31232K), 0.0009385 secs]
75.620: [GC (Allocation Failure)  29616K->23970K(31232K), 0.0017049 secs]
75.625: [GC (Allocation Failure)  29602K->23986K(31232K), 0.0010633 secs]
75.629: [GC (Allocation Failure)  29618K->23898K(31232K), 0.0009673 secs]
75.632: [GC (Allocation Failure)  29530K->23866K(31232K), 0.0010997 secs]
75.636: [GC (Allocation Failure)  29498K->23930K(31232K), 0.0009007 secs]
75.639: [GC (Allocation Failure)  29562K->23930K(31232K), 0.0008858 secs]
75.643: [GC (Allocation Failure)  29562K->23866K(31232K), 0.0008231 secs]
75.646: [GC (Allocation Failure)  29498K->23962K(31232K), 0.0008517 secs]
75.650: [GC (Allocation Failure)  29594K->23930K(31232K), 0.0008038 secs]
75.653: [GC (Allocation Failure)  29562K->23994K(31232K), 0.0009640 secs]
75.657: [GC (Allocation Failure)  29626K->24106K(31232K), 0.0009955 secs]
75.661: [GC (Allocation Failure)  29738K->24074K(31232K), 0.0011817 secs]
75.665: [GC (Allocation Failure)  29706K->24058K(31232K), 0.0009256 secs]
75.668: [GC (Allocation Failure)  29690K->24162K(31232K), 0.0009302 secs]
75.673: [GC (Allocation Failure)  29794K->24189K(31232K), 0.0013445 secs]
75.678: [GC (Allocation Failure)  29821K->24206K(31232K), 0.0012680 secs]
75.683: [GC (Allocation Failure)  29838K->24190K(31232K), 0.0011070 secs]
75.686: [GC (Allocation Failure)  29822K->24102K(31232K), 0.0012827 secs]
75.691: [GC (Allocation Failure)  29734K->24166K(31232K), 0.0009683 secs]
75.694: [GC (Allocation Failure)  29798K->24166K(31232K), 0.0010924 secs]
75.698: [GC (Allocation Failure)  29798K->24166K(31232K), 0.0008204 secs]
75.701: [GC (Allocation Failure)  29798K->24166K(31232K), 0.0008525 secs]
75.705: [GC (Allocation Failure)  29798K->24166K(31232K), 0.0008753 secs]
75.708: [GC (Allocation Failure)  29798K->24166K(31232K), 0.0008539 secs]
75.711: [GC (Allocation Failure)  29798K->24166K(31232K), 0.0009343 secs]
75.715: [GC (Allocation Failure)  29798K->24166K(31232K), 0.0009021 secs]
75.718: [GC (Allocation Failure)  29798K->24166K(31232K), 0.0008677 secs]
75.722: [GC (Allocation Failure)  29798K->24262K(31232K), 0.0008040 secs]
75.725: [GC (Allocation Failure)  29894K->24398K(31232K), 0.0009339 secs]
75.729: [GC (Allocation Failure)  30030K->24360K(31232K), 0.0013480 secs]
75.734: [GC (Allocation Failure)  29992K->24272K(31232K), 0.0010087 secs]
75.737: [GC (Allocation Failure)  29904K->24440K(31232K), 0.0013307 secs]
75.742: [GC (Allocation Failure)  30072K->24432K(31232K), 0.0012609 secs]
75.746: [GC (Allocation Failure)  30064K->24536K(31232K), 0.0010770 secs]
75.750: [GC (Allocation Failure)  30168K->24424K(31232K), 0.0011068 secs]
75.755: [GC (Allocation Failure)  30056K->24456K(31232K), 0.0015267 secs]
75.759: [GC (Allocation Failure)  30088K->24584K(31232K), 0.0012358 secs]
75.763: [GC (Allocation Failure)  30216K->24592K(31232K), 0.0014627 secs]
75.767: [GC (Allocation Failure)  30224K->24528K(31232K), 0.0014636 secs]
75.771: [GC (Allocation Failure)  30160K->24592K(31232K), 0.0016233 secs]
75.776: [GC (Allocation Failure)  30224K->24536K(31232K), 0.0012200 secs]
75.780: [GC (Allocation Failure)  30168K->24664K(31232K), 0.0019772 secs]
75.785: [GC (Allocation Failure)  30296K->24755K(31232K), 0.0019776 secs]
75.791: [GC (Allocation Failure)  30387K->24734K(31232K), 0.0012332 secs]
75.795: [GC (Allocation Failure)  30366K->24742K(31232K), 0.0012121 secs]
75.799: [GC (Allocation Failure)  30374K->24678K(31232K), 0.0008016 secs]
75.802: [GC (Allocation Failure)  30310K->24678K(31232K), 0.0010385 secs]
75.807: [GC (Allocation Failure)  30310K->24710K(31232K), 0.0008867 secs]
75.810: [GC (Allocation Failure)  30342K->24678K(31232K), 0.0008617 secs]
75.813: [GC (Allocation Failure)  30310K->24678K(31232K), 0.0008571 secs]
75.817: [GC (Allocation Failure)  30310K->24710K(31232K), 0.0008202 secs]
75.820: [GC (Allocation Failure)  30342K->24710K(31232K), 0.0008377 secs]
75.824: [GC (Allocation Failure)  30342K->24710K(31232K), 0.0007978 secs]
75.827: [GC (Allocation Failure)  30342K->24742K(31232K), 0.0007701 secs]
75.830: [GC (Allocation Failure)  30374K->24710K(31232K), 0.0007886 secs]
75.833: [GC (GCLocker Initiated GC)  30345K->24841K(31232K), 0.0009338 secs]
75.838: [GC (Allocation Failure)  30476K->24951K(31232K), 0.0013307 secs]
75.843: [GC (Allocation Failure)  30583K->24928K(31232K), 0.0014345 secs]
75.847: [GC (Allocation Failure)  30560K->24840K(31232K), 0.0010594 secs]
75.850: [GC (Allocation Failure)  30472K->24944K(31232K), 0.0012733 secs]
75.855: [GC (Allocation Failure)  30576K->25016K(31232K), 0.0013415 secs]
75.860: [GC (Allocation Failure)  30648K->24960K(31232K), 0.0011759 secs]
75.863: [GC (Allocation Failure)  30592K->25024K(31232K), 0.0012021 secs]
75.867: [GC (Allocation Failure)  30656K->24968K(31232K), 0.0010615 secs]
75.871: [GC (Allocation Failure)  30600K->24944K(31232K), 0.0012531 secs]
75.875: [GC (Allocation Failure)  30576K->25008K(31232K), 0.0008599 secs]
75.879: [GC (Allocation Failure)  30640K->24976K(31232K), 0.0007722 secs]
75.882: [GC (Allocation Failure)  30608K->25008K(31232K), 0.0007900 secs]
75.885: [GC (Allocation Failure)  30640K->25072K(31232K), 0.0008243 secs]
75.888: [GC (Allocation Failure)  30704K->25200K(31232K), 0.0010539 secs]
75.892: [GC (Allocation Failure)  30832K->25203K(31232K), 0.0011820 secs]
75.894: [Full GC (Ergonomics)  25203K->21321K(31232K), 0.0750705 secs]
75.972: [GC (Allocation Failure)  26953K->21513K(31232K), 0.0018120 secs]
75.977: [GC (Allocation Failure)  27145K->21618K(31232K), 0.0014911 secs]
75.982: [GC (Allocation Failure)  27250K->21555K(31232K), 0.0020796 secs]
75.988: [GC (Allocation Failure)  27187K->21595K(31232K), 0.0014675 secs]
75.992: [GC (Allocation Failure)  27227K->21539K(31232K), 0.0011404 secs]
75.996: [GC (Allocation Failure)  27171K->21507K(31232K), 0.0012728 secs]
76.000: [GC (Allocation Failure)  27139K->21507K(31232K), 0.0010749 secs]
76.004: [GC (Allocation Failure)  27139K->21539K(31232K), 0.0008726 secs]
76.007: [GC (Allocation Failure)  27171K->21539K(31232K), 0.0009028 secs]
76.010: [GC (Allocation Failure)  27171K->21539K(31232K), 0.0009383 secs]
76.014: [GC (Allocation Failure)  27171K->21539K(31232K), 0.0009717 secs]
76.017: [GC (Allocation Failure)  27171K->21539K(31232K), 0.0008770 secs]
76.021: [GC (Allocation Failure)  27171K->21539K(31232K), 0.0009396 secs]
76.024: [GC (Allocation Failure)  27171K->21539K(31232K), 0.0008659 secs]
76.028: [GC (Allocation Failure)  27171K->21667K(31232K), 0.0011155 secs]
76.033: [GC (Allocation Failure)  27299K->21732K(31232K), 0.0017068 secs]
76.037: [GC (Allocation Failure)  27364K->21703K(31232K), 0.0023844 secs]
76.043: [GC (Allocation Failure)  27335K->21711K(31232K), 0.0014269 secs]
76.048: [GC (Allocation Failure)  27343K->21719K(31232K), 0.0014409 secs]
76.052: [GC (Allocation Failure)  27351K->21687K(31232K), 0.0009581 secs]
76.055: [GC (Allocation Failure)  27319K->21687K(31232K), 0.0013018 secs]
76.059: [GC (Allocation Failure)  27319K->21687K(31232K), 0.0010504 secs]
76.063: [GC (Allocation Failure)  27319K->21719K(31232K), 0.0009179 secs]
76.066: [GC (Allocation Failure)  27351K->21719K(31232K), 0.0009564 secs]
76.070: [GC (Allocation Failure)  27351K->21751K(31232K), 0.0009793 secs]
76.075: [GC (Allocation Failure)  27383K->21839K(31232K), 0.0009895 secs]
76.078: [GC (Allocation Failure)  27471K->21831K(31232K), 0.0012565 secs]
76.083: [GC (Allocation Failure)  27463K->21927K(31232K), 0.0014233 secs]
76.088: [GC (Allocation Failure)  27559K->22016K(31232K), 0.0017597 secs]
76.093: [GC (Allocation Failure)  27648K->22001K(31232K), 0.0013861 secs]
76.097: [GC (Allocation Failure)  27633K->21961K(31232K), 0.0015119 secs]
76.101: [GC (Allocation Failure)  27593K->21873K(31232K), 0.0011206 secs]
76.105: [GC (Allocation Failure)  27505K->21905K(31232K), 0.0011596 secs]
76.109: [GC (Allocation Failure)  27537K->21937K(31232K), 0.0008700 secs]
76.112: [GC (Allocation Failure)  27569K->21905K(31232K), 0.0009411 secs]
76.116: [GC (Allocation Failure)  27537K->21873K(31232K), 0.0009669 secs]
76.119: [GC (Allocation Failure)  27505K->21969K(31232K), 0.0010419 secs]
76.123: [GC (Allocation Failure)  27601K->21873K(31232K), 0.0009799 secs]
76.127: [GC (Allocation Failure)  27505K->21937K(31232K), 0.0008956 secs]
76.130: [GC (Allocation Failure)  27569K->21905K(31232K), 0.0010266 secs]
76.134: [GC (Allocation Failure)  27537K->21905K(31232K), 0.0009069 secs]
76.138: [GC (Allocation Failure)  27537K->22129K(31232K), 0.0009447 secs]
76.142: [GC (Allocation Failure)  27761K->22114K(31232K), 0.0013926 secs]
76.147: [GC (Allocation Failure)  27746K->22083K(31232K), 0.0018481 secs]
76.151: [GC (Allocation Failure)  27715K->22075K(31232K), 0.0010506 secs]
76.155: [GC (Allocation Failure)  27707K->21987K(31232K), 0.0013154 secs]
76.159: [GC (Allocation Failure)  27619K->22051K(31232K), 0.0010198 secs]
76.163: [GC (Allocation Failure)  27683K->22051K(31232K), 0.0011255 secs]
76.167: [GC (Allocation Failure)  27683K->22019K(31232K), 0.0009786 secs]
76.171: [GC (Allocation Failure)  27651K->22147K(31232K), 0.0012162 secs]
76.175: [GC (Allocation Failure)  27779K->22187K(31232K), 0.0014749 secs]
76.180: [GC (Allocation Failure)  27819K->22115K(31232K), 0.0012685 secs]
76.184: [GC (Allocation Failure)  27747K->22283K(31232K), 0.0014138 secs]
76.188: [GC (Allocation Failure)  27915K->22324K(31232K), 0.0016182 secs]
76.193: [GC (Allocation Failure)  27956K->22269K(31232K), 0.0013937 secs]
76.198: [GC (Allocation Failure)  27901K->22392K(31232K), 0.0017260 secs]
76.203: [GC (Allocation Failure)  28024K->22441K(31232K), 0.0013322 secs]
76.207: [GC (Allocation Failure)  28073K->22305K(31232K), 0.0010983 secs]
76.211: [GC (Allocation Failure)  27937K->22369K(31232K), 0.0012639 secs]
76.215: [GC (Allocation Failure)  28001K->22377K(31232K), 0.0012967 secs]
76.219: [GC (Allocation Failure)  28009K->22377K(31232K), 0.0009135 secs]
76.223: [GC (Allocation Failure)  28009K->22409K(31232K), 0.0010086 secs]
76.227: [GC (Allocation Failure)  28041K->22345K(31232K), 0.0008536 secs]
76.230: [GC (Allocation Failure)  27977K->22377K(31232K), 0.0012198 secs]
76.234: [GC (Allocation Failure)  28009K->22377K(31232K), 0.0009406 secs]
76.238: [GC (Allocation Failure)  28009K->22409K(31232K), 0.0008409 secs]
76.241: [GC (Allocation Failure)  28041K->22345K(31232K), 0.0009359 secs]
76.245: [GC (Allocation Failure)  27977K->22377K(31232K), 0.0009874 secs]
76.249: [GC (Allocation Failure)  28009K->22473K(31232K), 0.0014108 secs]
76.255: [GC (Allocation Failure)  28105K->22586K(31232K), 0.0017664 secs]
76.260: [GC (Allocation Failure)  28218K->22525K(31232K), 0.0013576 secs]
76.264: [GC (Allocation Failure)  28157K->22605K(31232K), 0.0012442 secs]
76.268: [GC (Allocation Failure)  28237K->22541K(31232K), 0.0012036 secs]
76.273: [GC (Allocation Failure)  28173K->22541K(31232K), 0.0017492 secs]
76.279: [GC (Allocation Failure)  28173K->22605K(31232K), 0.0017171 secs]
76.284: [GC (Allocation Failure)  28237K->22637K(31232K), 0.0013174 secs]
76.288: [GC (Allocation Failure)  28269K->22581K(31232K), 0.0014633 secs]
76.292: [GC (Allocation Failure)  28213K->22581K(31232K), 0.0008132 secs]
76.295: [GC (Allocation Failure)  28213K->22613K(31232K), 0.0009972 secs]
76.300: [GC (Allocation Failure)  28245K->22549K(31232K), 0.0010456 secs]
76.305: [GC (Allocation Failure)  28181K->22709K(31232K), 0.0016140 secs]
76.309: [GC (Allocation Failure)  28341K->22814K(31232K), 0.0013217 secs]
76.315: [GC (Allocation Failure)  28446K->22840K(31232K), 0.0029260 secs]
76.321: [GC (Allocation Failure)  28472K->22808K(31232K), 0.0019935 secs]
76.326: [GC (Allocation Failure)  28440K->22784K(31232K), 0.0011922 secs]
76.330: [GC (Allocation Failure)  28416K->22784K(31232K), 0.0009086 secs]
76.333: [GC (Allocation Failure)  28416K->22784K(31232K), 0.0012315 secs]
76.337: [GC (Allocation Failure)  28416K->22848K(31232K), 0.0010591 secs]
76.341: [GC (Allocation Failure)  28480K->22784K(31232K), 0.0010003 secs]
76.345: [GC (Allocation Failure)  28416K->22784K(31232K), 0.0009172 secs]
76.349: [GC (Allocation Failure)  28416K->22848K(31232K), 0.0009855 secs]
76.353: [GC (Allocation Failure)  28480K->22816K(31232K), 0.0011851 secs]
76.357: [GC (Allocation Failure)  28448K->22848K(31232K), 0.0008576 secs]
76.361: [GC (Allocation Failure)  28480K->22968K(31232K), 0.0012285 secs]
76.367: [GC (Allocation Failure)  28600K->22977K(31232K), 0.0018102 secs]
76.372: [GC (Allocation Failure)  28609K->23076K(31232K), 0.0019576 secs]
76.376: [GC (Allocation Failure)  28708K->23108K(31232K), 0.0012479 secs]
76.381: [GC (Allocation Failure)  28740K->23132K(31232K), 0.0014755 secs]
76.385: [GC (Allocation Failure)  28764K->23124K(31232K), 0.0012749 secs]
76.390: [GC (Allocation Failure)  28756K->23148K(31232K), 0.0012418 secs]
76.394: [GC (Allocation Failure)  28780K->23092K(31232K), 0.0011425 secs]
76.398: [GC (Allocation Failure)  28724K->23028K(31232K), 0.0012698 secs]
76.402: [GC (Allocation Failure)  28660K->23028K(31232K), 0.0010520 secs]
76.406: [GC (Allocation Failure)  28660K->23028K(31232K), 0.0011293 secs]
76.410: [GC (Allocation Failure)  28660K->23092K(31232K), 0.0009711 secs]
76.414: [GC (Allocation Failure)  28724K->23156K(31232K), 0.0012880 secs]
76.419: [GC (Allocation Failure)  28788K->23268K(31232K), 0.0010885 secs]
76.423: [GC (Allocation Failure)  28900K->23297K(31232K), 0.0014776 secs]
76.427: [GC (Allocation Failure)  28929K->23297K(31232K), 0.0011591 secs]
76.431: [GC (Allocation Failure)  28929K->23241K(31232K), 0.0010661 secs]
76.435: [GC (Allocation Failure)  28873K->23241K(31232K), 0.0009876 secs]
76.439: [GC (Allocation Failure)  28873K->23273K(31232K), 0.0009564 secs]
76.443: [GC (Allocation Failure)  28905K->23273K(31232K), 0.0008165 secs]
76.446: [GC (Allocation Failure)  28905K->23241K(31232K), 0.0008994 secs]
76.450: [GC (Allocation Failure)  28873K->23209K(31232K), 0.0010599 secs]
76.454: [GC (Allocation Failure)  28841K->23209K(31232K), 0.0010650 secs]
76.457: [GC (Allocation Failure)  28841K->23241K(31232K), 0.0008659 secs]
76.461: [GC (Allocation Failure)  28873K->23241K(31232K), 0.0008898 secs]
76.464: [GC (Allocation Failure)  28873K->23241K(31232K), 0.0009897 secs]
76.468: [GC (Allocation Failure)  28873K->23337K(31232K), 0.0008282 secs]
76.471: [GC (Allocation Failure)  28969K->23425K(31232K), 0.0010534 secs]
76.476: [GC (Allocation Failure)  29057K->23499K(31232K), 0.0010685 secs]
76.480: [GC (Allocation Failure)  29131K->23476K(31232K), 0.0012304 secs]
76.484: [GC (Allocation Failure)  29108K->23508K(31232K), 0.0011701 secs]
76.489: [GC (Allocation Failure)  29140K->23468K(31232K), 0.0011517 secs]
76.493: [GC (Allocation Failure)  29100K->23412K(31232K), 0.0010483 secs]
76.497: [GC (Allocation Failure)  29044K->23444K(31232K), 0.0011831 secs]
76.501: [GC (Allocation Failure)  29076K->23444K(31232K), 0.0009094 secs]
76.505: [GC (Allocation Failure)  29076K->23412K(31232K), 0.0010388 secs]
76.508: [GC (Allocation Failure)  29044K->23476K(31232K), 0.0009475 secs]
76.512: [GC (Allocation Failure)  29108K->23476K(31232K), 0.0008207 secs]
76.515: [GC (Allocation Failure)  29108K->23380K(31232K), 0.0008832 secs]
76.519: [GC (Allocation Failure)  29012K->23476K(31232K), 0.0008762 secs]
76.522: [GC (Allocation Failure)  29108K->23412K(31232K), 0.0009483 secs]
76.526: [GC (Allocation Failure)  29044K->23636K(31232K), 0.0010349 secs]
76.530: [GC (Allocation Failure)  29268K->23679K(31232K), 0.0009980 secs]
76.534: [GC (Allocation Failure)  29311K->23656K(31232K), 0.0012036 secs]
76.538: [GC (Allocation Failure)  29288K->23576K(31232K), 0.0010790 secs]
76.542: [GC (Allocation Failure)  29208K->23616K(31232K), 0.0009480 secs]
76.545: [GC (Allocation Failure)  29248K->23616K(31232K), 0.0010179 secs]
76.549: [GC (Allocation Failure)  29248K->23616K(31232K), 0.0007197 secs]
76.552: [GC (Allocation Failure)  29248K->23584K(31232K), 0.0008961 secs]
76.556: [GC (Allocation Failure)  29216K->23616K(31232K), 0.0009296 secs]
76.560: [GC (Allocation Failure)  29248K->23648K(31232K), 0.0008945 secs]
76.563: [GC (Allocation Failure)  29280K->23616K(31232K), 0.0008473 secs]
76.567: [GC (Allocation Failure)  29248K->23616K(31232K), 0.0008512 secs]
76.570: [GC (Allocation Failure)  29248K->23584K(31232K), 0.0008296 secs]
76.574: [GC (Allocation Failure)  29216K->23712K(31232K), 0.0011921 secs]
76.578: [GC (Allocation Failure)  29344K->23720K(31232K), 0.0010133 secs]
76.583: [GC (Allocation Failure)  29352K->23848K(31232K), 0.0015086 secs]
76.589: [GC (GCLocker Initiated GC)  29480K->23885K(31232K), 0.0014911 secs]
76.593: [GC (Allocation Failure)  29521K->23937K(31232K), 0.0012088 secs]
76.597: [GC (Allocation Failure)  29569K->23881K(31232K), 0.0012516 secs]
76.602: [GC (Allocation Failure)  29513K->23857K(31232K), 0.0011612 secs]
76.606: [GC (Allocation Failure)  29489K->23889K(31232K), 0.0011417 secs]
76.610: [GC (Allocation Failure)  29521K->23889K(31232K), 0.0010111 secs]
76.614: [GC (Allocation Failure)  29521K->23857K(31232K), 0.0010057 secs]
76.617: [GC (Allocation Failure)  29489K->23889K(31232K), 0.0008773 secs]
76.621: [GC (Allocation Failure)  29521K->23857K(31232K), 0.0009688 secs]
76.625: [GC (Allocation Failure)  29489K->23857K(31232K), 0.0008626 secs]
76.628: [GC (Allocation Failure)  29489K->23857K(31232K), 0.0008523 secs]
76.631: [GC (Allocation Failure)  29489K->23857K(31232K), 0.0008196 secs]
76.635: [GC (Allocation Failure)  29489K->23953K(31232K), 0.0010675 secs]
76.639: [GC (Allocation Failure)  29585K->24058K(31232K), 0.0010703 secs]
76.643: [GC (Allocation Failure)  29690K->24069K(31232K), 0.0013319 secs]
76.647: [GC (Allocation Failure)  29701K->24045K(31232K), 0.0010847 secs]
76.651: [GC (Allocation Failure)  29677K->24021K(31232K), 0.0009287 secs]
76.655: [GC (Allocation Failure)  29653K->24021K(31232K), 0.0011942 secs]
76.659: [GC (Allocation Failure)  29653K->24021K(31232K), 0.0009784 secs]
76.663: [GC (Allocation Failure)  29653K->24053K(31232K), 0.0009915 secs]
76.666: [GC (Allocation Failure)  29685K->23989K(31232K), 0.0011846 secs]
76.670: [GC (Allocation Failure)  29621K->24021K(31232K), 0.0010477 secs]
76.674: [GC (Allocation Failure)  29653K->24149K(31232K), 0.0010271 secs]
76.678: [GC (Allocation Failure)  29781K->24149K(31232K), 0.0012893 secs]
76.683: [GC (Allocation Failure)  29781K->24109K(31232K), 0.0011925 secs]
76.687: [GC (Allocation Failure)  29741K->24117K(31232K), 0.0010490 secs]
76.692: [GC (Allocation Failure)  29749K->24285K(31232K), 0.0014098 secs]
76.697: [GC (Allocation Failure)  29917K->24265K(31232K), 0.0014482 secs]
76.701: [GC (Allocation Failure)  29897K->24265K(31232K), 0.0009757 secs]
76.705: [GC (Allocation Failure)  29897K->24209K(31232K), 0.0012664 secs]
76.709: [GC (Allocation Failure)  29841K->24177K(31232K), 0.0011504 secs]
76.713: [GC (Allocation Failure)  29809K->24177K(31232K), 0.0011103 secs]
76.717: [GC (Allocation Failure)  29809K->24177K(31232K), 0.0008458 secs]
76.720: [GC (Allocation Failure)  29809K->24177K(31232K), 0.0010012 secs]
76.724: [GC (Allocation Failure)  29809K->24209K(31232K), 0.0007723 secs]
76.727: [GC (Allocation Failure)  29841K->24241K(31232K), 0.0008038 secs]
76.730: [GC (Allocation Failure)  29873K->24209K(31232K), 0.0008470 secs]
76.734: [GC (Allocation Failure)  29841K->24209K(31232K), 0.0008769 secs]
76.738: [GC (Allocation Failure)  29841K->24369K(31232K), 0.0008850 secs]
76.743: [GC (Allocation Failure)  30001K->24337K(31232K), 0.0013831 secs]
76.748: [GC (Allocation Failure)  29969K->24385K(31232K), 0.0014934 secs]
76.752: [GC (Allocation Failure)  30017K->24413K(31232K), 0.0016377 secs]
76.757: [GC (Allocation Failure)  30045K->24445K(31232K), 0.0018554 secs]
76.763: [GC (Allocation Failure)  30077K->24373K(31232K), 0.0015003 secs]
76.768: [GC (Allocation Failure)  30005K->24413K(31232K), 0.0011956 secs]
76.774: [GC (Allocation Failure)  30045K->24413K(31232K), 0.0017930 secs]
76.779: [GC (Allocation Failure)  30045K->24565K(31232K), 0.0015843 secs]
76.785: [GC (Allocation Failure)  30197K->24525K(31232K), 0.0019165 secs]
76.791: [GC (Allocation Failure)  30157K->24533K(31232K), 0.0014520 secs]
76.795: [GC (Allocation Failure)  30165K->24541K(31232K), 0.0013045 secs]
76.799: [GC (Allocation Failure)  30173K->24445K(31232K), 0.0010643 secs]
76.803: [GC (Allocation Failure)  30077K->24637K(31232K), 0.0015107 secs]
76.808: [GC (Allocation Failure)  30269K->24726K(31232K), 0.0012950 secs]
76.812: [GC (Allocation Failure)  30358K->24728K(31232K), 0.0011149 secs]
76.817: [GC (Allocation Failure)  30360K->24640K(31232K), 0.0009283 secs]
76.820: [GC (Allocation Failure)  30272K->24616K(31232K), 0.0009783 secs]
76.824: [GC (Allocation Failure)  30248K->24680K(31232K), 0.0009098 secs]
76.827: [GC (Allocation Failure)  30312K->24680K(31232K), 0.0008245 secs]
76.830: [GC (Allocation Failure)  30312K->24648K(31232K), 0.0008286 secs]
76.834: [GC (Allocation Failure)  30280K->24680K(31232K), 0.0008544 secs]
76.838: [GC (Allocation Failure)  30312K->24712K(31232K), 0.0009477 secs]
76.841: [GC (Allocation Failure)  30344K->24680K(31232K), 0.0009244 secs]
76.845: [GC (Allocation Failure)  30312K->24648K(31232K), 0.0008114 secs]
76.848: [GC (Allocation Failure)  30280K->24680K(31232K), 0.0008078 secs]
76.851: [GC (Allocation Failure)  30312K->24776K(31232K), 0.0009666 secs]
76.855: [GC (Allocation Failure)  30408K->24768K(31232K), 0.0009477 secs]
76.860: [GC (Allocation Failure)  30400K->24888K(31232K), 0.0010026 secs]
76.864: [GC (Allocation Failure)  30520K->24958K(31232K), 0.0011298 secs]
76.868: [GC (Allocation Failure)  30590K->24902K(31232K), 0.0011025 secs]
76.872: [GC (Allocation Failure)  30534K->24846K(31232K), 0.0011850 secs]
76.876: [GC (Allocation Failure)  30478K->24942K(31232K), 0.0010652 secs]
76.880: [GC (Allocation Failure)  30574K->25038K(31232K), 0.0010190 secs]
76.885: [GC (Allocation Failure)  30670K->25014K(31232K), 0.0011305 secs]
76.889: [GC (Allocation Failure)  30646K->24966K(31232K), 0.0009819 secs]
76.893: [GC (Allocation Failure)  30598K->24974K(31232K), 0.0009688 secs]
76.896: [GC (Allocation Failure)  30606K->24974K(31232K), 0.0009687 secs]
76.900: [GC (Allocation Failure)  30606K->25006K(31232K), 0.0009631 secs]
76.904: [GC (Allocation Failure)  30638K->24974K(31232K), 0.0009306 secs]
76.907: [GC (Allocation Failure)  30606K->24942K(31232K), 0.0007777 secs]
76.910: [GC (Allocation Failure)  30574K->25038K(31232K), 0.0011645 secs]
76.915: [GC (Allocation Failure)  30670K->25151K(31232K), 0.0010366 secs]
76.919: [GC (Allocation Failure)  30783K->25218K(31232K), 0.0011289 secs]
76.924: [GC (Allocation Failure)  30850K->25074K(31232K), 0.0011887 secs]
76.925: [Full GC (Ergonomics)  25074K->21332K(31744K), 0.0780642 secs]
77.007: [GC (Allocation Failure)  26964K->21588K(31744K), 0.0017800 secs]
77.013: [GC (Allocation Failure)  27220K->21646K(31744K), 0.0017231 secs]
77.018: [GC (Allocation Failure)  27278K->21727K(31744K), 0.0012088 secs]
77.023: [GC (GCLocker Initiated GC)  27359K->21687K(31744K), 0.0013944 secs]
77.028: [GC (Allocation Failure)  27323K->21784K(31744K), 0.0014798 secs]
77.032: [GC (Allocation Failure)  27416K->21688K(31744K), 0.0012067 secs]
77.036: [GC (Allocation Failure)  27320K->21672K(31744K), 0.0011695 secs]
77.041: [GC (Allocation Failure)  27304K->21640K(31744K), 0.0014412 secs]
77.045: [GC (Allocation Failure)  27272K->21704K(31744K), 0.0011669 secs]
77.049: [GC (Allocation Failure)  27336K->21736K(31744K), 0.0010251 secs]
77.053: [GC (Allocation Failure)  27368K->21704K(31744K), 0.0007905 secs]
77.056: [GC (Allocation Failure)  27336K->21672K(31744K), 0.0008530 secs]
77.060: [GC (Allocation Failure)  27304K->21736K(31744K), 0.0008067 secs]
77.063: [GC (Allocation Failure)  27368K->21832K(31744K), 0.0012821 secs]
77.067: [GC (Allocation Failure)  27464K->21897K(31744K), 0.0011930 secs]
77.072: [GC (Allocation Failure)  27529K->21908K(31744K), 0.0013917 secs]
77.076: [GC (Allocation Failure)  27540K->21820K(31744K), 0.0009638 secs]
77.080: [GC (Allocation Failure)  27452K->21828K(31744K), 0.0008369 secs]
77.083: [GC (Allocation Failure)  27460K->21860K(31744K), 0.0008477 secs]
77.086: [GC (Allocation Failure)  27492K->21828K(31744K), 0.0010177 secs]
77.090: [GC (Allocation Failure)  27460K->21828K(31744K), 0.0008513 secs]
77.094: [GC (Allocation Failure)  27460K->21828K(31744K), 0.0007977 secs]
77.097: [GC (Allocation Failure)  27460K->21892K(31744K), 0.0007422 secs]
77.100: [GC (Allocation Failure)  27524K->21796K(31744K), 0.0007224 secs]
77.103: [GC (Allocation Failure)  27428K->21828K(31744K), 0.0008397 secs]
77.108: [GC (Allocation Failure)  27460K->21892K(31744K), 0.0014390 secs]
77.112: [GC (Allocation Failure)  27524K->22012K(31744K), 0.0011532 secs]
77.116: [GC (Allocation Failure)  27644K->22020K(31744K), 0.0013574 secs]
77.120: [GC (Allocation Failure)  27652K->22124K(31744K), 0.0017933 secs]
77.126: [GC (Allocation Failure)  27756K->22144K(31744K), 0.0012262 secs]
77.130: [GC (Allocation Failure)  27776K->22040K(31744K), 0.0010744 secs]
77.134: [GC (Allocation Failure)  27672K->22112K(31744K), 0.0008863 secs]
77.137: [GC (Allocation Failure)  27744K->22080K(31744K), 0.0010603 secs]
77.141: [GC (Allocation Failure)  27712K->22112K(31744K), 0.0008225 secs]
77.144: [GC (Allocation Failure)  27744K->22048K(31744K), 0.0008607 secs]
77.148: [GC (Allocation Failure)  27680K->22048K(31744K), 0.0009084 secs]
77.151: [GC (Allocation Failure)  27680K->22048K(31744K), 0.0007925 secs]
77.155: [GC (Allocation Failure)  27680K->22080K(31744K), 0.0007156 secs]
77.158: [GC (Allocation Failure)  27712K->22080K(31744K), 0.0007813 secs]
77.161: [GC (Allocation Failure)  27712K->22048K(31744K), 0.0008194 secs]
77.165: [GC (Allocation Failure)  27680K->22080K(31744K), 0.0008927 secs]
77.168: [GC (Allocation Failure)  27712K->22048K(31744K), 0.0008714 secs]
77.171: [GC (Allocation Failure)  27680K->22176K(31744K), 0.0010176 secs]
77.176: [GC (Allocation Failure)  27808K->22248K(31744K), 0.0010649 secs]
77.180: [GC (Allocation Failure)  27880K->22301K(31744K), 0.0012236 secs]
77.185: [GC (Allocation Failure)  27933K->22173K(31744K), 0.0011414 secs]
77.189: [GC (Allocation Failure)  27805K->22181K(31744K), 0.0011392 secs]
77.193: [GC (Allocation Failure)  27813K->22213K(31744K), 0.0008924 secs]
77.197: [GC (Allocation Failure)  27845K->22277K(31744K), 0.0009358 secs]
77.200: [GC (Allocation Failure)  27909K->22149K(31744K), 0.0008648 secs]
77.203: [GC (Allocation Failure)  27781K->22245K(31744K), 0.0008942 secs]
77.207: [GC (Allocation Failure)  27877K->22309K(31744K), 0.0010866 secs]
77.211: [GC (Allocation Failure)  27941K->22357K(31744K), 0.0011239 secs]
77.216: [GC (Allocation Failure)  27989K->22301K(31744K), 0.0010238 secs]
77.219: [GC (Allocation Failure)  27933K->22301K(31744K), 0.0009487 secs]
77.223: [GC (Allocation Failure)  27933K->22277K(31744K), 0.0009462 secs]
77.227: [GC (Allocation Failure)  27909K->22405K(31744K), 0.0009377 secs]
77.231: [GC (Allocation Failure)  28037K->22445K(31744K), 0.0010576 secs]
77.235: [GC (Allocation Failure)  28077K->22439K(31744K), 0.0013926 secs]
77.241: [GC (Allocation Failure)  28071K->22415K(31744K), 0.0013143 secs]
77.245: [GC (Allocation Failure)  28047K->22415K(31744K), 0.0010292 secs]
77.249: [GC (Allocation Failure)  28047K->22391K(31744K), 0.0009530 secs]
77.252: [GC (Allocation Failure)  28023K->22359K(31744K), 0.0009844 secs]
77.257: [GC (Allocation Failure)  27991K->22359K(31744K), 0.0010297 secs]
77.261: [GC (Allocation Failure)  27991K->22359K(31744K), 0.0009964 secs]
77.265: [GC (Allocation Failure)  27991K->22391K(31744K), 0.0008452 secs]
77.268: [GC (Allocation Failure)  28023K->22359K(31744K), 0.0008930 secs]
77.272: [GC (Allocation Failure)  27991K->22391K(31744K), 0.0009611 secs]
77.276: [GC (Allocation Failure)  28023K->22391K(31744K), 0.0010426 secs]
77.279: [GC (Allocation Failure)  28023K->22423K(31744K), 0.0009800 secs]
77.283: [GC (Allocation Failure)  28055K->22519K(31744K), 0.0010296 secs]
77.287: [GC (Allocation Failure)  28151K->22471K(31744K), 0.0014074 secs]
77.292: [GC (Allocation Failure)  28103K->22489K(31744K), 0.0014041 secs]
77.297: [GC (Allocation Failure)  28121K->22521K(31744K), 0.0011504 secs]
77.301: [GC (Allocation Failure)  28153K->22497K(31744K), 0.0010004 secs]
77.305: [GC (Allocation Failure)  28129K->22465K(31744K), 0.0014133 secs]
77.310: [GC (Allocation Failure)  28097K->22529K(31744K), 0.0012002 secs]
77.315: [GC (Allocation Failure)  28161K->22617K(31744K), 0.0013952 secs]
77.320: [GC (Allocation Failure)  28249K->22609K(31744K), 0.0015170 secs]
77.324: [GC (Allocation Failure)  28241K->22553K(31744K), 0.0011905 secs]
77.328: [GC (Allocation Failure)  28185K->22553K(31744K), 0.0009831 secs]
77.331: [GC (Allocation Failure)  28185K->22553K(31744K), 0.0009430 secs]
77.335: [GC (Allocation Failure)  28185K->22553K(31744K), 0.0009848 secs]
77.339: [GC (Allocation Failure)  28185K->22681K(31744K), 0.0012097 secs]
77.344: [GC (Allocation Failure)  28313K->22762K(31744K), 0.0012451 secs]
77.349: [GC (Allocation Failure)  28394K->22715K(31744K), 0.0013751 secs]
77.354: [GC (Allocation Failure)  28347K->22707K(31744K), 0.0016781 secs]
77.359: [GC (Allocation Failure)  28339K->22651K(31744K), 0.0013653 secs]
77.363: [GC (Allocation Failure)  28283K->22691K(31744K), 0.0010462 secs]
77.367: [GC (Allocation Failure)  28323K->22659K(31744K), 0.0010450 secs]
77.371: [GC (Allocation Failure)  28291K->22691K(31744K), 0.0013210 secs]
77.375: [GC (Allocation Failure)  28323K->22723K(31744K), 0.0010313 secs]
77.378: [GC (Allocation Failure)  28355K->22691K(31744K), 0.0011264 secs]
77.382: [GC (Allocation Failure)  28323K->22723K(31744K), 0.0010901 secs]
77.386: [GC (Allocation Failure)  28355K->22691K(31744K), 0.0008737 secs]
77.389: [GC (Allocation Failure)  28323K->22659K(31744K), 0.0009884 secs]
77.394: [GC (Allocation Failure)  28291K->22755K(31744K), 0.0009593 secs]
77.398: [GC (Allocation Failure)  28387K->22851K(31744K), 0.0013759 secs]
77.403: [GC (Allocation Failure)  28483K->22878K(31744K), 0.0017883 secs]
77.408: [GC (Allocation Failure)  28510K->22889K(31744K), 0.0014383 secs]
77.412: [GC (Allocation Failure)  28521K->22961K(31744K), 0.0011314 secs]
77.416: [GC (Allocation Failure)  28593K->22873K(31744K), 0.0011636 secs]
77.420: [GC (Allocation Failure)  28505K->23033K(31744K), 0.0014352 secs]
77.425: [GC (Allocation Failure)  28665K->22929K(31744K), 0.0009791 secs]
77.428: [GC (Allocation Failure)  28561K->22937K(31744K), 0.0008145 secs]
77.432: [GC (Allocation Failure)  28569K->22937K(31744K), 0.0008860 secs]
77.435: [GC (Allocation Failure)  28569K->23001K(31744K), 0.0008262 secs]
77.439: [GC (Allocation Failure)  28633K->22969K(31744K), 0.0008954 secs]
77.443: [GC (Allocation Failure)  28601K->22905K(31744K), 0.0008833 secs]
77.446: [GC (Allocation Failure)  28537K->22969K(31744K), 0.0009427 secs]
77.450: [GC (Allocation Failure)  28601K->23001K(31744K), 0.0007769 secs]
77.454: [GC (Allocation Failure)  28633K->23145K(31744K), 0.0010941 secs]
77.458: [GC (Allocation Failure)  28777K->23197K(31744K), 0.0012570 secs]
77.462: [GC (Allocation Failure)  28829K->23149K(31744K), 0.0012000 secs]
77.466: [GC (Allocation Failure)  28781K->23061K(31744K), 0.0009579 secs]
77.470: [GC (Allocation Failure)  28693K->23093K(31744K), 0.0011241 secs]
77.474: [GC (Allocation Failure)  28725K->23093K(31744K), 0.0009148 secs]
77.477: [GC (Allocation Failure)  28725K->23061K(31744K), 0.0008949 secs]
77.481: [GC (Allocation Failure)  28693K->23093K(31744K), 0.0007711 secs]
77.484: [GC (Allocation Failure)  28725K->23125K(31744K), 0.0008955 secs]
77.488: [GC (Allocation Failure)  28757K->23061K(31744K), 0.0008077 secs]
77.491: [GC (Allocation Failure)  28693K->23221K(31744K), 0.0008779 secs]
77.495: [GC (Allocation Failure)  28853K->23309K(31744K), 0.0010205 secs]
77.499: [GC (Allocation Failure)  28941K->23334K(31744K), 0.0013187 secs]
77.504: [GC (Allocation Failure)  28966K->23305K(31744K), 0.0011415 secs]
77.508: [GC (Allocation Failure)  28937K->23441K(31744K), 0.0015023 secs]
77.513: [GC (Allocation Failure)  29073K->23498K(31744K), 0.0011887 secs]
77.518: [GC (Allocation Failure)  29130K->23541K(31744K), 0.0011472 secs]
77.522: [GC (Allocation Failure)  29173K->23413K(31744K), 0.0013333 secs]
77.526: [GC (Allocation Failure)  29045K->23421K(31744K), 0.0011215 secs]
77.530: [GC (Allocation Failure)  29053K->23389K(31744K), 0.0009526 secs]
77.534: [GC (Allocation Failure)  29021K->23421K(31744K), 0.0008708 secs]
77.537: [GC (Allocation Failure)  29053K->23421K(31744K), 0.0008822 secs]
77.540: [GC (Allocation Failure)  29053K->23421K(31744K), 0.0008853 secs]
77.544: [GC (Allocation Failure)  29053K->23453K(31744K), 0.0007625 secs]
77.547: [GC (Allocation Failure)  29085K->23453K(31744K), 0.0008210 secs]
77.550: [GC (Allocation Failure)  29085K->23421K(31744K), 0.0008142 secs]
77.554: [GC (Allocation Failure)  29053K->23453K(31744K), 0.0007991 secs]
77.557: [GC (Allocation Failure)  29085K->23389K(31744K), 0.0008790 secs]
77.561: [GC (Allocation Failure)  29021K->23485K(31744K), 0.0007791 secs]
77.564: [GC (Allocation Failure)  29117K->23549K(31744K), 0.0012282 secs]
77.569: [GC (Allocation Failure)  29181K->23663K(31744K), 0.0013058 secs]
77.574: [GC (Allocation Failure)  29295K->23634K(31744K), 0.0013656 secs]
77.579: [GC (Allocation Failure)  29266K->23570K(31744K), 0.0012596 secs]
77.583: [GC (Allocation Failure)  29202K->23610K(31744K), 0.0009904 secs]
77.586: [GC (Allocation Failure)  29242K->23642K(31744K), 0.0010364 secs]
77.591: [GC (Allocation Failure)  29274K->23706K(31744K), 0.0010692 secs]
77.594: [GC (Allocation Failure)  29338K->23658K(31744K), 0.0009283 secs]
77.598: [GC (Allocation Failure)  29290K->23562K(31744K), 0.0007447 secs]
77.601: [GC (Allocation Failure)  29194K->23658K(31744K), 0.0009112 secs]
77.605: [GC (Allocation Failure)  29290K->23594K(31744K), 0.0008149 secs]
77.608: [GC (Allocation Failure)  29226K->23722K(31744K), 0.0010055 secs]
77.613: [GC (Allocation Failure)  29354K->23714K(31744K), 0.0011190 secs]
77.617: [GC (Allocation Failure)  29346K->23714K(31744K), 0.0011378 secs]
77.621: [GC (Allocation Failure)  29346K->23810K(31744K), 0.0019582 secs]
77.626: [GC (Allocation Failure)  29442K->23931K(31744K), 0.0012812 secs]
77.631: [GC (Allocation Failure)  29563K->23902K(31744K), 0.0018069 secs]
77.636: [GC (Allocation Failure)  29534K->23942K(31744K), 0.0009759 secs]
77.640: [GC (Allocation Failure)  29574K->23790K(31744K), 0.0009679 secs]
77.643: [GC (Allocation Failure)  29422K->23822K(31744K), 0.0009081 secs]
77.646: [GC (Allocation Failure)  29454K->23854K(31744K), 0.0008177 secs]
77.650: [GC (Allocation Failure)  29486K->23822K(31744K), 0.0008974 secs]
77.653: [GC (Allocation Failure)  29454K->23886K(31744K), 0.0009504 secs]
77.657: [GC (Allocation Failure)  29518K->23822K(31744K), 0.0009405 secs]
77.660: [GC (Allocation Failure)  29454K->23854K(31744K), 0.0009283 secs]
77.664: [GC (Allocation Failure)  29486K->23886K(31744K), 0.0008460 secs]
77.667: [GC (Allocation Failure)  29518K->23854K(31744K), 0.0008385 secs]
77.671: [GC (Allocation Failure)  29486K->23790K(31744K), 0.0007688 secs]
77.674: [GC (Allocation Failure)  29422K->23918K(31744K), 0.0009951 secs]
77.678: [GC (Allocation Failure)  29550K->24046K(31744K), 0.0009749 secs]
77.682: [GC (Allocation Failure)  29678K->23983K(31744K), 0.0018082 secs]
77.687: [GC (Allocation Failure)  29615K->23971K(31744K), 0.0014612 secs]
77.691: [GC (Allocation Failure)  29603K->23947K(31744K), 0.0011070 secs]
77.695: [GC (Allocation Failure)  29579K->23979K(31744K), 0.0010810 secs]
77.699: [GC (Allocation Failure)  29611K->24011K(31744K), 0.0009974 secs]
77.702: [GC (Allocation Failure)  29643K->24011K(31744K), 0.0009094 secs]
77.706: [GC (Allocation Failure)  29643K->23979K(31744K), 0.0010054 secs]
77.710: [GC (Allocation Failure)  29611K->24075K(31744K), 0.0010965 secs]
77.714: [GC (Allocation Failure)  29707K->24139K(31744K), 0.0011678 secs]
77.719: [GC (Allocation Failure)  29771K->24131K(31744K), 0.0009745 secs]
77.723: [GC (Allocation Failure)  29763K->24107K(31744K), 0.0009551 secs]
77.726: [GC (Allocation Failure)  29739K->24075K(31744K), 0.0008748 secs]
77.729: [GC (Allocation Failure)  29707K->24235K(31744K), 0.0008501 secs]
77.733: [GC (Allocation Failure)  29867K->24283K(31744K), 0.0012272 secs]
77.738: [GC (Allocation Failure)  29915K->24295K(31744K), 0.0018163 secs]
77.744: [GC (Allocation Failure)  29927K->24287K(31744K), 0.0013055 secs]
77.749: [GC (Allocation Failure)  29919K->24311K(31744K), 0.0012397 secs]
77.753: [GC (Allocation Failure)  29943K->24415K(31744K), 0.0014605 secs]
77.759: [GC (Allocation Failure)  30047K->24303K(31744K), 0.0011053 secs]
77.762: [GC (Allocation Failure)  29935K->24287K(31744K), 0.0011753 secs]
77.766: [GC (Allocation Failure)  29919K->24287K(31744K), 0.0010696 secs]
77.770: [GC (Allocation Failure)  29919K->24351K(31744K), 0.0012067 secs]
77.774: [GC (Allocation Failure)  29983K->24319K(31744K), 0.0017881 secs]
77.779: [GC (Allocation Failure)  29951K->24287K(31744K), 0.0011253 secs]
77.784: [GC (Allocation Failure)  29919K->24287K(31744K), 0.0014257 secs]
77.789: [GC (Allocation Failure)  29919K->24511K(31744K), 0.0018949 secs]
77.794: [GC (Allocation Failure)  30143K->24528K(31744K), 0.0013432 secs]
77.799: [GC (Allocation Failure)  30160K->24531K(31744K), 0.0012455 secs]
77.803: [GC (Allocation Failure)  30163K->24539K(31744K), 0.0010393 secs]
77.807: [GC (Allocation Failure)  30171K->24483K(31744K), 0.0010458 secs]
77.811: [GC (Allocation Failure)  30115K->24579K(31744K), 0.0013465 secs]
77.816: [GC (Allocation Failure)  30211K->24611K(31744K), 0.0010318 secs]
77.820: [GC (Allocation Failure)  30243K->24611K(31744K), 0.0011761 secs]
77.824: [GC (Allocation Failure)  30243K->24587K(31744K), 0.0010289 secs]
77.828: [GC (Allocation Failure)  30219K->24491K(31744K), 0.0008853 secs]
77.831: [GC (Allocation Failure)  30123K->24587K(31744K), 0.0008805 secs]
77.834: [GC (Allocation Failure)  30219K->24587K(31744K), 0.0008586 secs]
77.838: [GC (Allocation Failure)  30219K->24587K(31744K), 0.0008615 secs]
77.842: [GC (Allocation Failure)  30219K->24587K(31744K), 0.0007713 secs]
77.846: [GC (Allocation Failure)  30219K->24691K(31744K), 0.0010200 secs]
77.850: [GC (Allocation Failure)  30323K->24757K(31744K), 0.0010093 secs]
77.855: [GC (Allocation Failure)  30389K->24661K(31744K), 0.0011055 secs]
77.859: [GC (Allocation Failure)  30293K->24797K(31744K), 0.0013706 secs]
77.863: [GC (Allocation Failure)  30429K->24677K(31744K), 0.0009318 secs]
77.867: [GC (Allocation Failure)  30309K->24685K(31744K), 0.0008503 secs]
77.870: [GC (Allocation Failure)  30317K->24717K(31744K), 0.0009834 secs]
77.874: [GC (Allocation Failure)  30349K->24685K(31744K), 0.0008943 secs]
77.877: [GC (Allocation Failure)  30317K->24749K(31744K), 0.0008029 secs]
77.881: [GC (Allocation Failure)  30381K->24685K(31744K), 0.0008198 secs]
77.884: [GC (Allocation Failure)  30317K->24717K(31744K), 0.0008018 secs]
77.887: [GC (Allocation Failure)  30349K->24653K(31744K), 0.0009188 secs]
77.891: [GC (Allocation Failure)  30285K->24653K(31744K), 0.0008619 secs]
77.894: [GC (Allocation Failure)  30285K->24653K(31744K), 0.0008797 secs]
77.898: [GC (Allocation Failure)  30285K->24877K(31744K), 0.0010573 secs]
77.902: [GC (Allocation Failure)  30509K->24952K(31744K), 0.0011999 secs]
77.907: [GC (Allocation Failure)  30584K->24914K(31744K), 0.0012894 secs]
77.911: [GC (Allocation Failure)  30546K->24946K(31744K), 0.0011714 secs]
77.915: [GC (Allocation Failure)  30578K->25002K(31744K), 0.0012845 secs]
77.920: [GC (Allocation Failure)  30634K->25034K(31744K), 0.0010330 secs]
77.924: [GC (Allocation Failure)  30666K->24970K(31744K), 0.0011649 secs]
77.928: [GC (Allocation Failure)  30602K->24978K(31744K), 0.0010831 secs]
77.932: [GC (Allocation Failure)  30610K->24914K(31744K), 0.0008491 secs]
77.935: [GC (Allocation Failure)  30546K->24978K(31744K), 0.0008971 secs]
77.939: [GC (Allocation Failure)  30610K->24978K(31744K), 0.0008501 secs]
77.942: [GC (Allocation Failure)  30610K->24978K(31744K), 0.0008658 secs]
77.946: [GC (Allocation Failure)  30610K->24914K(31744K), 0.0007469 secs]
77.949: [GC (Allocation Failure)  30546K->24978K(31744K), 0.0007685 secs]
77.952: [GC (Allocation Failure)  30610K->25138K(31744K), 0.0013662 secs]
77.957: [GC (Allocation Failure)  30770K->25213K(31744K), 0.0014643 secs]
77.962: [GC (Allocation Failure)  30845K->25183K(31744K), 0.0018412 secs]
77.967: [GC (Allocation Failure)  30815K->25127K(31744K), 0.0009921 secs]
77.970: [GC (Allocation Failure)  30759K->25167K(31744K), 0.0011410 secs]
77.974: [GC (Allocation Failure)  30799K->25167K(31744K), 0.0008694 secs]
77.978: [GC (Allocation Failure)  30799K->25135K(31744K), 0.0009198 secs]
77.982: [GC (Allocation Failure)  30767K->25135K(31744K), 0.0008327 secs]
77.985: [GC (Allocation Failure)  30767K->25199K(31744K), 0.0009735 secs]
77.989: [GC (Allocation Failure)  30831K->25135K(31744K), 0.0007738 secs]
77.992: [GC (Allocation Failure)  30767K->25167K(31744K), 0.0009391 secs]
77.996: [GC (Allocation Failure)  30799K->25167K(31744K), 0.0008751 secs]
77.999: [GC (Allocation Failure)  30799K->25167K(31744K), 0.0007685 secs]
78.003: [GC (Allocation Failure)  30799K->25135K(31744K), 0.0007965 secs]
78.006: [GC (Allocation Failure)  30767K->25263K(31744K), 0.0008768 secs]
78.010: [GC (Allocation Failure)  30895K->25383K(31744K), 0.0010203 secs]
78.014: [GC (Allocation Failure)  31015K->25397K(31744K), 0.0011050 secs]
78.019: [GC (Allocation Failure)  31029K->25445K(31744K), 0.0016036 secs]
78.025: [GC (Allocation Failure)  31077K->25349K(31744K), 0.0012013 secs]
78.028: [GC (Allocation Failure)  30981K->25325K(31744K), 0.0010260 secs]
78.033: [GC (Allocation Failure)  30957K->25485K(31744K), 0.0013635 secs]
78.037: [GC (Allocation Failure)  31117K->25437K(31744K), 0.0016691 secs]
78.042: [GC (Allocation Failure)  31069K->25437K(31744K), 0.0015416 secs]
78.047: [GC (Allocation Failure)  31069K->25469K(31744K), 0.0010294 secs]
78.050: [GC (Allocation Failure)  31101K->25469K(31744K), 0.0010125 secs]
78.054: [GC (Allocation Failure)  31101K->25405K(31744K), 0.0010940 secs]
78.058: [GC (Allocation Failure)  31037K->25405K(31744K), 0.0010700 secs]
78.062: [GC (Allocation Failure)  31037K->25597K(31744K), 0.0014015 secs]
78.067: [GC (Allocation Failure)  31229K->25632K(31744K), 0.0011046 secs]
78.071: [GC (Allocation Failure)  31264K->25627K(31744K), 0.0017297 secs]
78.076: [GC (Allocation Failure)  31259K->25579K(31744K), 0.0011282 secs]
78.077: [Full GC (Ergonomics)  25579K->21298K(31232K), 0.0752053 secs]
78.157: [GC (Allocation Failure)  26930K->21586K(31232K), 0.0017752 secs]
78.162: [GC (Allocation Failure)  27218K->21612K(31232K), 0.0017523 secs]
78.167: [GC (Allocation Failure)  27244K->21605K(31232K), 0.0015112 secs]
78.172: [GC (Allocation Failure)  27237K->21573K(31232K), 0.0013555 secs]
78.176: [GC (Allocation Failure)  27205K->21645K(31232K), 0.0009639 secs]
78.180: [GC (Allocation Failure)  27277K->21581K(31232K), 0.0010527 secs]
78.183: [GC (Allocation Failure)  27213K->21581K(31232K), 0.0010460 secs]
78.187: [GC (Allocation Failure)  27213K->21613K(31232K), 0.0008756 secs]
78.190: [GC (Allocation Failure)  27245K->21549K(31232K), 0.0008606 secs]
78.194: [GC (Allocation Failure)  27181K->21549K(31232K), 0.0008490 secs]
78.197: [GC (Allocation Failure)  27181K->21581K(31232K), 0.0007376 secs]
78.200: [GC (Allocation Failure)  27213K->21549K(31232K), 0.0008023 secs]
78.203: [GC (Allocation Failure)  27181K->21549K(31232K), 0.0008011 secs]
78.207: [GC (Allocation Failure)  27181K->21549K(31232K), 0.0007350 secs]
78.210: [GC (Allocation Failure)  27181K->21645K(31232K), 0.0008037 secs]
78.214: [GC (Allocation Failure)  27277K->21781K(31232K), 0.0011467 secs]
78.218: [GC (Allocation Failure)  27413K->21785K(31232K), 0.0011665 secs]
78.224: [GC (Allocation Failure)  27417K->21769K(31232K), 0.0012167 secs]
78.227: [GC (Allocation Failure)  27401K->21737K(31232K), 0.0009903 secs]
78.231: [GC (Allocation Failure)  27369K->21649K(31232K), 0.0008259 secs]
78.235: [GC (Allocation Failure)  27281K->21681K(31232K), 0.0008121 secs]
78.238: [GC (Allocation Failure)  27313K->21681K(31232K), 0.0009712 secs]
78.242: [GC (Allocation Failure)  27313K->21681K(31232K), 0.0009062 secs]
78.245: [GC (Allocation Failure)  27313K->21681K(31232K), 0.0008616 secs]
78.249: [GC (Allocation Failure)  27313K->21745K(31232K), 0.0007977 secs]
78.252: [GC (Allocation Failure)  27377K->21745K(31232K), 0.0007273 secs]
78.256: [GC (Allocation Failure)  27377K->21777K(31232K), 0.0010344 secs]
78.260: [GC (Allocation Failure)  27409K->21817K(31232K), 0.0010396 secs]
78.264: [GC (Allocation Failure)  27449K->21729K(31232K), 0.0014337 secs]
78.268: [GC (Allocation Failure)  27361K->21985K(31232K), 0.0010187 secs]
78.274: [GC (Allocation Failure)  27617K->22020K(31232K), 0.0011827 secs]
78.278: [GC (Allocation Failure)  27652K->22031K(31232K), 0.0012816 secs]
78.282: [GC (Allocation Failure)  27663K->21935K(31232K), 0.0009804 secs]
78.286: [GC (Allocation Failure)  27567K->21943K(31232K), 0.0008328 secs]
78.290: [GC (Allocation Failure)  27575K->21975K(31232K), 0.0009223 secs]
78.293: [GC (Allocation Failure)  27607K->21975K(31232K), 0.0008856 secs]
78.297: [GC (Allocation Failure)  27607K->21911K(31232K), 0.0008219 secs]
78.300: [GC (Allocation Failure)  27543K->21975K(31232K), 0.0008590 secs]
78.304: [GC (Allocation Failure)  27607K->22007K(31232K), 0.0011674 secs]
78.308: [GC (Allocation Failure)  27639K->21975K(31232K), 0.0008232 secs]
78.311: [GC (Allocation Failure)  27607K->21975K(31232K), 0.0008131 secs]
78.315: [GC (Allocation Failure)  27607K->21975K(31232K), 0.0007328 secs]
78.318: [GC (Allocation Failure)  27607K->21975K(31232K), 0.0008226 secs]
78.321: [GC (Allocation Failure)  27607K->21975K(31232K), 0.0009156 secs]
78.325: [GC (Allocation Failure)  27607K->22135K(31232K), 0.0010998 secs]
78.329: [GC (Allocation Failure)  27767K->22113K(31232K), 0.0016477 secs]
78.334: [GC (Allocation Failure)  27745K->22082K(31232K), 0.0010021 secs]
78.338: [GC (Allocation Failure)  27714K->22138K(31232K), 0.0010902 secs]
78.342: [GC (Allocation Failure)  27770K->22074K(31232K), 0.0009568 secs]
78.346: [GC (Allocation Failure)  27706K->22074K(31232K), 0.0008368 secs]
78.349: [GC (Allocation Failure)  27706K->22106K(31232K), 0.0008158 secs]
78.352: [GC (Allocation Failure)  27738K->22074K(31232K), 0.0008568 secs]
78.356: [GC (Allocation Failure)  27706K->22234K(31232K), 0.0009510 secs]
78.361: [GC (Allocation Failure)  27866K->22194K(31232K), 0.0014408 secs]
78.367: [GC (Allocation Failure)  27826K->22194K(31232K), 0.0014843 secs]
78.372: [GC (Allocation Failure)  27826K->22218K(31232K), 0.0013540 secs]
78.376: [GC (Allocation Failure)  27850K->22194K(31232K), 0.0009978 secs]
78.379: [GC (Allocation Failure)  27826K->22290K(31232K), 0.0011210 secs]
78.384: [GC (Allocation Failure)  27922K->22429K(31232K), 0.0017502 secs]
78.389: [GC (Allocation Failure)  28061K->22382K(31232K), 0.0011341 secs]
78.393: [GC (Allocation Failure)  28014K->22310K(31232K), 0.0011741 secs]
78.397: [GC (Allocation Failure)  27942K->22342K(31232K), 0.0008798 secs]
78.400: [GC (Allocation Failure)  27974K->22342K(31232K), 0.0010986 secs]
78.404: [GC (Allocation Failure)  27974K->22342K(31232K), 0.0008917 secs]
78.408: [GC (Allocation Failure)  27974K->22342K(31232K), 0.0010268 secs]
78.411: [GC (Allocation Failure)  27974K->22374K(31232K), 0.0008832 secs]
78.415: [GC (Allocation Failure)  28006K->22406K(31232K), 0.0009173 secs]
78.418: [GC (Allocation Failure)  28038K->22406K(31232K), 0.0008589 secs]
78.421: [GC (Allocation Failure)  28038K->22342K(31232K), 0.0008831 secs]
78.425: [GC (Allocation Failure)  27974K->22310K(31232K), 0.0009836 secs]
78.429: [GC (Allocation Failure)  27942K->22342K(31232K), 0.0009668 secs]
78.432: [GC (Allocation Failure)  27974K->22502K(31232K), 0.0010309 secs]
78.436: [GC (Allocation Failure)  28134K->22601K(31232K), 0.0010896 secs]
78.440: [GC (Allocation Failure)  28233K->22586K(31232K), 0.0009815 secs]
78.444: [GC (Allocation Failure)  28218K->22594K(31232K), 0.0010863 secs]
78.448: [GC (Allocation Failure)  28226K->22594K(31232K), 0.0009508 secs]
78.452: [GC (Allocation Failure)  28226K->22570K(31232K), 0.0008686 secs]
78.457: [GC (Allocation Failure)  28202K->22698K(31232K), 0.0013896 secs]
78.461: [GC (Allocation Failure)  28330K->22690K(31232K), 0.0012385 secs]
78.466: [GC (Allocation Failure)  28322K->22602K(31232K), 0.0010901 secs]
78.470: [GC (Allocation Failure)  28234K->22642K(31232K), 0.0008223 secs]
78.473: [GC (Allocation Failure)  28274K->22642K(31232K), 0.0009554 secs]
78.477: [GC (Allocation Failure)  28274K->22610K(31232K), 0.0009202 secs]
78.481: [GC (Allocation Failure)  28242K->22578K(31232K), 0.0009185 secs]
78.484: [GC (Allocation Failure)  28210K->22674K(31232K), 0.0009478 secs]
78.488: [GC (Allocation Failure)  28306K->22738K(31232K), 0.0013832 secs]
78.493: [GC (Allocation Failure)  28370K->22820K(31232K), 0.0011828 secs]
78.497: [GC (Allocation Failure)  28452K->22837K(31232K), 0.0014541 secs]
78.501: [GC (Allocation Failure)  28469K->22749K(31232K), 0.0011334 secs]
78.505: [GC (Allocation Failure)  28381K->22725K(31232K), 0.0009376 secs]
78.509: [GC (Allocation Failure)  28357K->22821K(31232K), 0.0008146 secs]
78.513: [GC (Allocation Failure)  28453K->22757K(31232K), 0.0008140 secs]
78.516: [GC (Allocation Failure)  28389K->22757K(31232K), 0.0009199 secs]
78.520: [GC (Allocation Failure)  28389K->22725K(31232K), 0.0008667 secs]
78.523: [GC (Allocation Failure)  28357K->22757K(31232K), 0.0008926 secs]
78.527: [GC (Allocation Failure)  28389K->22757K(31232K), 0.0007903 secs]
78.530: [GC (Allocation Failure)  28389K->22725K(31232K), 0.0008195 secs]
78.534: [GC (Allocation Failure)  28357K->22821K(31232K), 0.0007719 secs]
78.537: [GC (Allocation Failure)  28453K->22789K(31232K), 0.0007563 secs]
78.540: [GC (Allocation Failure)  28421K->22885K(31232K), 0.0007559 secs]
78.544: [GC (Allocation Failure)  28517K->22957K(31232K), 0.0009487 secs]
78.548: [GC (Allocation Failure)  28589K->22992K(31232K), 0.0010769 secs]
78.552: [GC (Allocation Failure)  28624K->22880K(31232K), 0.0010853 secs]
78.557: [GC (Allocation Failure)  28512K->23016K(31232K), 0.0010234 secs]
78.561: [GC (Allocation Failure)  28648K->23072K(31232K), 0.0011296 secs]
78.565: [GC (Allocation Failure)  28704K->22960K(31232K), 0.0010650 secs]
78.570: [GC (Allocation Failure)  28592K->23016K(31232K), 0.0014014 secs]
78.574: [GC (Allocation Failure)  28648K->22992K(31232K), 0.0012237 secs]
78.578: [GC (Allocation Failure)  28624K->22960K(31232K), 0.0010168 secs]
78.582: [GC (Allocation Failure)  28592K->22992K(31232K), 0.0009614 secs]
78.586: [GC (Allocation Failure)  28624K->23024K(31232K), 0.0008725 secs]
78.589: [GC (Allocation Failure)  28656K->22960K(31232K), 0.0008791 secs]
78.593: [GC (Allocation Failure)  28592K->23024K(31232K), 0.0009510 secs]
78.597: [GC (Allocation Failure)  28656K->23160K(31232K), 0.0008578 secs]
78.601: [GC (Allocation Failure)  28792K->23208K(31232K), 0.0012144 secs]
78.606: [GC (Allocation Failure)  28840K->23237K(31232K), 0.0013452 secs]
78.610: [GC (Allocation Failure)  28869K->23173K(31232K), 0.0011267 secs]
78.614: [GC (Allocation Failure)  28805K->23205K(31232K), 0.0011250 secs]
78.618: [GC (Allocation Failure)  28837K->23213K(31232K), 0.0008238 secs]
78.621: [GC (Allocation Failure)  28845K->23149K(31232K), 0.0010340 secs]
78.625: [GC (Allocation Failure)  28781K->23213K(31232K), 0.0009296 secs]
78.628: [GC (Allocation Failure)  28845K->23181K(31232K), 0.0008640 secs]
78.632: [GC (Allocation Failure)  28813K->23213K(31232K), 0.0007553 secs]
78.635: [GC (Allocation Failure)  28845K->23149K(31232K), 0.0009478 secs]
78.639: [GC (Allocation Failure)  28781K->23181K(31232K), 0.0008519 secs]
78.642: [GC (Allocation Failure)  28813K->23213K(31232K), 0.0009401 secs]
78.646: [GC (Allocation Failure)  28845K->23213K(31232K), 0.0008673 secs]
78.649: [GC (Allocation Failure)  28845K->23181K(31232K), 0.0010376 secs]
78.653: [GC (Allocation Failure)  28813K->23373K(31232K), 0.0009967 secs]
78.657: [GC (Allocation Failure)  29005K->23414K(31232K), 0.0011291 secs]
78.662: [GC (Allocation Failure)  29046K->23367K(31232K), 0.0014740 secs]
78.666: [GC (Allocation Failure)  28999K->23383K(31232K), 0.0010895 secs]
78.671: [GC (Allocation Failure)  29015K->23375K(31232K), 0.0011094 secs]
78.674: [GC (Allocation Failure)  29007K->23287K(31232K), 0.0011396 secs]
78.678: [GC (Allocation Failure)  28919K->23351K(31232K), 0.0010205 secs]
78.682: [GC (Allocation Failure)  28983K->23383K(31232K), 0.0009159 secs]
78.685: [GC (Allocation Failure)  29015K->23351K(31232K), 0.0008936 secs]
78.689: [GC (Allocation Failure)  28983K->23319K(31232K), 0.0008400 secs]
78.692: [GC (Allocation Failure)  28951K->23351K(31232K), 0.0008378 secs]
78.695: [GC (Allocation Failure)  28983K->23383K(31232K), 0.0009822 secs]
78.700: [GC (Allocation Failure)  29015K->23351K(31232K), 0.0009748 secs]
78.703: [GC (Allocation Failure)  28983K->23383K(31232K), 0.0010795 secs]
78.707: [GC (Allocation Failure)  29015K->23287K(31232K), 0.0010592 secs]
78.711: [GC (Allocation Failure)  28919K->23511K(31232K), 0.0013938 secs]
78.716: [GC (Allocation Failure)  29143K->23560K(31232K), 0.0014605 secs]
78.721: [GC (Allocation Failure)  29192K->23539K(31232K), 0.0012321 secs]
78.725: [GC (Allocation Failure)  29171K->23475K(31232K), 0.0009510 secs]
78.728: [GC (Allocation Failure)  29107K->23507K(31232K), 0.0010069 secs]
78.732: [GC (Allocation Failure)  29139K->23507K(31232K), 0.0009256 secs]
78.735: [GC (Allocation Failure)  29139K->23475K(31232K), 0.0008763 secs]
78.739: [GC (Allocation Failure)  29107K->23507K(31232K), 0.0011583 secs]
78.743: [GC (Allocation Failure)  29139K->23539K(31232K), 0.0011965 secs]
78.748: [GC (Allocation Failure)  29171K->23603K(31232K), 0.0011706 secs]
78.752: [GC (Allocation Failure)  29235K->23539K(31232K), 0.0012072 secs]
78.757: [GC (Allocation Failure)  29171K->23603K(31232K), 0.0010632 secs]
78.761: [GC (Allocation Failure)  29235K->23579K(31232K), 0.0014619 secs]
78.767: [GC (Allocation Failure)  29211K->23643K(31232K), 0.0016944 secs]
78.772: [GC (Allocation Failure)  29275K->23756K(31232K), 0.0020281 secs]
78.778: [GC (Allocation Failure)  29388K->23677K(31232K), 0.0017640 secs]
78.783: [GC (Allocation Failure)  29309K->23653K(31232K), 0.0013571 secs]
78.787: [GC (Allocation Failure)  29285K->23693K(31232K), 0.0017645 secs]
78.792: [GC (Allocation Failure)  29325K->23629K(31232K), 0.0010352 secs]
78.795: [GC (Allocation Failure)  29261K->23661K(31232K), 0.0009596 secs]
78.799: [GC (Allocation Failure)  29293K->23661K(31232K), 0.0008297 secs]
78.802: [GC (Allocation Failure)  29293K->23661K(31232K), 0.0008685 secs]
78.806: [GC (Allocation Failure)  29293K->23693K(31232K), 0.0010068 secs]
78.810: [GC (Allocation Failure)  29325K->23725K(31232K), 0.0008808 secs]
78.813: [GC (Allocation Failure)  29357K->23693K(31232K), 0.0007557 secs]
78.817: [GC (Allocation Failure)  29325K->23693K(31232K), 0.0008315 secs]
78.820: [GC (Allocation Failure)  29325K->23725K(31232K), 0.0010468 secs]
78.825: [GC (Allocation Failure)  29357K->23861K(31232K), 0.0010494 secs]
78.829: [GC (Allocation Failure)  29493K->23863K(31232K), 0.0012661 secs]
78.833: [GC (Allocation Failure)  29495K->23767K(31232K), 0.0009950 secs]
78.837: [GC (Allocation Failure)  29399K->23807K(31232K), 0.0010798 secs]
78.841: [GC (Allocation Failure)  29439K->23903K(31232K), 0.0012997 secs]
78.845: [GC (Allocation Failure)  29535K->23895K(31232K), 0.0010091 secs]
78.848: [GC (Allocation Failure)  29527K->23863K(31232K), 0.0009102 secs]
78.852: [GC (Allocation Failure)  29495K->23863K(31232K), 0.0008437 secs]
78.855: [GC (Allocation Failure)  29495K->23799K(31232K), 0.0009347 secs]
78.859: [GC (Allocation Failure)  29431K->23927K(31232K), 0.0008989 secs]
78.863: [GC (Allocation Failure)  29559K->24007K(31232K), 0.0011056 secs]
78.868: [GC (Allocation Failure)  29639K->24007K(31232K), 0.0011021 secs]
78.872: [GC (Allocation Failure)  29639K->23983K(31232K), 0.0011955 secs]
78.876: [GC (Allocation Failure)  29615K->24111K(31232K), 0.0010454 secs]
78.880: [GC (Allocation Failure)  29743K->24087K(31232K), 0.0011767 secs]
78.884: [GC (Allocation Failure)  29719K->24163K(31232K), 0.0011373 secs]
78.889: [GC (Allocation Failure)  29795K->24043K(31232K), 0.0010476 secs]
78.892: [GC (Allocation Failure)  29675K->24083K(31232K), 0.0010600 secs]
78.896: [GC (Allocation Failure)  29715K->24051K(31232K), 0.0010188 secs]
78.900: [GC (Allocation Failure)  29683K->24051K(31232K), 0.0009487 secs]
78.904: [GC (Allocation Failure)  29683K->24019K(31232K), 0.0009253 secs]
78.907: [GC (Allocation Failure)  29651K->24051K(31232K), 0.0009492 secs]
78.911: [GC (Allocation Failure)  29683K->24083K(31232K), 0.0008441 secs]
78.914: [GC (Allocation Failure)  29715K->24019K(31232K), 0.0007743 secs]
78.918: [GC (Allocation Failure)  29651K->24083K(31232K), 0.0008167 secs]
78.921: [GC (Allocation Failure)  29715K->24051K(31232K), 0.0008787 secs]
78.925: [GC (Allocation Failure)  29683K->24083K(31232K), 0.0008498 secs]
78.928: [GC (Allocation Failure)  29715K->24115K(31232K), 0.0007745 secs]
78.931: [GC (Allocation Failure)  29747K->24275K(31232K), 0.0008496 secs]
78.936: [GC (Allocation Failure)  29907K->24300K(31232K), 0.0010804 secs]
78.940: [GC (Allocation Failure)  29932K->24286K(31232K), 0.0013136 secs]
78.945: [GC (Allocation Failure)  29918K->24230K(31232K), 0.0015080 secs]
78.949: [GC (Allocation Failure)  29862K->24230K(31232K), 0.0010014 secs]
78.952: [GC (Allocation Failure)  29862K->24238K(31232K), 0.0009717 secs]
78.956: [GC (Allocation Failure)  29870K->24206K(31232K), 0.0010830 secs]
78.960: [GC (Allocation Failure)  29838K->24302K(31232K), 0.0011659 secs]
78.965: [GC (Allocation Failure)  29934K->24358K(31232K), 0.0013427 secs]
78.969: [GC (Allocation Failure)  29990K->24246K(31232K), 0.0013883 secs]
78.974: [GC (Allocation Failure)  29878K->24222K(31232K), 0.0010935 secs]
78.977: [GC (Allocation Failure)  29854K->24286K(31232K), 0.0012018 secs]
78.981: [GC (Allocation Failure)  29918K->24222K(31232K), 0.0009502 secs]
78.985: [GC (Allocation Failure)  29854K->24286K(31232K), 0.0008580 secs]
78.988: [GC (Allocation Failure)  29918K->24478K(31232K), 0.0012974 secs]
78.993: [GC (Allocation Failure)  30110K->24489K(31232K), 0.0013085 secs]
78.998: [GC (Allocation Failure)  30121K->24531K(31232K), 0.0012416 secs]
79.002: [GC (Allocation Failure)  30163K->24571K(31232K), 0.0008621 secs]
79.005: [GC (Allocation Failure)  30203K->24451K(31232K), 0.0010459 secs]
79.009: [GC (Allocation Failure)  30083K->24515K(31232K), 0.0009733 secs]
79.013: [GC (Allocation Failure)  30147K->24451K(31232K), 0.0008483 secs]
79.016: [GC (Allocation Failure)  30083K->24451K(31232K), 0.0007935 secs]
79.020: [GC (Allocation Failure)  30083K->24451K(31232K), 0.0009447 secs]
79.024: [GC (Allocation Failure)  30083K->24451K(31232K), 0.0009568 secs]
79.027: [GC (Allocation Failure)  30083K->24451K(31232K), 0.0009006 secs]
79.031: [GC (Allocation Failure)  30083K->24483K(31232K), 0.0007241 secs]
79.034: [GC (Allocation Failure)  30115K->24483K(31232K), 0.0007837 secs]
79.037: [GC (Allocation Failure)  30115K->24451K(31232K), 0.0011911 secs]
79.042: [GC (Allocation Failure)  30083K->24643K(31232K), 0.0014887 secs]
79.047: [GC (Allocation Failure)  30275K->24710K(31232K), 0.0016708 secs]
79.052: [GC (Allocation Failure)  30342K->24712K(31232K), 0.0015356 secs]
79.056: [GC (Allocation Failure)  30344K->24728K(31232K), 0.0012032 secs]
79.060: [GC (Allocation Failure)  30360K->24768K(31232K), 0.0012266 secs]
79.065: [GC (Allocation Failure)  30400K->24832K(31232K), 0.0010815 secs]
79.069: [GC (Allocation Failure)  30464K->24824K(31232K), 0.0016444 secs]
79.075: [GC (Allocation Failure)  30456K->24768K(31232K), 0.0011510 secs]
79.079: [GC (Allocation Failure)  30400K->24744K(31232K), 0.0009788 secs]
79.082: [GC (Allocation Failure)  30376K->24776K(31232K), 0.0008446 secs]
79.086: [GC (Allocation Failure)  30408K->24744K(31232K), 0.0008436 secs]
79.090: [GC (Allocation Failure)  30376K->24712K(31232K), 0.0009738 secs]
79.094: [GC (Allocation Failure)  30344K->24776K(31232K), 0.0009518 secs]
79.097: [GC (Allocation Failure)  30408K->24904K(31232K), 0.0009271 secs]
79.101: [GC (Allocation Failure)  30536K->24961K(31232K), 0.0010698 secs]
79.106: [GC (Allocation Failure)  30593K->24931K(31232K), 0.0013423 secs]
79.111: [GC (Allocation Failure)  30563K->24963K(31232K), 0.0012167 secs]
79.115: [GC (Allocation Failure)  30595K->24931K(31232K), 0.0010458 secs]
79.118: [GC (Allocation Failure)  30563K->24907K(31232K), 0.0009112 secs]
79.122: [GC (Allocation Failure)  30539K->24875K(31232K), 0.0009468 secs]
79.126: [GC (Allocation Failure)  30507K->24875K(31232K), 0.0010537 secs]
79.129: [GC (Allocation Failure)  30507K->24875K(31232K), 0.0009280 secs]
79.133: [GC (Allocation Failure)  30507K->24843K(31232K), 0.0008918 secs]
79.136: [GC (Allocation Failure)  30475K->24843K(31232K), 0.0009436 secs]
79.140: [GC (Allocation Failure)  30475K->24875K(31232K), 0.0007803 secs]
79.143: [GC (Allocation Failure)  30507K->24907K(31232K), 0.0008336 secs]
79.147: [GC (Allocation Failure)  30539K->24907K(31232K), 0.0008077 secs]
79.150: [GC (Allocation Failure)  30539K->25067K(31232K), 0.0008571 secs]
79.154: [GC (Allocation Failure)  30699K->25044K(31232K), 0.0014686 secs]
79.160: [GC (Allocation Failure)  30676K->25070K(31232K), 0.0015914 secs]
79.166: [GC (Allocation Failure)  30702K->25102K(31232K), 0.0014336 secs]
79.170: [GC (Allocation Failure)  30734K->25118K(31232K), 0.0018748 secs]
79.176: [GC (Allocation Failure)  30750K->25054K(31232K), 0.0010951 secs]
79.179: [GC (Allocation Failure)  30686K->25062K(31232K), 0.0013432 secs]
79.184: [GC (Allocation Failure)  30694K->25094K(31232K), 0.0011423 secs]
79.188: [GC (Allocation Failure)  30726K->25062K(31232K), 0.0013560 secs]
79.192: [GC (Allocation Failure)  30694K->25030K(31232K), 0.0010502 secs]
79.196: [GC (Allocation Failure)  30662K->25126K(31232K), 0.0011892 secs]
79.200: [GC (Allocation Failure)  30758K->25094K(31232K), 0.0010362 secs]
79.204: [GC (Allocation Failure)  30726K->25062K(31232K), 0.0009229 secs]
79.207: [GC (Allocation Failure)  30694K->25254K(31232K), 0.0013551 secs]
79.212: [GC (Allocation Failure)  30886K->25289K(31232K), 0.0013696 secs]
79.213: [Full GC (Ergonomics)  25289K->21299K(31232K), 0.0706622 secs]
79.288: [GC (Allocation Failure)  26931K->21523K(31232K), 0.0019733 secs]
79.294: [GC (Allocation Failure)  27155K->21638K(31232K), 0.0018389 secs]
79.299: [GC (Allocation Failure)  27270K->21647K(31232K), 0.0013528 secs]
79.303: [GC (Allocation Failure)  27279K->21495K(31232K), 0.0016683 secs]
79.308: [GC (Allocation Failure)  27127K->21687K(31232K), 0.0013111 secs]
79.312: [GC (Allocation Failure)  27319K->21535K(31232K), 0.0012489 secs]
79.316: [GC (Allocation Failure)  27167K->21599K(31232K), 0.0010405 secs]
79.320: [GC (Allocation Failure)  27231K->21631K(31232K), 0.0008560 secs]
79.323: [GC (Allocation Failure)  27263K->21631K(31232K), 0.0011237 secs]
79.327: [GC (Allocation Failure)  27263K->21631K(31232K), 0.0009441 secs]
79.331: [GC (Allocation Failure)  27263K->21535K(31232K), 0.0010282 secs]
79.334: [GC (Allocation Failure)  27167K->21567K(31232K), 0.0008720 secs]
79.339: [GC (Allocation Failure)  27199K->21631K(31232K), 0.0011301 secs]
79.343: [GC (Allocation Failure)  27263K->21727K(31232K), 0.0010560 secs]
79.348: [GC (Allocation Failure)  27359K->21818K(31232K), 0.0017389 secs]
79.354: [GC (Allocation Failure)  27450K->21820K(31232K), 0.0025236 secs]
79.360: [GC (Allocation Failure)  27452K->21812K(31232K), 0.0021069 secs]
79.366: [GC (Allocation Failure)  27444K->21756K(31232K), 0.0014152 secs]
79.370: [GC (Allocation Failure)  27388K->21796K(31232K), 0.0012830 secs]
79.374: [GC (Allocation Failure)  27428K->21828K(31232K), 0.0010422 secs]
79.378: [GC (Allocation Failure)  27460K->21764K(31232K), 0.0010430 secs]
79.382: [GC (Allocation Failure)  27396K->21732K(31232K), 0.0009789 secs]
79.386: [GC (Allocation Failure)  27364K->21828K(31232K), 0.0009812 secs]
79.390: [GC (Allocation Failure)  27460K->21860K(31232K), 0.0012213 secs]
79.394: [GC (Allocation Failure)  27492K->21892K(31232K), 0.0010420 secs]
79.399: [GC (Allocation Failure)  27524K->22004K(31232K), 0.0013627 secs]
79.404: [GC (Allocation Failure)  27636K->22070K(31232K), 0.0018744 secs]
79.410: [GC (Allocation Failure)  27702K->22105K(31232K), 0.0011532 secs]
79.413: [GC (Allocation Failure)  27737K->21993K(31232K), 0.0011443 secs]
79.417: [GC (Allocation Failure)  27625K->21993K(31232K), 0.0010449 secs]
79.421: [GC (Allocation Failure)  27625K->22057K(31232K), 0.0014391 secs]
79.425: [GC (Allocation Failure)  27689K->22057K(31232K), 0.0009967 secs]
79.429: [GC (Allocation Failure)  27689K->21993K(31232K), 0.0012116 secs]
79.433: [GC (Allocation Failure)  27625K->22089K(31232K), 0.0010232 secs]
79.437: [GC (Allocation Failure)  27721K->22057K(31232K), 0.0009554 secs]
79.441: [GC (Allocation Failure)  27689K->22089K(31232K), 0.0008521 secs]
79.444: [GC (Allocation Failure)  27721K->22025K(31232K), 0.0010003 secs]
79.448: [GC (Allocation Failure)  27657K->22057K(31232K), 0.0009239 secs]
79.452: [GC (Allocation Failure)  27689K->22025K(31232K), 0.0007747 secs]
79.455: [GC (Allocation Failure)  27657K->22217K(31232K), 0.0011137 secs]
79.460: [GC (Allocation Failure)  27849K->22210K(31232K), 0.0012014 secs]
79.465: [GC (Allocation Failure)  27842K->22299K(31232K), 0.0016744 secs]
79.469: [GC (Allocation Failure)  27931K->22219K(31232K), 0.0010822 secs]
79.473: [GC (Allocation Failure)  27851K->22195K(31232K), 0.0012264 secs]
79.477: [GC (Allocation Failure)  27827K->22259K(31232K), 0.0010031 secs]
79.480: [GC (Allocation Failure)  27891K->22227K(31232K), 0.0009819 secs]
79.484: [GC (Allocation Failure)  27859K->22195K(31232K), 0.0008604 secs]
79.488: [GC (Allocation Failure)  27827K->22259K(31232K), 0.0013794 secs]
79.493: [GC (Allocation Failure)  27891K->22347K(31232K), 0.0017891 secs]
79.498: [GC (Allocation Failure)  27979K->22339K(31232K), 0.0011942 secs]
79.501: [GC (Allocation Failure)  27971K->22283K(31232K), 0.0010584 secs]
79.506: [GC (Allocation Failure)  27915K->22283K(31232K), 0.0013356 secs]
79.510: [GC (Allocation Failure)  27915K->22475K(31232K), 0.0010268 secs]
79.514: [GC (Allocation Failure)  28107K->22484K(31232K), 0.0015403 secs]
79.519: [GC (Allocation Failure)  28116K->22525K(31232K), 0.0014626 secs]
79.524: [GC (Allocation Failure)  28157K->22341K(31232K), 0.0012998 secs]
79.528: [GC (Allocation Failure)  27973K->22405K(31232K), 0.0012286 secs]
79.532: [GC (Allocation Failure)  28037K->22381K(31232K), 0.0012199 secs]
79.536: [GC (Allocation Failure)  28013K->22413K(31232K), 0.0011485 secs]
79.540: [GC (Allocation Failure)  28045K->22381K(31232K), 0.0010587 secs]
79.544: [GC (Allocation Failure)  28013K->22445K(31232K), 0.0010187 secs]
79.548: [GC (Allocation Failure)  28077K->22349K(31232K), 0.0009150 secs]
79.551: [GC (Allocation Failure)  27981K->22349K(31232K), 0.0009185 secs]
79.555: [GC (Allocation Failure)  27981K->22381K(31232K), 0.0010906 secs]
79.559: [GC (Allocation Failure)  28013K->22413K(31232K), 0.0009004 secs]
79.563: [GC (Allocation Failure)  28045K->22381K(31232K), 0.0009538 secs]
79.567: [GC (Allocation Failure)  28013K->22573K(31232K), 0.0013012 secs]
79.571: [GC (Allocation Failure)  28205K->22608K(31232K), 0.0014829 secs]
79.576: [GC (Allocation Failure)  28240K->22665K(31232K), 0.0014583 secs]
79.581: [GC (Allocation Failure)  28297K->22577K(31232K), 0.0011675 secs]
79.585: [GC (Allocation Failure)  28209K->22617K(31232K), 0.0009597 secs]
79.590: [GC (Allocation Failure)  28249K->22681K(31232K), 0.0015058 secs]
79.595: [GC (Allocation Failure)  28313K->22713K(31232K), 0.0017125 secs]
79.600: [GC (Allocation Failure)  28345K->22697K(31232K), 0.0013110 secs]
79.604: [GC (Allocation Failure)  28329K->22633K(31232K), 0.0015208 secs]
79.608: [GC (Allocation Failure)  28265K->22641K(31232K), 0.0011643 secs]
79.612: [GC (Allocation Failure)  28273K->22673K(31232K), 0.0010807 secs]
79.616: [GC (Allocation Failure)  28305K->22673K(31232K), 0.0009723 secs]
79.619: [GC (Allocation Failure)  28305K->22769K(31232K), 0.0008474 secs]
79.624: [GC (Allocation Failure)  28401K->22849K(31232K), 0.0012559 secs]
79.628: [GC (Allocation Failure)  28481K->22902K(31232K), 0.0012929 secs]
79.633: [GC (Allocation Failure)  28534K->22886K(31232K), 0.0010381 secs]
79.636: [GC (Allocation Failure)  28518K->22798K(31232K), 0.0011777 secs]
79.640: [GC (Allocation Failure)  28430K->22830K(31232K), 0.0009386 secs]
79.644: [GC (Allocation Failure)  28462K->22830K(31232K), 0.0009575 secs]
79.648: [GC (Allocation Failure)  28462K->22830K(31232K), 0.0008907 secs]
79.651: [GC (Allocation Failure)  28462K->22766K(31232K), 0.0009217 secs]
79.655: [GC (Allocation Failure)  28398K->22798K(31232K), 0.0010059 secs]
79.658: [GC (Allocation Failure)  28430K->22830K(31232K), 0.0008874 secs]
79.662: [GC (Allocation Failure)  28462K->22798K(31232K), 0.0008770 secs]
79.666: [GC (Allocation Failure)  28430K->22830K(31232K), 0.0009178 secs]
79.669: [GC (Allocation Failure)  28462K->22830K(31232K), 0.0008695 secs]
79.673: [GC (Allocation Failure)  28462K->22798K(31232K), 0.0009234 secs]
79.677: [GC (Allocation Failure)  28430K->22862K(31232K), 0.0008402 secs]
79.680: [GC (Allocation Failure)  28494K->22990K(31232K), 0.0010583 secs]
79.685: [GC (Allocation Failure)  28622K->23056K(31232K), 0.0011907 secs]
79.689: [GC (Allocation Failure)  28688K->23073K(31232K), 0.0012245 secs]
79.694: [GC (Allocation Failure)  28705K->23057K(31232K), 0.0011038 secs]
79.698: [GC (Allocation Failure)  28689K->23097K(31232K), 0.0010686 secs]
79.702: [GC (Allocation Failure)  28729K->23065K(31232K), 0.0009982 secs]
79.706: [GC (Allocation Failure)  28697K->23185K(31232K), 0.0010093 secs]
79.710: [GC (Allocation Failure)  28817K->23153K(31232K), 0.0010895 secs]
79.714: [GC (Allocation Failure)  28785K->23233K(31232K), 0.0011204 secs]
79.718: [GC (Allocation Failure)  28865K->23225K(31232K), 0.0012802 secs]
79.722: [GC (Allocation Failure)  28857K->23169K(31232K), 0.0013286 secs]
79.726: [GC (Allocation Failure)  28801K->23201K(31232K), 0.0011187 secs]
79.730: [GC (Allocation Failure)  28833K->23281K(31232K), 0.0009873 secs]
79.734: [GC (Allocation Failure)  28913K->23369K(31232K), 0.0010718 secs]
79.738: [GC (Allocation Failure)  29001K->23401K(31232K), 0.0014380 secs]
79.744: [GC (Allocation Failure)  29033K->23468K(31232K), 0.0015051 secs]
79.750: [GC (Allocation Failure)  29100K->23526K(31232K), 0.0015161 secs]
79.755: [GC (Allocation Failure)  29158K->23486K(31232K), 0.0015838 secs]
79.760: [GC (Allocation Failure)  29118K->23470K(31232K), 0.0011037 secs]
79.764: [GC (Allocation Failure)  29102K->23494K(31232K), 0.0011220 secs]
79.767: [GC (Allocation Failure)  29126K->23526K(31232K), 0.0010731 secs]
79.771: [GC (Allocation Failure)  29158K->23422K(31232K), 0.0015049 secs]
79.776: [GC (Allocation Failure)  29054K->23454K(31232K), 0.0010510 secs]
79.780: [GC (Allocation Failure)  29086K->23486K(31232K), 0.0011018 secs]
79.783: [GC (Allocation Failure)  29118K->23470K(31232K), 0.0010953 secs]
79.787: [GC (Allocation Failure)  29102K->23630K(31232K), 0.0014144 secs]
79.792: [GC (Allocation Failure)  29262K->23662K(31232K), 0.0013846 secs]
79.796: [GC (Allocation Failure)  29294K->23695K(31232K), 0.0013074 secs]
79.801: [GC (GCLocker Initiated GC)  29327K->23810K(31232K), 0.0010972 secs]
79.806: [GC (Allocation Failure)  29446K->23750K(31232K), 0.0013973 secs]
79.810: [GC (Allocation Failure)  29382K->23766K(31232K), 0.0011520 secs]
79.814: [GC (Allocation Failure)  29398K->23718K(31232K), 0.0011467 secs]
79.818: [GC (Allocation Failure)  29350K->23718K(31232K), 0.0008623 secs]
79.821: [GC (Allocation Failure)  29350K->23686K(31232K), 0.0011161 secs]
79.825: [GC (Allocation Failure)  29318K->23750K(31232K), 0.0009297 secs]
79.829: [GC (Allocation Failure)  29382K->23750K(31232K), 0.0007723 secs]
79.832: [GC (Allocation Failure)  29382K->23718K(31232K), 0.0007485 secs]
79.835: [GC (Allocation Failure)  29350K->23686K(31232K), 0.0009142 secs]
79.839: [GC (Allocation Failure)  29318K->23750K(31232K), 0.0008186 secs]
79.842: [GC (Allocation Failure)  29382K->23718K(31232K), 0.0007585 secs]
79.845: [GC (Allocation Failure)  29350K->23846K(31232K), 0.0008465 secs]
79.849: [GC (Allocation Failure)  29478K->23855K(31232K), 0.0010530 secs]
79.853: [GC (Allocation Failure)  29487K->23920K(31232K), 0.0013615 secs]
79.857: [GC (Allocation Failure)  29552K->23952K(31232K), 0.0011639 secs]
79.861: [GC (Allocation Failure)  29584K->23944K(31232K), 0.0013780 secs]
79.865: [GC (Allocation Failure)  29576K->23904K(31232K), 0.0012492 secs]
79.869: [GC (Allocation Failure)  29536K->23880K(31232K), 0.0009186 secs]
79.873: [GC (Allocation Failure)  29512K->23944K(31232K), 0.0009302 secs]
79.877: [GC (Allocation Failure)  29576K->23816K(31232K), 0.0008692 secs]
79.881: [GC (Allocation Failure)  29448K->23912K(31232K), 0.0007823 secs]
79.884: [GC (Allocation Failure)  29544K->23912K(31232K), 0.0008264 secs]
79.888: [GC (Allocation Failure)  29544K->24008K(31232K), 0.0009084 secs]
79.892: [GC (Allocation Failure)  29640K->23968K(31232K), 0.0010424 secs]
79.896: [GC (Allocation Failure)  29600K->24032K(31232K), 0.0012948 secs]
79.901: [GC (Allocation Failure)  29664K->24160K(31232K), 0.0013551 secs]
79.905: [GC (Allocation Failure)  29792K->24161K(31232K), 0.0013421 secs]
79.910: [GC (Allocation Failure)  29793K->24242K(31232K), 0.0016216 secs]
79.914: [GC (Allocation Failure)  29874K->24154K(31232K), 0.0011199 secs]
79.918: [GC (Allocation Failure)  29786K->24130K(31232K), 0.0008393 secs]
79.921: [GC (Allocation Failure)  29762K->24066K(31232K), 0.0011879 secs]
79.925: [GC (Allocation Failure)  29698K->24098K(31232K), 0.0012125 secs]
79.929: [GC (Allocation Failure)  29730K->24098K(31232K), 0.0011208 secs]
79.933: [GC (Allocation Failure)  29730K->24066K(31232K), 0.0008284 secs]
79.936: [GC (Allocation Failure)  29698K->24098K(31232K), 0.0010195 secs]
79.940: [GC (Allocation Failure)  29730K->24098K(31232K), 0.0007975 secs]
79.943: [GC (Allocation Failure)  29730K->24162K(31232K), 0.0009015 secs]
79.947: [GC (Allocation Failure)  29794K->24098K(31232K), 0.0008425 secs]
79.950: [GC (Allocation Failure)  29730K->24066K(31232K), 0.0008844 secs]
79.954: [GC (Allocation Failure)  29698K->24258K(31232K), 0.0008050 secs]
79.958: [GC (Allocation Failure)  29890K->24282K(31232K), 0.0010298 secs]
79.962: [GC (Allocation Failure)  29914K->24311K(31232K), 0.0014877 secs]
79.967: [GC (Allocation Failure)  29943K->24319K(31232K), 0.0010536 secs]
79.970: [GC (Allocation Failure)  29951K->24231K(31232K), 0.0013244 secs]
79.974: [GC (Allocation Failure)  29863K->24263K(31232K), 0.0009877 secs]
79.978: [GC (Allocation Failure)  29895K->24263K(31232K), 0.0009648 secs]
79.981: [GC (Allocation Failure)  29895K->24295K(31232K), 0.0008449 secs]
79.984: [GC (Allocation Failure)  29927K->24295K(31232K), 0.0009717 secs]
79.988: [GC (Allocation Failure)  29927K->24359K(31232K), 0.0008591 secs]
79.992: [GC (Allocation Failure)  29991K->24327K(31232K), 0.0012967 secs]
79.996: [GC (Allocation Failure)  29959K->24391K(31232K), 0.0013976 secs]
80.000: [GC (Allocation Failure)  30023K->24447K(31232K), 0.0010951 secs]
80.004: [GC (Allocation Failure)  30079K->24391K(31232K), 0.0012112 secs]
80.008: [GC (Allocation Failure)  30023K->24519K(31232K), 0.0009284 secs]
80.011: [GC (Allocation Failure)  30151K->24560K(31232K), 0.0010184 secs]
80.016: [GC (Allocation Failure)  30192K->24627K(31232K), 0.0013061 secs]
80.020: [GC (Allocation Failure)  30259K->24459K(31232K), 0.0013554 secs]
80.025: [GC (Allocation Failure)  30091K->24619K(31232K), 0.0010161 secs]
80.028: [GC (Allocation Failure)  30251K->24563K(31232K), 0.0009109 secs]
80.031: [GC (Allocation Failure)  30195K->24499K(31232K), 0.0008215 secs]
80.035: [GC (Allocation Failure)  30131K->24531K(31232K), 0.0008579 secs]
80.038: [GC (Allocation Failure)  30163K->24467K(31232K), 0.0009502 secs]
80.042: [GC (Allocation Failure)  30099K->24563K(31232K), 0.0013158 secs]
80.046: [GC (Allocation Failure)  30195K->24531K(31232K), 0.0011786 secs]
80.050: [GC (Allocation Failure)  30163K->24499K(31232K), 0.0008673 secs]
80.054: [GC (Allocation Failure)  30131K->24531K(31232K), 0.0009234 secs]
80.057: [GC (Allocation Failure)  30163K->24531K(31232K), 0.0009790 secs]
80.061: [GC (Allocation Failure)  30163K->24499K(31232K), 0.0008336 secs]
80.064: [GC (Allocation Failure)  30131K->24563K(31232K), 0.0008502 secs]
80.068: [GC (Allocation Failure)  30195K->24715K(31232K), 0.0009475 secs]
80.073: [GC (Allocation Failure)  30347K->24773K(31232K), 0.0013866 secs]
80.077: [GC (Allocation Failure)  30405K->24776K(31232K), 0.0012066 secs]
80.081: [GC (Allocation Failure)  30408K->24680K(31232K), 0.0010496 secs]
80.085: [GC (Allocation Failure)  30312K->24648K(31232K), 0.0008969 secs]
80.089: [GC (Allocation Failure)  30280K->24840K(31232K), 0.0010402 secs]
80.093: [GC (Allocation Failure)  30472K->24680K(31232K), 0.0009484 secs]
80.097: [GC (Allocation Failure)  30312K->24776K(31232K), 0.0011759 secs]
80.101: [GC (Allocation Failure)  30408K->24752K(31232K), 0.0010164 secs]
80.105: [GC (Allocation Failure)  30384K->24792K(31232K), 0.0011086 secs]
80.108: [GC (Allocation Failure)  30424K->24760K(31232K), 0.0008922 secs]
80.112: [GC (Allocation Failure)  30392K->24792K(31232K), 0.0010663 secs]
80.115: [GC (Allocation Failure)  30424K->24792K(31232K), 0.0009378 secs]
80.119: [GC (Allocation Failure)  30424K->24856K(31232K), 0.0008872 secs]
80.123: [GC (Allocation Failure)  30488K->24952K(31232K), 0.0010718 secs]
80.128: [GC (Allocation Failure)  30584K->25012K(31232K), 0.0011219 secs]
80.132: [GC (Allocation Failure)  30644K->25020K(31232K), 0.0009300 secs]
80.135: [GC (Allocation Failure)  30652K->25028K(31232K), 0.0008693 secs]
80.139: [GC (Allocation Failure)  30660K->24964K(31232K), 0.0010438 secs]
80.143: [GC (Allocation Failure)  30596K->24932K(31232K), 0.0008505 secs]
80.146: [GC (Allocation Failure)  30564K->24900K(31232K), 0.0008788 secs]
80.150: [GC (Allocation Failure)  30532K->24932K(31232K), 0.0008322 secs]
80.153: [GC (Allocation Failure)  30564K->24964K(31232K), 0.0008803 secs]
80.156: [GC (Allocation Failure)  30596K->24964K(31232K), 0.0008598 secs]
80.160: [GC (Allocation Failure)  30596K->24932K(31232K), 0.0007984 secs]
80.163: [GC (Allocation Failure)  30564K->24964K(31232K), 0.0008768 secs]
80.167: [GC (Allocation Failure)  30596K->25028K(31232K), 0.0008287 secs]
80.170: [GC (Allocation Failure)  30660K->24932K(31232K), 0.0009241 secs]
80.174: [GC (Allocation Failure)  30564K->25124K(31232K), 0.0009430 secs]
80.178: [GC (Allocation Failure)  30756K->25220K(31232K), 0.0014244 secs]
80.183: [GC (Allocation Failure)  30852K->25222K(31232K), 0.0015881 secs]
80.187: [GC (Allocation Failure)  30854K->25225K(31232K), 0.0016444 secs]
80.189: [Full GC (Ergonomics)  25225K->21291K(31232K), 0.0783996 secs]
80.272: [GC (Allocation Failure)  26923K->21547K(31232K), 0.0017013 secs]
80.276: [GC (Allocation Failure)  27179K->21645K(31232K), 0.0012707 secs]
80.280: [GC (Allocation Failure)  27277K->21672K(31232K), 0.0014807 secs]
80.285: [GC (Allocation Failure)  27304K->21696K(31232K), 0.0011074 secs]
80.289: [GC (Allocation Failure)  27328K->21576K(31232K), 0.0010978 secs]
80.292: [GC (Allocation Failure)  27208K->21608K(31232K), 0.0009163 secs]
80.296: [GC (Allocation Failure)  27240K->21640K(31232K), 0.0008515 secs]
80.299: [GC (Allocation Failure)  27272K->21576K(31232K), 0.0008019 secs]
80.302: [GC (Allocation Failure)  27208K->21640K(31232K), 0.0007647 secs]
80.306: [GC (Allocation Failure)  27272K->21576K(31232K), 0.0009118 secs]
80.309: [GC (Allocation Failure)  27208K->21576K(31232K), 0.0008808 secs]
80.313: [GC (Allocation Failure)  27208K->21640K(31232K), 0.0008505 secs]
80.316: [GC (Allocation Failure)  27272K->21544K(31232K), 0.0007612 secs]
80.319: [GC (Allocation Failure)  27176K->21576K(31232K), 0.0009147 secs]
80.323: [GC (Allocation Failure)  27208K->21608K(31232K), 0.0007888 secs]
80.326: [GC (Allocation Failure)  27240K->21704K(31232K), 0.0012665 secs]
80.331: [GC (Allocation Failure)  27336K->21793K(31232K), 0.0011282 secs]
80.336: [GC (Allocation Failure)  27425K->21772K(31232K), 0.0012352 secs]
80.340: [GC (Allocation Failure)  27404K->21844K(31232K), 0.0010903 secs]
80.344: [GC (Allocation Failure)  27476K->21852K(31232K), 0.0009397 secs]
80.347: [GC (Allocation Failure)  27484K->21756K(31232K), 0.0008006 secs]
80.350: [GC (Allocation Failure)  27388K->21756K(31232K), 0.0008360 secs]
80.353: [GC (Allocation Failure)  27388K->21788K(31232K), 0.0009152 secs]
80.357: [GC (Allocation Failure)  27420K->21724K(31232K), 0.0008245 secs]
80.360: [GC (Allocation Failure)  27356K->21788K(31232K), 0.0007641 secs]
80.364: [GC (Allocation Failure)  27420K->21884K(31232K), 0.0013987 secs]
80.369: [GC (Allocation Failure)  27516K->21884K(31232K), 0.0011536 secs]
80.373: [GC (Allocation Failure)  27516K->21796K(31232K), 0.0010916 secs]
80.377: [GC (Allocation Failure)  27428K->21988K(31232K), 0.0011827 secs]
80.381: [GC (Allocation Failure)  27620K->22068K(31232K), 0.0010406 secs]
80.386: [GC (Allocation Failure)  27700K->22135K(31232K), 0.0012769 secs]
80.390: [GC (Allocation Failure)  27767K->22170K(31232K), 0.0013535 secs]
80.395: [GC (Allocation Failure)  27802K->22146K(31232K), 0.0011680 secs]
80.399: [GC (Allocation Failure)  27778K->22090K(31232K), 0.0009450 secs]
80.402: [GC (Allocation Failure)  27722K->22026K(31232K), 0.0009437 secs]
80.406: [GC (Allocation Failure)  27658K->22090K(31232K), 0.0009575 secs]
80.410: [GC (Allocation Failure)  27722K->22090K(31232K), 0.0008517 secs]
80.413: [GC (Allocation Failure)  27722K->22122K(31232K), 0.0008735 secs]
80.417: [GC (Allocation Failure)  27754K->22090K(31232K), 0.0007717 secs]
80.420: [GC (Allocation Failure)  27722K->22058K(31232K), 0.0008124 secs]
80.424: [GC (Allocation Failure)  27690K->22058K(31232K), 0.0008835 secs]
80.427: [GC (Allocation Failure)  27690K->22090K(31232K), 0.0008239 secs]
80.431: [GC (Allocation Failure)  27722K->22058K(31232K), 0.0008348 secs]
80.434: [GC (Allocation Failure)  27690K->22250K(31232K), 0.0009198 secs]
80.438: [GC (Allocation Failure)  27882K->22267K(31232K), 0.0011767 secs]
80.443: [GC (Allocation Failure)  27899K->22284K(31232K), 0.0013427 secs]
80.447: [GC (Allocation Failure)  27916K->22228K(31232K), 0.0010363 secs]
80.451: [GC (Allocation Failure)  27860K->22284K(31232K), 0.0010647 secs]
80.455: [GC (Allocation Failure)  27916K->22316K(31232K), 0.0013891 secs]
80.459: [GC (Allocation Failure)  27948K->22388K(31232K), 0.0011658 secs]
80.463: [GC (Allocation Failure)  28020K->22356K(31232K), 0.0012844 secs]
80.467: [GC (Allocation Failure)  27988K->22364K(31232K), 0.0010906 secs]
80.472: [GC (Allocation Failure)  27996K->22380K(31232K), 0.0014660 secs]
80.476: [GC (Allocation Failure)  28012K->22484K(31232K), 0.0012282 secs]
80.480: [GC (Allocation Failure)  28116K->22524K(31232K), 0.0015005 secs]
80.485: [GC (Allocation Failure)  28156K->22372K(31232K), 0.0011946 secs]
80.490: [GC (Allocation Failure)  28004K->22532K(31232K), 0.0013660 secs]
80.495: [GC (Allocation Failure)  28164K->22614K(31232K), 0.0014209 secs]
80.499: [GC (Allocation Failure)  28246K->22649K(31232K), 0.0013354 secs]
80.503: [GC (Allocation Failure)  28281K->22529K(31232K), 0.0013416 secs]
80.507: [GC (Allocation Failure)  28161K->22721K(31232K), 0.0010419 secs]
80.512: [GC (Allocation Failure)  28353K->22713K(31232K), 0.0012067 secs]
80.516: [GC (Allocation Failure)  28345K->22705K(31232K), 0.0012794 secs]
80.521: [GC (Allocation Failure)  28337K->22705K(31232K), 0.0019022 secs]
80.526: [GC (Allocation Failure)  28337K->22713K(31232K), 0.0011561 secs]
80.530: [GC (Allocation Failure)  28345K->22761K(31232K), 0.0011897 secs]
80.535: [GC (Allocation Failure)  28393K->22729K(31232K), 0.0011888 secs]
80.539: [GC (Allocation Failure)  28361K->22825K(31232K), 0.0011975 secs]
80.543: [GC (Allocation Failure)  28457K->22849K(31232K), 0.0013609 secs]
80.548: [GC (Allocation Failure)  28481K->22873K(31232K), 0.0012430 secs]
80.552: [GC (Allocation Failure)  28505K->22835K(31232K), 0.0022015 secs]
80.558: [GC (Allocation Failure)  28467K->22851K(31232K), 0.0014496 secs]
80.563: [GC (Allocation Failure)  28483K->22811K(31232K), 0.0018989 secs]
80.568: [GC (Allocation Failure)  28443K->22939K(31232K), 0.0012500 secs]
80.573: [GC (Allocation Failure)  28571K->22979K(31232K), 0.0017234 secs]
80.578: [GC (Allocation Failure)  28611K->22971K(31232K), 0.0019731 secs]
80.584: [GC (Allocation Failure)  28603K->22883K(31232K), 0.0014722 secs]
80.589: [GC (Allocation Failure)  28515K->22915K(31232K), 0.0015069 secs]
80.593: [GC (Allocation Failure)  28547K->22987K(31232K), 0.0012793 secs]
80.597: [GC (Allocation Failure)  28619K->22923K(31232K), 0.0011272 secs]
80.602: [GC (Allocation Failure)  28555K->22987K(31232K), 0.0020666 secs]
80.608: [GC (Allocation Failure)  28619K->23156K(31232K), 0.0018041 secs]
80.613: [GC (Allocation Failure)  28788K->23094K(31232K), 0.0014837 secs]
80.617: [GC (Allocation Failure)  28726K->23118K(31232K), 0.0014269 secs]
80.623: [GC (Allocation Failure)  28750K->23086K(31232K), 0.0015545 secs]
80.627: [GC (Allocation Failure)  28718K->23054K(31232K), 0.0012766 secs]
80.631: [GC (Allocation Failure)  28686K->23054K(31232K), 0.0014153 secs]
80.635: [GC (Allocation Failure)  28686K->23118K(31232K), 0.0012581 secs]
80.640: [GC (Allocation Failure)  28750K->23086K(31232K), 0.0011975 secs]
80.644: [GC (Allocation Failure)  28718K->23054K(31232K), 0.0014075 secs]
80.648: [GC (Allocation Failure)  28686K->23054K(31232K), 0.0015437 secs]
80.653: [GC (Allocation Failure)  28686K->23086K(31232K), 0.0014569 secs]
80.658: [GC (Allocation Failure)  28718K->23214K(31232K), 0.0021029 secs]
80.664: [GC (Allocation Failure)  28846K->23336K(31232K), 0.0018667 secs]
80.669: [GC (Allocation Failure)  28968K->23257K(31232K), 0.0025217 secs]
80.676: [GC (Allocation Failure)  28889K->23217K(31232K), 0.0017308 secs]
80.682: [GC (Allocation Failure)  28849K->23257K(31232K), 0.0015507 secs]
80.687: [GC (Allocation Failure)  28889K->23313K(31232K), 0.0020010 secs]
80.692: [GC (Allocation Failure)  28945K->23329K(31232K), 0.0014364 secs]
80.696: [GC (Allocation Failure)  28961K->23241K(31232K), 0.0011717 secs]
80.700: [GC (Allocation Failure)  28873K->23273K(31232K), 0.0012791 secs]
80.705: [GC (Allocation Failure)  28905K->23233K(31232K), 0.0016309 secs]
80.709: [GC (Allocation Failure)  28865K->23329K(31232K), 0.0011938 secs]
80.714: [GC (GCLocker Initiated GC)  28962K->23426K(31232K), 0.0014299 secs]
80.719: [GC (Allocation Failure)  29062K->23497K(31232K), 0.0013287 secs]
80.724: [GC (Allocation Failure)  29129K->23500K(31232K), 0.0015316 secs]
80.729: [GC (Allocation Failure)  29132K->23444K(31232K), 0.0012467 secs]
80.733: [GC (Allocation Failure)  29076K->23420K(31232K), 0.0011272 secs]
80.736: [GC (Allocation Failure)  29052K->23516K(31232K), 0.0015856 secs]
80.742: [GC (Allocation Failure)  29148K->23516K(31232K), 0.0013808 secs]
80.746: [GC (Allocation Failure)  29148K->23452K(31232K), 0.0016391 secs]
80.751: [GC (Allocation Failure)  29084K->23420K(31232K), 0.0013899 secs]
80.756: [GC (Allocation Failure)  29052K->23484K(31232K), 0.0014686 secs]
80.760: [GC (Allocation Failure)  29116K->23516K(31232K), 0.0011780 secs]
80.764: [GC (Allocation Failure)  29148K->23452K(31232K), 0.0015362 secs]
80.770: [GC (Allocation Failure)  29084K->23580K(31232K), 0.0026041 secs]
80.778: [GC (Allocation Failure)  29212K->23621K(31232K), 0.0022289 secs]
80.784: [GC (Allocation Failure)  29253K->23662K(31232K), 0.0017833 secs]
80.790: [GC (Allocation Failure)  29294K->23606K(31232K), 0.0015644 secs]
80.796: [GC (Allocation Failure)  29238K->23614K(31232K), 0.0016761 secs]
80.802: [GC (Allocation Failure)  29246K->23622K(31232K), 0.0016417 secs]
80.807: [GC (Allocation Failure)  29254K->23598K(31232K), 0.0015861 secs]
80.812: [GC (Allocation Failure)  29230K->23630K(31232K), 0.0013343 secs]
80.817: [GC (Allocation Failure)  29262K->23662K(31232K), 0.0013060 secs]
80.821: [GC (Allocation Failure)  29294K->23598K(31232K), 0.0013819 secs]
80.826: [GC (Allocation Failure)  29230K->23822K(31232K), 0.0015390 secs]
80.832: [GC (Allocation Failure)  29454K->23817K(31232K), 0.0021089 secs]
80.838: [GC (Allocation Failure)  29449K->23866K(31232K), 0.0018006 secs]
80.844: [GC (Allocation Failure)  29498K->23834K(31232K), 0.0021594 secs]
80.849: [GC (Allocation Failure)  29466K->23834K(31232K), 0.0014032 secs]
80.853: [GC (Allocation Failure)  29466K->23746K(31232K), 0.0016307 secs]
80.858: [GC (Allocation Failure)  29378K->23810K(31232K), 0.0012283 secs]
80.862: [GC (Allocation Failure)  29442K->23906K(31232K), 0.0011429 secs]
80.866: [GC (Allocation Failure)  29538K->23874K(31232K), 0.0016921 secs]
80.871: [GC (Allocation Failure)  29506K->23858K(31232K), 0.0013570 secs]
80.876: [GC (Allocation Failure)  29490K->23898K(31232K), 0.0015185 secs]
80.881: [GC (Allocation Failure)  29530K->24018K(31232K), 0.0012531 secs]
80.886: [GC (Allocation Failure)  29650K->24074K(31232K), 0.0016048 secs]
80.891: [GC (Allocation Failure)  29706K->24068K(31232K), 0.0015903 secs]
80.897: [GC (Allocation Failure)  29700K->24126K(31232K), 0.0015592 secs]
80.901: [GC (Allocation Failure)  29758K->24014K(31232K), 0.0012464 secs]
80.906: [GC (Allocation Failure)  29646K->24078K(31232K), 0.0017288 secs]
80.911: [GC (Allocation Failure)  29710K->24078K(31232K), 0.0012817 secs]
80.915: [GC (Allocation Failure)  29710K->24110K(31232K), 0.0012708 secs]
80.920: [GC (Allocation Failure)  29742K->24046K(31232K), 0.0012712 secs]
80.924: [GC (Allocation Failure)  29678K->24078K(31232K), 0.0013048 secs]
80.928: [GC (Allocation Failure)  29710K->24078K(31232K), 0.0013857 secs]
80.932: [GC (Allocation Failure)  29710K->24078K(31232K), 0.0013372 secs]
80.936: [GC (Allocation Failure)  29710K->24046K(31232K), 0.0010893 secs]
80.940: [GC (Allocation Failure)  29678K->24174K(31232K), 0.0012162 secs]
80.945: [GC (Allocation Failure)  29806K->24190K(31232K), 0.0015592 secs]
80.951: [GC (Allocation Failure)  29822K->24280K(31232K), 0.0017955 secs]
80.956: [GC (Allocation Failure)  29912K->24152K(31232K), 0.0016021 secs]
80.961: [GC (Allocation Failure)  29784K->24192K(31232K), 0.0013913 secs]
80.965: [GC (Allocation Failure)  29824K->24224K(31232K), 0.0013042 secs]
80.969: [GC (Allocation Failure)  29856K->24224K(31232K), 0.0013362 secs]
80.974: [GC (Allocation Failure)  29856K->24224K(31232K), 0.0015008 secs]
80.980: [GC (Allocation Failure)  29856K->24312K(31232K), 0.0014945 secs]
80.984: [GC (Allocation Failure)  29944K->24304K(31232K), 0.0016495 secs]
80.990: [GC (Allocation Failure)  29936K->24288K(31232K), 0.0020651 secs]
80.995: [GC (Allocation Failure)  29920K->24424K(31232K), 0.0016459 secs]
81.002: [GC (Allocation Failure)  30056K->24459K(31232K), 0.0022535 secs]
81.008: [GC (Allocation Failure)  30091K->24534K(31232K), 0.0017553 secs]
81.013: [GC (Allocation Failure)  30166K->24406K(31232K), 0.0014335 secs]
81.018: [GC (Allocation Failure)  30038K->24478K(31232K), 0.0012830 secs]
81.022: [GC (Allocation Failure)  30110K->24446K(31232K), 0.0012914 secs]
81.027: [GC (Allocation Failure)  30078K->24446K(31232K), 0.0011033 secs]
81.031: [GC (Allocation Failure)  30078K->24478K(31232K), 0.0011813 secs]
81.035: [GC (Allocation Failure)  30110K->24478K(31232K), 0.0013889 secs]
81.040: [GC (Allocation Failure)  30110K->24478K(31232K), 0.0015775 secs]
81.046: [GC (Allocation Failure)  30110K->24382K(31232K), 0.0014365 secs]
81.050: [GC (Allocation Failure)  30014K->24478K(31232K), 0.0011727 secs]
81.055: [GC (Allocation Failure)  30110K->24574K(31232K), 0.0019388 secs]
81.060: [GC (Allocation Failure)  30206K->24633K(31232K), 0.0017867 secs]
81.065: [GC (Allocation Failure)  30265K->24731K(31232K), 0.0013126 secs]
81.070: [GC (Allocation Failure)  30363K->24707K(31232K), 0.0018540 secs]
81.074: [GC (Allocation Failure)  30339K->24611K(31232K), 0.0014034 secs]
81.080: [GC (Allocation Failure)  30243K->24739K(31232K), 0.0021381 secs]
81.086: [GC (Allocation Failure)  30371K->24739K(31232K), 0.0025404 secs]
81.093: [GC (Allocation Failure)  30371K->24667K(31232K), 0.0016496 secs]
81.097: [GC (Allocation Failure)  30299K->24611K(31232K), 0.0010477 secs]
81.101: [GC (Allocation Failure)  30243K->24675K(31232K), 0.0011697 secs]
81.106: [GC (Allocation Failure)  30307K->24675K(31232K), 0.0009802 secs]
81.109: [GC (Allocation Failure)  30307K->24803K(31232K), 0.0012408 secs]
81.114: [GC (Allocation Failure)  30435K->24870K(31232K), 0.0017938 secs]
81.119: [GC (Allocation Failure)  30502K->24905K(31232K), 0.0024328 secs]
81.125: [GC (Allocation Failure)  30537K->24801K(31232K), 0.0014502 secs]
81.129: [GC (Allocation Failure)  30433K->24841K(31232K), 0.0014040 secs]
81.133: [GC (Allocation Failure)  30473K->24777K(31232K), 0.0012218 secs]
81.137: [GC (Allocation Failure)  30409K->24809K(31232K), 0.0016631 secs]
81.142: [GC (Allocation Failure)  30441K->24873K(31232K), 0.0010496 secs]
81.145: [GC (Allocation Failure)  30505K->24841K(31232K), 0.0010757 secs]
81.149: [GC (Allocation Failure)  30473K->24809K(31232K), 0.0011609 secs]
81.153: [GC (Allocation Failure)  30441K->24777K(31232K), 0.0011859 secs]
81.157: [GC (Allocation Failure)  30409K->24841K(31232K), 0.0008554 secs]
81.161: [GC (Allocation Failure)  30473K->24809K(31232K), 0.0009203 secs]
81.165: [GC (Allocation Failure)  30441K->24969K(31232K), 0.0013204 secs]
81.170: [GC (Allocation Failure)  30601K->25011K(31232K), 0.0016863 secs]
81.174: [GC (Allocation Failure)  30643K->25068K(31232K), 0.0014882 secs]
81.180: [GC (Allocation Failure)  30700K->24964K(31232K), 0.0018842 secs]
81.186: [GC (Allocation Failure)  30596K->25084K(31232K), 0.0014185 secs]
81.191: [GC (Allocation Failure)  30716K->25092K(31232K), 0.0013576 secs]
81.196: [GC (Allocation Failure)  30724K->25156K(31232K), 0.0012408 secs]
81.200: [GC (Allocation Failure)  30788K->25036K(31232K), 0.0011462 secs]
81.204: [GC (Allocation Failure)  30668K->25036K(31232K), 0.0016510 secs]
81.208: [GC (Allocation Failure)  30668K->25036K(31232K), 0.0011200 secs]
81.212: [GC (Allocation Failure)  30668K->25068K(31232K), 0.0009695 secs]
81.216: [GC (Allocation Failure)  30700K->25036K(31232K), 0.0008033 secs]
81.219: [GC (Allocation Failure)  30668K->25228K(31232K), 0.0010819 secs]
81.224: [GC (Allocation Failure)  30860K->25269K(31232K), 0.0012998 secs]
81.229: [GC (Allocation Failure)  30901K->25288K(31744K), 0.0009565 secs]
81.232: [GC (Allocation Failure)  30920K->25336K(31744K), 0.0009066 secs]
81.236: [GC (Allocation Failure)  30968K->25176K(31744K), 0.0008971 secs]
81.240: [GC (Allocation Failure)  30808K->25240K(31744K), 0.0009652 secs]
81.243: [GC (Allocation Failure)  30872K->25272K(31744K), 0.0010100 secs]
81.247: [GC (Allocation Failure)  30904K->25240K(31744K), 0.0007544 secs]
81.250: [GC (Allocation Failure)  30872K->25240K(31744K), 0.0008209 secs]
81.254: [GC (Allocation Failure)  30872K->25208K(31744K), 0.0008322 secs]
81.257: [GC (Allocation Failure)  30840K->25240K(31744K), 0.0008124 secs]
81.260: [GC (Allocation Failure)  30872K->25240K(31744K), 0.0008010 secs]
81.264: [GC (Allocation Failure)  30872K->25272K(31744K), 0.0008598 secs]
81.267: [GC (Allocation Failure)  30904K->25240K(31744K), 0.0008296 secs]
81.270: [GC (Allocation Failure)  30872K->25240K(31744K), 0.0008422 secs]
81.275: [GC (Allocation Failure)  30872K->25400K(31744K), 0.0011817 secs]
81.279: [GC (Allocation Failure)  31032K->25457K(31744K), 0.0011491 secs]
81.283: [GC (Allocation Failure)  31089K->25429K(31744K), 0.0013722 secs]
81.288: [GC (Allocation Failure)  31061K->25421K(31744K), 0.0011946 secs]
81.292: [GC (Allocation Failure)  31053K->25429K(31744K), 0.0010029 secs]
81.295: [GC (Allocation Failure)  31061K->25461K(31744K), 0.0009923 secs]
81.299: [GC (Allocation Failure)  31093K->25429K(31744K), 0.0008480 secs]
81.303: [GC (Allocation Failure)  31061K->25397K(31744K), 0.0007945 secs]
81.306: [GC (Allocation Failure)  31029K->25461K(31744K), 0.0008940 secs]
81.310: [GC (Allocation Failure)  31093K->25429K(31744K), 0.0009145 secs]
81.313: [GC (Allocation Failure)  31061K->25397K(31744K), 0.0008589 secs]
81.317: [GC (Allocation Failure)  31029K->25429K(31744K), 0.0008129 secs]
81.320: [GC (Allocation Failure)  31061K->25461K(31744K), 0.0008819 secs]
81.323: [GC (Allocation Failure)  31093K->25397K(31744K), 0.0007732 secs]
81.327: [GC (Allocation Failure)  31029K->25461K(31744K), 0.0007196 secs]
81.330: [GC (Allocation Failure)  31093K->25621K(31744K), 0.0009018 secs]
81.335: [GC (Allocation Failure)  31253K->25646K(31744K), 0.0013087 secs]
81.339: [GC (Allocation Failure)  31278K->25657K(31744K), 0.0011727 secs]
81.343: [GC (Allocation Failure)  31289K->25601K(31744K), 0.0011379 secs]
81.347: [GC (Allocation Failure)  31233K->25609K(31744K), 0.0009459 secs]
81.351: [GC (Allocation Failure)  31241K->25641K(31744K), 0.0008236 secs]
81.354: [GC (Allocation Failure)  31273K->25577K(31744K), 0.0010400 secs]
81.358: [GC (Allocation Failure)  31209K->25577K(31744K), 0.0009550 secs]
81.362: [GC (Allocation Failure)  31209K->25577K(31744K), 0.0007359 secs]
81.366: [GC (Allocation Failure)  31209K->25737K(31744K), 0.0008150 secs]
81.369: [GC (Allocation Failure)  31369K->25673K(31744K), 0.0010468 secs]
81.370: [Full GC (Ergonomics)  25673K->21305K(31232K), 0.0726344 secs]
81.447: [GC (Allocation Failure)  26937K->21593K(31232K), 0.0019089 secs]
81.452: [GC (Allocation Failure)  27225K->21668K(31232K), 0.0015309 secs]
81.457: [GC (Allocation Failure)  27300K->21669K(31232K), 0.0015618 secs]
81.462: [GC (Allocation Failure)  27301K->21581K(31232K), 0.0013241 secs]
81.466: [GC (Allocation Failure)  27213K->21621K(31232K), 0.0010032 secs]
81.469: [GC (Allocation Failure)  27253K->21605K(31232K), 0.0008108 secs]
81.473: [GC (Allocation Failure)  27237K->21573K(31232K), 0.0008899 secs]
81.476: [GC (Allocation Failure)  27205K->21573K(31232K), 0.0008347 secs]
81.479: [GC (Allocation Failure)  27205K->21605K(31232K), 0.0007782 secs]
81.483: [GC (Allocation Failure)  27237K->21541K(31232K), 0.0008634 secs]
81.486: [GC (Allocation Failure)  27173K->21605K(31232K), 0.0008185 secs]
81.490: [GC (Allocation Failure)  27237K->21573K(31232K), 0.0007326 secs]
81.493: [GC (Allocation Failure)  27205K->21605K(31232K), 0.0008321 secs]
81.496: [GC (Allocation Failure)  27237K->21573K(31232K), 0.0008746 secs]
81.500: [GC (Allocation Failure)  27205K->21637K(31232K), 0.0007976 secs]
81.503: [GC (Allocation Failure)  27269K->21677K(31232K), 0.0012695 secs]
81.508: [GC (Allocation Failure)  27309K->21846K(31232K), 0.0013146 secs]
81.512: [GC (Allocation Failure)  27478K->21744K(31232K), 0.0013342 secs]
81.516: [GC (Allocation Failure)  27376K->21840K(31232K), 0.0010243 secs]
81.520: [GC (Allocation Failure)  27472K->21688K(31232K), 0.0010157 secs]
81.524: [GC (Allocation Failure)  27320K->21752K(31232K), 0.0009616 secs]
81.528: [GC (Allocation Failure)  27384K->21752K(31232K), 0.0009825 secs]
81.532: [GC (Allocation Failure)  27384K->21752K(31232K), 0.0007477 secs]
81.535: [GC (Allocation Failure)  27384K->21784K(31232K), 0.0008514 secs]
81.538: [GC (Allocation Failure)  27416K->21752K(31232K), 0.0007475 secs]
81.541: [GC (Allocation Failure)  27384K->21784K(31232K), 0.0007938 secs]
81.546: [GC (Allocation Failure)  27416K->21816K(31232K), 0.0010689 secs]
81.550: [GC (Allocation Failure)  27448K->21848K(31232K), 0.0010417 secs]
81.554: [GC (Allocation Failure)  27480K->21816K(31232K), 0.0012684 secs]
81.558: [GC (Allocation Failure)  27448K->22008K(31232K), 0.0012369 secs]
81.562: [GC (Allocation Failure)  27640K->21993K(31232K), 0.0015129 secs]
81.567: [GC (Allocation Failure)  27625K->22059K(31232K), 0.0011982 secs]
81.571: [GC (Allocation Failure)  27691K->22027K(31232K), 0.0011916 secs]
81.575: [GC (Allocation Failure)  27659K->21971K(31232K), 0.0009287 secs]
81.578: [GC (Allocation Failure)  27603K->21971K(31232K), 0.0008123 secs]
81.582: [GC (Allocation Failure)  27603K->21939K(31232K), 0.0008423 secs]
81.585: [GC (Allocation Failure)  27571K->21939K(31232K), 0.0008487 secs]
81.588: [GC (Allocation Failure)  27571K->21971K(31232K), 0.0008227 secs]
81.592: [GC (Allocation Failure)  27603K->21939K(31232K), 0.0007964 secs]
81.595: [GC (Allocation Failure)  27571K->21907K(31232K), 0.0009250 secs]
81.599: [GC (Allocation Failure)  27539K->21971K(31232K), 0.0008454 secs]
81.602: [GC (Allocation Failure)  27603K->21939K(31232K), 0.0008026 secs]
81.606: [GC (Allocation Failure)  27571K->21971K(31232K), 0.0008448 secs]
81.609: [GC (Allocation Failure)  27603K->21971K(31232K), 0.0008243 secs]
81.613: [GC (Allocation Failure)  27603K->22099K(31232K), 0.0011156 secs]
81.617: [GC (Allocation Failure)  27731K->22198K(31232K), 0.0010165 secs]
81.621: [GC (Allocation Failure)  27830K->22137K(31232K), 0.0013816 secs]
81.625: [GC (Allocation Failure)  27769K->22113K(31232K), 0.0009774 secs]
81.629: [GC (Allocation Failure)  27745K->22089K(31232K), 0.0008714 secs]
81.632: [GC (Allocation Failure)  27721K->22121K(31232K), 0.0010093 secs]
81.636: [GC (Allocation Failure)  27753K->22153K(31232K), 0.0009297 secs]
81.640: [GC (Allocation Failure)  27785K->22121K(31232K), 0.0009530 secs]
81.644: [GC (Allocation Failure)  27753K->22217K(31232K), 0.0008946 secs]
81.648: [GC (Allocation Failure)  27849K->22305K(31232K), 0.0010294 secs]
81.652: [GC (Allocation Failure)  27937K->22273K(31232K), 0.0010360 secs]
81.656: [GC (Allocation Failure)  27905K->22289K(31232K), 0.0009864 secs]
81.660: [GC (Allocation Failure)  27921K->22265K(31232K), 0.0009287 secs]
81.664: [GC (Allocation Failure)  27897K->22201K(31232K), 0.0009331 secs]
81.667: [GC (Allocation Failure)  27833K->22393K(31232K), 0.0011731 secs]
81.671: [GC (Allocation Failure)  28025K->22452K(31232K), 0.0012142 secs]
81.676: [GC (Allocation Failure)  28084K->22422K(31232K), 0.0014081 secs]
81.680: [GC (Allocation Failure)  28054K->22438K(31232K), 0.0010232 secs]
81.684: [GC (Allocation Failure)  28070K->22446K(31232K), 0.0010832 secs]
81.687: [GC (Allocation Failure)  28078K->22414K(31232K), 0.0011854 secs]
81.691: [GC (Allocation Failure)  28046K->22414K(31232K), 0.0009348 secs]
81.695: [GC (Allocation Failure)  28046K->22414K(31232K), 0.0009186 secs]
81.698: [GC (Allocation Failure)  28046K->22414K(31232K), 0.0008747 secs]
81.702: [GC (Allocation Failure)  28046K->22446K(31232K), 0.0007900 secs]
81.705: [GC (Allocation Failure)  28078K->22414K(31232K), 0.0009090 secs]
81.709: [GC (Allocation Failure)  28046K->22382K(31232K), 0.0008354 secs]
81.712: [GC (Allocation Failure)  28014K->22382K(31232K), 0.0009246 secs]
81.716: [GC (Allocation Failure)  28014K->22446K(31232K), 0.0008029 secs]
81.719: [GC (Allocation Failure)  28078K->22510K(31232K), 0.0008245 secs]
81.723: [GC (Allocation Failure)  28142K->22582K(31232K), 0.0010724 secs]
81.727: [GC (Allocation Failure)  28214K->22610K(31232K), 0.0010962 secs]
81.731: [GC (Allocation Failure)  28242K->22570K(31232K), 0.0011242 secs]
81.736: [GC (Allocation Failure)  28202K->22522K(31232K), 0.0014682 secs]
81.740: [GC (Allocation Failure)  28154K->22562K(31232K), 0.0011813 secs]
81.745: [GC (Allocation Failure)  28194K->22626K(31232K), 0.0014785 secs]
81.749: [GC (Allocation Failure)  28258K->22722K(31232K), 0.0011459 secs]
81.754: [GC (Allocation Failure)  28354K->22682K(31232K), 0.0020228 secs]
81.759: [GC (Allocation Failure)  28314K->22698K(31232K), 0.0010086 secs]
81.762: [GC (Allocation Failure)  28330K->22610K(31232K), 0.0011638 secs]
81.767: [GC (Allocation Failure)  28242K->22642K(31232K), 0.0009996 secs]
81.770: [GC (Allocation Failure)  28274K->22642K(31232K), 0.0012831 secs]
81.775: [GC (GCLocker Initiated GC)  28274K->22738K(31232K), 0.0014767 secs]
81.781: [GC (Allocation Failure)  28374K->22840K(31232K), 0.0019407 secs]
81.786: [GC (Allocation Failure)  28472K->22857K(31232K), 0.0020306 secs]
81.792: [GC (Allocation Failure)  28489K->22905K(31232K), 0.0012088 secs]
81.796: [GC (Allocation Failure)  28537K->22817K(31232K), 0.0010004 secs]
81.799: [GC (Allocation Failure)  28449K->22817K(31232K), 0.0008775 secs]
81.803: [GC (Allocation Failure)  28449K->22849K(31232K), 0.0010593 secs]
81.807: [GC (Allocation Failure)  28481K->22785K(31232K), 0.0010142 secs]
81.811: [GC (Allocation Failure)  28417K->22817K(31232K), 0.0008246 secs]
81.814: [GC (Allocation Failure)  28449K->22849K(31232K), 0.0008606 secs]
81.817: [GC (Allocation Failure)  28481K->22817K(31232K), 0.0008607 secs]
81.821: [GC (Allocation Failure)  28449K->22817K(31232K), 0.0011348 secs]
81.825: [GC (Allocation Failure)  28449K->22817K(31232K), 0.0008618 secs]
81.828: [GC (Allocation Failure)  28449K->22913K(31232K), 0.0008098 secs]
81.832: [GC (Allocation Failure)  28545K->22993K(31232K), 0.0010431 secs]
81.836: [GC (Allocation Failure)  28625K->23002K(31232K), 0.0018098 secs]
81.842: [GC (Allocation Failure)  28634K->23004K(31232K), 0.0016500 secs]
81.848: [GC (Allocation Failure)  28636K->23044K(31232K), 0.0015453 secs]
81.852: [GC (Allocation Failure)  28676K->23004K(31232K), 0.0017812 secs]
81.859: [GC (Allocation Failure)  28636K->22948K(31232K), 0.0012378 secs]
81.863: [GC (Allocation Failure)  28580K->23012K(31232K), 0.0008790 secs]
81.866: [GC (Allocation Failure)  28644K->23116K(31232K), 0.0012017 secs]
81.870: [GC (Allocation Failure)  28748K->23036K(31232K), 0.0012839 secs]
81.874: [GC (Allocation Failure)  28668K->23076K(31232K), 0.0008490 secs]
81.878: [GC (Allocation Failure)  28708K->23044K(31232K), 0.0008347 secs]
81.881: [GC (Allocation Failure)  28676K->23044K(31232K), 0.0008232 secs]
81.885: [GC (Allocation Failure)  28676K->23204K(31232K), 0.0007308 secs]
81.889: [GC (Allocation Failure)  28836K->23189K(31232K), 0.0009404 secs]
81.893: [GC (Allocation Failure)  28821K->23200K(31232K), 0.0016101 secs]
81.898: [GC (Allocation Failure)  28832K->23208K(31232K), 0.0012985 secs]
81.902: [GC (Allocation Failure)  28840K->23144K(31232K), 0.0009635 secs]
81.906: [GC (Allocation Failure)  28776K->23120K(31232K), 0.0009254 secs]
81.910: [GC (Allocation Failure)  28752K->23184K(31232K), 0.0009085 secs]
81.913: [GC (Allocation Failure)  28816K->23152K(31232K), 0.0009699 secs]
81.917: [GC (Allocation Failure)  28784K->23184K(31232K), 0.0008293 secs]
81.920: [GC (Allocation Failure)  28816K->23184K(31232K), 0.0007655 secs]
81.923: [GC (Allocation Failure)  28816K->23184K(31232K), 0.0007927 secs]
81.927: [GC (Allocation Failure)  28816K->23184K(31232K), 0.0008996 secs]
81.930: [GC (Allocation Failure)  28816K->23152K(31232K), 0.0009024 secs]
81.934: [GC (Allocation Failure)  28784K->23120K(31232K), 0.0008434 secs]
81.938: [GC (Allocation Failure)  28752K->23152K(31232K), 0.0008705 secs]
81.941: [GC (Allocation Failure)  28784K->23280K(31232K), 0.0010312 secs]
81.946: [GC (Allocation Failure)  28912K->23433K(31232K), 0.0011050 secs]
81.950: [GC (Allocation Failure)  29065K->23468K(31232K), 0.0010556 secs]
81.954: [GC (Allocation Failure)  29100K->23452K(31232K), 0.0015775 secs]
81.958: [GC (Allocation Failure)  29084K->23332K(31232K), 0.0011390 secs]
81.962: [GC (Allocation Failure)  28964K->23340K(31232K), 0.0010908 secs]
81.966: [GC (Allocation Failure)  28972K->23404K(31232K), 0.0009107 secs]
81.969: [GC (Allocation Failure)  29036K->23372K(31232K), 0.0010940 secs]
81.974: [GC (Allocation Failure)  29004K->23404K(31232K), 0.0010438 secs]
81.978: [GC (Allocation Failure)  29036K->23372K(31232K), 0.0009185 secs]
81.981: [GC (Allocation Failure)  29004K->23340K(31232K), 0.0008684 secs]
81.985: [GC (Allocation Failure)  28972K->23372K(31232K), 0.0008549 secs]
81.988: [GC (Allocation Failure)  29004K->23308K(31232K), 0.0009191 secs]
81.992: [GC (Allocation Failure)  28940K->23372K(31232K), 0.0008874 secs]
81.995: [GC (Allocation Failure)  29004K->23564K(31232K), 0.0009081 secs]
81.999: [GC (Allocation Failure)  29196K->23549K(31232K), 0.0011758 secs]
82.004: [GC (Allocation Failure)  29181K->23575K(31232K), 0.0012566 secs]
82.008: [GC (Allocation Failure)  29207K->23535K(31232K), 0.0011265 secs]
82.012: [GC (Allocation Failure)  29167K->23511K(31232K), 0.0009811 secs]
82.015: [GC (Allocation Failure)  29143K->23543K(31232K), 0.0009227 secs]
82.019: [GC (Allocation Failure)  29175K->23511K(31232K), 0.0007685 secs]
82.022: [GC (Allocation Failure)  29143K->23543K(31232K), 0.0009836 secs]
82.026: [GC (Allocation Failure)  29175K->23511K(31232K), 0.0008768 secs]
82.029: [GC (Allocation Failure)  29143K->23447K(31232K), 0.0008722 secs]
82.033: [GC (Allocation Failure)  29079K->23543K(31232K), 0.0008895 secs]
82.037: [GC (Allocation Failure)  29175K->23479K(31232K), 0.0009829 secs]
82.041: [GC (Allocation Failure)  29111K->23511K(31232K), 0.0011489 secs]
82.045: [GC (Allocation Failure)  29143K->23511K(31232K), 0.0011088 secs]
82.049: [GC (Allocation Failure)  29143K->23607K(31232K), 0.0013838 secs]
82.054: [GC (Allocation Failure)  29239K->23671K(31232K), 0.0017746 secs]
82.059: [GC (Allocation Failure)  29303K->23731K(31232K), 0.0016957 secs]
82.064: [GC (Allocation Failure)  29363K->23811K(31232K), 0.0013878 secs]
82.068: [GC (Allocation Failure)  29443K->23683K(31232K), 0.0011971 secs]
82.072: [GC (Allocation Failure)  29315K->23723K(31232K), 0.0011116 secs]
82.076: [GC (Allocation Failure)  29355K->23691K(31232K), 0.0009620 secs]
82.079: [GC (Allocation Failure)  29323K->23691K(31232K), 0.0009423 secs]
82.083: [GC (Allocation Failure)  29323K->23755K(31232K), 0.0008182 secs]
82.086: [GC (Allocation Failure)  29387K->23723K(31232K), 0.0009857 secs]
82.090: [GC (Allocation Failure)  29355K->23723K(31232K), 0.0008863 secs]
82.094: [GC (Allocation Failure)  29355K->23723K(31232K), 0.0008465 secs]
82.097: [GC (Allocation Failure)  29355K->23723K(31232K), 0.0011727 secs]
82.102: [GC (Allocation Failure)  29355K->23659K(31232K), 0.0009289 secs]
82.909: [GC (Allocation Failure)  29291K->24211K(31232K), 0.0015875 secs]
85.591: [GC (Allocation Failure)  29843K->24963K(30720K), 0.0038421 secs]
87.995: [GC (Allocation Failure)  30083K->25731K(31232K), 0.0038526 secs]
92.808: [GC (Allocation Failure)  30851K->25587K(31744K), 0.0024313 secs]
92.811: [Full GC (Ergonomics)  25587K->22383K(33280K), 0.0767681 secs]
92.891: [GC (Allocation Failure)  27503K->22607K(33280K), 0.0014777 secs]
92.896: [GC (Allocation Failure)  27727K->22599K(33280K), 0.0013270 secs]
92.900: [GC (Allocation Failure)  27719K->22591K(33280K), 0.0012113 secs]
92.905: [GC (Allocation Failure)  27711K->22639K(33280K), 0.0011997 secs]
92.908: [GC (Allocation Failure)  27759K->22551K(32256K), 0.0009717 secs]
92.912: [GC (Allocation Failure)  27671K->22583K(32768K), 0.0008971 secs]
92.915: [GC (Allocation Failure)  27703K->22551K(32768K), 0.0008626 secs]
92.918: [GC (Allocation Failure)  27671K->22583K(32768K), 0.0007813 secs]
92.921: [GC (Allocation Failure)  27703K->22551K(32768K), 0.0007357 secs]
92.924: [GC (Allocation Failure)  27671K->22583K(32768K), 0.0007723 secs]
92.927: [GC (Allocation Failure)  27703K->22615K(32768K), 0.0007430 secs]
92.930: [GC (Allocation Failure)  27735K->22583K(32768K), 0.0009079 secs]
92.933: [GC (Allocation Failure)  27703K->22647K(32768K), 0.0007788 secs]
92.936: [GC (Allocation Failure)  27767K->22647K(32768K), 0.0007590 secs]
92.939: [GC (Allocation Failure)  27767K->22615K(32768K), 0.0007342 secs]
92.942: [GC (Allocation Failure)  27735K->22567K(32768K), 0.0008627 secs]
92.946: [GC (Allocation Failure)  27687K->22631K(32768K), 0.0007669 secs]
92.949: [GC (Allocation Failure)  27751K->22631K(32768K), 0.0008318 secs]
92.952: [GC (Allocation Failure)  27751K->22535K(32768K), 0.0007771 secs]
92.955: [GC (Allocation Failure)  27655K->22599K(32768K), 0.0007861 secs]
92.958: [GC (Allocation Failure)  28231K->22535K(32768K), 0.0007941 secs]
92.962: [GC (Allocation Failure)  28167K->22567K(32768K), 0.0007893 secs]
92.965: [GC (Allocation Failure)  28199K->22567K(32768K), 0.0008583 secs]
92.968: [GC (Allocation Failure)  28199K->22599K(32768K), 0.0007995 secs]
92.972: [GC (Allocation Failure)  28231K->22599K(32768K), 0.0009613 secs]
92.976: [GC (Allocation Failure)  28231K->22599K(32768K), 0.0008591 secs]
92.979: [GC (Allocation Failure)  28231K->22567K(32768K), 0.0008706 secs]
92.982: [GC (Allocation Failure)  28199K->22567K(32768K), 0.0008305 secs]
92.986: [GC (Allocation Failure)  28199K->22567K(32768K), 0.0009949 secs]
92.989: [GC (Allocation Failure)  28199K->22599K(32768K), 0.0008485 secs]
92.993: [GC (Allocation Failure)  28231K->22647K(32768K), 0.0008447 secs]
92.996: [GC (Allocation Failure)  28279K->22711K(32768K), 0.0008752 secs]
93.000: [GC (Allocation Failure)  28343K->22711K(32768K), 0.0009014 secs]
93.004: [GC (Allocation Failure)  28343K->22743K(32768K), 0.0012036 secs]
93.008: [GC (Allocation Failure)  28375K->22727K(32768K), 0.0009730 secs]
93.012: [GC (Allocation Failure)  28359K->22639K(32768K), 0.0009172 secs]
93.015: [GC (Allocation Failure)  28271K->22639K(32768K), 0.0008968 secs]
93.019: [GC (Allocation Failure)  28271K->22671K(32768K), 0.0009639 secs]
93.023: [GC (Allocation Failure)  28303K->22703K(32768K), 0.0009870 secs]
93.026: [GC (Allocation Failure)  28335K->22671K(32768K), 0.0008579 secs]
93.030: [GC (Allocation Failure)  28303K->22735K(32768K), 0.0008694 secs]
93.033: [GC (Allocation Failure)  28367K->22735K(32768K), 0.0008731 secs]
93.037: [GC (Allocation Failure)  28367K->22703K(32768K), 0.0009449 secs]
93.041: [GC (Allocation Failure)  28335K->22735K(32768K), 0.0011168 secs]
93.045: [GC (Allocation Failure)  28367K->22655K(32768K), 0.0009779 secs]
93.048: [GC (Allocation Failure)  28287K->22687K(32768K), 0.0008941 secs]
93.052: [GC (Allocation Failure)  28319K->22719K(32768K), 0.0009208 secs]
93.056: [GC (Allocation Failure)  28351K->22687K(32768K), 0.0010138 secs]
93.060: [GC (Allocation Failure)  28319K->22687K(32768K), 0.0009224 secs]
93.063: [GC (Allocation Failure)  28319K->22687K(32768K), 0.0007896 secs]
93.066: [GC (Allocation Failure)  28319K->22751K(32768K), 0.0007740 secs]
93.069: [GC (Allocation Failure)  28383K->22719K(32768K), 0.0008566 secs]
93.073: [GC (Allocation Failure)  28351K->22719K(32768K), 0.0008519 secs]
93.077: [GC (Allocation Failure)  28351K->22719K(32768K), 0.0010787 secs]
93.081: [GC (Allocation Failure)  28351K->22687K(32768K), 0.0007181 secs]
93.085: [GC (Allocation Failure)  28319K->22655K(32768K), 0.0008375 secs]
93.088: [GC (Allocation Failure)  28287K->22655K(32768K), 0.0008668 secs]
93.092: [GC (Allocation Failure)  28287K->22751K(32768K), 0.0008187 secs]
93.095: [GC (Allocation Failure)  28383K->22799K(32768K), 0.0007487 secs]
93.099: [GC (Allocation Failure)  28431K->22879K(32768K), 0.0008734 secs]
93.103: [GC (Allocation Failure)  28511K->22791K(32768K), 0.0009270 secs]
93.107: [GC (Allocation Failure)  28423K->22799K(32768K), 0.0010686 secs]
93.111: [GC (Allocation Failure)  28431K->22735K(32768K), 0.0009490 secs]
93.115: [GC (Allocation Failure)  28367K->22863K(32768K), 0.0008374 secs]
93.118: [GC (Allocation Failure)  28495K->22831K(32768K), 0.0009182 secs]
93.121: [GC (Allocation Failure)  28463K->22767K(32768K), 0.0007855 secs]
93.125: [GC (Allocation Failure)  28399K->22799K(32768K), 0.0007642 secs]
93.128: [GC (Allocation Failure)  28431K->22831K(32768K), 0.0008638 secs]
93.131: [GC (Allocation Failure)  28463K->22767K(32768K), 0.0008049 secs]
93.134: [GC (Allocation Failure)  28399K->22831K(32768K), 0.0007991 secs]
93.138: [GC (Allocation Failure)  28463K->22799K(32768K), 0.0008961 secs]
93.141: [GC (Allocation Failure)  28431K->22831K(32768K), 0.0008671 secs]
93.144: [GC (Allocation Failure)  28463K->22847K(32768K), 0.0007333 secs]
93.148: [GC (Allocation Failure)  28479K->22783K(32768K), 0.0008488 secs]
93.151: [GC (Allocation Failure)  28415K->22847K(32768K), 0.0007974 secs]
93.155: [GC (Allocation Failure)  28479K->22751K(32768K), 0.0008116 secs]
93.158: [GC (Allocation Failure)  28383K->22815K(32768K), 0.0008035 secs]
93.162: [GC (Allocation Failure)  28447K->22815K(32768K), 0.0008974 secs]
93.166: [GC (Allocation Failure)  28447K->22783K(32768K), 0.0008517 secs]
93.170: [GC (Allocation Failure)  28415K->22847K(32768K), 0.0013692 secs]
93.174: [GC (Allocation Failure)  28479K->22815K(32768K), 0.0010109 secs]
93.178: [GC (Allocation Failure)  28447K->22751K(32768K), 0.0009142 secs]
93.181: [GC (Allocation Failure)  28383K->22847K(32768K), 0.0009254 secs]
93.185: [GC (Allocation Failure)  28479K->22815K(32768K), 0.0008724 secs]
93.188: [GC (Allocation Failure)  28447K->22815K(32768K), 0.0009056 secs]
93.192: [GC (Allocation Failure)  28447K->22847K(32768K), 0.0007554 secs]
93.195: [GC (Allocation Failure)  28479K->22887K(32768K), 0.0009139 secs]
93.199: [GC (Allocation Failure)  28519K->22815K(32768K), 0.0009226 secs]
93.203: [GC (Allocation Failure)  28447K->22847K(32768K), 0.0013614 secs]
93.208: [GC (Allocation Failure)  28479K->22863K(32768K), 0.0009637 secs]
93.211: [GC (Allocation Failure)  28495K->22935K(32768K), 0.0009001 secs]
93.215: [GC (Allocation Failure)  28567K->22871K(32768K), 0.0009560 secs]
93.218: [GC (Allocation Failure)  28503K->22871K(32768K), 0.0007888 secs]
93.222: [GC (Allocation Failure)  28503K->22871K(32768K), 0.0008109 secs]
93.226: [GC (Allocation Failure)  28503K->22839K(32768K), 0.0007969 secs]
93.229: [GC (Allocation Failure)  28471K->22839K(32768K), 0.0008522 secs]
93.233: [GC (Allocation Failure)  28471K->22903K(32768K), 0.0009695 secs]
93.236: [GC (Allocation Failure)  28535K->22839K(32768K), 0.0008271 secs]
93.239: [GC (Allocation Failure)  28471K->22871K(32768K), 0.0009161 secs]
93.243: [GC (Allocation Failure)  28503K->22903K(32768K), 0.0008837 secs]
93.246: [GC (Allocation Failure)  28535K->22855K(32768K), 0.0009873 secs]
93.250: [GC (Allocation Failure)  28487K->22855K(32768K), 0.0009182 secs]
93.253: [GC (Allocation Failure)  28487K->22855K(32768K), 0.0007788 secs]
93.257: [GC (Allocation Failure)  28487K->22855K(32768K), 0.0008966 secs]
93.260: [GC (Allocation Failure)  28487K->22887K(32768K), 0.0007220 secs]
93.264: [GC (Allocation Failure)  28519K->22919K(32768K), 0.0007934 secs]
93.267: [GC (Allocation Failure)  28551K->22887K(32768K), 0.0009334 secs]
93.270: [GC (Allocation Failure)  28519K->22855K(32768K), 0.0007533 secs]
93.274: [GC (Allocation Failure)  28487K->22855K(32768K), 0.0008204 secs]
93.277: [GC (Allocation Failure)  28487K->22855K(32768K), 0.0008485 secs]
93.281: [GC (Allocation Failure)  28487K->22887K(32768K), 0.0007617 secs]
93.284: [GC (Allocation Failure)  28519K->22855K(32768K), 0.0008380 secs]
93.288: [GC (Allocation Failure)  28487K->22887K(32768K), 0.0007682 secs]
93.291: [GC (Allocation Failure)  28519K->22823K(32768K), 0.0008311 secs]
93.295: [GC (Allocation Failure)  28455K->22983K(32768K), 0.0008838 secs]
93.299: [GC (Allocation Failure)  28615K->23055K(32768K), 0.0009745 secs]
93.303: [GC (Allocation Failure)  28687K->23015K(32768K), 0.0017469 secs]
93.308: [GC (Allocation Failure)  28647K->22935K(32768K), 0.0010240 secs]
93.312: [GC (Allocation Failure)  28567K->23039K(32768K), 0.0010167 secs]
93.315: [GC (Allocation Failure)  28671K->22943K(32768K), 0.0008537 secs]
93.319: [GC (Allocation Failure)  28575K->22975K(32768K), 0.0007776 secs]
93.322: [GC (Allocation Failure)  28607K->22975K(32768K), 0.0009656 secs]
93.326: [GC (Allocation Failure)  28607K->22975K(32768K), 0.0009586 secs]
93.330: [GC (Allocation Failure)  28607K->22943K(32768K), 0.0008633 secs]
93.333: [GC (Allocation Failure)  28575K->22943K(32768K), 0.0008254 secs]
93.337: [GC (Allocation Failure)  28575K->22975K(32768K), 0.0008945 secs]
93.340: [GC (Allocation Failure)  28607K->22943K(32768K), 0.0009033 secs]
93.343: [GC (Allocation Failure)  28575K->23039K(32768K), 0.0007564 secs]
93.347: [GC (Allocation Failure)  28671K->22991K(32768K), 0.0007549 secs]
93.350: [GC (Allocation Failure)  28623K->22991K(32768K), 0.0009081 secs]
93.353: [GC (Allocation Failure)  28623K->22991K(32768K), 0.0008036 secs]
93.357: [GC (Allocation Failure)  28623K->23023K(32768K), 0.0008353 secs]
93.360: [GC (Allocation Failure)  28655K->22927K(32768K), 0.0008888 secs]
93.363: [GC (Allocation Failure)  28559K->22927K(32768K), 0.0007822 secs]
93.367: [GC (Allocation Failure)  28559K->22991K(32768K), 0.0007648 secs]
93.370: [GC (Allocation Failure)  28623K->22927K(32768K), 0.0008534 secs]
93.373: [GC (Allocation Failure)  28559K->23023K(32768K), 0.0008749 secs]
93.377: [GC (Allocation Failure)  28655K->22959K(32768K), 0.0008783 secs]
93.380: [GC (Allocation Failure)  28591K->22991K(32768K), 0.0006848 secs]
93.383: [GC (Allocation Failure)  28623K->23023K(32768K), 0.0008422 secs]
93.387: [GC (Allocation Failure)  28655K->22927K(32768K), 0.0010213 secs]
93.391: [GC (Allocation Failure)  28559K->22991K(32768K), 0.0008231 secs]
93.394: [GC (Allocation Failure)  28623K->23023K(32768K), 0.0008275 secs]
93.398: [GC (Allocation Failure)  28655K->23063K(32768K), 0.0012089 secs]
93.402: [GC (Allocation Failure)  28695K->23127K(32768K), 0.0013712 secs]
93.407: [GC (Allocation Failure)  28759K->23119K(32768K), 0.0010191 secs]
93.410: [GC (Allocation Failure)  28751K->23063K(32768K), 0.0009135 secs]
93.414: [GC (Allocation Failure)  28695K->22999K(32768K), 0.0009583 secs]
93.418: [GC (Allocation Failure)  28631K->23031K(32768K), 0.0008854 secs]
93.421: [GC (Allocation Failure)  28663K->23031K(32768K), 0.0008855 secs]
93.425: [GC (Allocation Failure)  28663K->23095K(32768K), 0.0009327 secs]
93.428: [GC (Allocation Failure)  28727K->23031K(32768K), 0.0008075 secs]
93.432: [GC (Allocation Failure)  28663K->23095K(32768K), 0.0008175 secs]
93.435: [GC (Allocation Failure)  28727K->23031K(32768K), 0.0008538 secs]
93.439: [GC (Allocation Failure)  28663K->22999K(32768K), 0.0007562 secs]
93.442: [GC (Allocation Failure)  28631K->23127K(32768K), 0.0008843 secs]
93.445: [GC (Allocation Failure)  28759K->23063K(32768K), 0.0008342 secs]
93.448: [GC (Allocation Failure)  28695K->23143K(32768K), 0.0007440 secs]
93.452: [GC (Allocation Failure)  28775K->23079K(32768K), 0.0007810 secs]
93.455: [GC (Allocation Failure)  28711K->23079K(32768K), 0.0007514 secs]
93.458: [GC (Allocation Failure)  28711K->23111K(32768K), 0.0008067 secs]
93.462: [GC (Allocation Failure)  28743K->23047K(32768K), 0.0007780 secs]
93.465: [GC (Allocation Failure)  28679K->23111K(32768K), 0.0008495 secs]
93.468: [GC (Allocation Failure)  28743K->23079K(32768K), 0.0007906 secs]
93.472: [GC (Allocation Failure)  28711K->23015K(32768K), 0.0010082 secs]
93.475: [GC (Allocation Failure)  28647K->23111K(32768K), 0.0007855 secs]
93.479: [GC (Allocation Failure)  28743K->23015K(32768K), 0.0007455 secs]
93.482: [GC (Allocation Failure)  28647K->23079K(32768K), 0.0008108 secs]
93.485: [GC (Allocation Failure)  28711K->23079K(32768K), 0.0008170 secs]
93.489: [GC (Allocation Failure)  28711K->23079K(32768K), 0.0008048 secs]
93.492: [GC (Allocation Failure)  28711K->23047K(32768K), 0.0008359 secs]
93.496: [GC (Allocation Failure)  28679K->23143K(32768K), 0.0012030 secs]
93.500: [GC (Allocation Failure)  28775K->23087K(32768K), 0.0009623 secs]
93.504: [GC (Allocation Failure)  28719K->23151K(32768K), 0.0014333 secs]
93.508: [GC (Allocation Failure)  28783K->23103K(32768K), 0.0011287 secs]
93.512: [GC (Allocation Failure)  28735K->23167K(32768K), 0.0010098 secs]
93.516: [GC (Allocation Failure)  28799K->23175K(32768K), 0.0008380 secs]
93.519: [GC (Allocation Failure)  28807K->23175K(32768K), 0.0010594 secs]
93.523: [GC (Allocation Failure)  28807K->23175K(32768K), 0.0009242 secs]
93.526: [GC (Allocation Failure)  28807K->23175K(32768K), 0.0009756 secs]
93.530: [GC (Allocation Failure)  28807K->23143K(32768K), 0.0008846 secs]
93.533: [GC (Allocation Failure)  28775K->23143K(32768K), 0.0007545 secs]
93.537: [GC (Allocation Failure)  28775K->23143K(32768K), 0.0008376 secs]
93.540: [GC (Allocation Failure)  28775K->23175K(32768K), 0.0008659 secs]
93.544: [GC (Allocation Failure)  28807K->23111K(32768K), 0.0009522 secs]
93.547: [GC (Allocation Failure)  28743K->23207K(32768K), 0.0008403 secs]
93.551: [GC (Allocation Failure)  28839K->23191K(32768K), 0.0008086 secs]
93.554: [GC (Allocation Failure)  28823K->23159K(32768K), 0.0011286 secs]
93.558: [GC (Allocation Failure)  28791K->23159K(32768K), 0.0009715 secs]
93.562: [GC (Allocation Failure)  28791K->23191K(32768K), 0.0007640 secs]
93.565: [GC (Allocation Failure)  28823K->23159K(32768K), 0.0010183 secs]
93.569: [GC (Allocation Failure)  28791K->23191K(32768K), 0.0008121 secs]
93.572: [GC (Allocation Failure)  28823K->23191K(32768K), 0.0007805 secs]
93.576: [GC (Allocation Failure)  28823K->23159K(32768K), 0.0007996 secs]
93.579: [GC (Allocation Failure)  28791K->23159K(32768K), 0.0009548 secs]
93.583: [GC (Allocation Failure)  28791K->23159K(32768K), 0.0008725 secs]
93.586: [GC (Allocation Failure)  28791K->23191K(32768K), 0.0008523 secs]
93.590: [GC (Allocation Failure)  28823K->23191K(32768K), 0.0009102 secs]
93.593: [GC (Allocation Failure)  28823K->23223K(32768K), 0.0008644 secs]
93.597: [GC (Allocation Failure)  28855K->23223K(32768K), 0.0009906 secs]
93.601: [GC (Allocation Failure)  28855K->23295K(32768K), 0.0009392 secs]
93.606: [GC (Allocation Failure)  28927K->23351K(32768K), 0.0012240 secs]
93.610: [GC (Allocation Failure)  28983K->23295K(32768K), 0.0008312 secs]
93.613: [GC (Allocation Failure)  28927K->23271K(32768K), 0.0009099 secs]
93.617: [GC (Allocation Failure)  28903K->23303K(32768K), 0.0008154 secs]
93.620: [GC (Allocation Failure)  28935K->23303K(32768K), 0.0012378 secs]
93.624: [GC (Allocation Failure)  28935K->23239K(32768K), 0.0009278 secs]
93.628: [GC (Allocation Failure)  28871K->23239K(32768K), 0.0008962 secs]
93.631: [GC (Allocation Failure)  28871K->23303K(32768K), 0.0007695 secs]
93.635: [GC (Allocation Failure)  28935K->23271K(32768K), 0.0008313 secs]
93.638: [GC (Allocation Failure)  28903K->23239K(32768K), 0.0008639 secs]
93.641: [GC (Allocation Failure)  28871K->23303K(32768K), 0.0008100 secs]
93.645: [GC (Allocation Failure)  28935K->23271K(32768K), 0.0009123 secs]
93.648: [GC (Allocation Failure)  28903K->23271K(32768K), 0.0009317 secs]
93.652: [GC (Allocation Failure)  28903K->23287K(32768K), 0.0007660 secs]
93.655: [GC (Allocation Failure)  28919K->23319K(32768K), 0.0008669 secs]
93.659: [GC (Allocation Failure)  28951K->23223K(32768K), 0.0007510 secs]
93.662: [GC (Allocation Failure)  28855K->23287K(32768K), 0.0008577 secs]
93.666: [GC (Allocation Failure)  28919K->23255K(32768K), 0.0007565 secs]
93.669: [GC (Allocation Failure)  28887K->23287K(32768K), 0.0007501 secs]
93.672: [GC (Allocation Failure)  28919K->23287K(32768K), 0.0009041 secs]
93.676: [GC (Allocation Failure)  28919K->23287K(32768K), 0.0009541 secs]
93.679: [GC (Allocation Failure)  28919K->23287K(32768K), 0.0008095 secs]
93.683: [GC (Allocation Failure)  28919K->23223K(32768K), 0.0007703 secs]
93.686: [GC (Allocation Failure)  28855K->23287K(32768K), 0.0007632 secs]
93.690: [GC (Allocation Failure)  28919K->23319K(32768K), 0.0008149 secs]
93.693: [GC (Allocation Failure)  28951K->23287K(32768K), 0.0008040 secs]
93.697: [GC (Allocation Failure)  28919K->23351K(32768K), 0.0007995 secs]
93.700: [GC (Allocation Failure)  28983K->23367K(32768K), 0.0008849 secs]
93.705: [GC (Allocation Failure)  28999K->23391K(32768K), 0.0013514 secs]
93.709: [GC (Allocation Failure)  29023K->23343K(32768K), 0.0010289 secs]
93.712: [GC (Allocation Failure)  28975K->23319K(32768K), 0.0010529 secs]
93.716: [GC (Allocation Failure)  28951K->23351K(32768K), 0.0009613 secs]
93.720: [GC (Allocation Failure)  28983K->23383K(32768K), 0.0009758 secs]
93.723: [GC (Allocation Failure)  29015K->23287K(32768K), 0.0010061 secs]
93.727: [GC (Allocation Failure)  28919K->23319K(32768K), 0.0009361 secs]
93.730: [GC (Allocation Failure)  28951K->23319K(32768K), 0.0009014 secs]
93.734: [GC (Allocation Failure)  28951K->23351K(32768K), 0.0008987 secs]
93.737: [GC (Allocation Failure)  28983K->23351K(32768K), 0.0008391 secs]
93.741: [GC (Allocation Failure)  28983K->23351K(32768K), 0.0007860 secs]
93.744: [GC (Allocation Failure)  28983K->23319K(32768K), 0.0008748 secs]
93.748: [GC (Allocation Failure)  28951K->23383K(32768K), 0.0008796 secs]
93.751: [GC (Allocation Failure)  29015K->23367K(32768K), 0.0009152 secs]
93.755: [GC (Allocation Failure)  28999K->23335K(32768K), 0.0009704 secs]
93.759: [GC (Allocation Failure)  28967K->23335K(32768K), 0.0009709 secs]
93.763: [GC (Allocation Failure)  28967K->23335K(32768K), 0.0007969 secs]
93.766: [GC (Allocation Failure)  28967K->23367K(32768K), 0.0007523 secs]
93.770: [GC (Allocation Failure)  28999K->23303K(32768K), 0.0010129 secs]
93.774: [GC (Allocation Failure)  28935K->23399K(32768K), 0.0009492 secs]
93.778: [GC (Allocation Failure)  29031K->23335K(32768K), 0.0008878 secs]
93.782: [GC (Allocation Failure)  28967K->23367K(32768K), 0.0011593 secs]
93.786: [GC (Allocation Failure)  28999K->23335K(32768K), 0.0015284 secs]
93.790: [GC (Allocation Failure)  28967K->23367K(32768K), 0.0012626 secs]
93.795: [GC (Allocation Failure)  28999K->23463K(32768K), 0.0011833 secs]
93.799: [GC (Allocation Failure)  29095K->23447K(32768K), 0.0011989 secs]
93.805: [GC (Allocation Failure)  29079K->23583K(32768K), 0.0016243 secs]
93.809: [GC (Allocation Failure)  29215K->23583K(32768K), 0.0017045 secs]
93.814: [GC (Allocation Failure)  29215K->23471K(32768K), 0.0011729 secs]
93.818: [GC (Allocation Failure)  29103K->23543K(32768K), 0.0011198 secs]
93.822: [GC (Allocation Failure)  29175K->23567K(32768K), 0.0011307 secs]
93.826: [GC (Allocation Failure)  29199K->23663K(32768K), 0.0009583 secs]
93.830: [GC (Allocation Failure)  29295K->23599K(32768K), 0.0010620 secs]
93.833: [GC (Allocation Failure)  29231K->23583K(32768K), 0.0010203 secs]
93.837: [GC (Allocation Failure)  29215K->23631K(32768K), 0.0011622 secs]
93.841: [GC (Allocation Failure)  29263K->23599K(32768K), 0.0008843 secs]
93.844: [GC (Allocation Failure)  29231K->23607K(32768K), 0.0010207 secs]
93.848: [GC (Allocation Failure)  29239K->23607K(32768K), 0.0009760 secs]
93.852: [GC (Allocation Failure)  29239K->23639K(32768K), 0.0008714 secs]
93.855: [GC (Allocation Failure)  29271K->23695K(32768K), 0.0009774 secs]
93.859: [GC (Allocation Failure)  29327K->23631K(32768K), 0.0007904 secs]
93.862: [GC (Allocation Failure)  29263K->23703K(32768K), 0.0008475 secs]
93.865: [GC (Allocation Failure)  29335K->23639K(32768K), 0.0009636 secs]
93.869: [GC (Allocation Failure)  29271K->23735K(32768K), 0.0010600 secs]
93.872: [GC (Allocation Failure)  29367K->23695K(32768K), 0.0010215 secs]
93.876: [GC (Allocation Failure)  29327K->23751K(32768K), 0.0008234 secs]
93.879: [GC (Allocation Failure)  29383K->23719K(32768K), 0.0009606 secs]
93.883: [GC (Allocation Failure)  29351K->23719K(32768K), 0.0009381 secs]
93.886: [GC (Allocation Failure)  29351K->23735K(32768K), 0.0010193 secs]
93.890: [GC (Allocation Failure)  29367K->23759K(32768K), 0.0009138 secs]
93.893: [GC (Allocation Failure)  29391K->23759K(32768K), 0.0009081 secs]
93.897: [GC (Allocation Failure)  29391K->23759K(32768K), 0.0010649 secs]
93.901: [GC (Allocation Failure)  29391K->23863K(32768K), 0.0009786 secs]
93.905: [GC (Allocation Failure)  29495K->23775K(32768K), 0.0012708 secs]
93.909: [GC (Allocation Failure)  29407K->23807K(32768K), 0.0016338 secs]
93.914: [GC (Allocation Failure)  29439K->23783K(32768K), 0.0012564 secs]
93.918: [GC (Allocation Failure)  29415K->23847K(32768K), 0.0010776 secs]
93.922: [GC (Allocation Failure)  29479K->23911K(32768K), 0.0011649 secs]
93.926: [GC (Allocation Failure)  29543K->23855K(32768K), 0.0010280 secs]
93.930: [GC (Allocation Failure)  29487K->23823K(32768K), 0.0010846 secs]
93.934: [GC (Allocation Failure)  29455K->23895K(32768K), 0.0010824 secs]
93.937: [GC (Allocation Failure)  29527K->23895K(32768K), 0.0009279 secs]
93.941: [GC (Allocation Failure)  29527K->23863K(32768K), 0.0010349 secs]
93.944: [GC (Allocation Failure)  29495K->23871K(32768K), 0.0009046 secs]
93.948: [GC (Allocation Failure)  29503K->23903K(32768K), 0.0009347 secs]
93.952: [GC (Allocation Failure)  29535K->23935K(32768K), 0.0009206 secs]
93.956: [GC (Allocation Failure)  29567K->23959K(32768K), 0.0009598 secs]
93.959: [GC (Allocation Failure)  29591K->23871K(32768K), 0.0010813 secs]
93.963: [GC (Allocation Failure)  29503K->23983K(32768K), 0.0011221 secs]
93.967: [GC (Allocation Failure)  29615K->23959K(32768K), 0.0009696 secs]
93.970: [GC (Allocation Failure)  29591K->23935K(32768K), 0.0009959 secs]
93.974: [GC (Allocation Failure)  29567K->23967K(32768K), 0.0008664 secs]
93.978: [GC (Allocation Failure)  29599K->23951K(32768K), 0.0010531 secs]
93.982: [GC (Allocation Failure)  29583K->23991K(32768K), 0.0010176 secs]
93.985: [GC (Allocation Failure)  29623K->23959K(32768K), 0.0010764 secs]
93.989: [GC (Allocation Failure)  29591K->23959K(32768K), 0.0011488 secs]
93.993: [GC (Allocation Failure)  29591K->23959K(32768K), 0.0012275 secs]
93.997: [GC (Allocation Failure)  29591K->23927K(32768K), 0.0010756 secs]
94.001: [GC (Allocation Failure)  29559K->23991K(32768K), 0.0010823 secs]
94.005: [GC (Allocation Failure)  29623K->24071K(32768K), 0.0013101 secs]
94.009: [GC (Allocation Failure)  29703K->24111K(32768K), 0.0015270 secs]
94.013: [GC (Allocation Failure)  29743K->24087K(32768K), 0.0012602 secs]
94.017: [GC (Allocation Failure)  29719K->24015K(32768K), 0.0010264 secs]
94.021: [GC (Allocation Failure)  29647K->24015K(32768K), 0.0010909 secs]
94.025: [GC (Allocation Failure)  29647K->24015K(32768K), 0.0013082 secs]
94.029: [GC (Allocation Failure)  29647K->23983K(32768K), 0.0010597 secs]
94.032: [GC (Allocation Failure)  29615K->24047K(32768K), 0.0010696 secs]
94.036: [GC (Allocation Failure)  29679K->24047K(32768K), 0.0010926 secs]
94.040: [GC (Allocation Failure)  29679K->24079K(32768K), 0.0014384 secs]
94.045: [GC (Allocation Failure)  29711K->23983K(32768K), 0.0013375 secs]
94.049: [GC (Allocation Failure)  29615K->24079K(32768K), 0.0009506 secs]
94.053: [GC (Allocation Failure)  29711K->24079K(32768K), 0.0014675 secs]
94.058: [GC (Allocation Failure)  29711K->24095K(32768K), 0.0014211 secs]
94.062: [GC (Allocation Failure)  29727K->24031K(32768K), 0.0010414 secs]
94.065: [GC (Allocation Failure)  29663K->24031K(32768K), 0.0009315 secs]
94.069: [GC (Allocation Failure)  29663K->24063K(32768K), 0.0009873 secs]
94.072: [GC (Allocation Failure)  29695K->24063K(32768K), 0.0011836 secs]
94.076: [GC (Allocation Failure)  29695K->24095K(32768K), 0.0008367 secs]
94.079: [GC (Allocation Failure)  29727K->24063K(32768K), 0.0012935 secs]
94.083: [GC (Allocation Failure)  29695K->24031K(32768K), 0.0010653 secs]
94.088: [GC (Allocation Failure)  29663K->24063K(32768K), 0.0010596 secs]
94.092: [GC (Allocation Failure)  29695K->24063K(32768K), 0.0009713 secs]
94.095: [GC (Allocation Failure)  29695K->24031K(32768K), 0.0009285 secs]
94.099: [GC (Allocation Failure)  29663K->23999K(32768K), 0.0010052 secs]
94.103: [GC (Allocation Failure)  29631K->24159K(32768K), 0.0015908 secs]
94.108: [GC (Allocation Failure)  29791K->24191K(32768K), 0.0013654 secs]
94.112: [GC (Allocation Failure)  29823K->24103K(32768K), 0.0010594 secs]
94.115: [GC (Allocation Failure)  29735K->24047K(32768K), 0.0010629 secs]
94.119: [GC (Allocation Failure)  29679K->24079K(32768K), 0.0011339 secs]
94.123: [GC (Allocation Failure)  29711K->24079K(32768K), 0.0009146 secs]
94.127: [GC (Allocation Failure)  29711K->24111K(32768K), 0.0007974 secs]
94.130: [GC (Allocation Failure)  29743K->24111K(32768K), 0.0009075 secs]
94.133: [GC (Allocation Failure)  29743K->24079K(32768K), 0.0008240 secs]
94.136: [GC (Allocation Failure)  29711K->24143K(32768K), 0.0008420 secs]
94.140: [GC (Allocation Failure)  29775K->24111K(32768K), 0.0007921 secs]
94.143: [GC (Allocation Failure)  29743K->24047K(32768K), 0.0008943 secs]
94.147: [GC (Allocation Failure)  29679K->24143K(32768K), 0.0008607 secs]
94.150: [GC (Allocation Failure)  29775K->24111K(32768K), 0.0008109 secs]
94.154: [GC (Allocation Failure)  29743K->24111K(32768K), 0.0008476 secs]
94.157: [GC (Allocation Failure)  29743K->24159K(32768K), 0.0008273 secs]
94.160: [GC (Allocation Failure)  29791K->24095K(32768K), 0.0008071 secs]
94.164: [GC (Allocation Failure)  29727K->24095K(32768K), 0.0007690 secs]
94.167: [GC (Allocation Failure)  29727K->24159K(32768K), 0.0008044 secs]
94.170: [GC (Allocation Failure)  29791K->24127K(32768K), 0.0007862 secs]
94.174: [GC (Allocation Failure)  29759K->24095K(32768K), 0.0008073 secs]
94.177: [GC (Allocation Failure)  29727K->24127K(32768K), 0.0008406 secs]
94.180: [GC (Allocation Failure)  29759K->24127K(32768K), 0.0007887 secs]
94.184: [GC (Allocation Failure)  29759K->24127K(32768K), 0.0008935 secs]
94.187: [GC (Allocation Failure)  29759K->24063K(32768K), 0.0008200 secs]
94.190: [GC (Allocation Failure)  29695K->24095K(32768K), 0.0008470 secs]
94.194: [GC (Allocation Failure)  29727K->24127K(32768K), 0.0009889 secs]
94.197: [GC (Allocation Failure)  29759K->24127K(32768K), 0.0007751 secs]
94.200: [GC (Allocation Failure)  29759K->24127K(32768K), 0.0007330 secs]
94.204: [GC (Allocation Failure)  29759K->24191K(32768K), 0.0008053 secs]
94.207: [GC (Allocation Failure)  29823K->24223K(32768K), 0.0009187 secs]
94.211: [GC (Allocation Failure)  29855K->24215K(32768K), 0.0009663 secs]
94.215: [GC (Allocation Failure)  29847K->24183K(32768K), 0.0010047 secs]
94.219: [GC (Allocation Failure)  29815K->24159K(32768K), 0.0010666 secs]
94.223: [GC (Allocation Failure)  29791K->24191K(32768K), 0.0008441 secs]
94.226: [GC (Allocation Failure)  29823K->24191K(32768K), 0.0007871 secs]
94.230: [GC (Allocation Failure)  29823K->24159K(32768K), 0.0008785 secs]
94.233: [GC (Allocation Failure)  29791K->24159K(32768K), 0.0007919 secs]
94.236: [GC (Allocation Failure)  29791K->24191K(32768K), 0.0007448 secs]
94.239: [GC (Allocation Failure)  29823K->24223K(32768K), 0.0008277 secs]
94.243: [GC (Allocation Failure)  29855K->24159K(32768K), 0.0009129 secs]
94.246: [GC (Allocation Failure)  29791K->24191K(32768K), 0.0008611 secs]
94.250: [GC (Allocation Failure)  29823K->24191K(32768K), 0.0009086 secs]
94.253: [GC (Allocation Failure)  29823K->24191K(32768K), 0.0008446 secs]
94.257: [GC (Allocation Failure)  29823K->24207K(32768K), 0.0008549 secs]
94.260: [GC (Allocation Failure)  29839K->24207K(32768K), 0.0008698 secs]
94.263: [GC (Allocation Failure)  29839K->24239K(32768K), 0.0008591 secs]
94.267: [GC (Allocation Failure)  29871K->24207K(32768K), 0.0008490 secs]
94.270: [GC (Allocation Failure)  29839K->24175K(32768K), 0.0008688 secs]
94.273: [GC (Allocation Failure)  29807K->24175K(32768K), 0.0007537 secs]
94.277: [GC (Allocation Failure)  29807K->24207K(32768K), 0.0007568 secs]
94.280: [GC (Allocation Failure)  29839K->24239K(32768K), 0.0008384 secs]
94.283: [GC (Allocation Failure)  29871K->24239K(32768K), 0.0007601 secs]
94.287: [GC (Allocation Failure)  29871K->24207K(32768K), 0.0009960 secs]
94.290: [GC (Allocation Failure)  29839K->24239K(32768K), 0.0008303 secs]
94.293: [GC (Allocation Failure)  29871K->24239K(32768K), 0.0008655 secs]
94.297: [GC (Allocation Failure)  29871K->24303K(32768K), 0.0008951 secs]
94.301: [GC (Allocation Failure)  29935K->24199K(32768K), 0.0007914 secs]
94.305: [GC (Allocation Failure)  29831K->24303K(32768K), 0.0014141 secs]
94.309: [GC (Allocation Failure)  29935K->24327K(32768K), 0.0012375 secs]
94.313: [GC (Allocation Failure)  29959K->24311K(32768K), 0.0010045 secs]
94.317: [GC (Allocation Failure)  29943K->24319K(32768K), 0.0009576 secs]
94.321: [GC (Allocation Failure)  29951K->24383K(32768K), 0.0009076 secs]
94.325: [GC (Allocation Failure)  30015K->24287K(32768K), 0.0007928 secs]
94.328: [GC (Allocation Failure)  29919K->24319K(32768K), 0.0009344 secs]
94.331: [GC (Allocation Failure)  29951K->24319K(32768K), 0.0007879 secs]
94.335: [GC (Allocation Failure)  29951K->24319K(32768K), 0.0007905 secs]
94.338: [GC (Allocation Failure)  29951K->24287K(32768K), 0.0008549 secs]
94.342: [GC (Allocation Failure)  29919K->24319K(32768K), 0.0008315 secs]
94.345: [GC (Allocation Failure)  29951K->24287K(32768K), 0.0009127 secs]
94.348: [GC (Allocation Failure)  29919K->24287K(32768K), 0.0008365 secs]
94.352: [GC (Allocation Failure)  29919K->24287K(32768K), 0.0008877 secs]
94.355: [GC (Allocation Failure)  29919K->24287K(32768K), 0.0008710 secs]
94.359: [GC (Allocation Failure)  29919K->24303K(32768K), 0.0007683 secs]
94.362: [GC (Allocation Failure)  29935K->24303K(32768K), 0.0009080 secs]
94.365: [GC (Allocation Failure)  29935K->24303K(32768K), 0.0008398 secs]
94.369: [GC (Allocation Failure)  29935K->24271K(32768K), 0.0010067 secs]
94.372: [GC (Allocation Failure)  29903K->24271K(32768K), 0.0008245 secs]
94.376: [GC (Allocation Failure)  29903K->24303K(32768K), 0.0007881 secs]
94.379: [GC (Allocation Failure)  29935K->24239K(32768K), 0.0007357 secs]
94.382: [GC (Allocation Failure)  29871K->24303K(32768K), 0.0008293 secs]
94.386: [GC (Allocation Failure)  29935K->24271K(32768K), 0.0009002 secs]
94.389: [GC (Allocation Failure)  29903K->24239K(32768K), 0.0008514 secs]
94.393: [GC (Allocation Failure)  29871K->24335K(32768K), 0.0007889 secs]
94.396: [GC (Allocation Failure)  29967K->24271K(32768K), 0.0009557 secs]
94.399: [GC (Allocation Failure)  29903K->24271K(32768K), 0.0009194 secs]
94.403: [GC (Allocation Failure)  29903K->24367K(32768K), 0.0010071 secs]
94.407: [GC (Allocation Failure)  29999K->24431K(32768K), 0.0009855 secs]
94.411: [GC (Allocation Failure)  30063K->24383K(32768K), 0.0009025 secs]
94.415: [GC (Allocation Failure)  30015K->24327K(32768K), 0.0009517 secs]
94.418: [GC (Allocation Failure)  29959K->24327K(32768K), 0.0008284 secs]
94.422: [GC (Allocation Failure)  29959K->24327K(32768K), 0.0010265 secs]
94.426: [GC (Allocation Failure)  29959K->24327K(32768K), 0.0008870 secs]
94.429: [GC (Allocation Failure)  29959K->24327K(32768K), 0.0008475 secs]
94.433: [GC (Allocation Failure)  29959K->24359K(32768K), 0.0008750 secs]
94.436: [GC (Allocation Failure)  29991K->24391K(32768K), 0.0008488 secs]
94.440: [GC (Allocation Failure)  30023K->24295K(32768K), 0.0009281 secs]
94.443: [GC (Allocation Failure)  29927K->24391K(32768K), 0.0008038 secs]
94.447: [GC (Allocation Failure)  30023K->24359K(32768K), 0.0008142 secs]
94.450: [GC (Allocation Failure)  29991K->24391K(32768K), 0.0008304 secs]
94.453: [GC (Allocation Failure)  30023K->24359K(32768K), 0.0007735 secs]
94.457: [GC (Allocation Failure)  29991K->24359K(32768K), 0.0009355 secs]
94.460: [GC (Allocation Failure)  29991K->24311K(32768K), 0.0008855 secs]
94.464: [GC (Allocation Failure)  29943K->24375K(32768K), 0.0009865 secs]
94.467: [GC (Allocation Failure)  30007K->24375K(32768K), 0.0008452 secs]
94.471: [GC (Allocation Failure)  30007K->24407K(32768K), 0.0008831 secs]
94.474: [GC (Allocation Failure)  30039K->24343K(32768K), 0.0010446 secs]
94.479: [GC (Allocation Failure)  29975K->24375K(32768K), 0.0009772 secs]
94.482: [GC (Allocation Failure)  30007K->24343K(32768K), 0.0009091 secs]
94.486: [GC (Allocation Failure)  29975K->24375K(32768K), 0.0010427 secs]
94.489: [GC (Allocation Failure)  30007K->24375K(32768K), 0.0008436 secs]
94.493: [GC (Allocation Failure)  30007K->24343K(32768K), 0.0009948 secs]
94.496: [GC (Allocation Failure)  29975K->24375K(32768K), 0.0009386 secs]
94.500: [GC (Allocation Failure)  30007K->24407K(32768K), 0.0008563 secs]
94.503: [GC (Allocation Failure)  30039K->24311K(32768K), 0.0008303 secs]
94.506: [GC (Allocation Failure)  29943K->24439K(32768K), 0.0008420 secs]
94.510: [GC (Allocation Failure)  30071K->24487K(32768K), 0.0009013 secs]
94.514: [GC (Allocation Failure)  30119K->24511K(32768K), 0.0011745 secs]
94.518: [GC (Allocation Failure)  30143K->24503K(32768K), 0.0010038 secs]
94.522: [GC (Allocation Failure)  30135K->24479K(32768K), 0.0009984 secs]
94.525: [GC (Allocation Failure)  30111K->24479K(32768K), 0.0009194 secs]
94.529: [GC (Allocation Failure)  30111K->24447K(32768K), 0.0009382 secs]
94.532: [GC (Allocation Failure)  30079K->24479K(32768K), 0.0008367 secs]
94.535: [GC (Allocation Failure)  30111K->24447K(32768K), 0.0009428 secs]
94.539: [GC (Allocation Failure)  30079K->24415K(32768K), 0.0008641 secs]
94.542: [GC (Allocation Failure)  30047K->24511K(32768K), 0.0007709 secs]
94.546: [GC (Allocation Failure)  30143K->24447K(32768K), 0.0009203 secs]
94.549: [GC (Allocation Failure)  30079K->24479K(32768K), 0.0009442 secs]
94.552: [GC (Allocation Failure)  30111K->24447K(32768K), 0.0007974 secs]
94.556: [GC (Allocation Failure)  30079K->24511K(32768K), 0.0008421 secs]
94.559: [GC (Allocation Failure)  30143K->24511K(32768K), 0.0007497 secs]
94.562: [GC (Allocation Failure)  30143K->24431K(32768K), 0.0009630 secs]
94.566: [GC (Allocation Failure)  30063K->24527K(32768K), 0.0008843 secs]
94.569: [GC (Allocation Failure)  30159K->24463K(32768K), 0.0007914 secs]
94.573: [GC (Allocation Failure)  30095K->24495K(32768K), 0.0007346 secs]
94.576: [GC (Allocation Failure)  30127K->24527K(32768K), 0.0009574 secs]
94.579: [GC (Allocation Failure)  30159K->24495K(32768K), 0.0007841 secs]
94.583: [GC (Allocation Failure)  30127K->24527K(32768K), 0.0007666 secs]
94.586: [GC (Allocation Failure)  30159K->24495K(32768K), 0.0008456 secs]
94.589: [GC (Allocation Failure)  30127K->24495K(32768K), 0.0009366 secs]
94.593: [GC (Allocation Failure)  30127K->24527K(32768K), 0.0008084 secs]
94.596: [GC (Allocation Failure)  30159K->24495K(32768K), 0.0008532 secs]
94.600: [GC (Allocation Failure)  30127K->24495K(32768K), 0.0009656 secs]
94.603: [GC (Allocation Failure)  30127K->24463K(32768K), 0.0008598 secs]
94.607: [GC (Allocation Failure)  30095K->24559K(32768K), 0.0011738 secs]
94.611: [GC (Allocation Failure)  30191K->24623K(32768K), 0.0013566 secs]
94.615: [GC (Allocation Failure)  30255K->24575K(32768K), 0.0010661 secs]
94.619: [GC (Allocation Failure)  30207K->24551K(32768K), 0.0010314 secs]
94.623: [GC (Allocation Failure)  30183K->24519K(32768K), 0.0009951 secs]
94.626: [GC (Allocation Failure)  30151K->24519K(32768K), 0.0009321 secs]
94.630: [GC (Allocation Failure)  30151K->24551K(32768K), 0.0009126 secs]
94.633: [GC (Allocation Failure)  30183K->24519K(32768K), 0.0008308 secs]
94.636: [GC (Allocation Failure)  30151K->24583K(32768K), 0.0008235 secs]
94.640: [GC (Allocation Failure)  30215K->24551K(32768K), 0.0009691 secs]
94.643: [GC (Allocation Failure)  30183K->24551K(32768K), 0.0008155 secs]
94.647: [GC (Allocation Failure)  30183K->24583K(32768K), 0.0008894 secs]
94.651: [GC (Allocation Failure)  30215K->24583K(32768K), 0.0009624 secs]
94.654: [GC (Allocation Failure)  30215K->24519K(32768K), 0.0007695 secs]
94.657: [GC (Allocation Failure)  30151K->24647K(32768K), 0.0007698 secs]
94.661: [GC (Allocation Failure)  30279K->24599K(32768K), 0.0008770 secs]
94.664: [GC (Allocation Failure)  30231K->24567K(32768K), 0.0009611 secs]
94.668: [GC (Allocation Failure)  30199K->24567K(32768K), 0.0007898 secs]
94.671: [GC (Allocation Failure)  30199K->24599K(32768K), 0.0007849 secs]
94.674: [GC (Allocation Failure)  30231K->24599K(32768K), 0.0008010 secs]
94.678: [GC (Allocation Failure)  30231K->24535K(32768K), 0.0007919 secs]
94.681: [GC (Allocation Failure)  30167K->24503K(32768K), 0.0008494 secs]
94.684: [GC (Allocation Failure)  30135K->24535K(32768K), 0.0007690 secs]
94.688: [GC (Allocation Failure)  30167K->24599K(32768K), 0.0008442 secs]
94.691: [GC (Allocation Failure)  30231K->24599K(32768K), 0.0009230 secs]
94.694: [GC (Allocation Failure)  30231K->24567K(32768K), 0.0008188 secs]
94.698: [GC (Allocation Failure)  30199K->24567K(32768K), 0.0007978 secs]
94.701: [GC (Allocation Failure)  30199K->24567K(32768K), 0.0008308 secs]
94.704: [GC (Allocation Failure)  30199K->24503K(32768K), 0.0009834 secs]
94.709: [GC (Allocation Failure)  30135K->24663K(32768K), 0.0010294 secs]
94.713: [GC (Allocation Failure)  30295K->24679K(32768K), 0.0011089 secs]
94.717: [GC (Allocation Failure)  30311K->24639K(32768K), 0.0013006 secs]
94.721: [GC (Allocation Failure)  30271K->24615K(32768K), 0.0010397 secs]
94.724: [GC (Allocation Failure)  30247K->24687K(32768K), 0.0008973 secs]
94.728: [GC (Allocation Failure)  30319K->24623K(32768K), 0.0008805 secs]
94.731: [GC (Allocation Failure)  30255K->24623K(32768K), 0.0008835 secs]
94.735: [GC (Allocation Failure)  30255K->24719K(32768K), 0.0009601 secs]
94.738: [GC (Allocation Failure)  30351K->24655K(32768K), 0.0008371 secs]
94.742: [GC (Allocation Failure)  30287K->24655K(32768K), 0.0008986 secs]
94.746: [GC (Allocation Failure)  30287K->24687K(32768K), 0.0009480 secs]
94.749: [GC (Allocation Failure)  30319K->24655K(32768K), 0.0009133 secs]
94.754: [GC (Allocation Failure)  30287K->24623K(32768K), 0.0014766 secs]
94.758: [GC (Allocation Failure)  30255K->24623K(32768K), 0.0011265 secs]
94.762: [GC (Allocation Failure)  30255K->24655K(32768K), 0.0012097 secs]
94.766: [GC (Allocation Failure)  30287K->24607K(32768K), 0.0011066 secs]
94.770: [GC (Allocation Failure)  30239K->24671K(32768K), 0.0012298 secs]
94.774: [GC (Allocation Failure)  30303K->24703K(32768K), 0.0013705 secs]
94.778: [GC (Allocation Failure)  30335K->24703K(32768K), 0.0010907 secs]
94.783: [GC (Allocation Failure)  30335K->24671K(32768K), 0.0011575 secs]
94.787: [GC (Allocation Failure)  30303K->24703K(32768K), 0.0014682 secs]
94.791: [GC (Allocation Failure)  30335K->24607K(32768K), 0.0010302 secs]
94.795: [GC (Allocation Failure)  30239K->24671K(32768K), 0.0010242 secs]
94.800: [GC (Allocation Failure)  30303K->24799K(32768K), 0.0012724 secs]
94.804: [GC (Allocation Failure)  30431K->24663K(32768K), 0.0014099 secs]
94.809: [GC (Allocation Failure)  30295K->24799K(32768K), 0.0013220 secs]
94.813: [GC (Allocation Failure)  30431K->24791K(32768K), 0.0012971 secs]
94.817: [GC (Allocation Failure)  30423K->24711K(32768K), 0.0010516 secs]
94.821: [GC (Allocation Failure)  30343K->24783K(32768K), 0.0010038 secs]
94.824: [GC (Allocation Failure)  30415K->24751K(32768K), 0.0011094 secs]
94.828: [GC (Allocation Failure)  30383K->24751K(32768K), 0.0009859 secs]
94.831: [GC (Allocation Failure)  30383K->24783K(32768K), 0.0008813 secs]
94.835: [GC (Allocation Failure)  30415K->24719K(32768K), 0.0008788 secs]
94.838: [GC (Allocation Failure)  30351K->24751K(32768K), 0.0009414 secs]
94.842: [GC (Allocation Failure)  30383K->24719K(32768K), 0.0009139 secs]
94.845: [GC (Allocation Failure)  30351K->24719K(32768K), 0.0007857 secs]
94.848: [GC (Allocation Failure)  30351K->24751K(32768K), 0.0008252 secs]
94.851: [GC (Allocation Failure)  30383K->24783K(32768K), 0.0007788 secs]
94.855: [GC (Allocation Failure)  30415K->24751K(32768K), 0.0007395 secs]
94.858: [GC (Allocation Failure)  30383K->24687K(32768K), 0.0008389 secs]
94.861: [GC (Allocation Failure)  30319K->24751K(32768K), 0.0007970 secs]
94.864: [GC (Allocation Failure)  30383K->24767K(32768K), 0.0009191 secs]
94.868: [GC (Allocation Failure)  30399K->24703K(32768K), 0.0007708 secs]
94.871: [GC (Allocation Failure)  30335K->24735K(32768K), 0.0009587 secs]
94.874: [GC (Allocation Failure)  30367K->24735K(32768K), 0.0007193 secs]
94.878: [GC (Allocation Failure)  30367K->24735K(32768K), 0.0008394 secs]
94.881: [GC (Allocation Failure)  30367K->24735K(32768K), 0.0007756 secs]
94.884: [GC (Allocation Failure)  30367K->24703K(32768K), 0.0008563 secs]
94.888: [GC (Allocation Failure)  30335K->24767K(32768K), 0.0008946 secs]
94.891: [GC (Allocation Failure)  30399K->24767K(32768K), 0.0008628 secs]
94.894: [GC (Allocation Failure)  30399K->24703K(32768K), 0.0007854 secs]
94.898: [GC (Allocation Failure)  30335K->24767K(32768K), 0.0008342 secs]
94.901: [GC (Allocation Failure)  30399K->24735K(32768K), 0.0008690 secs]
94.904: [GC (Allocation Failure)  30367K->24799K(32768K), 0.0007620 secs]
94.908: [GC (Allocation Failure)  30431K->24863K(32768K), 0.0007788 secs]
94.911: [GC (Allocation Failure)  30495K->24887K(32768K), 0.0009762 secs]
94.915: [GC (Allocation Failure)  30519K->24799K(32768K), 0.0012014 secs]
94.919: [GC (Allocation Failure)  30431K->24799K(32768K), 0.0011722 secs]
94.923: [GC (Allocation Failure)  30431K->24839K(32768K), 0.0009727 secs]
94.926: [GC (Allocation Failure)  30471K->24775K(32768K), 0.0008180 secs]
94.930: [GC (Allocation Failure)  30407K->24839K(32768K), 0.0008503 secs]
94.933: [GC (Allocation Failure)  30471K->24839K(32768K), 0.0007995 secs]
94.937: [GC (Allocation Failure)  30471K->24871K(32768K), 0.0008044 secs]
94.940: [GC (Allocation Failure)  30503K->24839K(32768K), 0.0008656 secs]
94.943: [GC (Allocation Failure)  30471K->24839K(32768K), 0.0007750 secs]
94.946: [GC (Allocation Failure)  30471K->24807K(32768K), 0.0007466 secs]
94.950: [GC (Allocation Failure)  30439K->24807K(32768K), 0.0008659 secs]
94.953: [GC (Allocation Failure)  30439K->24839K(32768K), 0.0008475 secs]
94.956: [GC (Allocation Failure)  30471K->24807K(32768K), 0.0008841 secs]
94.959: [GC (Allocation Failure)  30439K->24839K(32768K), 0.0008642 secs]
94.963: [GC (Allocation Failure)  30471K->24839K(32768K), 0.0007781 secs]
94.966: [GC (Allocation Failure)  30471K->24847K(32768K), 0.0008327 secs]
94.969: [GC (Allocation Failure)  30479K->24847K(32768K), 0.0007735 secs]
94.973: [GC (Allocation Failure)  30479K->24783K(32768K), 0.0007422 secs]
94.976: [GC (Allocation Failure)  30415K->24783K(32768K), 0.0008924 secs]
94.979: [GC (Allocation Failure)  30415K->24847K(32768K), 0.0010003 secs]
94.983: [GC (Allocation Failure)  30479K->24847K(32768K), 0.0009442 secs]
94.987: [GC (Allocation Failure)  30479K->24815K(32768K), 0.0008313 secs]
94.990: [GC (Allocation Failure)  30447K->24847K(32768K), 0.0009143 secs]
94.993: [GC (Allocation Failure)  30479K->24847K(32768K), 0.0008982 secs]
94.997: [GC (Allocation Failure)  30479K->24847K(32768K), 0.0009203 secs]
95.001: [GC (Allocation Failure)  30479K->24815K(32768K), 0.0009358 secs]
95.005: [GC (Allocation Failure)  30447K->24815K(32768K), 0.0009838 secs]
95.009: [GC (Allocation Failure)  30447K->24879K(32768K), 0.0010752 secs]
95.014: [GC (Allocation Failure)  30511K->24935K(32768K), 0.0015683 secs]
95.019: [GC (Allocation Failure)  30567K->24935K(32768K), 0.0009652 secs]
95.022: [GC (Allocation Failure)  30567K->24911K(32768K), 0.0011342 secs]
95.026: [GC (Allocation Failure)  30543K->24847K(32768K), 0.0010278 secs]
95.030: [GC (Allocation Failure)  30479K->24879K(32768K), 0.0011332 secs]
95.034: [GC (Allocation Failure)  30511K->24911K(32768K), 0.0010837 secs]
95.038: [GC (Allocation Failure)  30543K->24879K(32768K), 0.0011792 secs]
95.042: [GC (Allocation Failure)  30511K->24879K(32768K), 0.0012964 secs]
95.046: [GC (Allocation Failure)  30511K->24879K(32768K), 0.0013508 secs]
95.050: [GC (Allocation Failure)  30511K->24879K(32768K), 0.0010828 secs]
95.054: [GC (Allocation Failure)  30511K->24911K(32768K), 0.0013135 secs]
95.058: [GC (Allocation Failure)  30543K->24943K(32768K), 0.0010403 secs]
95.061: [GC (Allocation Failure)  30575K->24943K(32768K), 0.0008091 secs]
95.065: [GC (Allocation Failure)  30575K->24911K(32768K), 0.0009722 secs]
95.068: [GC (Allocation Failure)  30543K->24959K(32768K), 0.0008872 secs]
95.072: [GC (Allocation Failure)  30591K->24863K(32768K), 0.0008149 secs]
95.075: [GC (Allocation Failure)  30495K->24927K(32768K), 0.0009500 secs]
95.079: [GC (Allocation Failure)  30559K->24895K(32768K), 0.0009605 secs]
95.082: [GC (Allocation Failure)  30527K->24927K(32768K), 0.0010549 secs]
95.086: [GC (Allocation Failure)  30559K->24991K(32768K), 0.0008411 secs]
95.090: [GC (Allocation Failure)  30623K->24959K(32768K), 0.0008345 secs]
95.093: [GC (Allocation Failure)  30591K->24927K(32768K), 0.0008222 secs]
95.096: [GC (Allocation Failure)  30559K->24959K(32768K), 0.0011020 secs]
95.100: [GC (Allocation Failure)  30591K->24927K(32768K), 0.0009835 secs]
95.104: [GC (Allocation Failure)  30559K->24863K(32768K), 0.0011462 secs]
95.107: [GC (Allocation Failure)  30495K->24959K(32768K), 0.0009112 secs]
95.111: [GC (Allocation Failure)  30591K->24959K(32768K), 0.0011150 secs]
95.116: [GC (Allocation Failure)  30591K->25087K(32768K), 0.0014580 secs]
95.120: [GC (Allocation Failure)  30719K->24967K(32768K), 0.0013480 secs]
95.124: [GC (Allocation Failure)  30599K->24975K(32768K), 0.0010838 secs]
95.128: [GC (Allocation Failure)  30607K->24975K(32768K), 0.0012116 secs]
95.132: [GC (Allocation Failure)  30607K->24975K(32768K), 0.0011148 secs]
95.135: [GC (Allocation Failure)  30607K->24975K(32768K), 0.0008745 secs]
95.139: [GC (Allocation Failure)  30607K->24943K(32768K), 0.0009997 secs]
95.142: [GC (Allocation Failure)  30575K->24975K(32768K), 0.0008507 secs]
95.146: [GC (Allocation Failure)  30607K->24943K(32768K), 0.0009674 secs]
95.149: [GC (Allocation Failure)  30575K->24975K(32768K), 0.0008808 secs]
95.153: [GC (Allocation Failure)  30607K->24911K(32768K), 0.0009861 secs]
95.157: [GC (Allocation Failure)  30543K->24975K(32768K), 0.0009281 secs]
95.160: [GC (Allocation Failure)  30607K->24975K(32768K), 0.0010116 secs]
95.164: [GC (Allocation Failure)  30607K->24975K(32768K), 0.0012567 secs]
95.168: [GC (Allocation Failure)  30607K->25007K(32768K), 0.0011983 secs]
95.172: [GC (Allocation Failure)  30639K->25031K(32768K), 0.0011585 secs]
95.176: [GC (Allocation Failure)  30663K->24967K(32768K), 0.0009618 secs]
95.179: [GC (Allocation Failure)  30599K->24935K(32768K), 0.0012089 secs]
95.183: [GC (Allocation Failure)  30567K->24999K(32768K), 0.0010363 secs]
95.187: [GC (Allocation Failure)  30631K->24999K(32768K), 0.0009327 secs]
95.190: [GC (Allocation Failure)  30631K->24999K(32768K), 0.0008823 secs]
95.194: [GC (Allocation Failure)  30631K->25031K(32768K), 0.0010513 secs]
95.198: [GC (Allocation Failure)  30663K->24999K(32768K), 0.0009075 secs]
95.201: [GC (Allocation Failure)  30631K->24967K(32768K), 0.0008094 secs]
95.204: [GC (Allocation Failure)  30599K->24999K(32768K), 0.0008052 secs]
95.208: [GC (Allocation Failure)  30631K->24999K(32768K), 0.0008327 secs]
95.212: [GC (Allocation Failure)  30631K->25063K(32768K), 0.0016737 secs]
95.217: [GC (Allocation Failure)  30695K->25015K(32768K), 0.0022765 secs]
95.223: [GC (Allocation Failure)  30647K->25039K(32768K), 0.0022384 secs]
95.229: [GC (Allocation Failure)  30671K->25047K(32768K), 0.0018687 secs]
95.234: [GC (Allocation Failure)  30679K->25055K(32768K), 0.0013797 secs]
95.239: [GC (Allocation Failure)  30687K->25039K(32768K), 0.0018175 secs]
95.245: [GC (Allocation Failure)  30671K->25071K(32768K), 0.0013164 secs]
95.249: [GC (Allocation Failure)  30703K->25071K(32768K), 0.0010528 secs]
95.252: [GC (Allocation Failure)  30703K->25039K(32768K), 0.0011150 secs]
95.256: [GC (Allocation Failure)  30671K->25039K(32768K), 0.0010897 secs]
95.260: [GC (Allocation Failure)  30671K->25071K(32768K), 0.0008825 secs]
95.263: [GC (Allocation Failure)  30703K->25071K(32768K), 0.0009571 secs]
95.267: [GC (Allocation Failure)  30703K->25103K(32768K), 0.0008312 secs]
95.270: [GC (Allocation Failure)  30735K->25119K(32768K), 0.0009143 secs]
95.274: [GC (Allocation Failure)  30751K->25087K(32768K), 0.0009403 secs]
95.277: [GC (Allocation Failure)  30719K->25087K(32768K), 0.0008517 secs]
95.281: [GC (Allocation Failure)  30719K->25119K(32768K), 0.0008441 secs]
95.284: [GC (Allocation Failure)  30751K->25119K(32768K), 0.0009874 secs]
95.288: [GC (Allocation Failure)  30751K->25119K(32768K), 0.0010700 secs]
95.292: [GC (Allocation Failure)  30751K->25087K(32768K), 0.0009037 secs]
95.295: [GC (Allocation Failure)  30719K->25055K(32768K), 0.0009942 secs]
95.299: [GC (Allocation Failure)  30687K->25119K(32768K), 0.0009362 secs]
95.302: [GC (Allocation Failure)  30751K->25095K(32768K), 0.0008376 secs]
95.306: [GC (Allocation Failure)  30727K->25095K(32768K), 0.0010851 secs]
95.310: [GC (Allocation Failure)  30727K->25191K(32768K), 0.0008455 secs]
95.314: [GC (Allocation Failure)  30823K->25127K(32768K), 0.0013298 secs]
95.318: [GC (Allocation Failure)  30759K->25223K(32768K), 0.0011489 secs]
95.322: [GC (Allocation Failure)  30855K->25223K(32768K), 0.0010876 secs]
95.326: [GC (Allocation Failure)  30855K->25199K(32768K), 0.0009891 secs]
95.329: [GC (Allocation Failure)  30831K->25135K(32768K), 0.0009466 secs]
95.333: [GC (Allocation Failure)  30767K->25135K(32768K), 0.0009430 secs]
95.336: [GC (Allocation Failure)  30767K->25135K(32768K), 0.0011704 secs]
95.340: [GC (Allocation Failure)  30767K->25103K(32768K), 0.0010129 secs]
95.344: [GC (Allocation Failure)  30735K->25135K(32768K), 0.0010081 secs]
95.348: [GC (Allocation Failure)  30767K->25167K(32768K), 0.0010533 secs]
95.351: [GC (Allocation Failure)  30799K->25167K(32768K), 0.0008760 secs]
95.355: [GC (Allocation Failure)  30799K->25199K(32768K), 0.0010527 secs]
95.359: [GC (Allocation Failure)  30831K->25167K(32768K), 0.0011197 secs]
95.363: [GC (Allocation Failure)  30799K->25167K(32768K), 0.0010779 secs]
95.366: [GC (Allocation Failure)  30799K->25167K(32768K), 0.0010372 secs]
95.370: [GC (Allocation Failure)  30799K->25199K(32768K), 0.0010752 secs]
95.374: [GC (Allocation Failure)  30831K->25183K(32768K), 0.0009631 secs]
95.378: [GC (Allocation Failure)  30815K->25151K(32768K), 0.0009883 secs]
95.381: [GC (Allocation Failure)  30783K->25183K(32768K), 0.0008673 secs]
95.385: [GC (Allocation Failure)  30815K->25151K(32768K), 0.0009911 secs]
95.388: [GC (Allocation Failure)  30783K->25183K(32768K), 0.0009840 secs]
95.392: [GC (Allocation Failure)  30815K->25119K(32768K), 0.0011116 secs]
95.396: [GC (Allocation Failure)  30751K->25151K(32768K), 0.0012517 secs]
95.400: [GC (Allocation Failure)  30783K->25183K(32768K), 0.0010638 secs]
95.404: [GC (Allocation Failure)  30815K->25151K(32768K), 0.0012709 secs]
95.408: [GC (Allocation Failure)  30783K->25151K(32768K), 0.0010762 secs]
95.412: [GC (Allocation Failure)  30783K->25215K(32768K), 0.0012256 secs]
95.417: [GC (Allocation Failure)  30847K->25199K(32768K), 0.0013382 secs]
95.421: [GC (Allocation Failure)  30831K->25263K(32768K), 0.0020972 secs]
95.426: [GC (Allocation Failure)  30895K->25255K(32768K), 0.0015842 secs]
95.430: [GC (Allocation Failure)  30887K->25231K(32768K), 0.0015047 secs]
95.435: [GC (Allocation Failure)  30863K->25263K(32768K), 0.0011784 secs]
95.439: [GC (Allocation Failure)  30895K->25263K(32768K), 0.0013046 secs]
95.443: [GC (Allocation Failure)  30895K->25231K(32768K), 0.0012101 secs]
95.447: [GC (Allocation Failure)  30863K->25231K(32768K), 0.0014744 secs]
95.451: [GC (Allocation Failure)  30863K->25263K(32768K), 0.0011503 secs]
95.456: [GC (Allocation Failure)  30895K->25263K(32768K), 0.0012158 secs]
95.460: [GC (Allocation Failure)  30895K->25295K(32768K), 0.0011724 secs]
95.464: [GC (Allocation Failure)  30927K->25199K(32768K), 0.0012116 secs]
95.468: [GC (Allocation Failure)  30831K->25231K(32768K), 0.0011388 secs]
95.472: [GC (Allocation Failure)  30863K->25295K(32768K), 0.0012704 secs]
95.476: [GC (Allocation Failure)  30927K->25279K(32768K), 0.0012457 secs]
95.480: [GC (Allocation Failure)  30911K->25247K(32768K), 0.0015253 secs]
95.484: [GC (Allocation Failure)  30879K->25311K(32768K), 0.0011865 secs]
95.488: [GC (Allocation Failure)  30943K->25311K(32768K), 0.0010371 secs]
95.492: [GC (Allocation Failure)  30943K->25215K(32768K), 0.0014637 secs]
95.496: [GC (Allocation Failure)  30847K->25279K(32768K), 0.0010920 secs]
95.500: [GC (Allocation Failure)  30911K->25247K(32768K), 0.0010071 secs]
95.504: [GC (Allocation Failure)  30879K->25215K(32768K), 0.0011981 secs]
95.507: [GC (Allocation Failure)  30847K->25279K(32768K), 0.0009432 secs]
95.511: [GC (Allocation Failure)  30911K->25343K(32768K), 0.0014370 secs]
95.515: [GC (Allocation Failure)  30975K->25391K(32768K), 0.0011552 secs]
95.520: [GC (Allocation Failure)  31023K->25295K(32768K), 0.0015136 secs]
95.524: [GC (Allocation Failure)  30927K->25391K(32768K), 0.0013001 secs]
95.528: [GC (Allocation Failure)  31023K->25415K(32768K), 0.0009979 secs]
95.531: [GC (Allocation Failure)  31047K->25415K(32768K), 0.0010105 secs]
95.535: [GC (Allocation Failure)  31047K->25383K(32768K), 0.0010587 secs]
95.539: [GC (Allocation Failure)  31015K->25383K(32768K), 0.0010825 secs]
95.543: [GC (Allocation Failure)  31015K->25351K(32768K), 0.0010718 secs]
95.546: [GC (Allocation Failure)  30983K->25383K(32768K), 0.0012272 secs]
95.550: [GC (Allocation Failure)  31015K->25351K(32768K), 0.0011031 secs]
95.555: [GC (Allocation Failure)  30983K->25415K(32768K), 0.0013323 secs]
95.559: [GC (Allocation Failure)  31047K->25383K(32768K), 0.0013943 secs]
95.563: [GC (Allocation Failure)  31015K->25383K(32768K), 0.0010921 secs]
95.566: [GC (Allocation Failure)  31015K->25319K(32768K), 0.0011213 secs]
95.570: [GC (Allocation Failure)  30951K->25351K(32768K), 0.0011091 secs]
95.574: [GC (Allocation Failure)  30983K->25383K(32768K), 0.0012288 secs]
95.578: [GC (Allocation Failure)  31015K->25399K(32768K), 0.0011371 secs]
95.582: [GC (Allocation Failure)  31031K->25367K(32768K), 0.0010749 secs]
95.586: [GC (Allocation Failure)  30999K->25367K(32768K), 0.0013091 secs]
95.590: [GC (Allocation Failure)  30999K->25431K(32768K), 0.0010782 secs]
95.593: [GC (Allocation Failure)  31063K->25335K(32768K), 0.0010978 secs]
95.597: [GC (Allocation Failure)  30967K->25399K(32768K), 0.0011301 secs]
95.601: [GC (Allocation Failure)  31031K->25367K(32768K), 0.0011672 secs]
95.605: [GC (Allocation Failure)  30999K->25335K(32768K), 0.0011067 secs]
95.609: [GC (Allocation Failure)  30967K->25335K(32768K), 0.0011065 secs]
95.613: [GC (Allocation Failure)  30967K->25463K(32768K), 0.0015397 secs]
95.618: [GC (Allocation Failure)  31095K->25479K(32768K), 0.0015372 secs]
95.623: [GC (Allocation Failure)  31111K->25527K(32768K), 0.0012516 secs]
95.627: [GC (Allocation Failure)  31159K->25479K(32768K), 0.0018520 secs]
95.632: [GC (Allocation Failure)  31111K->25575K(32768K), 0.0015769 secs]
95.637: [GC (Allocation Failure)  31207K->25559K(32768K), 0.0013811 secs]
95.640: [GC (Allocation Failure)  31191K->25527K(32768K), 0.0011270 secs]
95.644: [GC (Allocation Failure)  31159K->25559K(32768K), 0.0010370 secs]
95.648: [GC (Allocation Failure)  31191K->25527K(32768K), 0.0011270 secs]
95.652: [GC (Allocation Failure)  31159K->25527K(32768K), 0.0011757 secs]
95.656: [GC (Allocation Failure)  31159K->25495K(32768K), 0.0012090 secs]
95.660: [GC (Allocation Failure)  31127K->25495K(32768K), 0.0012327 secs]
95.663: [GC (Allocation Failure)  31127K->25559K(32768K), 0.0010933 secs]
95.667: [GC (Allocation Failure)  31191K->25559K(32768K), 0.0010194 secs]
95.671: [GC (Allocation Failure)  31191K->25527K(32768K), 0.0011658 secs]
95.675: [GC (Allocation Failure)  31159K->25623K(32768K), 0.0010094 secs]
95.679: [GC (Allocation Failure)  31255K->25575K(32768K), 0.0010194 secs]
95.682: [GC (Allocation Failure)  31207K->25511K(32768K), 0.0013621 secs]
95.686: [GC (Allocation Failure)  31143K->25575K(32768K), 0.0010926 secs]
95.690: [GC (Allocation Failure)  31207K->25639K(32768K), 0.0010706 secs]
95.693: [GC (Allocation Failure)  31271K->25607K(32768K), 0.0010272 secs]
95.697: [GC (Allocation Failure)  31239K->25543K(32768K), 0.0009353 secs]
95.701: [GC (Allocation Failure)  31175K->25543K(32768K), 0.0009238 secs]
95.704: [GC (Allocation Failure)  31175K->25543K(32768K), 0.0009175 secs]
95.708: [GC (Allocation Failure)  31175K->25543K(32768K), 0.0009452 secs]
95.712: [GC (Allocation Failure)  31175K->25639K(32768K), 0.0011784 secs]
95.716: [GC (Allocation Failure)  31271K->25687K(32768K), 0.0011486 secs]
95.721: [GC (Allocation Failure)  31319K->25671K(32768K), 0.0018008 secs]
95.725: [GC (Allocation Failure)  31303K->25743K(32768K), 0.0009656 secs]
95.729: [GC (Allocation Failure)  31375K->25735K(32768K), 0.0009562 secs]
95.732: [GC (Allocation Failure)  31367K->25703K(32768K), 0.0008635 secs]
95.736: [GC (Allocation Failure)  31335K->25671K(32768K), 0.0008867 secs]
95.739: [GC (Allocation Failure)  31303K->25703K(32768K), 0.0008598 secs]
95.743: [GC (Allocation Failure)  31335K->25735K(32768K), 0.0010992 secs]
95.747: [GC (Allocation Failure)  31367K->25671K(32768K), 0.0009756 secs]
95.751: [GC (Allocation Failure)  31303K->25671K(32768K), 0.0009789 secs]
95.755: [GC (Allocation Failure)  31303K->25671K(32768K), 0.0009680 secs]
95.759: [GC (Allocation Failure)  31303K->25703K(32768K), 0.0009710 secs]
95.762: [GC (Allocation Failure)  31335K->25735K(32768K), 0.0010440 secs]
95.766: [GC (Allocation Failure)  31367K->25703K(32768K), 0.0007941 secs]
95.770: [GC (Allocation Failure)  31335K->25703K(32768K), 0.0009385 secs]
95.773: [GC (Allocation Failure)  31335K->25703K(32768K), 0.0010021 secs]
95.777: [GC (Allocation Failure)  31335K->25735K(32768K), 0.0010465 secs]
95.781: [GC (Allocation Failure)  31367K->25759K(32768K), 0.0009798 secs]
95.785: [GC (Allocation Failure)  31391K->25727K(32768K), 0.0013158 secs]
95.790: [GC (Allocation Failure)  31359K->25695K(32768K), 0.0010296 secs]
95.794: [GC (Allocation Failure)  31327K->25823K(32768K), 0.0011674 secs]
95.798: [GC (Allocation Failure)  31455K->25759K(32768K), 0.0010560 secs]
95.802: [GC (Allocation Failure)  31391K->25751K(32768K), 0.0010992 secs]
95.806: [GC (Allocation Failure)  31383K->25783K(32768K), 0.0010193 secs]
95.809: [GC (Allocation Failure)  31415K->25783K(32768K), 0.0009820 secs]
95.813: [GC (Allocation Failure)  31415K->25815K(32768K), 0.0009295 secs]
95.818: [GC (Allocation Failure)  31447K->25895K(32768K), 0.0011852 secs]
95.822: [GC (Allocation Failure)  31527K->25839K(32768K), 0.0011242 secs]
95.826: [GC (Allocation Failure)  31471K->25879K(32768K), 0.0010614 secs]
95.830: [GC (Allocation Failure)  31511K->25831K(32768K), 0.0009107 secs]
95.833: [GC (Allocation Failure)  31463K->25863K(32768K), 0.0009468 secs]
95.837: [GC (Allocation Failure)  31495K->25831K(32768K), 0.0011641 secs]
95.840: [GC (Allocation Failure)  31463K->25863K(32768K), 0.0009218 secs]
95.844: [GC (Allocation Failure)  31495K->25895K(32768K), 0.0009474 secs]
95.847: [GC (Allocation Failure)  31527K->25831K(32768K), 0.0008866 secs]
95.851: [GC (Allocation Failure)  31463K->25863K(32768K), 0.0007419 secs]
95.854: [GC (Allocation Failure)  31495K->25895K(32768K), 0.0008991 secs]
95.857: [GC (Allocation Failure)  31527K->25863K(32768K), 0.0007550 secs]
95.861: [GC (Allocation Failure)  31495K->25831K(32768K), 0.0007974 secs]
95.864: [GC (Allocation Failure)  31463K->25863K(32768K), 0.0008604 secs]
95.867: [GC (Allocation Failure)  31495K->25799K(32768K), 0.0008450 secs]
95.871: [GC (Allocation Failure)  31431K->25863K(32768K), 0.0009830 secs]
95.875: [GC (Allocation Failure)  31495K->25863K(32768K), 0.0007946 secs]
95.878: [GC (Allocation Failure)  31495K->25863K(32768K), 0.0009008 secs]
95.881: [GC (Allocation Failure)  31495K->25903K(32768K), 0.0007808 secs]
95.884: [GC (Allocation Failure)  31535K->25839K(32768K), 0.0008259 secs]
95.888: [GC (Allocation Failure)  31471K->25903K(32768K), 0.0009344 secs]
95.891: [GC (Allocation Failure)  31535K->25839K(32768K), 0.0007701 secs]
95.895: [GC (Allocation Failure)  31471K->25935K(32768K), 0.0008178 secs]
95.898: [GC (Allocation Failure)  31567K->25807K(32768K), 0.0010936 secs]
95.902: [GC (Allocation Failure)  31439K->25903K(32768K), 0.0010673 secs]
95.906: [GC (Allocation Failure)  31535K->25807K(32768K), 0.0009195 secs]
95.909: [GC (Allocation Failure)  31439K->25871K(32768K), 0.0008441 secs]
95.912: [GC (Allocation Failure)  31503K->25903K(32768K), 0.0008989 secs]
95.916: [GC (Allocation Failure)  31535K->25967K(32768K), 0.0009028 secs]
95.920: [GC (Allocation Failure)  31599K->25887K(32768K), 0.0011493 secs]
95.924: [GC (Allocation Failure)  31519K->25951K(32768K), 0.0010533 secs]
95.928: [GC (Allocation Failure)  31583K->26047K(32768K), 0.0011741 secs]
95.932: [GC (Allocation Failure)  31679K->25943K(32768K), 0.0008102 secs]
95.935: [GC (Allocation Failure)  31575K->25975K(32768K), 0.0008605 secs]
95.939: [GC (Allocation Failure)  31607K->26007K(32768K), 0.0009460 secs]
95.942: [GC (Allocation Failure)  31639K->26007K(32768K), 0.0008922 secs]
95.945: [GC (Allocation Failure)  31639K->26039K(32768K), 0.0008385 secs]
95.949: [GC (Allocation Failure)  31671K->25943K(32768K), 0.0008931 secs]
95.952: [GC (Allocation Failure)  31575K->26007K(32768K), 0.0009527 secs]
95.955: [GC (Allocation Failure)  31639K->25975K(32768K), 0.0008360 secs]
95.959: [GC (Allocation Failure)  31607K->25975K(32768K), 0.0010616 secs]
95.963: [GC (Allocation Failure)  31607K->25975K(32768K), 0.0011222 secs]
95.967: [GC (Allocation Failure)  31607K->26007K(32768K), 0.0008449 secs]
95.970: [GC (Allocation Failure)  31639K->25975K(32768K), 0.0009297 secs]
95.974: [GC (Allocation Failure)  31607K->26007K(32768K), 0.0009214 secs]
95.977: [GC (Allocation Failure)  31639K->26039K(32768K), 0.0007994 secs]
95.980: [GC (Allocation Failure)  31671K->26007K(32768K), 0.0007327 secs]
95.984: [GC (Allocation Failure)  31639K->25991K(32768K), 0.0008873 secs]
95.987: [GC (Allocation Failure)  31623K->26055K(32768K), 0.0008594 secs]
95.990: [GC (Allocation Failure)  31687K->25991K(32768K), 0.0008157 secs]
95.994: [GC (Allocation Failure)  31623K->26023K(32768K), 0.0008176 secs]
95.997: [GC (Allocation Failure)  31655K->26023K(32768K), 0.0009387 secs]
96.000: [GC (Allocation Failure)  31655K->26055K(32768K), 0.0007962 secs]
96.004: [GC (Allocation Failure)  31687K->25991K(32768K), 0.0007954 secs]
96.007: [GC (Allocation Failure)  31623K->26055K(32768K), 0.0008454 secs]
96.010: [GC (Allocation Failure)  31687K->26023K(32768K), 0.0008788 secs]
96.014: [GC (Allocation Failure)  31655K->26119K(32768K), 0.0008772 secs]
96.018: [GC (Allocation Failure)  31751K->26127K(32768K), 0.0009773 secs]
96.023: [GC (Allocation Failure)  31759K->26143K(32768K), 0.0010161 secs]
96.026: [GC (Allocation Failure)  31775K->26055K(32768K), 0.0008622 secs]
96.030: [GC (Allocation Failure)  31687K->26119K(32768K), 0.0008956 secs]
96.033: [GC (Allocation Failure)  31751K->26071K(32768K), 0.0009578 secs]
96.037: [GC (Allocation Failure)  31703K->26103K(32768K), 0.0010825 secs]
96.041: [GC (Allocation Failure)  31735K->26103K(32768K), 0.0011305 secs]
96.045: [GC (Allocation Failure)  31735K->26135K(32768K), 0.0010997 secs]
96.048: [GC (Allocation Failure)  31767K->26071K(32768K), 0.0009328 secs]
96.052: [GC (Allocation Failure)  31703K->26071K(32768K), 0.0010057 secs]
96.055: [GC (Allocation Failure)  31703K->26071K(32768K), 0.0011166 secs]
96.059: [GC (Allocation Failure)  31703K->26071K(32768K), 0.0009196 secs]
96.062: [GC (Allocation Failure)  31703K->26071K(32768K), 0.0008143 secs]
96.066: [GC (Allocation Failure)  31703K->26071K(32768K), 0.0008738 secs]
96.069: [GC (Allocation Failure)  31703K->26103K(32768K), 0.0008020 secs]
96.073: [GC (Allocation Failure)  31735K->26103K(32768K), 0.0008159 secs]
96.076: [GC (Allocation Failure)  31735K->26103K(32768K), 0.0007690 secs]
96.080: [GC (Allocation Failure)  31735K->26135K(32768K), 0.0009902 secs]
96.083: [GC (Allocation Failure)  31767K->26055K(32768K), 0.0008302 secs]
96.087: [GC (Allocation Failure)  31687K->26151K(32768K), 0.0009630 secs]
96.090: [GC (Allocation Failure)  31783K->26119K(32768K), 0.0008361 secs]
96.094: [GC (Allocation Failure)  31751K->26119K(32768K), 0.0008821 secs]
96.097: [GC (Allocation Failure)  31751K->26183K(32768K), 0.0008035 secs]
96.100: [GC (Allocation Failure)  31815K->26119K(32768K), 0.0008065 secs]
96.104: [GC (Allocation Failure)  31751K->26055K(32768K), 0.0009552 secs]
96.107: [GC (Allocation Failure)  31687K->26055K(32768K), 0.0007707 secs]
96.111: [GC (Allocation Failure)  31687K->26119K(32768K), 0.0008015 secs]
96.115: [GC (Allocation Failure)  31751K->26215K(32768K), 0.0012100 secs]
96.121: [GC (Allocation Failure)  31847K->26175K(32768K), 0.0018102 secs]
96.126: [GC (Allocation Failure)  31807K->26151K(32768K), 0.0013467 secs]
96.131: [GC (Allocation Failure)  31783K->26223K(32768K), 0.0011653 secs]
96.134: [GC (Allocation Failure)  31855K->26207K(32768K), 0.0009898 secs]
96.138: [GC (Allocation Failure)  31839K->26239K(32768K), 0.0011473 secs]
96.142: [GC (Allocation Failure)  31871K->26207K(32768K), 0.0008643 secs]
96.145: [GC (Allocation Failure)  31839K->26175K(32768K), 0.0009290 secs]
96.148: [GC (Allocation Failure)  31807K->26175K(32768K), 0.0008254 secs]
96.152: [GC (Allocation Failure)  31807K->26207K(32768K), 0.0008036 secs]
96.156: [GC (Allocation Failure)  31839K->26175K(32768K), 0.0008413 secs]
96.159: [GC (Allocation Failure)  31807K->26175K(32768K), 0.0009677 secs]
96.162: [GC (Allocation Failure)  31807K->26207K(32768K), 0.0009789 secs]
96.166: [GC (Allocation Failure)  31839K->26239K(32768K), 0.0009967 secs]
96.169: [GC (Allocation Failure)  31871K->26175K(32768K), 0.0009123 secs]
96.173: [GC (Allocation Failure)  31807K->26207K(32768K), 0.0008809 secs]
96.177: [GC (Allocation Failure)  31839K->26239K(32768K), 0.0007563 secs]
96.180: [GC (Allocation Failure)  31871K->26207K(32768K), 0.0008205 secs]
96.183: [GC (Allocation Failure)  31839K->26207K(32768K), 0.0008973 secs]
96.187: [GC (Allocation Failure)  31839K->26223K(32768K), 0.0008274 secs]
96.190: [GC (Allocation Failure)  31855K->26287K(32768K), 0.0008447 secs]
96.194: [GC (Allocation Failure)  31919K->26191K(32768K), 0.0007436 secs]
96.197: [GC (Allocation Failure)  31823K->26159K(32768K), 0.0008409 secs]
96.200: [GC (Allocation Failure)  31791K->26159K(32768K), 0.0008241 secs]
96.203: [GC (Allocation Failure)  31791K->26223K(32768K), 0.0009715 secs]
96.207: [GC (Allocation Failure)  31855K->26255K(32768K), 0.0009411 secs]
96.210: [GC (Allocation Failure)  31887K->26255K(32768K), 0.0009004 secs]
96.214: [GC (Allocation Failure)  31887K->26223K(32768K), 0.0009238 secs]
96.218: [GC (Allocation Failure)  31855K->26287K(32768K), 0.0011179 secs]
96.222: [GC (Allocation Failure)  31919K->26327K(32768K), 0.0011819 secs]
96.226: [GC (Allocation Failure)  31959K->26391K(32768K), 0.0008941 secs]
96.230: [GC (Allocation Failure)  32023K->26303K(32768K), 0.0010680 secs]
96.233: [GC (Allocation Failure)  31935K->26335K(32768K), 0.0008270 secs]
96.237: [GC (Allocation Failure)  31967K->26351K(32768K), 0.0009004 secs]
96.240: [GC (Allocation Failure)  31983K->26319K(32768K), 0.0008795 secs]
96.244: [GC (Allocation Failure)  31951K->26287K(32768K), 0.0009336 secs]
96.247: [GC (Allocation Failure)  31919K->26351K(32768K), 0.0008032 secs]
96.251: [GC (Allocation Failure)  31983K->26351K(32768K), 0.0008258 secs]
96.254: [GC (Allocation Failure)  31983K->26287K(32768K), 0.0008449 secs]
96.257: [GC (Allocation Failure)  31919K->26287K(32768K), 0.0008876 secs]
96.260: [GC (Allocation Failure)  31919K->26351K(32768K), 0.0007884 secs]
96.264: [GC (Allocation Failure)  31983K->26255K(32768K), 0.0008034 secs]
96.267: [GC (Allocation Failure)  31887K->26287K(32768K), 0.0008754 secs]
96.270: [GC (Allocation Failure)  31919K->26319K(32768K), 0.0008196 secs]
96.273: [GC (Allocation Failure)  31951K->26255K(32768K), 0.0008633 secs]
96.277: [GC (Allocation Failure)  31887K->26319K(32768K), 0.0008339 secs]
96.280: [GC (Allocation Failure)  31951K->26287K(32768K), 0.0007542 secs]
96.283: [GC (Allocation Failure)  31919K->26319K(32768K), 0.0008437 secs]
96.287: [GC (Allocation Failure)  31951K->26399K(32768K), 0.0007266 secs]
96.290: [GC (Allocation Failure)  32031K->26303K(32768K), 0.0008793 secs]
96.293: [GC (Allocation Failure)  31935K->26303K(32768K), 0.0008527 secs]
96.297: [GC (Allocation Failure)  31935K->26367K(32768K), 0.0009835 secs]
96.300: [GC (Allocation Failure)  31999K->26271K(32768K), 0.0007671 secs]
96.304: [GC (Allocation Failure)  31903K->26303K(32768K), 0.0007717 secs]
96.307: [GC (Allocation Failure)  31935K->26271K(32768K), 0.0009892 secs]
96.310: [GC (Allocation Failure)  31903K->26335K(32768K), 0.0008755 secs]
96.313: [GC (Allocation Failure)  31967K->26335K(32768K), 0.0008910 secs]
96.317: [GC (Allocation Failure)  31967K->26431K(32768K), 0.0007524 secs]
96.322: [GC (Allocation Failure)  32063K->26439K(32768K), 0.0011597 secs]
96.325: [GC (Allocation Failure)  32071K->26359K(32768K), 0.0010754 secs]
96.329: [GC (Allocation Failure)  31991K->26455K(32768K), 0.0008983 secs]
96.333: [GC (Allocation Failure)  32087K->26551K(32768K), 0.0008993 secs]
96.336: [GC (Allocation Failure)  32183K->26439K(32768K), 0.0008077 secs]
96.340: [GC (Allocation Failure)  32071K->26439K(32768K), 0.0008169 secs]
96.343: [GC (Allocation Failure)  32071K->26407K(32768K), 0.0009753 secs]
96.347: [GC (Allocation Failure)  32039K->26375K(32768K), 0.0008651 secs]
96.350: [GC (Allocation Failure)  32007K->26375K(32768K), 0.0008290 secs]
96.353: [GC (Allocation Failure)  32007K->26439K(32768K), 0.0007873 secs]
96.356: [GC (Allocation Failure)  32071K->26407K(32768K), 0.0008341 secs]
96.360: [GC (Allocation Failure)  32039K->26375K(32768K), 0.0008935 secs]
96.363: [GC (Allocation Failure)  32007K->26439K(32768K), 0.0009326 secs]
96.367: [GC (Allocation Failure)  32071K->26471K(32768K), 0.0009673 secs]
96.370: [GC (Allocation Failure)  32103K->26439K(32768K), 0.0009041 secs]
96.374: [GC (Allocation Failure)  32071K->26439K(32768K), 0.0008792 secs]
96.377: [GC (Allocation Failure)  32071K->26439K(32768K), 0.0008090 secs]
96.380: [GC (Allocation Failure)  32071K->26471K(32768K), 0.0009298 secs]
96.384: [GC (Allocation Failure)  32103K->26471K(32768K), 0.0008741 secs]
96.387: [GC (Allocation Failure)  32103K->26487K(32768K), 0.0009268 secs]
96.391: [GC (Allocation Failure)  32119K->26487K(32768K), 0.0008061 secs]
96.394: [GC (Allocation Failure)  32119K->26423K(32768K), 0.0008305 secs]
96.397: [GC (Allocation Failure)  32055K->26455K(32768K), 0.0008808 secs]
96.401: [GC (Allocation Failure)  32087K->26455K(32768K), 0.0008365 secs]
96.404: [GC (Allocation Failure)  32087K->26423K(32768K), 0.0009552 secs]
96.408: [GC (Allocation Failure)  32055K->26487K(32768K), 0.0009631 secs]
96.412: [GC (Allocation Failure)  32119K->26487K(32768K), 0.0007671 secs]
96.415: [GC (Allocation Failure)  32119K->26487K(32768K), 0.0008843 secs]
96.419: [GC (Allocation Failure)  32119K->26551K(32768K), 0.0009047 secs]
96.423: [GC (Allocation Failure)  32183K->26519K(32768K), 0.0013334 secs]
96.428: [GC (Allocation Failure)  32151K->26511K(32768K), 0.0009406 secs]
96.431: [GC (Allocation Failure)  32143K->26519K(32768K), 0.0008572 secs]
96.435: [GC (Allocation Failure)  32151K->26551K(32768K), 0.0010489 secs]
96.438: [GC (Allocation Failure)  32183K->26559K(32768K), 0.0009126 secs]
96.442: [GC (Allocation Failure)  32191K->26527K(32768K), 0.0007970 secs]
96.445: [GC (Allocation Failure)  32159K->26527K(32768K), 0.0009341 secs]
96.448: [GC (Allocation Failure)  32159K->26463K(32768K), 0.0009499 secs]
96.452: [GC (Allocation Failure)  32095K->26495K(32768K), 0.0008821 secs]
96.455: [GC (Allocation Failure)  32127K->26527K(32768K), 0.0009368 secs]
96.459: [GC (Allocation Failure)  32159K->26527K(32768K), 0.0008887 secs]
96.462: [GC (Allocation Failure)  32159K->26527K(32768K), 0.0008282 secs]
96.466: [GC (Allocation Failure)  32159K->26527K(32768K), 0.0007767 secs]
96.469: [GC (Allocation Failure)  32159K->26527K(32768K), 0.0009820 secs]
96.472: [GC (Allocation Failure)  32159K->26527K(32768K), 0.0007876 secs]
96.475: [GC (Allocation Failure)  32159K->26527K(32768K), 0.0008261 secs]
96.479: [GC (Allocation Failure)  32159K->26527K(32768K), 0.0007821 secs]
96.482: [GC (Allocation Failure)  32159K->26559K(32768K), 0.0008526 secs]
96.485: [GC (Allocation Failure)  32191K->26559K(32768K), 0.0007769 secs]
96.489: [GC (Allocation Failure)  32191K->26575K(32768K), 0.0007686 secs]
96.492: [GC (Allocation Failure)  32207K->26543K(32768K), 0.0008555 secs]
96.495: [GC (Allocation Failure)  32175K->26511K(32768K), 0.0008645 secs]
96.499: [GC (Allocation Failure)  32143K->26543K(32768K), 0.0008682 secs]
96.502: [GC (Allocation Failure)  32175K->26543K(32768K), 0.0007933 secs]
96.506: [GC (Allocation Failure)  32175K->26543K(32768K), 0.0009185 secs]
96.509: [GC (Allocation Failure)  32175K->26575K(32768K), 0.0008425 secs]
96.513: [GC (Allocation Failure)  32207K->26479K(32768K), 0.0009299 secs]
96.516: [GC (Allocation Failure)  32111K->26543K(32768K), 0.0008989 secs]
96.520: [GC (Allocation Failure)  32175K->26639K(32768K), 0.0009390 secs]
96.524: [GC (Allocation Failure)  32271K->26647K(32768K), 0.0010061 secs]
96.528: [GC (Allocation Failure)  32279K->26583K(32768K), 0.0010207 secs]
96.532: [GC (Allocation Failure)  32215K->26591K(32768K), 0.0009126 secs]
96.535: [GC (Allocation Failure)  32223K->26623K(32768K), 0.0009083 secs]
96.538: [GC (Allocation Failure)  32255K->26639K(32768K), 0.0008840 secs]
96.542: [GC (Allocation Failure)  32271K->26639K(32768K), 0.0009401 secs]
96.545: [GC (Allocation Failure)  32271K->26671K(32768K), 0.0009366 secs]
96.549: [GC (Allocation Failure)  32303K->26639K(32768K), 0.0008313 secs]
96.552: [GC (Allocation Failure)  32271K->26607K(32768K), 0.0007852 secs]
96.556: [GC (Allocation Failure)  32239K->26607K(32768K), 0.0008067 secs]
96.559: [GC (Allocation Failure)  32239K->26607K(32768K), 0.0007637 secs]
96.562: [GC (Allocation Failure)  32239K->26639K(32768K), 0.0008657 secs]
96.565: [GC (Allocation Failure)  32271K->26639K(32768K), 0.0008378 secs]
96.568: [GC (Allocation Failure)  32271K->26639K(32768K), 0.0008362 secs]
96.572: [GC (Allocation Failure)  32271K->26639K(32768K), 0.0008200 secs]
96.576: [GC (Allocation Failure)  32271K->26639K(32768K), 0.0008557 secs]
96.579: [GC (Allocation Failure)  32271K->26607K(32768K), 0.0008574 secs]
96.582: [GC (Allocation Failure)  32239K->26607K(32768K), 0.0007813 secs]
96.586: [GC (Allocation Failure)  32239K->26671K(32768K), 0.0009086 secs]
96.589: [GC (Allocation Failure)  32303K->26615K(32768K), 0.0008276 secs]
96.593: [GC (Allocation Failure)  32247K->26647K(32768K), 0.0008314 secs]
96.596: [GC (Allocation Failure)  32279K->26647K(32768K), 0.0008628 secs]
96.599: [GC (Allocation Failure)  32279K->26647K(32768K), 0.0007172 secs]
96.602: [GC (Allocation Failure)  32279K->26647K(32768K), 0.0010766 secs]
96.606: [GC (Allocation Failure)  32279K->26583K(32768K), 0.0008919 secs]
96.609: [GC (Allocation Failure)  32215K->26647K(32768K), 0.0008009 secs]
96.612: [GC (Allocation Failure)  32279K->26647K(32768K), 0.0007921 secs]
96.616: [GC (Allocation Failure)  32279K->26647K(32768K), 0.0008284 secs]
96.619: [GC (Allocation Failure)  32279K->26679K(32768K), 0.0009880 secs]
96.623: [GC (Allocation Failure)  32311K->26631K(32768K), 0.0008213 secs]
96.623: [Full GC (Ergonomics)  26631K->20955K(31232K), 0.1726293 secs]
96.800: [GC (Allocation Failure)  26587K->21147K(31232K), 0.0019110 secs]
96.806: [GC (Allocation Failure)  26779K->21147K(31232K), 0.0013233 secs]
96.810: [GC (Allocation Failure)  26779K->21027K(31232K), 0.0012043 secs]
96.813: [GC (Allocation Failure)  26659K->21091K(31232K), 0.0009841 secs]
96.817: [GC (Allocation Failure)  26723K->21059K(31232K), 0.0009003 secs]
96.821: [GC (Allocation Failure)  26691K->21059K(31232K), 0.0009460 secs]
96.824: [GC (Allocation Failure)  26691K->21059K(31232K), 0.0009184 secs]
96.827: [GC (Allocation Failure)  26691K->21059K(31232K), 0.0008579 secs]
96.831: [GC (Allocation Failure)  26691K->21059K(31232K), 0.0008284 secs]
96.834: [GC (Allocation Failure)  26691K->21059K(31232K), 0.0008336 secs]
96.838: [GC (Allocation Failure)  26691K->21091K(31232K), 0.0010619 secs]
96.842: [GC (Allocation Failure)  26723K->21123K(31232K), 0.0009448 secs]
96.845: [GC (Allocation Failure)  26755K->21027K(31232K), 0.0008750 secs]
96.849: [GC (Allocation Failure)  26659K->21059K(31232K), 0.0007787 secs]
96.852: [GC (Allocation Failure)  26691K->21107K(31232K), 0.0009711 secs]
96.856: [GC (Allocation Failure)  26739K->21107K(31232K), 0.0007692 secs]
96.859: [GC (Allocation Failure)  26739K->21107K(31232K), 0.0008014 secs]
96.862: [GC (Allocation Failure)  26739K->21139K(31232K), 0.0007240 secs]
96.865: [GC (Allocation Failure)  26771K->21139K(31232K), 0.0007254 secs]
96.868: [GC (Allocation Failure)  26771K->21107K(31232K), 0.0007563 secs]
96.872: [GC (Allocation Failure)  26739K->21075K(31232K), 0.0008184 secs]
96.875: [GC (Allocation Failure)  26707K->21075K(31232K), 0.0008527 secs]
96.878: [GC (Allocation Failure)  26707K->21075K(31232K), 0.0008027 secs]
96.882: [GC (Allocation Failure)  26707K->21075K(31232K), 0.0007124 secs]
96.885: [GC (Allocation Failure)  26707K->21139K(31232K), 0.0007759 secs]
96.888: [GC (Allocation Failure)  26771K->21107K(31232K), 0.0008116 secs]
96.891: [GC (Allocation Failure)  26739K->21107K(31232K), 0.0007655 secs]
96.895: [GC (Allocation Failure)  26739K->21107K(31232K), 0.0007574 secs]
96.898: [GC (Allocation Failure)  26739K->21203K(31232K), 0.0010369 secs]
96.904: [GC (Allocation Failure)  26835K->21195K(31232K), 0.0015031 secs]
96.908: [GC (Allocation Failure)  26827K->21155K(31232K), 0.0009919 secs]
96.911: [GC (Allocation Failure)  26787K->21163K(31232K), 0.0009559 secs]
96.915: [GC (Allocation Failure)  26795K->21195K(31232K), 0.0008785 secs]
96.918: [GC (Allocation Failure)  26827K->21131K(31232K), 0.0009447 secs]
96.921: [GC (Allocation Failure)  26763K->21099K(31232K), 0.0008621 secs]
96.925: [GC (Allocation Failure)  26731K->21131K(31232K), 0.0008968 secs]
96.928: [GC (Allocation Failure)  26763K->21163K(31232K), 0.0008372 secs]
96.931: [GC (Allocation Failure)  26795K->21131K(31232K), 0.0008331 secs]
96.935: [GC (Allocation Failure)  26763K->21163K(31232K), 0.0008275 secs]
96.938: [GC (Allocation Failure)  26795K->21195K(31232K), 0.0009063 secs]
96.942: [GC (Allocation Failure)  26827K->21195K(31232K), 0.0009037 secs]
96.945: [GC (Allocation Failure)  26827K->21195K(31232K), 0.0007220 secs]
96.949: [GC (Allocation Failure)  26827K->21163K(31232K), 0.0007582 secs]
96.952: [GC (Allocation Failure)  26795K->21227K(31232K), 0.0009242 secs]
96.955: [GC (Allocation Failure)  26859K->21147K(31232K), 0.0007283 secs]
96.958: [GC (Allocation Failure)  26779K->21179K(31232K), 0.0008088 secs]
96.962: [GC (Allocation Failure)  26811K->21211K(31232K), 0.0009218 secs]
96.965: [GC (Allocation Failure)  26843K->21115K(31232K), 0.0007493 secs]
96.968: [GC (Allocation Failure)  26747K->21211K(31232K), 0.0009138 secs]
96.972: [GC (Allocation Failure)  26843K->21115K(31232K), 0.0008310 secs]
96.975: [GC (Allocation Failure)  26747K->21179K(31232K), 0.0008255 secs]
96.978: [GC (Allocation Failure)  26811K->21147K(31232K), 0.0007791 secs]
96.982: [GC (Allocation Failure)  26779K->21179K(31232K), 0.0009026 secs]
96.985: [GC (Allocation Failure)  26811K->21179K(31232K), 0.0008361 secs]
96.988: [GC (Allocation Failure)  26811K->21147K(31232K), 0.0008291 secs]
96.992: [GC (Allocation Failure)  26779K->21179K(31232K), 0.0008544 secs]
96.995: [GC (Allocation Failure)  26811K->21179K(31232K), 0.0008841 secs]
96.999: [GC (Allocation Failure)  26811K->21211K(31232K), 0.0008870 secs]
97.002: [GC (Allocation Failure)  26843K->21211K(31232K), 0.0010367 secs]
97.007: [GC (Allocation Failure)  26843K->21291K(31232K), 0.0011079 secs]
97.011: [GC (Allocation Failure)  26923K->21235K(31232K), 0.0009496 secs]
97.014: [GC (Allocation Failure)  26867K->21179K(31232K), 0.0007616 secs]
97.018: [GC (Allocation Failure)  26811K->21243K(31232K), 0.0009355 secs]
97.021: [GC (Allocation Failure)  26875K->21211K(31232K), 0.0008523 secs]
97.024: [GC (Allocation Failure)  26843K->21243K(31232K), 0.0010334 secs]
97.028: [GC (Allocation Failure)  26875K->21243K(31232K), 0.0009345 secs]
97.032: [GC (Allocation Failure)  26875K->21243K(31232K), 0.0007975 secs]
97.035: [GC (Allocation Failure)  26875K->21275K(31232K), 0.0009124 secs]
97.039: [GC (Allocation Failure)  26907K->21243K(31232K), 0.0011054 secs]
97.043: [GC (Allocation Failure)  26875K->21243K(31232K), 0.0011547 secs]
97.047: [GC (Allocation Failure)  26875K->21243K(31232K), 0.0009208 secs]
97.051: [GC (Allocation Failure)  26875K->21275K(31232K), 0.0010789 secs]
97.055: [GC (Allocation Failure)  26907K->21259K(31232K), 0.0009606 secs]
97.058: [GC (Allocation Failure)  26891K->21227K(31232K), 0.0009722 secs]
97.062: [GC (Allocation Failure)  26859K->21227K(31232K), 0.0008576 secs]
97.065: [GC (Allocation Failure)  26859K->21259K(31232K), 0.0009241 secs]
97.068: [GC (Allocation Failure)  26891K->21259K(31232K), 0.0007791 secs]
97.072: [GC (Allocation Failure)  26891K->21227K(31232K), 0.0007177 secs]
97.075: [GC (Allocation Failure)  26859K->21227K(31232K), 0.0008232 secs]
97.078: [GC (Allocation Failure)  26859K->21195K(31232K), 0.0008316 secs]
97.081: [GC (Allocation Failure)  26827K->21195K(31232K), 0.0007401 secs]
97.085: [GC (Allocation Failure)  26827K->21259K(31232K), 0.0007977 secs]
97.088: [GC (Allocation Failure)  26891K->21291K(31232K), 0.0009819 secs]
97.091: [GC (Allocation Failure)  26923K->21259K(31232K), 0.0007803 secs]
97.095: [GC (Allocation Failure)  26891K->21227K(31232K), 0.0009261 secs]
97.098: [GC (Allocation Failure)  26859K->21323K(31232K), 0.0008307 secs]
97.102: [GC (Allocation Failure)  26955K->21283K(31232K), 0.0015118 secs]
97.107: [GC (Allocation Failure)  26915K->21307K(31232K), 0.0010247 secs]
97.110: [GC (Allocation Failure)  26939K->21283K(31232K), 0.0009187 secs]
97.114: [GC (Allocation Failure)  26915K->21251K(31232K), 0.0009696 secs]
97.117: [GC (Allocation Failure)  26883K->21347K(31232K), 0.0011246 secs]
97.121: [GC (Allocation Failure)  26979K->21283K(31232K), 0.0009969 secs]
97.125: [GC (Allocation Failure)  26915K->21315K(31232K), 0.0008802 secs]
97.128: [GC (Allocation Failure)  26947K->21251K(31232K), 0.0007751 secs]
97.132: [GC (Allocation Failure)  26883K->21283K(31232K), 0.0007971 secs]
97.135: [GC (Allocation Failure)  26915K->21283K(31232K), 0.0007852 secs]
97.138: [GC (Allocation Failure)  26915K->21283K(31232K), 0.0008246 secs]
97.141: [GC (Allocation Failure)  26915K->21315K(31232K), 0.0009226 secs]
97.145: [GC (Allocation Failure)  26947K->21347K(31232K), 0.0008282 secs]
97.148: [GC (Allocation Failure)  26979K->21347K(31232K), 0.0007643 secs]
97.151: [GC (Allocation Failure)  26979K->21315K(31232K), 0.0008394 secs]
97.155: [GC (Allocation Failure)  26947K->21315K(31232K), 0.0009058 secs]
97.158: [GC (Allocation Failure)  26947K->21331K(31232K), 0.0009870 secs]
97.162: [GC (Allocation Failure)  26963K->21299K(31232K), 0.0008723 secs]
97.165: [GC (Allocation Failure)  26931K->21299K(31232K), 0.0009178 secs]
97.168: [GC (Allocation Failure)  26931K->21299K(31232K), 0.0007627 secs]
97.172: [GC (Allocation Failure)  26931K->21331K(31232K), 0.0007473 secs]
97.175: [GC (Allocation Failure)  26963K->21299K(31232K), 0.0008193 secs]
97.178: [GC (Allocation Failure)  26931K->21331K(31232K), 0.0009782 secs]
97.182: [GC (Allocation Failure)  26963K->21331K(31232K), 0.0009017 secs]
97.185: [GC (Allocation Failure)  26963K->21299K(31232K), 0.0007607 secs]
97.188: [GC (Allocation Failure)  26931K->21331K(31232K), 0.0007782 secs]
97.191: [GC (Allocation Failure)  26963K->21331K(31232K), 0.0007302 secs]
97.194: [GC (Allocation Failure)  26963K->21331K(31232K), 0.0007372 secs]
97.197: [GC (Allocation Failure)  26963K->21299K(31232K), 0.0007795 secs]
97.201: [GC (Allocation Failure)  26931K->21395K(31232K), 0.0008435 secs]
97.204: [GC (Allocation Failure)  27027K->21331K(31232K), 0.0007711 secs]
97.208: [GC (Allocation Failure)  26963K->21371K(31232K), 0.0009500 secs]
97.212: [GC (Allocation Failure)  27003K->21435K(31232K), 0.0011633 secs]
97.216: [GC (Allocation Failure)  27067K->21459K(31232K), 0.0009852 secs]
97.220: [GC (Allocation Failure)  27091K->21339K(31232K), 0.0008147 secs]
97.223: [GC (Allocation Failure)  26971K->21371K(31232K), 0.0008546 secs]
97.227: [GC (Allocation Failure)  27003K->21435K(31232K), 0.0008911 secs]
97.230: [GC (Allocation Failure)  27067K->21371K(31232K), 0.0008232 secs]
97.233: [GC (Allocation Failure)  27003K->21403K(31232K), 0.0007833 secs]
97.236: [GC (Allocation Failure)  27035K->21339K(31232K), 0.0007879 secs]
97.240: [GC (Allocation Failure)  26971K->21435K(31232K), 0.0011262 secs]
97.244: [GC (Allocation Failure)  27067K->21403K(31232K), 0.0009445 secs]
97.247: [GC (Allocation Failure)  27035K->21339K(31232K), 0.0007668 secs]
97.251: [GC (Allocation Failure)  26971K->21371K(31232K), 0.0009044 secs]
97.255: [GC (Allocation Failure)  27003K->21403K(31232K), 0.0007691 secs]
97.258: [GC (Allocation Failure)  27035K->21387K(31232K), 0.0007592 secs]
97.261: [GC (Allocation Failure)  27019K->21419K(31232K), 0.0007165 secs]
97.265: [GC (Allocation Failure)  27051K->21419K(31232K), 0.0007849 secs]
97.268: [GC (Allocation Failure)  27051K->21451K(31232K), 0.0008776 secs]
97.272: [GC (Allocation Failure)  27083K->21387K(31232K), 0.0009592 secs]
97.275: [GC (Allocation Failure)  27019K->21387K(31232K), 0.0008526 secs]
97.279: [GC (Allocation Failure)  27019K->21387K(31232K), 0.0008675 secs]
97.282: [GC (Allocation Failure)  27019K->21419K(31232K), 0.0008919 secs]
97.285: [GC (Allocation Failure)  27051K->21387K(31232K), 0.0008961 secs]
97.289: [GC (Allocation Failure)  27019K->21419K(31232K), 0.0008372 secs]
97.292: [GC (Allocation Failure)  27051K->21451K(31232K), 0.0010946 secs]
97.296: [GC (Allocation Failure)  27083K->21475K(31232K), 0.0008853 secs]
97.300: [GC (Allocation Failure)  27107K->21603K(31232K), 0.0008065 secs]
97.304: [GC (Allocation Failure)  27235K->21563K(31232K), 0.0017122 secs]
97.309: [GC (Allocation Failure)  27195K->21539K(31232K), 0.0007896 secs]
97.312: [GC (Allocation Failure)  27171K->21523K(31232K), 0.0009073 secs]
97.316: [GC (Allocation Failure)  27155K->21523K(31232K), 0.0008601 secs]
97.319: [GC (Allocation Failure)  27155K->21459K(31232K), 0.0009220 secs]
97.323: [GC (Allocation Failure)  27091K->21523K(31232K), 0.0012252 secs]
97.326: [GC (Allocation Failure)  27155K->21523K(31232K), 0.0008466 secs]
97.330: [GC (Allocation Failure)  27155K->21523K(31232K), 0.0008657 secs]
97.333: [GC (Allocation Failure)  27155K->21555K(31232K), 0.0007926 secs]
97.336: [GC (Allocation Failure)  27187K->21459K(31232K), 0.0008752 secs]
97.340: [GC (Allocation Failure)  27091K->21459K(31232K), 0.0008594 secs]
97.343: [GC (Allocation Failure)  27091K->21523K(31232K), 0.0008098 secs]
97.347: [GC (Allocation Failure)  27155K->21523K(31232K), 0.0009390 secs]
97.350: [GC (Allocation Failure)  27155K->21523K(31232K), 0.0007661 secs]
97.353: [GC (Allocation Failure)  27155K->21523K(31232K), 0.0008210 secs]
97.357: [GC (Allocation Failure)  27155K->21587K(31232K), 0.0008681 secs]
97.361: [GC (Allocation Failure)  27219K->21571K(31232K), 0.0008683 secs]
97.364: [GC (Allocation Failure)  27203K->21475K(31232K), 0.0009120 secs]
97.367: [GC (Allocation Failure)  27107K->21539K(31232K), 0.0008745 secs]
97.371: [GC (Allocation Failure)  27171K->21507K(31232K), 0.0008063 secs]
97.374: [GC (Allocation Failure)  27139K->21539K(31232K), 0.0008530 secs]
97.378: [GC (Allocation Failure)  27171K->21571K(31232K), 0.0007936 secs]
97.381: [GC (Allocation Failure)  27203K->21523K(31232K), 0.0008387 secs]
97.384: [GC (Allocation Failure)  27155K->21643K(31232K), 0.0008632 secs]
97.388: [GC (Allocation Failure)  27275K->21611K(31232K), 0.0008463 secs]
97.391: [GC (Allocation Failure)  27243K->21579K(31232K), 0.0007808 secs]
97.395: [GC (Allocation Failure)  27211K->21643K(31232K), 0.0008426 secs]
97.398: [GC (Allocation Failure)  27275K->21611K(31232K), 0.0008695 secs]
97.403: [GC (Allocation Failure)  27243K->21643K(31232K), 0.0013632 secs]
97.407: [GC (Allocation Failure)  27275K->21747K(31232K), 0.0008798 secs]
97.410: [GC (Allocation Failure)  27379K->21715K(31232K), 0.0011148 secs]
97.414: [GC (Allocation Failure)  27347K->21715K(31232K), 0.0009835 secs]
97.418: [GC (Allocation Failure)  27347K->21715K(31232K), 0.0009470 secs]
97.422: [GC (Allocation Failure)  27347K->21659K(31232K), 0.0008615 secs]
97.425: [GC (Allocation Failure)  27291K->21723K(31232K), 0.0008484 secs]
97.429: [GC (Allocation Failure)  27355K->21659K(31232K), 0.0008384 secs]
97.432: [GC (Allocation Failure)  27291K->21691K(31232K), 0.0007961 secs]
97.436: [GC (Allocation Failure)  27323K->21659K(31232K), 0.0008815 secs]
97.439: [GC (Allocation Failure)  27291K->21659K(31232K), 0.0007641 secs]
97.443: [GC (Allocation Failure)  27291K->21691K(31232K), 0.0007733 secs]
97.446: [GC (Allocation Failure)  27323K->21659K(31232K), 0.0008270 secs]
97.449: [GC (Allocation Failure)  27291K->21659K(31232K), 0.0007270 secs]
97.453: [GC (Allocation Failure)  27291K->21627K(31232K), 0.0008478 secs]
97.456: [GC (Allocation Failure)  27259K->21755K(31232K), 0.0008836 secs]
97.460: [GC (Allocation Failure)  27387K->21723K(31232K), 0.0007659 secs]
97.463: [GC (Allocation Failure)  27355K->21675K(31232K), 0.0009205 secs]
97.467: [GC (Allocation Failure)  27307K->21707K(31232K), 0.0008963 secs]
97.470: [GC (Allocation Failure)  27339K->21707K(31232K), 0.0008039 secs]
97.473: [GC (Allocation Failure)  27339K->21675K(31232K), 0.0009576 secs]
97.477: [GC (Allocation Failure)  27307K->21771K(31232K), 0.0008494 secs]
97.480: [GC (Allocation Failure)  27403K->21739K(31232K), 0.0008546 secs]
97.484: [GC (Allocation Failure)  27371K->21739K(31232K), 0.0008527 secs]
97.487: [GC (Allocation Failure)  27371K->21707K(31232K), 0.0009825 secs]
97.491: [GC (Allocation Failure)  27339K->21707K(31232K), 0.0010473 secs]
97.495: [GC (Allocation Failure)  27339K->21739K(31232K), 0.0009505 secs]
97.499: [GC (Allocation Failure)  27371K->21707K(31232K), 0.0010170 secs]
97.504: [GC (Allocation Failure)  27339K->21739K(31232K), 0.0016894 secs]
97.509: [GC (Allocation Failure)  27371K->21835K(31232K), 0.0016412 secs]
97.514: [GC (Allocation Failure)  27467K->21771K(31232K), 0.0011572 secs]
97.518: [GC (Allocation Failure)  27403K->21779K(31232K), 0.0009073 secs]
97.521: [GC (Allocation Failure)  27411K->21747K(31232K), 0.0009795 secs]
97.525: [GC (Allocation Failure)  27379K->21779K(31232K), 0.0008671 secs]
97.528: [GC (Allocation Failure)  27411K->21779K(31232K), 0.0008289 secs]
97.532: [GC (Allocation Failure)  27411K->21779K(31232K), 0.0008147 secs]
97.535: [GC (Allocation Failure)  27411K->21779K(31232K), 0.0008309 secs]
97.539: [GC (Allocation Failure)  27411K->21811K(31232K), 0.0008138 secs]
97.542: [GC (Allocation Failure)  27443K->21779K(31232K), 0.0008586 secs]
97.545: [GC (Allocation Failure)  27411K->21779K(31232K), 0.0008922 secs]
97.549: [GC (Allocation Failure)  27411K->21747K(31232K), 0.0007453 secs]
97.552: [GC (Allocation Failure)  27379K->21811K(31232K), 0.0008311 secs]
97.555: [GC (Allocation Failure)  27443K->21747K(31232K), 0.0009016 secs]
97.559: [GC (Allocation Failure)  27379K->21747K(31232K), 0.0009009 secs]
97.563: [GC (Allocation Failure)  27379K->21731K(31232K), 0.0008282 secs]
97.566: [GC (Allocation Failure)  27363K->21795K(31232K), 0.0008914 secs]
97.569: [GC (Allocation Failure)  27427K->21731K(31232K), 0.0007356 secs]
97.573: [GC (Allocation Failure)  27363K->21827K(31232K), 0.0008344 secs]
97.576: [GC (Allocation Failure)  27459K->21763K(31232K), 0.0008048 secs]
97.580: [GC (Allocation Failure)  27395K->21763K(31232K), 0.0007985 secs]
97.583: [GC (Allocation Failure)  27395K->21731K(31232K), 0.0008454 secs]
97.586: [GC (Allocation Failure)  27363K->21763K(31232K), 0.0008241 secs]
97.590: [GC (Allocation Failure)  27395K->21763K(31232K), 0.0008321 secs]
97.594: [GC (Allocation Failure)  27395K->21731K(31232K), 0.0008129 secs]
97.597: [GC (Allocation Failure)  27363K->21763K(31232K), 0.0008934 secs]
97.600: [GC (Allocation Failure)  27395K->21859K(31232K), 0.0007818 secs]
97.604: [GC (Allocation Failure)  27491K->21771K(31232K), 0.0008890 secs]
97.608: [GC (Allocation Failure)  27403K->21931K(31232K), 0.0008691 secs]
97.612: [GC (Allocation Failure)  27563K->21875K(31232K), 0.0009957 secs]
97.616: [GC (Allocation Failure)  27507K->21883K(31232K), 0.0009742 secs]
97.620: [GC (Allocation Failure)  27515K->21883K(31232K), 0.0009305 secs]
97.624: [GC (Allocation Failure)  27515K->21883K(31232K), 0.0009744 secs]
97.627: [GC (Allocation Failure)  27515K->21851K(31232K), 0.0008633 secs]
97.631: [GC (Allocation Failure)  27483K->21851K(31232K), 0.0008404 secs]
97.634: [GC (Allocation Failure)  27483K->21851K(31232K), 0.0008922 secs]
97.638: [GC (Allocation Failure)  27483K->21915K(31232K), 0.0009899 secs]
97.642: [GC (Allocation Failure)  27547K->21883K(31232K), 0.0009504 secs]
97.645: [GC (Allocation Failure)  27515K->21883K(31232K), 0.0007958 secs]
97.649: [GC (Allocation Failure)  27515K->21851K(31232K), 0.0008361 secs]
97.652: [GC (Allocation Failure)  27483K->21819K(31232K), 0.0010309 secs]
97.656: [GC (Allocation Failure)  27451K->21883K(31232K), 0.0007672 secs]
97.659: [GC (Allocation Failure)  27515K->21851K(31232K), 0.0008437 secs]
97.662: [GC (Allocation Failure)  27483K->21915K(31232K), 0.0008016 secs]
97.666: [GC (Allocation Failure)  27547K->21899K(31232K), 0.0008105 secs]
97.669: [GC (Allocation Failure)  27531K->21867K(31232K), 0.0009886 secs]
97.673: [GC (Allocation Failure)  27499K->21899K(31232K), 0.0008482 secs]
97.676: [GC (Allocation Failure)  27531K->21931K(31232K), 0.0008404 secs]
97.679: [GC (Allocation Failure)  27563K->21931K(31232K), 0.0008126 secs]
97.683: [GC (Allocation Failure)  27563K->21931K(31232K), 0.0008636 secs]
97.686: [GC (Allocation Failure)  27563K->21931K(31232K), 0.0007458 secs]
97.690: [GC (Allocation Failure)  27563K->21835K(31232K), 0.0007721 secs]
97.693: [GC (Allocation Failure)  27467K->21899K(31232K), 0.0008382 secs]
97.696: [GC (Allocation Failure)  27531K->21899K(31232K), 0.0007643 secs]
97.700: [GC (Allocation Failure)  27531K->21899K(31232K), 0.0009099 secs]
97.704: [GC (Allocation Failure)  27531K->21995K(31232K), 0.0012422 secs]
97.708: [GC (Allocation Failure)  27627K->21963K(31232K), 0.0012319 secs]
97.712: [GC (Allocation Failure)  27595K->22019K(31232K), 0.0009132 secs]
97.716: [GC (Allocation Failure)  27651K->21979K(31232K), 0.0010057 secs]
97.720: [GC (Allocation Failure)  27611K->22011K(31232K), 0.0008509 secs]
97.723: [GC (Allocation Failure)  27643K->21979K(31232K), 0.0008605 secs]
97.726: [GC (Allocation Failure)  27611K->21915K(31232K), 0.0008545 secs]
97.729: [GC (Allocation Failure)  27547K->21979K(31232K), 0.0007174 secs]
97.733: [GC (Allocation Failure)  27611K->22011K(31232K), 0.0008336 secs]
97.737: [GC (Allocation Failure)  27643K->21979K(31232K), 0.0008392 secs]
97.740: [GC (Allocation Failure)  27611K->21947K(31232K), 0.0008094 secs]
97.744: [GC (Allocation Failure)  27579K->21947K(31232K), 0.0008533 secs]
97.747: [GC (Allocation Failure)  27579K->21947K(31232K), 0.0008119 secs]
97.751: [GC (Allocation Failure)  27579K->22011K(31232K), 0.0011031 secs]
97.755: [GC (Allocation Failure)  27643K->21947K(31232K), 0.0010463 secs]
97.759: [GC (Allocation Failure)  27579K->21915K(31232K), 0.0010038 secs]
97.763: [GC (Allocation Failure)  27547K->22011K(31232K), 0.0008464 secs]
97.766: [GC (Allocation Failure)  27643K->21963K(31232K), 0.0008846 secs]
97.770: [GC (Allocation Failure)  27595K->21963K(31232K), 0.0009161 secs]
97.774: [GC (Allocation Failure)  27595K->21995K(31232K), 0.0008143 secs]
97.777: [GC (Allocation Failure)  27627K->22027K(31232K), 0.0009384 secs]
97.781: [GC (Allocation Failure)  27659K->21963K(31232K), 0.0010928 secs]
97.785: [GC (Allocation Failure)  27595K->21963K(31232K), 0.0014659 secs]
97.790: [GC (Allocation Failure)  27595K->21931K(31232K), 0.0011342 secs]
97.794: [GC (Allocation Failure)  27563K->22123K(31232K), 0.0010581 secs]
97.798: [GC (Allocation Failure)  27755K->21995K(31232K), 0.0009518 secs]
97.802: [GC (Allocation Failure)  27627K->22123K(31232K), 0.0016756 secs]
97.807: [GC (Allocation Failure)  27755K->22091K(31232K), 0.0011865 secs]
97.811: [GC (Allocation Failure)  27723K->22011K(31232K), 0.0015276 secs]
97.816: [GC (Allocation Failure)  27643K->22075K(31232K), 0.0010105 secs]
97.819: [GC (Allocation Failure)  27707K->22067K(31232K), 0.0011630 secs]
97.823: [GC (Allocation Failure)  27699K->22131K(31232K), 0.0010104 secs]
97.827: [GC (Allocation Failure)  27763K->22067K(31232K), 0.0008631 secs]
97.830: [GC (Allocation Failure)  27699K->22067K(31232K), 0.0007894 secs]
97.833: [GC (Allocation Failure)  27699K->22035K(31232K), 0.0008745 secs]
97.837: [GC (Allocation Failure)  27667K->22067K(31232K), 0.0009353 secs]
97.841: [GC (Allocation Failure)  27699K->22099K(31232K), 0.0009189 secs]
97.844: [GC (Allocation Failure)  27731K->22067K(31232K), 0.0008741 secs]
97.848: [GC (Allocation Failure)  27699K->22099K(31232K), 0.0008576 secs]
97.851: [GC (Allocation Failure)  27731K->22099K(31232K), 0.0007903 secs]
97.855: [GC (Allocation Failure)  27731K->22099K(31232K), 0.0008162 secs]
97.858: [GC (Allocation Failure)  27731K->22035K(31232K), 0.0008721 secs]
97.861: [GC (Allocation Failure)  27667K->22003K(31232K), 0.0006920 secs]
97.865: [GC (Allocation Failure)  27635K->22067K(31232K), 0.0009143 secs]
97.868: [GC (Allocation Failure)  27699K->22083K(31232K), 0.0007781 secs]
97.872: [GC (Allocation Failure)  27715K->22115K(31232K), 0.0009203 secs]
97.875: [GC (Allocation Failure)  27747K->22019K(31232K), 0.0008091 secs]
97.879: [GC (Allocation Failure)  27651K->22051K(31232K), 0.0008044 secs]
97.882: [GC (Allocation Failure)  27683K->22115K(31232K), 0.0008548 secs]
97.885: [GC (Allocation Failure)  27747K->22051K(31232K), 0.0007394 secs]
97.889: [GC (Allocation Failure)  27683K->22051K(31232K), 0.0008140 secs]
97.892: [GC (Allocation Failure)  27683K->22083K(31232K), 0.0008480 secs]
97.896: [GC (Allocation Failure)  27715K->22051K(31232K), 0.0007608 secs]
97.899: [GC (Allocation Failure)  27683K->22083K(31232K), 0.0009110 secs]
97.903: [GC (Allocation Failure)  27715K->22115K(31232K), 0.0009053 secs]
97.907: [GC (Allocation Failure)  27747K->22203K(31232K), 0.0012421 secs]
97.911: [GC (Allocation Failure)  27835K->22235K(31232K), 0.0009938 secs]
97.915: [GC (Allocation Failure)  27867K->22211K(31232K), 0.0010960 secs]
97.919: [GC (Allocation Failure)  27843K->22219K(31232K), 0.0009780 secs]
97.923: [GC (Allocation Failure)  27851K->22227K(31232K), 0.0009414 secs]
97.926: [GC (Allocation Failure)  27859K->22195K(31232K), 0.0009146 secs]
97.929: [GC (Allocation Failure)  27827K->22163K(31232K), 0.0008105 secs]
97.933: [GC (Allocation Failure)  27795K->22131K(31232K), 0.0008218 secs]
97.936: [GC (Allocation Failure)  27763K->22195K(31232K), 0.0008470 secs]
97.940: [GC (Allocation Failure)  27827K->22195K(31232K), 0.0007907 secs]
97.943: [GC (Allocation Failure)  27827K->22131K(31232K), 0.0007936 secs]
97.946: [GC (Allocation Failure)  27763K->22195K(31232K), 0.0008445 secs]
97.950: [GC (Allocation Failure)  27827K->22227K(31232K), 0.0007601 secs]
97.953: [GC (Allocation Failure)  27859K->22259K(31232K), 0.0008390 secs]
97.956: [GC (Allocation Failure)  27891K->22131K(31232K), 0.0008595 secs]
97.960: [GC (Allocation Failure)  27763K->22195K(31232K), 0.0008808 secs]
97.963: [GC (Allocation Failure)  27827K->22227K(31232K), 0.0008886 secs]
97.967: [GC (Allocation Failure)  27859K->22171K(31232K), 0.0009021 secs]
97.971: [GC (Allocation Failure)  27803K->22203K(31232K), 0.0008311 secs]
97.974: [GC (Allocation Failure)  27835K->22171K(31232K), 0.0008957 secs]
97.977: [GC (Allocation Failure)  27803K->22171K(31232K), 0.0007763 secs]
97.980: [GC (Allocation Failure)  27803K->22139K(31232K), 0.0007887 secs]
97.984: [GC (Allocation Failure)  27771K->22139K(31232K), 0.0008767 secs]
97.987: [GC (Allocation Failure)  27771K->22139K(31232K), 0.0008013 secs]
97.990: [GC (Allocation Failure)  27771K->22139K(31232K), 0.0007767 secs]
97.994: [GC (Allocation Failure)  27771K->22171K(31232K), 0.0009235 secs]
97.997: [GC (Allocation Failure)  27803K->22235K(31232K), 0.0008178 secs]
98.001: [GC (Allocation Failure)  27867K->22235K(31232K), 0.0008325 secs]
98.004: [GC (Allocation Failure)  27867K->22267K(31232K), 0.0008785 secs]
98.008: [GC (Allocation Failure)  27899K->22355K(31232K), 0.0009751 secs]
98.012: [GC (Allocation Failure)  27987K->22315K(31232K), 0.0010076 secs]
98.016: [GC (Allocation Failure)  27947K->22259K(31232K), 0.0008627 secs]
98.019: [GC (Allocation Failure)  27891K->22211K(31232K), 0.0007719 secs]
98.023: [GC (Allocation Failure)  27843K->22275K(31232K), 0.0008538 secs]
98.026: [GC (Allocation Failure)  27907K->22243K(31232K), 0.0009077 secs]
98.030: [GC (Allocation Failure)  27875K->22275K(31232K), 0.0009091 secs]
98.033: [GC (Allocation Failure)  27907K->22243K(31232K), 0.0008591 secs]
98.037: [GC (Allocation Failure)  27875K->22275K(31232K), 0.0010577 secs]
98.041: [GC (Allocation Failure)  27907K->22275K(31232K), 0.0012400 secs]
98.045: [GC (Allocation Failure)  27907K->22275K(31232K), 0.0012232 secs]
98.049: [GC (Allocation Failure)  27907K->22275K(31232K), 0.0009718 secs]
98.052: [GC (Allocation Failure)  27907K->22275K(31232K), 0.0009826 secs]
98.056: [GC (Allocation Failure)  27907K->22243K(31232K), 0.0010815 secs]
98.060: [GC (Allocation Failure)  27875K->22275K(31232K), 0.0008677 secs]
98.063: [GC (Allocation Failure)  27907K->22275K(31232K), 0.0008207 secs]
98.066: [GC (Allocation Failure)  27907K->22275K(31232K), 0.0008392 secs]
98.070: [GC (Allocation Failure)  27907K->22227K(31232K), 0.0008367 secs]
98.073: [GC (Allocation Failure)  27859K->22259K(31232K), 0.0007524 secs]
98.076: [GC (Allocation Failure)  27891K->22323K(31232K), 0.0008124 secs]
98.080: [GC (Allocation Failure)  27955K->22227K(31232K), 0.0008552 secs]
98.083: [GC (Allocation Failure)  27859K->22323K(31232K), 0.0007535 secs]
98.086: [GC (Allocation Failure)  27955K->22323K(31232K), 0.0008191 secs]
98.090: [GC (Allocation Failure)  27955K->22291K(31232K), 0.0008488 secs]
98.093: [GC (Allocation Failure)  27923K->22291K(31232K), 0.0008384 secs]
98.096: [GC (Allocation Failure)  27923K->22227K(31232K), 0.0009005 secs]
98.100: [GC (Allocation Failure)  27859K->22291K(31232K), 0.0008762 secs]
98.103: [GC (Allocation Failure)  27923K->22355K(31232K), 0.0008792 secs]
98.107: [GC (Allocation Failure)  27987K->22419K(31232K), 0.0008858 secs]
98.111: [GC (Allocation Failure)  28051K->22339K(31232K), 0.0009232 secs]
98.115: [GC (Allocation Failure)  27971K->22379K(31232K), 0.0010057 secs]
98.119: [GC (Allocation Failure)  28011K->22355K(31232K), 0.0009330 secs]
98.122: [GC (Allocation Failure)  27987K->22323K(31232K), 0.0008498 secs]
98.126: [GC (Allocation Failure)  27955K->22323K(31232K), 0.0009159 secs]
98.129: [GC (Allocation Failure)  27955K->22355K(31232K), 0.0008628 secs]
98.132: [GC (Allocation Failure)  27987K->22355K(31232K), 0.0008717 secs]
98.136: [GC (Allocation Failure)  27987K->22355K(31232K), 0.0007730 secs]
98.139: [GC (Allocation Failure)  27987K->22291K(31232K), 0.0007969 secs]
98.142: [GC (Allocation Failure)  27923K->22323K(31232K), 0.0007987 secs]
98.146: [GC (Allocation Failure)  27955K->22355K(31232K), 0.0008358 secs]
98.149: [GC (Allocation Failure)  27987K->22387K(31232K), 0.0008743 secs]
98.153: [GC (Allocation Failure)  28019K->22291K(31232K), 0.0009157 secs]
98.156: [GC (Allocation Failure)  27923K->22355K(31232K), 0.0008930 secs]
98.160: [GC (Allocation Failure)  27987K->22355K(31232K), 0.0008511 secs]
98.163: [GC (Allocation Failure)  27987K->22355K(31232K), 0.0007644 secs]
98.166: [GC (Allocation Failure)  27987K->22387K(31232K), 0.0007762 secs]
98.169: [GC (Allocation Failure)  28019K->22435K(31232K), 0.0007807 secs]
98.173: [GC (Allocation Failure)  28067K->22371K(31232K), 0.0007942 secs]
98.176: [GC (Allocation Failure)  28003K->22307K(31232K), 0.0010304 secs]
98.180: [GC (Allocation Failure)  27939K->22339K(31232K), 0.0009627 secs]
98.183: [GC (Allocation Failure)  27971K->22307K(31232K), 0.0008341 secs]
98.187: [GC (Allocation Failure)  27939K->22403K(31232K), 0.0009393 secs]
98.190: [GC (Allocation Failure)  28035K->22403K(31232K), 0.0008686 secs]
98.194: [GC (Allocation Failure)  28035K->22339K(31232K), 0.0010317 secs]
98.197: [GC (Allocation Failure)  27971K->22339K(31232K), 0.0007884 secs]
98.200: [GC (Allocation Failure)  27971K->22339K(31232K), 0.0007528 secs]
98.204: [GC (Allocation Failure)  27971K->22403K(31232K), 0.0010469 secs]
98.208: [GC (Allocation Failure)  28035K->22467K(31232K), 0.0009795 secs]
98.212: [GC (Allocation Failure)  28099K->22475K(31232K), 0.0014035 secs]
98.216: [GC (Allocation Failure)  28107K->22475K(31232K), 0.0009818 secs]
98.220: [GC (Allocation Failure)  28107K->22403K(31232K), 0.0008661 secs]
98.223: [GC (Allocation Failure)  28035K->22467K(31232K), 0.0008433 secs]
98.226: [GC (Allocation Failure)  28099K->22467K(31232K), 0.0008621 secs]
98.230: [GC (Allocation Failure)  28099K->22499K(31232K), 0.0008214 secs]
98.233: [GC (Allocation Failure)  28131K->22403K(31232K), 0.0007677 secs]
98.236: [GC (Allocation Failure)  28035K->22435K(31232K), 0.0008300 secs]
98.239: [GC (Allocation Failure)  28067K->22467K(31232K), 0.0009012 secs]
98.243: [GC (Allocation Failure)  28099K->22467K(31232K), 0.0008223 secs]
98.246: [GC (Allocation Failure)  28099K->22467K(31232K), 0.0008221 secs]
98.250: [GC (Allocation Failure)  28099K->22467K(31232K), 0.0007984 secs]
98.253: [GC (Allocation Failure)  28099K->22403K(31232K), 0.0008685 secs]
98.257: [GC (Allocation Failure)  28035K->22499K(31232K), 0.0007404 secs]
98.260: [GC (Allocation Failure)  28131K->22435K(31232K), 0.0007123 secs]
98.263: [GC (Allocation Failure)  28067K->22467K(31232K), 0.0007681 secs]
98.266: [GC (Allocation Failure)  28099K->22467K(31232K), 0.0008452 secs]
98.270: [GC (Allocation Failure)  28099K->22515K(31232K), 0.0007549 secs]
98.273: [GC (Allocation Failure)  28147K->22419K(31232K), 0.0007995 secs]
98.276: [GC (Allocation Failure)  28051K->22515K(31232K), 0.0007838 secs]
98.280: [GC (Allocation Failure)  28147K->22483K(31232K), 0.0008254 secs]
98.283: [GC (Allocation Failure)  28115K->22451K(31232K), 0.0007823 secs]
98.286: [GC (Allocation Failure)  28083K->22451K(31232K), 0.0008171 secs]
98.290: [GC (Allocation Failure)  28083K->22483K(31232K), 0.0007845 secs]
98.293: [GC (Allocation Failure)  28115K->22451K(31232K), 0.0007456 secs]
98.296: [GC (Allocation Failure)  28083K->22483K(31232K), 0.0008078 secs]
98.299: [GC (Allocation Failure)  28115K->22483K(31232K), 0.0007814 secs]
98.303: [GC (Allocation Failure)  28115K->22483K(31232K), 0.0008534 secs]
98.307: [GC (Allocation Failure)  28115K->22547K(31232K), 0.0009924 secs]
98.311: [GC (Allocation Failure)  28179K->22579K(31232K), 0.0009178 secs]
98.315: [GC (Allocation Failure)  28211K->22563K(31232K), 0.0009216 secs]
98.319: [GC (Allocation Failure)  28195K->22539K(31232K), 0.0011542 secs]
98.322: [GC (Allocation Failure)  28171K->22587K(31232K), 0.0009991 secs]
98.326: [GC (Allocation Failure)  28219K->22555K(31232K), 0.0008990 secs]
98.329: [GC (Allocation Failure)  28187K->22555K(31232K), 0.0007896 secs]
98.333: [GC (Allocation Failure)  28187K->22555K(31232K), 0.0008290 secs]
98.336: [GC (Allocation Failure)  28187K->22587K(31232K), 0.0010765 secs]
98.340: [GC (Allocation Failure)  28219K->22523K(31232K), 0.0011071 secs]
98.343: [GC (Allocation Failure)  28155K->22587K(31232K), 0.0009249 secs]
98.347: [GC (Allocation Failure)  28219K->22587K(31232K), 0.0007838 secs]
98.350: [GC (Allocation Failure)  28219K->22523K(31232K), 0.0008697 secs]
98.353: [GC (Allocation Failure)  28155K->22555K(31232K), 0.0007980 secs]
98.357: [GC (Allocation Failure)  28187K->22555K(31232K), 0.0007684 secs]
98.360: [GC (Allocation Failure)  28187K->22555K(31232K), 0.0008808 secs]
98.363: [GC (Allocation Failure)  28187K->22523K(31232K), 0.0008174 secs]
98.367: [GC (Allocation Failure)  28155K->22523K(31232K), 0.0009481 secs]
98.371: [GC (Allocation Failure)  28155K->22555K(31232K), 0.0009612 secs]
98.374: [GC (Allocation Failure)  28187K->22571K(31232K), 0.0007900 secs]
98.378: [GC (Allocation Failure)  28203K->22571K(31232K), 0.0011019 secs]
98.381: [GC (Allocation Failure)  28203K->22571K(31232K), 0.0008008 secs]
98.385: [GC (Allocation Failure)  28203K->22571K(31232K), 0.0009473 secs]
98.388: [GC (Allocation Failure)  28203K->22571K(31232K), 0.0009239 secs]
98.392: [GC (Allocation Failure)  28203K->22571K(31232K), 0.0008836 secs]
98.395: [GC (Allocation Failure)  28203K->22603K(31232K), 0.0008904 secs]
98.399: [GC (Allocation Failure)  28235K->22635K(31232K), 0.0009550 secs]
98.403: [GC (Allocation Failure)  28267K->22539K(31232K), 0.0010008 secs]
98.406: [GC (Allocation Failure)  28171K->22635K(31232K), 0.0009667 secs]
98.411: [GC (Allocation Failure)  28267K->22723K(31232K), 0.0010220 secs]
98.415: [GC (Allocation Failure)  28355K->22667K(31232K), 0.0009624 secs]
98.419: [GC (Allocation Failure)  28299K->22699K(31232K), 0.0011105 secs]
98.423: [GC (Allocation Failure)  28331K->22659K(31232K), 0.0010402 secs]
98.427: [GC (Allocation Failure)  28291K->22691K(31232K), 0.0009237 secs]
98.430: [GC (Allocation Failure)  28323K->22659K(31232K), 0.0009230 secs]
98.434: [GC (Allocation Failure)  28291K->22659K(31232K), 0.0010431 secs]
98.438: [GC (Allocation Failure)  28291K->22627K(31232K), 0.0008955 secs]
98.441: [GC (Allocation Failure)  28259K->22691K(31232K), 0.0008621 secs]
98.445: [GC (Allocation Failure)  28323K->22627K(31232K), 0.0010257 secs]
98.448: [GC (Allocation Failure)  28259K->22659K(31232K), 0.0009015 secs]
98.452: [GC (Allocation Failure)  28291K->22627K(31232K), 0.0007921 secs]
98.455: [GC (Allocation Failure)  28259K->22595K(31232K), 0.0009054 secs]
98.458: [GC (Allocation Failure)  28227K->22659K(31232K), 0.0008304 secs]
98.462: [GC (Allocation Failure)  28291K->22627K(31232K), 0.0008408 secs]
98.465: [GC (Allocation Failure)  28259K->22691K(31232K), 0.0008359 secs]
98.469: [GC (Allocation Failure)  28323K->22627K(31232K), 0.0010065 secs]
98.473: [GC (Allocation Failure)  28259K->22643K(31232K), 0.0011225 secs]
98.477: [GC (Allocation Failure)  28275K->22643K(31232K), 0.0010103 secs]
98.481: [GC (Allocation Failure)  28275K->22643K(31232K), 0.0009383 secs]
98.484: [GC (Allocation Failure)  28275K->22675K(31232K), 0.0008885 secs]
98.488: [GC (Allocation Failure)  28307K->22675K(31232K), 0.0009626 secs]
98.492: [GC (Allocation Failure)  28307K->22675K(31232K), 0.0008413 secs]
98.495: [GC (Allocation Failure)  28307K->22675K(31232K), 0.0010322 secs]
98.499: [GC (Allocation Failure)  28307K->22643K(31232K), 0.0009132 secs]
98.503: [GC (Allocation Failure)  28275K->22675K(31232K), 0.0009542 secs]
98.507: [GC (Allocation Failure)  28307K->22739K(31232K), 0.0010903 secs]
98.512: [GC (Allocation Failure)  28371K->22771K(31232K), 0.0016201 secs]
98.516: [GC (Allocation Failure)  28403K->22755K(31232K), 0.0010101 secs]
98.520: [GC (Allocation Failure)  28387K->22763K(31232K), 0.0010226 secs]
98.523: [GC (Allocation Failure)  28395K->22747K(31232K), 0.0009979 secs]
98.527: [GC (Allocation Failure)  28379K->22779K(31232K), 0.0009076 secs]
98.530: [GC (Allocation Failure)  28411K->22747K(31232K), 0.0008206 secs]
98.534: [GC (Allocation Failure)  28379K->22779K(31232K), 0.0009027 secs]
98.537: [GC (Allocation Failure)  28411K->22747K(31232K), 0.0009713 secs]
98.541: [GC (Allocation Failure)  28379K->22747K(31232K), 0.0008756 secs]
98.545: [GC (Allocation Failure)  28379K->22747K(31232K), 0.0008606 secs]
98.548: [GC (Allocation Failure)  28379K->22747K(31232K), 0.0008077 secs]
98.552: [GC (Allocation Failure)  28379K->22747K(31232K), 0.0009251 secs]
98.556: [GC (Allocation Failure)  28379K->22747K(31232K), 0.0010758 secs]
98.559: [GC (Allocation Failure)  28379K->22683K(31232K), 0.0009167 secs]
98.563: [GC (Allocation Failure)  28315K->22715K(31232K), 0.0009313 secs]
98.567: [GC (Allocation Failure)  28347K->22779K(31232K), 0.0009798 secs]
98.570: [GC (Allocation Failure)  28411K->22747K(31232K), 0.0010845 secs]
98.574: [GC (Allocation Failure)  28379K->22731K(31232K), 0.0009173 secs]
98.578: [GC (Allocation Failure)  28363K->22763K(31232K), 0.0008388 secs]
98.581: [GC (Allocation Failure)  28395K->22763K(31232K), 0.0010038 secs]
98.585: [GC (Allocation Failure)  28395K->22763K(31232K), 0.0008685 secs]
98.589: [GC (Allocation Failure)  28395K->22731K(31232K), 0.0009205 secs]
98.592: [GC (Allocation Failure)  28363K->22731K(31232K), 0.0008459 secs]
98.596: [GC (Allocation Failure)  28363K->22763K(31232K), 0.0010044 secs]
98.599: [GC (Allocation Failure)  28395K->22763K(31232K), 0.0008878 secs]
98.603: [GC (Allocation Failure)  28395K->22731K(31232K), 0.0012248 secs]
98.607: [GC (Allocation Failure)  28363K->22827K(31232K), 0.0010536 secs]
98.611: [GC (Allocation Failure)  28459K->22827K(31232K), 0.0012229 secs]
98.616: [GC (Allocation Failure)  28459K->22843K(31232K), 0.0010118 secs]
98.620: [GC (Allocation Failure)  28475K->22819K(31232K), 0.0012732 secs]
98.624: [GC (Allocation Failure)  28451K->22883K(31232K), 0.0009774 secs]
98.627: [GC (Allocation Failure)  28515K->22795K(31232K), 0.0009771 secs]
98.631: [GC (Allocation Failure)  28427K->22795K(31232K), 0.0010509 secs]
98.635: [GC (Allocation Failure)  28427K->22827K(31232K), 0.0009675 secs]
98.638: [GC (Allocation Failure)  28459K->22795K(31232K), 0.0009278 secs]
98.642: [GC (Allocation Failure)  28427K->22827K(31232K), 0.0008833 secs]
98.645: [GC (Allocation Failure)  28459K->22795K(31232K), 0.0008504 secs]
98.649: [GC (Allocation Failure)  28427K->22795K(31232K), 0.0008890 secs]
98.652: [GC (Allocation Failure)  28427K->22827K(31232K), 0.0010293 secs]
98.656: [GC (Allocation Failure)  28459K->22859K(31232K), 0.0008061 secs]
98.660: [GC (Allocation Failure)  28491K->22795K(31232K), 0.0007995 secs]
98.663: [GC (Allocation Failure)  28427K->22795K(31232K), 0.0008442 secs]
98.667: [GC (Allocation Failure)  28427K->22795K(31232K), 0.0008022 secs]
98.670: [GC (Allocation Failure)  28427K->22795K(31232K), 0.0009716 secs]
98.674: [GC (Allocation Failure)  28427K->22795K(31232K), 0.0008131 secs]
98.678: [GC (Allocation Failure)  28427K->22843K(31232K), 0.0009782 secs]
98.681: [GC (Allocation Failure)  28475K->22843K(31232K), 0.0007873 secs]
98.685: [GC (Allocation Failure)  28475K->22811K(31232K), 0.0008400 secs]
98.689: [GC (Allocation Failure)  28443K->22875K(31232K), 0.0008939 secs]
98.692: [GC (Allocation Failure)  28507K->22875K(31232K), 0.0008634 secs]
98.695: [GC (Allocation Failure)  28507K->22843K(31232K), 0.0008636 secs]
98.699: [GC (Allocation Failure)  28475K->22843K(31232K), 0.0009183 secs]
98.702: [GC (Allocation Failure)  28475K->22811K(31232K), 0.0008360 secs]
98.706: [GC (Allocation Failure)  28443K->22971K(31232K), 0.0007847 secs]
98.709: [GC (Allocation Failure)  28603K->22883K(31232K), 0.0008970 secs]
98.714: [GC (Allocation Failure)  28515K->22915K(31232K), 0.0012034 secs]
98.718: [GC (Allocation Failure)  28547K->22931K(31232K), 0.0010681 secs]
98.722: [GC (Allocation Failure)  28563K->22907K(31232K), 0.0010880 secs]
98.726: [GC (Allocation Failure)  28539K->22875K(31232K), 0.0010776 secs]
98.730: [GC (Allocation Failure)  28507K->22915K(31232K), 0.0010342 secs]
98.733: [GC (Allocation Failure)  28547K->22883K(31232K), 0.0009593 secs]
98.737: [GC (Allocation Failure)  28515K->22883K(31232K), 0.0009798 secs]
98.740: [GC (Allocation Failure)  28515K->22915K(31232K), 0.0008485 secs]
98.744: [GC (Allocation Failure)  28547K->22883K(31232K), 0.0010311 secs]
98.748: [GC (Allocation Failure)  28515K->22979K(31232K), 0.0009332 secs]
98.751: [GC (Allocation Failure)  28611K->22947K(31232K), 0.0009909 secs]
98.756: [GC (Allocation Failure)  28579K->22923K(31232K), 0.0014494 secs]
98.760: [GC (Allocation Failure)  28555K->22955K(31232K), 0.0014043 secs]
98.765: [GC (Allocation Failure)  28587K->22971K(31232K), 0.0010110 secs]
98.769: [GC (Allocation Failure)  28603K->23003K(31232K), 0.0010012 secs]
98.773: [GC (Allocation Failure)  28635K->22971K(31232K), 0.0012325 secs]
98.777: [GC (Allocation Failure)  28603K->23035K(31232K), 0.0011516 secs]
98.781: [GC (Allocation Failure)  28667K->22955K(31232K), 0.0011082 secs]
98.785: [GC (Allocation Failure)  28587K->22987K(31232K), 0.0010974 secs]
98.789: [GC (Allocation Failure)  28619K->22923K(31232K), 0.0009408 secs]
98.793: [GC (Allocation Failure)  28555K->22987K(31232K), 0.0010731 secs]
98.797: [GC (Allocation Failure)  28619K->22987K(31232K), 0.0010059 secs]
98.801: [GC (Allocation Failure)  28619K->23051K(31232K), 0.0009336 secs]
98.806: [GC (Allocation Failure)  28683K->23003K(31232K), 0.0012781 secs]
98.811: [GC (Allocation Failure)  28635K->23107K(31232K), 0.0017008 secs]
98.816: [GC (Allocation Failure)  28739K->23075K(31232K), 0.0016741 secs]
98.821: [GC (Allocation Failure)  28707K->23059K(31232K), 0.0014059 secs]
98.825: [GC (Allocation Failure)  28691K->23099K(31232K), 0.0011851 secs]
98.829: [GC (Allocation Failure)  28731K->23083K(31232K), 0.0011306 secs]
98.832: [GC (Allocation Failure)  28715K->23083K(31232K), 0.0010550 secs]
98.836: [GC (Allocation Failure)  28715K->23051K(31232K), 0.0010152 secs]
98.840: [GC (Allocation Failure)  28683K->23051K(31232K), 0.0008831 secs]
98.843: [GC (Allocation Failure)  28683K->23019K(31232K), 0.0009102 secs]
98.847: [GC (Allocation Failure)  28651K->23147K(31232K), 0.0009090 secs]
98.850: [GC (Allocation Failure)  28779K->23019K(31232K), 0.0008790 secs]
98.854: [GC (Allocation Failure)  28651K->23051K(31232K), 0.0010349 secs]
98.857: [GC (Allocation Failure)  28683K->23051K(31232K), 0.0007737 secs]
98.860: [GC (Allocation Failure)  28683K->23115K(31232K), 0.0008280 secs]
98.864: [GC (Allocation Failure)  28747K->23083K(31232K), 0.0007694 secs]
98.867: [GC (Allocation Failure)  28715K->23019K(31232K), 0.0009494 secs]
98.871: [GC (Allocation Failure)  28651K->23051K(31232K), 0.0008197 secs]
98.874: [GC (Allocation Failure)  28683K->23083K(31232K), 0.0008379 secs]
98.878: [GC (Allocation Failure)  28715K->23083K(31232K), 0.0008137 secs]
98.881: [GC (Allocation Failure)  28715K->23067K(31232K), 0.0009103 secs]
98.885: [GC (Allocation Failure)  28699K->23131K(31232K), 0.0008342 secs]
98.888: [GC (Allocation Failure)  28763K->23099K(31232K), 0.0008658 secs]
98.891: [GC (Allocation Failure)  28731K->23131K(31232K), 0.0007921 secs]
98.895: [GC (Allocation Failure)  28763K->23099K(31232K), 0.0008426 secs]
98.898: [GC (Allocation Failure)  28731K->23067K(31232K), 0.0008503 secs]
98.901: [GC (Allocation Failure)  28699K->23099K(31232K), 0.0009180 secs]
98.905: [GC (Allocation Failure)  28731K->23099K(31232K), 0.0008940 secs]
98.908: [GC (Allocation Failure)  28731K->23195K(31232K), 0.0011734 secs]
98.912: [GC (Allocation Failure)  28827K->23163K(31232K), 0.0011489 secs]
98.916: [GC (Allocation Failure)  28795K->23227K(31232K), 0.0013581 secs]
98.921: [GC (Allocation Failure)  28859K->23227K(31232K), 0.0011420 secs]
98.924: [GC (Allocation Failure)  28859K->23171K(31232K), 0.0009084 secs]
98.928: [GC (Allocation Failure)  28803K->23235K(31232K), 0.0009012 secs]
98.931: [GC (Allocation Failure)  28867K->23179K(31232K), 0.0009274 secs]
98.935: [GC (Allocation Failure)  28811K->23179K(31232K), 0.0008757 secs]
98.938: [GC (Allocation Failure)  28811K->23179K(31232K), 0.0008247 secs]
98.942: [GC (Allocation Failure)  28811K->23147K(31232K), 0.0008692 secs]
98.945: [GC (Allocation Failure)  28779K->23179K(31232K), 0.0007848 secs]
98.949: [GC (Allocation Failure)  28811K->23179K(31232K), 0.0008629 secs]
98.952: [GC (Allocation Failure)  28811K->23115K(31232K), 0.0009662 secs]
98.956: [GC (Allocation Failure)  28747K->23147K(31232K), 0.0009141 secs]
98.959: [GC (Allocation Failure)  28779K->23179K(31232K), 0.0007859 secs]
98.963: [GC (Allocation Failure)  28811K->23179K(31232K), 0.0008492 secs]
98.966: [GC (Allocation Failure)  28811K->23179K(31232K), 0.0008722 secs]
98.969: [GC (Allocation Failure)  28811K->23147K(31232K), 0.0009553 secs]
98.973: [GC (Allocation Failure)  28779K->23211K(31232K), 0.0008684 secs]
98.976: [GC (Allocation Failure)  28843K->23179K(31232K), 0.0007899 secs]
98.980: [GC (Allocation Failure)  28811K->23163K(31232K), 0.0008206 secs]
98.983: [GC (Allocation Failure)  28795K->23163K(31232K), 0.0007924 secs]
98.986: [GC (Allocation Failure)  28795K->23163K(31232K), 0.0008265 secs]
98.990: [GC (Allocation Failure)  28795K->23163K(31232K), 0.0008156 secs]
98.993: [GC (Allocation Failure)  28795K->23163K(31232K), 0.0007452 secs]
98.997: [GC (Allocation Failure)  28795K->23227K(31232K), 0.0008807 secs]
99.000: [GC (Allocation Failure)  28859K->23131K(31232K), 0.0007627 secs]
99.003: [GC (Allocation Failure)  28763K->23163K(31232K), 0.0008559 secs]
99.006: [GC (Allocation Failure)  28795K->23163K(31232K), 0.0007693 secs]
99.010: [GC (Allocation Failure)  28795K->23291K(31232K), 0.0008387 secs]
99.014: [GC (Allocation Failure)  28923K->23291K(31232K), 0.0009671 secs]
99.018: [GC (Allocation Failure)  28923K->23219K(31232K), 0.0009220 secs]
99.021: [GC (Allocation Failure)  28851K->23291K(31232K), 0.0008633 secs]
99.025: [GC (Allocation Failure)  28923K->23291K(31232K), 0.0009708 secs]
99.028: [GC (Allocation Failure)  28923K->23227K(31232K), 0.0008101 secs]
99.031: [GC (Allocation Failure)  28859K->23211K(31232K), 0.0007596 secs]
99.035: [GC (Allocation Failure)  28843K->23243K(31232K), 0.0008286 secs]
99.039: [GC (Allocation Failure)  28875K->23243K(31232K), 0.0010230 secs]
99.043: [GC (Allocation Failure)  28875K->23211K(31232K), 0.0011705 secs]
99.046: [GC (Allocation Failure)  28843K->23275K(31232K), 0.0009497 secs]
99.050: [GC (Allocation Failure)  28907K->23307K(31232K), 0.0009941 secs]
99.054: [GC (Allocation Failure)  28939K->23243K(31232K), 0.0010468 secs]
99.057: [GC (Allocation Failure)  28875K->23211K(31232K), 0.0008872 secs]
99.061: [GC (Allocation Failure)  28843K->23243K(31232K), 0.0008942 secs]
99.064: [GC (Allocation Failure)  28875K->23307K(31232K), 0.0008800 secs]
99.068: [GC (Allocation Failure)  28939K->23243K(31232K), 0.0008053 secs]
99.071: [GC (Allocation Failure)  28875K->23211K(31232K), 0.0008622 secs]
99.074: [GC (Allocation Failure)  28843K->23275K(31232K), 0.0008261 secs]
99.078: [GC (Allocation Failure)  28907K->23243K(31232K), 0.0008468 secs]
99.082: [GC (Allocation Failure)  28875K->23243K(31232K), 0.0009542 secs]
99.085: [GC (Allocation Failure)  28875K->23291K(31232K), 0.0009481 secs]
99.089: [GC (Allocation Failure)  28923K->23291K(31232K), 0.0008799 secs]
99.092: [GC (Allocation Failure)  28923K->23323K(31232K), 0.0008671 secs]
99.096: [GC (Allocation Failure)  28955K->23227K(31232K), 0.0008370 secs]
99.099: [GC (Allocation Failure)  28859K->23291K(31232K), 0.0008832 secs]
99.102: [GC (Allocation Failure)  28923K->23259K(31232K), 0.0008227 secs]
99.106: [GC (Allocation Failure)  28891K->23291K(31232K), 0.0007740 secs]
99.109: [GC (Allocation Failure)  28923K->23355K(31232K), 0.0007786 secs]
99.113: [GC (Allocation Failure)  28987K->23419K(31232K), 0.0008561 secs]
99.117: [GC (Allocation Failure)  29051K->23371K(31232K), 0.0011671 secs]
99.121: [GC (Allocation Failure)  29003K->23347K(31232K), 0.0009030 secs]
99.125: [GC (Allocation Failure)  28979K->23347K(31232K), 0.0008842 secs]
99.128: [GC (Allocation Failure)  28979K->23315K(31232K), 0.0009268 secs]
99.131: [GC (Allocation Failure)  28947K->23347K(31232K), 0.0007906 secs]
99.135: [GC (Allocation Failure)  28979K->23331K(31232K), 0.0008046 secs]
99.138: [GC (Allocation Failure)  28963K->23331K(31232K), 0.0008480 secs]
99.141: [GC (Allocation Failure)  28963K->23363K(31232K), 0.0009612 secs]
99.144: [GC (Allocation Failure)  28995K->23331K(31232K), 0.0007799 secs]
99.148: [GC (Allocation Failure)  28963K->23331K(31232K), 0.0008325 secs]
99.151: [GC (Allocation Failure)  28963K->23331K(31232K), 0.0008154 secs]
99.155: [GC (Allocation Failure)  28963K->23363K(31232K), 0.0008502 secs]
99.158: [GC (Allocation Failure)  28995K->23363K(31232K), 0.0008080 secs]
99.161: [GC (Allocation Failure)  28995K->23331K(31232K), 0.0007781 secs]
99.165: [GC (Allocation Failure)  28963K->23363K(31232K), 0.0007541 secs]
99.168: [GC (Allocation Failure)  28995K->23331K(31232K), 0.0008391 secs]
99.171: [GC (Allocation Failure)  28963K->23363K(31232K), 0.0008041 secs]
99.175: [GC (Allocation Failure)  28995K->23299K(31232K), 0.0007742 secs]
99.178: [GC (Allocation Failure)  28931K->23363K(31232K), 0.0008544 secs]
99.181: [GC (Allocation Failure)  28995K->23427K(31232K), 0.0007724 secs]
99.184: [GC (Allocation Failure)  29059K->23411K(31232K), 0.0008083 secs]
99.188: [GC (Allocation Failure)  29043K->23379K(31232K), 0.0008240 secs]
99.191: [GC (Allocation Failure)  29011K->23315K(31232K), 0.0010678 secs]
99.194: [GC (Allocation Failure)  28947K->23411K(31232K), 0.0007836 secs]
99.198: [GC (Allocation Failure)  29043K->23379K(31232K), 0.0008469 secs]
99.201: [GC (Allocation Failure)  29011K->23411K(31232K), 0.0007723 secs]
99.204: [GC (Allocation Failure)  29043K->23347K(31232K), 0.0008974 secs]
99.208: [GC (Allocation Failure)  28979K->23347K(31232K), 0.0007102 secs]
99.211: [GC (Allocation Failure)  28979K->23411K(31232K), 0.0012326 secs]
99.216: [GC (Allocation Failure)  29043K->23507K(31232K), 0.0014074 secs]
99.221: [GC (Allocation Failure)  29139K->23467K(31232K), 0.0010210 secs]
99.224: [GC (Allocation Failure)  29099K->23379K(31232K), 0.0009146 secs]
99.228: [GC (Allocation Failure)  29011K->23443K(31232K), 0.0008117 secs]
99.231: [GC (Allocation Failure)  29075K->23379K(31232K), 0.0009129 secs]
99.234: [GC (Allocation Failure)  29011K->23443K(31232K), 0.0008960 secs]
99.238: [GC (Allocation Failure)  29075K->23395K(31232K), 0.0008833 secs]
99.241: [GC (Allocation Failure)  29027K->23491K(31232K), 0.0008381 secs]
99.244: [GC (Allocation Failure)  29123K->23395K(31232K), 0.0009534 secs]
99.248: [GC (Allocation Failure)  29027K->23427K(31232K), 0.0009997 secs]
99.251: [GC (Allocation Failure)  29059K->23395K(31232K), 0.0008505 secs]
99.255: [GC (Allocation Failure)  29027K->23427K(31232K), 0.0007970 secs]
99.258: [GC (Allocation Failure)  29059K->23395K(31232K), 0.0008549 secs]
99.261: [GC (Allocation Failure)  29027K->23459K(31232K), 0.0008228 secs]
99.265: [GC (Allocation Failure)  29091K->23491K(31232K), 0.0007918 secs]
99.268: [GC (Allocation Failure)  29123K->23491K(31232K), 0.0008811 secs]
99.271: [GC (Allocation Failure)  29123K->23427K(31232K), 0.0009010 secs]
99.275: [GC (Allocation Failure)  29059K->23395K(31232K), 0.0009213 secs]
99.278: [GC (Allocation Failure)  29027K->23459K(31232K), 0.0007768 secs]
99.281: [GC (Allocation Failure)  29091K->23491K(31232K), 0.0008340 secs]
99.285: [GC (Allocation Failure)  29123K->23507K(31232K), 0.0010359 secs]
99.288: [GC (Allocation Failure)  29139K->23507K(31232K), 0.0007360 secs]
99.291: [GC (Allocation Failure)  29139K->23411K(31232K), 0.0008381 secs]
99.295: [GC (Allocation Failure)  29043K->23443K(31232K), 0.0008126 secs]
99.298: [GC (Allocation Failure)  29075K->23475K(31232K), 0.0008786 secs]
99.301: [GC (Allocation Failure)  29107K->23475K(31232K), 0.0009581 secs]
99.305: [GC (Allocation Failure)  29107K->23507K(31232K), 0.0008830 secs]
99.309: [GC (Allocation Failure)  29139K->23507K(31232K), 0.0010392 secs]
99.313: [GC (Allocation Failure)  29139K->23571K(31232K), 0.0009608 secs]
99.316: [GC (Allocation Failure)  29203K->23603K(31232K), 0.0013690 secs]
99.321: [GC (Allocation Failure)  29235K->23547K(31232K), 0.0009264 secs]
99.324: [GC (Allocation Failure)  29179K->23523K(31232K), 0.0008812 secs]
99.327: [GC (Allocation Failure)  29155K->23523K(31232K), 0.0009572 secs]
99.331: [GC (Allocation Failure)  29155K->23587K(31232K), 0.0008777 secs]
99.334: [GC (Allocation Failure)  29219K->23555K(31232K), 0.0008990 secs]
99.337: [GC (Allocation Failure)  29187K->23539K(31232K), 0.0008719 secs]
99.341: [GC (Allocation Failure)  29171K->23539K(31232K), 0.0010574 secs]
99.344: [GC (Allocation Failure)  29171K->23571K(31232K), 0.0009167 secs]
99.348: [GC (Allocation Failure)  29203K->23507K(31232K), 0.0008551 secs]
99.351: [GC (Allocation Failure)  29139K->23507K(31232K), 0.0008401 secs]
99.354: [GC (Allocation Failure)  29139K->23539K(31232K), 0.0007457 secs]
99.358: [GC (Allocation Failure)  29171K->23539K(31232K), 0.0007798 secs]
99.361: [GC (Allocation Failure)  29171K->23571K(31232K), 0.0009299 secs]
99.364: [GC (Allocation Failure)  29203K->23571K(31232K), 0.0008824 secs]
99.368: [GC (Allocation Failure)  29203K->23539K(31232K), 0.0008449 secs]
99.372: [GC (Allocation Failure)  29171K->23571K(31232K), 0.0008893 secs]
99.375: [GC (Allocation Failure)  29203K->23571K(31232K), 0.0009270 secs]
99.378: [GC (Allocation Failure)  29203K->23603K(31232K), 0.0007684 secs]
99.382: [GC (Allocation Failure)  29235K->23507K(31232K), 0.0007707 secs]
99.385: [GC (Allocation Failure)  29139K->23603K(31232K), 0.0008273 secs]
99.388: [GC (Allocation Failure)  29235K->23619K(31232K), 0.0008054 secs]
99.391: [GC (Allocation Failure)  29251K->23555K(31232K), 0.0008797 secs]
99.395: [GC (Allocation Failure)  29187K->23587K(31232K), 0.0007663 secs]
99.398: [GC (Allocation Failure)  29219K->23619K(31232K), 0.0007708 secs]
99.401: [GC (Allocation Failure)  29251K->23587K(31232K), 0.0009502 secs]
99.405: [GC (Allocation Failure)  29219K->23619K(31232K), 0.0008259 secs]
99.408: [GC (Allocation Failure)  29251K->23587K(31232K), 0.0008154 secs]
99.411: [GC (Allocation Failure)  29219K->23683K(31232K), 0.0007810 secs]
99.415: [GC (Allocation Failure)  29315K->23547K(31232K), 0.0008479 secs]
99.418: [GC (Allocation Failure)  29179K->23579K(31232K), 0.0008520 secs]
99.423: [GC (Allocation Failure)  29211K->23643K(31232K), 0.0009912 secs]
99.427: [GC (Allocation Failure)  29275K->23691K(31232K), 0.0009566 secs]
99.430: [GC (Allocation Failure)  29323K->23603K(31232K), 0.0009453 secs]
99.434: [GC (Allocation Failure)  29235K->23667K(31232K), 0.0008878 secs]
99.437: [GC (Allocation Failure)  29299K->23619K(31232K), 0.0008778 secs]
99.441: [GC (Allocation Failure)  29251K->23587K(31232K), 0.0008351 secs]
99.444: [GC (Allocation Failure)  29219K->23619K(31232K), 0.0009271 secs]
99.447: [GC (Allocation Failure)  29251K->23683K(31232K), 0.0008890 secs]
99.450: [GC (Allocation Failure)  29315K->23619K(31232K), 0.0007625 secs]
99.454: [GC (Allocation Failure)  29251K->23651K(31232K), 0.0008160 secs]
99.457: [GC (Allocation Failure)  29283K->23651K(31232K), 0.0009001 secs]
99.460: [GC (Allocation Failure)  29283K->23619K(31232K), 0.0008530 secs]
99.464: [GC (Allocation Failure)  29251K->23683K(31232K), 0.0008968 secs]
99.467: [GC (Allocation Failure)  29315K->23619K(31232K), 0.0008801 secs]
99.471: [GC (Allocation Failure)  29251K->23651K(31232K), 0.0008306 secs]
99.474: [GC (Allocation Failure)  29283K->23651K(31232K), 0.0008708 secs]
99.477: [GC (Allocation Failure)  29283K->23683K(31232K), 0.0008514 secs]
99.480: [GC (Allocation Failure)  29315K->23651K(31232K), 0.0007153 secs]
99.484: [GC (Allocation Failure)  29283K->23715K(31232K), 0.0007721 secs]
99.487: [GC (Allocation Failure)  29347K->23635K(31232K), 0.0008094 secs]
99.491: [GC (Allocation Failure)  29267K->23667K(31232K), 0.0009815 secs]
99.494: [GC (Allocation Failure)  29299K->23667K(31232K), 0.0008294 secs]
99.497: [GC (Allocation Failure)  29299K->23667K(31232K), 0.0008026 secs]
99.501: [GC (Allocation Failure)  29299K->23603K(31232K), 0.0008303 secs]
99.504: [GC (Allocation Failure)  29235K->23635K(31232K), 0.0009005 secs]
99.507: [GC (Allocation Failure)  29267K->23635K(31232K), 0.0009500 secs]
99.511: [GC (Allocation Failure)  29267K->23763K(31232K), 0.0008833 secs]
99.514: [GC (Allocation Failure)  29395K->23795K(31232K), 0.0009672 secs]
99.518: [GC (Allocation Failure)  29427K->23715K(31232K), 0.0008657 secs]
99.522: [GC (Allocation Failure)  29347K->23723K(31232K), 0.0009047 secs]
99.525: [GC (Allocation Failure)  29355K->23723K(31232K), 0.0008184 secs]
99.528: [GC (Allocation Failure)  29355K->23691K(31232K), 0.0007480 secs]
99.532: [GC (Allocation Failure)  29323K->23691K(31232K), 0.0008094 secs]
99.535: [GC (Allocation Failure)  29323K->23755K(31232K), 0.0008746 secs]
99.539: [GC (Allocation Failure)  29387K->23771K(31232K), 0.0007665 secs]
99.542: [GC (Allocation Failure)  29403K->23739K(31232K), 0.0007963 secs]
99.545: [GC (Allocation Failure)  29371K->23739K(31232K), 0.0009179 secs]
99.548: [GC (Allocation Failure)  29371K->23739K(31232K), 0.0008585 secs]
99.552: [GC (Allocation Failure)  29371K->23739K(31232K), 0.0009444 secs]
99.555: [GC (Allocation Failure)  29371K->23707K(31232K), 0.0009712 secs]
99.559: [GC (Allocation Failure)  29339K->23739K(31232K), 0.0008583 secs]
99.562: [GC (Allocation Failure)  29371K->23675K(31232K), 0.0007615 secs]
99.566: [GC (Allocation Failure)  29307K->23707K(31232K), 0.0009047 secs]
99.569: [GC (Allocation Failure)  29339K->23739K(31232K), 0.0007539 secs]
99.572: [GC (Allocation Failure)  29371K->23771K(31232K), 0.0007964 secs]
99.576: [GC (Allocation Failure)  29403K->23707K(31232K), 0.0009153 secs]
99.579: [GC (Allocation Failure)  29339K->23707K(31232K), 0.0008975 secs]
99.583: [GC (Allocation Failure)  29339K->23739K(31232K), 0.0009163 secs]
99.586: [GC (Allocation Failure)  29371K->23739K(31232K), 0.0010229 secs]
99.590: [GC (Allocation Failure)  29371K->23691K(31232K), 0.0008451 secs]
99.594: [GC (Allocation Failure)  29323K->23691K(31232K), 0.0009003 secs]
99.597: [GC (Allocation Failure)  29323K->23755K(31232K), 0.0008826 secs]
99.600: [GC (Allocation Failure)  29387K->23755K(31232K), 0.0008186 secs]
99.604: [GC (Allocation Failure)  29387K->23787K(31232K), 0.0008374 secs]
99.607: [GC (Allocation Failure)  29419K->23755K(31232K), 0.0008214 secs]
99.610: [GC (Allocation Failure)  29387K->23723K(31232K), 0.0008232 secs]
99.614: [GC (Allocation Failure)  29355K->23819K(31232K), 0.0012475 secs]
99.618: [GC (Allocation Failure)  29451K->23803K(31232K), 0.0010967 secs]
99.622: [GC (Allocation Failure)  29435K->23763K(31232K), 0.0011390 secs]
99.626: [GC (Allocation Failure)  29395K->23803K(31232K), 0.0008386 secs]
99.629: [GC (Allocation Failure)  29435K->23803K(31232K), 0.0007909 secs]
99.633: [GC (Allocation Failure)  29435K->23835K(31232K), 0.0008151 secs]
99.636: [GC (Allocation Failure)  29467K->23803K(31232K), 0.0010222 secs]
99.640: [GC (Allocation Failure)  29435K->23787K(31232K), 0.0009140 secs]
99.644: [GC (Allocation Failure)  29419K->23787K(31232K), 0.0008201 secs]
99.647: [GC (Allocation Failure)  29419K->23851K(31232K), 0.0009558 secs]
99.651: [GC (Allocation Failure)  29483K->23819K(31232K), 0.0008666 secs]
99.655: [GC (Allocation Failure)  29451K->23851K(31232K), 0.0009582 secs]
99.658: [GC (Allocation Failure)  29483K->23819K(31232K), 0.0008899 secs]
99.662: [GC (Allocation Failure)  29451K->23755K(31232K), 0.0009494 secs]
99.666: [GC (Allocation Failure)  29387K->23787K(31232K), 0.0008641 secs]
99.669: [GC (Allocation Failure)  29419K->23787K(31232K), 0.0009941 secs]
99.673: [GC (Allocation Failure)  29419K->23787K(31232K), 0.0009212 secs]
99.676: [GC (Allocation Failure)  29419K->23787K(31232K), 0.0009451 secs]
99.680: [GC (Allocation Failure)  29419K->23819K(31232K), 0.0008852 secs]
99.684: [GC (Allocation Failure)  29451K->23851K(31232K), 0.0007903 secs]
99.687: [GC (Allocation Failure)  29483K->23787K(31232K), 0.0007991 secs]
99.690: [GC (Allocation Failure)  29419K->23859K(31232K), 0.0007934 secs]
99.694: [GC (Allocation Failure)  29491K->23827K(31232K), 0.0009061 secs]
99.697: [GC (Allocation Failure)  29459K->23795K(31232K), 0.0008278 secs]
99.701: [GC (Allocation Failure)  29427K->23827K(31232K), 0.0008441 secs]
99.705: [GC (Allocation Failure)  29459K->23859K(31232K), 0.0008535 secs]
99.708: [GC (Allocation Failure)  29491K->23859K(31232K), 0.0009605 secs]
99.712: [GC (Allocation Failure)  29491K->23763K(31232K), 0.0008797 secs]
99.715: [GC (Allocation Failure)  29395K->23923K(31232K), 0.0009359 secs]
99.719: [GC (Allocation Failure)  29555K->23891K(31232K), 0.0011034 secs]
99.723: [GC (Allocation Failure)  29523K->23907K(31232K), 0.0009488 secs]
99.727: [GC (Allocation Failure)  29539K->23931K(31232K), 0.0011588 secs]
99.731: [GC (Allocation Failure)  29563K->23971K(31232K), 0.0009586 secs]
99.735: [GC (Allocation Failure)  29603K->23971K(31232K), 0.0008101 secs]
99.738: [GC (Allocation Failure)  29603K->23987K(31232K), 0.0011233 secs]
99.742: [GC (Allocation Failure)  29619K->23923K(31232K), 0.0011269 secs]
99.745: [GC (Allocation Failure)  29555K->23923K(31232K), 0.0008566 secs]
99.749: [GC (Allocation Failure)  29555K->24019K(31232K), 0.0008646 secs]
99.752: [GC (Allocation Failure)  29651K->23955K(31232K), 0.0009707 secs]
99.756: [GC (Allocation Failure)  29587K->23955K(31232K), 0.0009762 secs]
99.760: [GC (Allocation Failure)  29587K->23923K(31232K), 0.0010883 secs]
99.764: [GC (Allocation Failure)  29555K->23955K(31232K), 0.0009008 secs]
99.767: [GC (Allocation Failure)  29587K->23955K(31232K), 0.0009212 secs]
99.771: [GC (Allocation Failure)  29587K->23955K(31232K), 0.0008911 secs]
99.774: [GC (Allocation Failure)  29587K->23891K(31232K), 0.0010979 secs]
99.778: [GC (Allocation Failure)  29523K->23923K(31232K), 0.0008111 secs]
99.782: [GC (Allocation Failure)  29555K->23955K(31232K), 0.0011816 secs]
99.786: [GC (Allocation Failure)  29587K->23923K(31232K), 0.0011751 secs]
99.790: [GC (Allocation Failure)  29555K->23939K(31232K), 0.0009191 secs]
99.794: [GC (Allocation Failure)  29571K->24003K(31232K), 0.0011319 secs]
99.798: [GC (Allocation Failure)  29635K->23971K(31232K), 0.0038298 secs]
99.805: [GC (Allocation Failure)  29603K->24003K(31232K), 0.0013435 secs]
99.809: [GC (Allocation Failure)  29635K->24003K(31232K), 0.0010724 secs]
99.813: [GC (Allocation Failure)  29635K->24035K(31232K), 0.0009929 secs]
99.817: [GC (Allocation Failure)  29667K->24067K(31232K), 0.0014714 secs]
99.822: [GC (Allocation Failure)  29699K->24075K(31232K), 0.0011711 secs]
99.826: [GC (Allocation Failure)  29707K->23987K(31232K), 0.0010116 secs]
99.830: [GC (Allocation Failure)  29619K->24019K(31232K), 0.0008546 secs]
99.833: [GC (Allocation Failure)  29651K->24019K(31232K), 0.0009572 secs]
99.837: [GC (Allocation Failure)  29651K->23987K(31232K), 0.0010545 secs]
99.840: [GC (Allocation Failure)  29619K->24035K(31232K), 0.0007872 secs]
99.844: [GC (Allocation Failure)  29667K->24035K(31232K), 0.0008699 secs]
99.847: [GC (Allocation Failure)  29667K->24003K(31232K), 0.0008216 secs]
99.851: [GC (Allocation Failure)  29635K->24035K(31232K), 0.0007105 secs]
99.854: [GC (Allocation Failure)  29667K->24035K(31232K), 0.0010235 secs]
99.858: [GC (Allocation Failure)  29667K->23971K(31232K), 0.0008044 secs]
99.861: [GC (Allocation Failure)  29603K->24067K(31232K), 0.0008388 secs]
99.864: [GC (Allocation Failure)  29699K->24003K(31232K), 0.0008611 secs]
99.868: [GC (Allocation Failure)  29635K->24035K(31232K), 0.0009557 secs]
99.872: [GC (Allocation Failure)  29667K->23971K(31232K), 0.0009270 secs]
99.875: [GC (Allocation Failure)  29603K->24035K(31232K), 0.0008075 secs]
99.878: [GC (Allocation Failure)  29667K->24067K(31232K), 0.0008031 secs]
99.882: [GC (Allocation Failure)  29699K->24035K(31232K), 0.0008739 secs]
99.885: [GC (Allocation Failure)  29667K->24003K(31232K), 0.0008584 secs]
99.889: [GC (Allocation Failure)  29635K->24067K(31232K), 0.0007880 secs]
99.892: [GC (Allocation Failure)  29699K->24051K(31232K), 0.0007735 secs]
99.896: [GC (Allocation Failure)  29683K->24051K(31232K), 0.0008211 secs]
99.899: [GC (Allocation Failure)  29683K->24051K(31232K), 0.0008084 secs]
99.903: [GC (Allocation Failure)  29683K->24051K(31232K), 0.0009530 secs]
99.906: [GC (Allocation Failure)  29683K->24051K(31232K), 0.0008074 secs]
99.910: [GC (Allocation Failure)  29683K->24019K(31232K), 0.0008590 secs]
99.913: [GC (Allocation Failure)  29651K->24019K(31232K), 0.0008800 secs]
99.916: [GC (Allocation Failure)  29651K->24147K(31232K), 0.0010825 secs]
99.921: [GC (Allocation Failure)  29779K->24115K(31232K), 0.0009351 secs]
99.925: [GC (Allocation Failure)  29747K->24179K(31232K), 0.0012101 secs]
99.929: [GC (Allocation Failure)  29811K->24171K(31232K), 0.0008882 secs]
99.932: [GC (Allocation Failure)  29803K->24147K(31232K), 0.0008382 secs]
99.936: [GC (Allocation Failure)  29779K->24115K(31232K), 0.0009187 secs]
99.939: [GC (Allocation Failure)  29747K->24211K(31232K), 0.0007720 secs]
99.943: [GC (Allocation Failure)  29843K->24163K(31232K), 0.0007623 secs]
99.946: [GC (Allocation Failure)  29795K->24163K(31232K), 0.0009387 secs]
99.949: [GC (Allocation Failure)  29795K->24131K(31232K), 0.0007874 secs]
99.953: [GC (Allocation Failure)  29763K->24195K(31232K), 0.0008157 secs]
99.956: [GC (Allocation Failure)  29827K->24163K(31232K), 0.0007836 secs]
99.960: [GC (Allocation Failure)  29795K->24131K(31232K), 0.0008133 secs]
99.963: [GC (Allocation Failure)  29763K->24099K(31232K), 0.0008182 secs]
99.967: [GC (Allocation Failure)  29731K->24131K(31232K), 0.0009276 secs]
99.970: [GC (Allocation Failure)  29763K->24195K(31232K), 0.0008769 secs]
99.974: [GC (Allocation Failure)  29827K->24195K(31232K), 0.0008408 secs]
99.977: [GC (Allocation Failure)  29827K->24195K(31232K), 0.0009023 secs]
99.980: [GC (Allocation Failure)  29827K->24163K(31232K), 0.0009217 secs]
99.984: [GC (Allocation Failure)  29795K->24163K(31232K), 0.0008868 secs]
99.987: [GC (Allocation Failure)  29795K->24163K(31232K), 0.0007630 secs]
99.991: [GC (Allocation Failure)  29795K->24131K(31232K), 0.0009624 secs]
99.995: [GC (Allocation Failure)  29763K->24147K(31232K), 0.0008700 secs]
99.998: [GC (Allocation Failure)  29779K->24179K(31232K), 0.0008288 secs]
100.001: [GC (Allocation Failure)  29811K->24147K(31232K), 0.0008121 secs]
100.005: [GC (Allocation Failure)  29779K->24211K(31232K), 0.0009004 secs]
100.008: [GC (Allocation Failure)  29843K->24115K(31232K), 0.0007977 secs]
100.012: [GC (Allocation Failure)  29747K->24179K(31232K), 0.0008055 secs]
100.015: [GC (Allocation Failure)  29811K->24275K(31232K), 0.0010554 secs]
100.019: [GC (Allocation Failure)  29907K->24163K(31232K), 0.0012225 secs]
100.024: [GC (Allocation Failure)  29795K->24275K(31232K), 0.0010298 secs]
100.028: [GC (Allocation Failure)  29907K->24155K(31232K), 0.0009405 secs]
100.031: [GC (Allocation Failure)  29787K->24187K(31232K), 0.0009159 secs]
100.034: [GC (Allocation Failure)  29819K->24219K(31232K), 0.0008329 secs]
100.039: [GC (Allocation Failure)  29851K->24219K(31232K), 0.0011538 secs]
100.043: [GC (Allocation Failure)  29851K->24219K(31232K), 0.0010286 secs]
100.047: [GC (Allocation Failure)  29851K->24235K(31232K), 0.0010271 secs]
100.051: [GC (Allocation Failure)  29867K->24235K(31232K), 0.0008707 secs]
100.054: [GC (Allocation Failure)  29867K->24235K(31232K), 0.0009861 secs]
100.058: [GC (Allocation Failure)  29867K->24203K(31232K), 0.0010114 secs]
100.061: [GC (Allocation Failure)  29835K->24235K(31232K), 0.0008197 secs]
100.064: [GC (Allocation Failure)  29867K->24267K(31232K), 0.0008095 secs]
100.068: [GC (Allocation Failure)  29899K->24267K(31232K), 0.0009381 secs]
100.071: [GC (Allocation Failure)  29899K->24267K(31232K), 0.0008307 secs]
100.075: [GC (Allocation Failure)  29899K->24267K(31232K), 0.0008564 secs]
100.078: [GC (Allocation Failure)  29899K->24235K(31232K), 0.0008839 secs]
100.081: [GC (Allocation Failure)  29867K->24203K(31232K), 0.0008383 secs]
100.085: [GC (Allocation Failure)  29835K->24235K(31232K), 0.0010756 secs]
100.089: [GC (Allocation Failure)  29867K->24235K(31232K), 0.0010075 secs]
100.092: [GC (Allocation Failure)  29867K->24235K(31232K), 0.0008717 secs]
100.096: [GC (Allocation Failure)  29867K->24251K(31232K), 0.0009155 secs]
100.100: [GC (Allocation Failure)  29883K->24187K(31232K), 0.0008086 secs]
100.103: [GC (Allocation Failure)  29819K->24251K(31232K), 0.0008089 secs]
100.106: [GC (Allocation Failure)  29883K->24283K(31232K), 0.0008337 secs]
100.110: [GC (Allocation Failure)  29915K->24187K(31232K), 0.0008751 secs]
100.113: [GC (Allocation Failure)  29819K->24219K(31232K), 0.0007653 secs]
100.117: [GC (Allocation Failure)  29851K->24283K(31232K), 0.0011382 secs]
100.121: [GC (Allocation Failure)  29915K->24379K(31232K), 0.0011408 secs]
100.125: [GC (Allocation Failure)  30011K->24251K(31232K), 0.0010300 secs]
100.129: [GC (Allocation Failure)  29883K->24379K(31232K), 0.0009535 secs]
100.133: [GC (Allocation Failure)  30011K->24291K(31232K), 0.0008454 secs]
100.136: [GC (Allocation Failure)  29923K->24323K(31232K), 0.0008427 secs]
100.140: [GC (Allocation Failure)  29955K->24323K(31232K), 0.0008212 secs]
100.143: [GC (Allocation Failure)  29955K->24355K(31232K), 0.0007996 secs]
100.146: [GC (Allocation Failure)  29987K->24339K(31232K), 0.0010078 secs]
100.150: [GC (Allocation Failure)  29971K->24339K(31232K), 0.0007789 secs]
100.153: [GC (Allocation Failure)  29971K->24307K(31232K), 0.0007985 secs]
100.157: [GC (Allocation Failure)  29939K->24307K(31232K), 0.0010097 secs]
100.160: [GC (Allocation Failure)  29939K->24339K(31232K), 0.0009414 secs]
100.164: [GC (Allocation Failure)  29971K->24275K(31232K), 0.0009577 secs]
100.168: [GC (Allocation Failure)  29907K->24275K(31232K), 0.0008232 secs]
100.171: [GC (Allocation Failure)  29907K->24307K(31232K), 0.0009377 secs]
100.175: [GC (Allocation Failure)  29939K->24339K(31232K), 0.0009074 secs]
100.178: [GC (Allocation Failure)  29971K->24339K(31232K), 0.0008778 secs]
100.181: [GC (Allocation Failure)  29971K->24307K(31232K), 0.0008219 secs]
100.185: [GC (Allocation Failure)  29939K->24339K(31232K), 0.0008383 secs]
100.188: [GC (Allocation Failure)  29971K->24307K(31232K), 0.0008501 secs]
100.191: [GC (Allocation Failure)  29939K->24371K(31232K), 0.0007547 secs]
100.195: [GC (Allocation Failure)  30003K->24323K(31232K), 0.0008805 secs]
100.198: [GC (Allocation Failure)  29955K->24323K(31232K), 0.0008444 secs]
100.201: [GC (Allocation Failure)  29955K->24323K(31232K), 0.0007875 secs]
100.205: [GC (Allocation Failure)  29955K->24355K(31232K), 0.0008203 secs]
100.208: [GC (Allocation Failure)  29987K->24387K(31232K), 0.0008700 secs]
100.211: [GC (Allocation Failure)  30019K->24291K(31232K), 0.0008020 secs]
100.215: [GC (Allocation Failure)  29923K->24323K(31232K), 0.0007908 secs]
100.218: [GC (Allocation Failure)  29955K->24419K(31232K), 0.0009461 secs]
100.222: [GC (Allocation Failure)  30051K->24459K(31232K), 0.0009528 secs]
100.226: [GC (Allocation Failure)  30091K->24411K(31232K), 0.0008652 secs]
100.230: [GC (Allocation Failure)  30043K->24451K(31232K), 0.0008505 secs]
100.233: [GC (Allocation Failure)  30083K->24419K(31232K), 0.0007894 secs]
100.237: [GC (Allocation Failure)  30051K->24451K(31232K), 0.0007902 secs]
100.240: [GC (Allocation Failure)  30083K->24387K(31232K), 0.0009057 secs]
100.244: [GC (Allocation Failure)  30019K->24483K(31232K), 0.0009922 secs]
100.247: [GC (Allocation Failure)  30115K->24403K(31232K), 0.0008343 secs]
100.251: [GC (Allocation Failure)  30035K->24403K(31232K), 0.0008947 secs]
100.255: [GC (Allocation Failure)  30035K->24435K(31232K), 0.0008392 secs]
100.258: [GC (Allocation Failure)  30067K->24403K(31232K), 0.0008274 secs]
100.261: [GC (Allocation Failure)  30035K->24403K(31232K), 0.0008263 secs]
100.265: [GC (Allocation Failure)  30035K->24435K(31232K), 0.0008207 secs]
100.268: [GC (Allocation Failure)  30067K->24403K(31232K), 0.0008114 secs]
100.271: [GC (Allocation Failure)  30035K->24403K(31232K), 0.0009399 secs]
100.275: [GC (Allocation Failure)  30035K->24403K(31232K), 0.0008192 secs]
100.279: [GC (Allocation Failure)  30035K->24403K(31232K), 0.0008362 secs]
100.282: [GC (Allocation Failure)  30035K->24435K(31232K), 0.0009327 secs]
100.285: [GC (Allocation Failure)  30067K->24435K(31232K), 0.0008177 secs]
100.289: [GC (Allocation Failure)  30067K->24371K(31232K), 0.0008605 secs]
100.292: [GC (Allocation Failure)  30003K->24467K(31232K), 0.0008191 secs]
100.296: [GC (Allocation Failure)  30099K->24443K(31232K), 0.0008605 secs]
100.299: [GC (Allocation Failure)  30075K->24475K(31232K), 0.0007208 secs]
100.302: [GC (Allocation Failure)  30107K->24475K(31232K), 0.0008553 secs]
100.306: [GC (Allocation Failure)  30107K->24379K(31232K), 0.0008786 secs]
100.310: [GC (Allocation Failure)  30011K->24411K(31232K), 0.0009931 secs]
100.313: [GC (Allocation Failure)  30043K->24411K(31232K), 0.0008442 secs]
100.317: [GC (Allocation Failure)  30043K->24539K(31232K), 0.0008663 secs]
100.321: [GC (Allocation Failure)  30171K->24539K(31232K), 0.0013055 secs]
100.325: [GC (Allocation Failure)  30171K->24459K(31232K), 0.0009536 secs]
100.329: [GC (Allocation Failure)  30091K->24499K(31232K), 0.0009126 secs]
100.332: [GC (Allocation Failure)  30131K->24467K(31232K), 0.0007416 secs]
100.336: [GC (Allocation Failure)  30099K->24499K(31232K), 0.0008998 secs]
100.339: [GC (Allocation Failure)  30131K->24467K(31232K), 0.0008618 secs]
100.343: [GC (Allocation Failure)  30099K->24563K(31232K), 0.0007909 secs]
100.346: [GC (Allocation Failure)  30195K->24483K(31232K), 0.0009020 secs]
100.349: [GC (Allocation Failure)  30115K->24483K(31232K), 0.0008072 secs]
100.352: [GC (Allocation Failure)  30115K->24483K(31232K), 0.0007633 secs]
100.356: [GC (Allocation Failure)  30115K->24451K(31232K), 0.0008770 secs]
100.359: [GC (Allocation Failure)  30083K->24483K(31232K), 0.0008017 secs]
100.362: [GC (Allocation Failure)  30115K->24483K(31232K), 0.0009785 secs]
100.366: [GC (Allocation Failure)  30115K->24451K(31232K), 0.0008771 secs]
100.369: [GC (Allocation Failure)  30083K->24515K(31232K), 0.0008403 secs]
100.373: [GC (Allocation Failure)  30147K->24483K(31232K), 0.0007949 secs]
100.376: [GC (Allocation Failure)  30115K->24547K(31232K), 0.0007984 secs]
100.379: [GC (Allocation Failure)  30179K->24515K(31232K), 0.0008276 secs]
100.383: [GC (Allocation Failure)  30147K->24515K(31232K), 0.0007837 secs]
100.386: [GC (Allocation Failure)  30147K->24515K(31232K), 0.0008282 secs]
100.389: [GC (Allocation Failure)  30147K->24451K(31232K), 0.0008757 secs]
100.392: [GC (Allocation Failure)  30083K->24547K(31232K), 0.0008231 secs]
100.396: [GC (Allocation Failure)  30179K->24499K(31232K), 0.0007823 secs]
100.399: [GC (Allocation Failure)  30131K->24499K(31232K), 0.0008854 secs]
100.403: [GC (Allocation Failure)  30131K->24531K(31232K), 0.0008478 secs]
100.406: [GC (Allocation Failure)  30163K->24499K(31232K), 0.0008823 secs]
100.409: [GC (Allocation Failure)  30131K->24499K(31232K), 0.0007786 secs]
100.412: [GC (Allocation Failure)  30131K->24531K(31232K), 0.0007826 secs]
100.416: [GC (Allocation Failure)  30163K->24531K(31232K), 0.0007742 secs]
100.420: [GC (Allocation Failure)  30163K->24563K(31232K), 0.0011054 secs]
100.424: [GC (Allocation Failure)  30195K->24619K(31232K), 0.0009924 secs]
100.427: [GC (Allocation Failure)  30251K->24563K(31232K), 0.0008786 secs]
100.431: [GC (Allocation Failure)  30195K->24539K(31232K), 0.0009384 secs]
100.434: [GC (Allocation Failure)  30171K->24571K(31232K), 0.0008577 secs]
100.438: [GC (Allocation Failure)  30203K->24507K(31232K), 0.0008651 secs]
100.441: [GC (Allocation Failure)  30139K->24539K(31232K), 0.0008709 secs]
100.445: [GC (Allocation Failure)  30171K->24603K(31232K), 0.0007654 secs]
100.448: [GC (Allocation Failure)  30235K->24587K(31232K), 0.0008824 secs]
100.451: [GC (Allocation Failure)  30219K->24555K(31232K), 0.0008218 secs]
100.454: [GC (Allocation Failure)  30187K->24587K(31232K), 0.0007274 secs]
100.458: [GC (Allocation Failure)  30219K->24555K(31232K), 0.0009371 secs]
100.461: [GC (Allocation Failure)  30187K->24555K(31232K), 0.0008620 secs]
100.465: [GC (Allocation Failure)  30187K->24587K(31232K), 0.0007583 secs]
100.468: [GC (Allocation Failure)  30219K->24523K(31232K), 0.0008683 secs]
100.471: [GC (Allocation Failure)  30155K->24587K(31232K), 0.0007581 secs]
100.475: [GC (Allocation Failure)  30219K->24587K(31232K), 0.0008330 secs]
100.478: [GC (Allocation Failure)  30219K->24555K(31232K), 0.0009167 secs]
100.481: [GC (Allocation Failure)  30187K->24555K(31232K), 0.0008889 secs]
100.485: [GC (Allocation Failure)  30187K->24555K(31232K), 0.0009116 secs]
100.488: [GC (Allocation Failure)  30187K->24651K(31232K), 0.0008136 secs]
100.491: [GC (Allocation Failure)  30283K->24555K(31232K), 0.0010539 secs]
100.496: [GC (Allocation Failure)  30187K->24651K(31232K), 0.0009884 secs]
100.499: [GC (Allocation Failure)  30283K->24635K(31232K), 0.0009049 secs]
100.503: [GC (Allocation Failure)  30267K->24603K(31232K), 0.0008676 secs]
100.506: [GC (Allocation Failure)  30235K->24571K(31232K), 0.0008951 secs]
100.510: [GC (Allocation Failure)  30203K->24539K(31232K), 0.0007614 secs]
100.513: [GC (Allocation Failure)  30171K->24571K(31232K), 0.0007832 secs]
100.517: [GC (Allocation Failure)  30203K->24603K(31232K), 0.0008961 secs]
100.520: [GC (Allocation Failure)  30235K->24635K(31232K), 0.0015452 secs]
100.525: [GC (Allocation Failure)  30267K->24699K(31232K), 0.0017859 secs]
100.530: [GC (Allocation Failure)  30331K->24659K(31232K), 0.0011877 secs]
100.535: [GC (Allocation Failure)  30291K->24635K(31232K), 0.0013739 secs]
100.539: [GC (Allocation Failure)  30267K->24699K(31232K), 0.0010575 secs]
100.543: [GC (Allocation Failure)  30331K->24603K(31232K), 0.0010156 secs]
100.547: [GC (Allocation Failure)  30235K->24699K(31232K), 0.0009717 secs]
100.550: [GC (Allocation Failure)  30331K->24683K(31232K), 0.0007809 secs]
100.554: [GC (Allocation Failure)  30315K->24651K(31232K), 0.0007892 secs]
100.557: [GC (Allocation Failure)  30283K->24651K(31232K), 0.0008292 secs]
100.560: [GC (Allocation Failure)  30283K->24683K(31232K), 0.0009387 secs]
100.564: [GC (Allocation Failure)  30315K->24683K(31232K), 0.0009280 secs]
100.567: [GC (Allocation Failure)  30315K->24715K(31232K), 0.0008655 secs]
100.571: [GC (Allocation Failure)  30347K->24683K(31232K), 0.0009771 secs]
100.575: [GC (Allocation Failure)  30315K->24651K(31232K), 0.0007366 secs]
100.578: [GC (Allocation Failure)  30283K->24715K(31232K), 0.0009006 secs]
100.581: [GC (Allocation Failure)  30347K->24683K(31232K), 0.0007874 secs]
100.585: [GC (Allocation Failure)  30315K->24651K(31232K), 0.0008133 secs]
100.588: [GC (Allocation Failure)  30283K->24683K(31232K), 0.0009979 secs]
100.592: [GC (Allocation Failure)  30315K->24651K(31232K), 0.0009036 secs]
100.596: [GC (Allocation Failure)  30283K->24683K(31232K), 0.0007548 secs]
100.599: [GC (Allocation Failure)  30315K->24715K(31232K), 0.0008432 secs]
100.602: [GC (Allocation Failure)  30347K->24731K(31232K), 0.0008594 secs]
100.606: [GC (Allocation Failure)  30363K->24731K(31232K), 0.0010448 secs]
100.609: [GC (Allocation Failure)  30363K->24667K(31232K), 0.0008587 secs]
100.612: [GC (Allocation Failure)  30299K->24731K(31232K), 0.0008902 secs]
100.616: [GC (Allocation Failure)  30363K->24667K(31232K), 0.0008093 secs]
100.620: [GC (Allocation Failure)  30299K->24731K(31232K), 0.0013161 secs]
100.624: [GC (Allocation Failure)  30363K->24787K(31232K), 0.0010932 secs]
100.628: [GC (Allocation Failure)  30419K->24803K(31232K), 0.0010691 secs]
100.632: [GC (Allocation Failure)  30435K->24715K(31232K), 0.0008600 secs]
100.635: [GC (Allocation Failure)  30347K->24747K(31232K), 0.0008915 secs]
100.638: [GC (Allocation Failure)  30379K->24747K(31232K), 0.0007992 secs]
100.642: [GC (Allocation Failure)  30379K->24715K(31232K), 0.0008816 secs]
100.645: [GC (Allocation Failure)  30347K->24747K(31232K), 0.0008210 secs]
100.648: [GC (Allocation Failure)  30379K->24779K(31232K), 0.0008732 secs]
100.652: [GC (Allocation Failure)  30411K->24763K(31232K), 0.0008810 secs]
100.656: [GC (Allocation Failure)  30395K->24763K(31232K), 0.0008323 secs]
100.659: [GC (Allocation Failure)  30395K->24699K(31232K), 0.0007802 secs]
100.662: [GC (Allocation Failure)  30331K->24763K(31232K), 0.0008633 secs]
100.665: [GC (Allocation Failure)  30395K->24731K(31232K), 0.0009009 secs]
100.669: [GC (Allocation Failure)  30363K->24763K(31232K), 0.0009277 secs]
100.672: [GC (Allocation Failure)  30395K->24763K(31232K), 0.0007881 secs]
100.676: [GC (Allocation Failure)  30395K->24763K(31232K), 0.0009068 secs]
100.679: [GC (Allocation Failure)  30395K->24763K(31232K), 0.0008412 secs]
100.682: [GC (Allocation Failure)  30395K->24731K(31232K), 0.0008174 secs]
100.686: [GC (Allocation Failure)  30363K->24795K(31232K), 0.0008663 secs]
100.689: [GC (Allocation Failure)  30427K->24763K(31232K), 0.0007743 secs]
100.692: [GC (Allocation Failure)  30395K->24731K(31232K), 0.0007982 secs]
100.696: [GC (Allocation Failure)  30363K->24795K(31232K), 0.0007814 secs]
100.699: [GC (Allocation Failure)  30427K->24763K(31232K), 0.0007904 secs]
100.702: [GC (Allocation Failure)  30395K->24715K(31232K), 0.0009068 secs]
100.706: [GC (Allocation Failure)  30347K->24779K(31232K), 0.0008786 secs]
100.709: [GC (Allocation Failure)  30411K->24811K(31232K), 0.0007574 secs]
100.712: [GC (Allocation Failure)  30443K->24747K(31232K), 0.0009155 secs]
100.715: [GC (Allocation Failure)  30379K->24811K(31232K), 0.0007457 secs]
100.719: [GC (Allocation Failure)  30443K->24843K(31232K), 0.0009656 secs]
100.723: [GC (Allocation Failure)  30475K->24875K(31232K), 0.0009794 secs]
100.727: [GC (Allocation Failure)  30507K->24803K(31232K), 0.0008935 secs]
100.730: [GC (Allocation Failure)  30435K->24875K(31232K), 0.0009894 secs]
100.734: [GC (Allocation Failure)  30507K->24843K(31232K), 0.0008630 secs]
100.737: [GC (Allocation Failure)  30475K->24843K(31232K), 0.0008723 secs]
100.740: [GC (Allocation Failure)  30475K->24843K(31232K), 0.0008582 secs]
100.744: [GC (Allocation Failure)  30475K->24875K(31232K), 0.0009949 secs]
100.747: [GC (Allocation Failure)  30507K->24811K(31232K), 0.0007852 secs]
100.751: [GC (Allocation Failure)  30443K->24891K(31232K), 0.0008130 secs]
100.754: [GC (Allocation Failure)  30523K->24827K(31232K), 0.0010619 secs]
100.758: [GC (Allocation Failure)  30459K->24827K(31232K), 0.0009294 secs]
100.761: [GC (Allocation Failure)  30459K->24827K(31232K), 0.0007558 secs]
100.765: [GC (Allocation Failure)  30459K->24859K(31232K), 0.0008989 secs]
100.768: [GC (Allocation Failure)  30491K->24827K(31232K), 0.0014307 secs]
100.772: [GC (Allocation Failure)  30459K->24827K(31232K), 0.0011617 secs]
100.776: [GC (Allocation Failure)  30459K->24859K(31232K), 0.0009779 secs]
100.780: [GC (Allocation Failure)  30491K->24891K(31232K), 0.0011026 secs]
100.784: [GC (Allocation Failure)  30523K->24859K(31232K), 0.0009543 secs]
100.788: [GC (Allocation Failure)  30491K->24891K(31232K), 0.0010124 secs]
100.792: [GC (Allocation Failure)  30523K->24891K(31232K), 0.0010452 secs]
100.796: [GC (Allocation Failure)  30523K->24859K(31232K), 0.0009942 secs]
100.800: [GC (Allocation Failure)  30491K->24891K(31232K), 0.0009612 secs]
100.803: [GC (Allocation Failure)  30523K->24811K(31232K), 0.0011387 secs]
100.807: [GC (Allocation Failure)  30443K->24875K(31232K), 0.0008993 secs]
100.811: [GC (Allocation Failure)  30507K->24811K(31232K), 0.0008084 secs]
100.814: [GC (Allocation Failure)  30443K->24811K(31232K), 0.0008791 secs]
100.817: [GC (Allocation Failure)  30443K->24875K(31232K), 0.0008039 secs]
100.821: [GC (Allocation Failure)  30507K->24907K(31232K), 0.0013670 secs]
100.825: [GC (Allocation Failure)  30539K->24939K(31232K), 0.0010588 secs]
100.829: [GC (Allocation Failure)  30571K->24931K(31232K), 0.0008950 secs]
100.833: [GC (Allocation Failure)  30563K->24963K(31232K), 0.0010565 secs]
100.836: [GC (Allocation Failure)  30595K->24939K(31232K), 0.0010655 secs]
100.840: [GC (Allocation Failure)  30571K->24907K(31232K), 0.0008531 secs]
100.843: [GC (Allocation Failure)  30539K->24907K(31232K), 0.0008698 secs]
100.847: [GC (Allocation Failure)  30539K->24907K(31232K), 0.0008055 secs]
100.850: [GC (Allocation Failure)  30539K->24939K(31232K), 0.0008835 secs]
100.854: [GC (Allocation Failure)  30571K->24955K(31232K), 0.0010104 secs]
100.857: [GC (Allocation Failure)  30587K->24955K(31232K), 0.0009336 secs]
100.860: [GC (Allocation Failure)  30587K->24923K(31232K), 0.0008085 secs]
100.864: [GC (Allocation Failure)  30555K->24923K(31232K), 0.0009561 secs]
100.867: [GC (Allocation Failure)  30555K->24987K(31232K), 0.0009711 secs]
100.871: [GC (Allocation Failure)  30619K->24923K(31232K), 0.0011749 secs]
100.874: [GC (Allocation Failure)  30555K->24923K(31232K), 0.0007180 secs]
100.878: [GC (Allocation Failure)  30555K->24955K(31232K), 0.0009052 secs]
100.881: [GC (Allocation Failure)  30587K->24923K(31232K), 0.0008608 secs]
100.884: [GC (Allocation Failure)  30555K->24923K(31232K), 0.0007452 secs]
100.888: [GC (Allocation Failure)  30555K->24923K(31232K), 0.0008021 secs]
100.891: [GC (Allocation Failure)  30555K->24987K(31232K), 0.0008405 secs]
100.894: [GC (Allocation Failure)  30619K->24923K(31232K), 0.0007467 secs]
100.898: [GC (Allocation Failure)  30555K->24923K(31232K), 0.0008553 secs]
100.901: [GC (Allocation Failure)  30555K->25019K(31232K), 0.0009178 secs]
100.905: [GC (Allocation Failure)  30651K->24963K(31232K), 0.0009184 secs]
100.908: [GC (Allocation Failure)  30595K->24963K(31232K), 0.0007722 secs]
100.912: [GC (Allocation Failure)  30595K->24995K(31232K), 0.0008630 secs]
100.915: [GC (Allocation Failure)  30627K->24931K(31232K), 0.0008875 secs]
100.918: [GC (Allocation Failure)  30563K->24963K(31232K), 0.0007157 secs]
100.922: [GC (Allocation Failure)  30595K->25091K(31232K), 0.0008982 secs]
100.926: [GC (Allocation Failure)  30723K->25059K(31232K), 0.0009237 secs]
100.930: [GC (Allocation Failure)  30691K->25043K(31232K), 0.0009834 secs]
100.933: [GC (Allocation Failure)  30675K->25019K(31232K), 0.0008707 secs]
100.937: [GC (Allocation Failure)  30651K->24987K(31232K), 0.0008370 secs]
100.940: [GC (Allocation Failure)  30619K->25051K(31232K), 0.0009263 secs]
100.943: [GC (Allocation Failure)  30683K->24987K(31232K), 0.0007872 secs]
100.947: [GC (Allocation Failure)  30619K->25019K(31232K), 0.0008499 secs]
100.950: [GC (Allocation Failure)  30651K->25083K(31232K), 0.0008486 secs]
100.954: [GC (Allocation Failure)  30715K->25027K(31232K), 0.0008106 secs]
100.957: [GC (Allocation Failure)  30659K->24963K(31232K), 0.0009662 secs]
100.960: [GC (Allocation Failure)  30595K->25027K(31232K), 0.0007683 secs]
100.964: [GC (Allocation Failure)  30659K->24995K(31232K), 0.0009251 secs]
100.967: [GC (Allocation Failure)  30627K->25027K(31232K), 0.0008727 secs]
100.971: [GC (Allocation Failure)  30659K->24995K(31232K), 0.0008613 secs]
100.974: [GC (Allocation Failure)  30627K->25027K(31232K), 0.0008922 secs]
100.977: [GC (Allocation Failure)  30659K->24995K(31232K), 0.0008139 secs]
100.981: [GC (Allocation Failure)  30627K->25027K(31232K), 0.0007583 secs]
100.984: [GC (Allocation Failure)  30659K->25059K(31232K), 0.0008460 secs]
100.987: [GC (Allocation Failure)  30691K->25027K(31232K), 0.0009228 secs]
100.991: [GC (Allocation Failure)  30659K->25027K(31232K), 0.0008908 secs]
100.994: [GC (Allocation Failure)  30659K->25027K(31232K), 0.0008066 secs]
100.997: [GC (Allocation Failure)  30659K->24995K(31232K), 0.0008489 secs]
101.001: [GC (Allocation Failure)  30627K->25027K(31232K), 0.0008907 secs]
101.005: [GC (Allocation Failure)  30659K->25035K(31232K), 0.0008787 secs]
101.008: [GC (Allocation Failure)  30667K->25035K(31232K), 0.0007833 secs]
101.011: [GC (Allocation Failure)  30667K->25067K(31232K), 0.0008431 secs]
101.015: [GC (Allocation Failure)  30699K->25035K(31232K), 0.0008323 secs]
101.018: [GC (Allocation Failure)  30667K->24971K(31232K), 0.0007753 secs]
101.021: [GC (Allocation Failure)  30603K->25099K(31232K), 0.0008317 secs]
101.025: [GC (Allocation Failure)  30731K->25099K(31232K), 0.0012697 secs]
101.030: [GC (Allocation Failure)  30731K->25115K(31232K), 0.0009306 secs]
101.034: [GC (Allocation Failure)  30747K->25059K(31232K), 0.0009547 secs]
101.037: [GC (Allocation Failure)  30691K->25027K(31232K), 0.0010427 secs]
101.041: [GC (Allocation Failure)  30659K->25091K(31232K), 0.0011680 secs]
101.045: [GC (Allocation Failure)  30723K->25123K(31232K), 0.0010541 secs]
101.049: [GC (Allocation Failure)  30755K->25091K(31232K), 0.0009981 secs]
101.052: [GC (Allocation Failure)  30723K->25091K(31232K), 0.0011526 secs]
101.056: [GC (Allocation Failure)  30723K->25139K(31232K), 0.0008716 secs]
101.059: [GC (Allocation Failure)  30771K->25107K(31232K), 0.0008544 secs]
101.063: [GC (Allocation Failure)  30739K->25107K(31232K), 0.0007788 secs]
101.066: [GC (Allocation Failure)  30739K->25075K(31232K), 0.0007796 secs]
101.069: [GC (Allocation Failure)  30707K->25075K(31232K), 0.0007769 secs]
101.073: [GC (Allocation Failure)  30707K->25043K(31232K), 0.0008132 secs]
101.076: [GC (Allocation Failure)  30675K->25107K(31232K), 0.0008410 secs]
101.079: [GC (Allocation Failure)  30739K->25107K(31232K), 0.0008310 secs]
101.082: [GC (Allocation Failure)  30739K->25107K(31232K), 0.0009135 secs]
101.086: [GC (Allocation Failure)  30739K->25107K(31232K), 0.0008710 secs]
101.089: [GC (Allocation Failure)  30739K->25075K(31232K), 0.0007971 secs]
101.093: [GC (Allocation Failure)  30707K->25139K(31232K), 0.0008147 secs]
101.096: [GC (Allocation Failure)  30771K->25075K(31232K), 0.0007030 secs]
101.099: [GC (Allocation Failure)  30707K->25107K(31232K), 0.0007499 secs]
101.103: [GC (Allocation Failure)  30739K->25075K(31232K), 0.0009818 secs]
101.106: [GC (Allocation Failure)  30707K->25115K(31232K), 0.0007834 secs]
101.109: [GC (Allocation Failure)  30747K->25115K(31232K), 0.0008707 secs]
101.113: [GC (Allocation Failure)  30747K->25083K(31232K), 0.0007709 secs]
101.116: [GC (Allocation Failure)  30715K->25115K(31232K), 0.0007632 secs]
101.119: [GC (Allocation Failure)  30747K->25083K(31232K), 0.0008381 secs]
101.123: [GC (Allocation Failure)  30715K->25211K(31232K), 0.0008423 secs]
101.126: [GC (Allocation Failure)  30843K->25099K(31232K), 0.0009026 secs]
101.127: [Full GC (Ergonomics)  25099K->20950K(31232K), 0.0717923 secs]
101.203: [GC (Allocation Failure)  26582K->21110K(31232K), 0.0018063 secs]
101.207: [GC (Allocation Failure)  26742K->21070K(31232K), 0.0011584 secs]
101.211: [GC (Allocation Failure)  26702K->21046K(31232K), 0.0009546 secs]
101.214: [GC (Allocation Failure)  26678K->21078K(31232K), 0.0009229 secs]
101.218: [GC (Allocation Failure)  26710K->21046K(31232K), 0.0008248 secs]
101.221: [GC (Allocation Failure)  26678K->21046K(31232K), 0.0008036 secs]
101.225: [GC (Allocation Failure)  26678K->21206K(31232K), 0.0011368 secs]
101.230: [GC (Allocation Failure)  26838K->21142K(31232K), 0.0012799 secs]
101.234: [GC (Allocation Failure)  26774K->21086K(31232K), 0.0009015 secs]
101.237: [GC (Allocation Failure)  26718K->21094K(31232K), 0.0009975 secs]
101.241: [GC (Allocation Failure)  26726K->21094K(31232K), 0.0008051 secs]
101.244: [GC (Allocation Failure)  26726K->21126K(31232K), 0.0008627 secs]
101.247: [GC (Allocation Failure)  26758K->21094K(31232K), 0.0007850 secs]
101.250: [GC (Allocation Failure)  26726K->21126K(31232K), 0.0007715 secs]
101.254: [GC (Allocation Failure)  26758K->21142K(31232K), 0.0008762 secs]
101.257: [GC (Allocation Failure)  26774K->21142K(31232K), 0.0008484 secs]
101.260: [GC (Allocation Failure)  26774K->21110K(31232K), 0.0007677 secs]
101.264: [GC (Allocation Failure)  26742K->21078K(31232K), 0.0007483 secs]
101.267: [GC (Allocation Failure)  26710K->21142K(31232K), 0.0007826 secs]
101.270: [GC (Allocation Failure)  26774K->21142K(31232K), 0.0008220 secs]
101.273: [GC (Allocation Failure)  26774K->21110K(31232K), 0.0008526 secs]
101.277: [GC (Allocation Failure)  26742K->21110K(31232K), 0.0008226 secs]
101.280: [GC (Allocation Failure)  26742K->21174K(31232K), 0.0007985 secs]
101.283: [GC (Allocation Failure)  26806K->21110K(31232K), 0.0007882 secs]
101.286: [GC (Allocation Failure)  26742K->21142K(31232K), 0.0008153 secs]
101.290: [GC (Allocation Failure)  26774K->21174K(31232K), 0.0007475 secs]
101.293: [GC (Allocation Failure)  26806K->21110K(31232K), 0.0007346 secs]
101.296: [GC (Allocation Failure)  26742K->21078K(31232K), 0.0007614 secs]
101.300: [GC (Allocation Failure)  26710K->21206K(31232K), 0.0009603 secs]
101.303: [GC (Allocation Failure)  26838K->21158K(31232K), 0.0008593 secs]
101.306: [GC (Allocation Failure)  26790K->21158K(31232K), 0.0008276 secs]
101.310: [GC (Allocation Failure)  26790K->21158K(31232K), 0.0007620 secs]
101.313: [GC (Allocation Failure)  26790K->21158K(31232K), 0.0009299 secs]
101.317: [GC (Allocation Failure)  26790K->21190K(31232K), 0.0007788 secs]
101.320: [GC (Allocation Failure)  26822K->21126K(31232K), 0.0007985 secs]
101.323: [GC (Allocation Failure)  26758K->21222K(31232K), 0.0008531 secs]
101.327: [GC (Allocation Failure)  26854K->21222K(31232K), 0.0009143 secs]
101.331: [GC (Allocation Failure)  26854K->21270K(31232K), 0.0009695 secs]
101.334: [GC (Allocation Failure)  26902K->21246K(31232K), 0.0008761 secs]
101.338: [GC (Allocation Failure)  26878K->21214K(31232K), 0.0009001 secs]
101.341: [GC (Allocation Failure)  26846K->21150K(31232K), 0.0008352 secs]
101.345: [GC (Allocation Failure)  26782K->21246K(31232K), 0.0008398 secs]
101.348: [GC (Allocation Failure)  26878K->21182K(31232K), 0.0008523 secs]
101.351: [GC (Allocation Failure)  26814K->21278K(31232K), 0.0008067 secs]
101.355: [GC (Allocation Failure)  26910K->21190K(31232K), 0.0008559 secs]
101.358: [GC (Allocation Failure)  26822K->21222K(31232K), 0.0007760 secs]
101.361: [GC (Allocation Failure)  26854K->21190K(31232K), 0.0007528 secs]
101.365: [GC (Allocation Failure)  26822K->21222K(31232K), 0.0009115 secs]
101.368: [GC (Allocation Failure)  26854K->21254K(31232K), 0.0010633 secs]
101.372: [GC (Allocation Failure)  26886K->21222K(31232K), 0.0008585 secs]
101.375: [GC (Allocation Failure)  26854K->21222K(31232K), 0.0007629 secs]
101.378: [GC (Allocation Failure)  26854K->21222K(31232K), 0.0008576 secs]
101.382: [GC (Allocation Failure)  26854K->21190K(31232K), 0.0008886 secs]
101.385: [GC (Allocation Failure)  26822K->21222K(31232K), 0.0009878 secs]
101.389: [GC (Allocation Failure)  26854K->21222K(31232K), 0.0010010 secs]
101.392: [GC (Allocation Failure)  26854K->21254K(31232K), 0.0009204 secs]
101.396: [GC (Allocation Failure)  26886K->21158K(31232K), 0.0008182 secs]
101.399: [GC (Allocation Failure)  26790K->21222K(31232K), 0.0009556 secs]
101.403: [GC (Allocation Failure)  26854K->21254K(31232K), 0.0008461 secs]
101.406: [GC (Allocation Failure)  26886K->21206K(31232K), 0.0006972 secs]
101.409: [GC (Allocation Failure)  26838K->21238K(31232K), 0.0008137 secs]
101.412: [GC (Allocation Failure)  26870K->21270K(31232K), 0.0007735 secs]
101.416: [GC (Allocation Failure)  26902K->21206K(31232K), 0.0009471 secs]
101.419: [GC (Allocation Failure)  26838K->21238K(31232K), 0.0008790 secs]
101.423: [GC (Allocation Failure)  26870K->21302K(31232K), 0.0008157 secs]
101.427: [GC (Allocation Failure)  26934K->21286K(31232K), 0.0009865 secs]
101.431: [GC (Allocation Failure)  26918K->21382K(31232K), 0.0009854 secs]
101.434: [GC (Allocation Failure)  27014K->21270K(31232K), 0.0009823 secs]
101.438: [GC (Allocation Failure)  26902K->21374K(31232K), 0.0008438 secs]
101.441: [GC (Allocation Failure)  27006K->21278K(31232K), 0.0008952 secs]
101.445: [GC (Allocation Failure)  26910K->21246K(31232K), 0.0008388 secs]
101.448: [GC (Allocation Failure)  26878K->21310K(31232K), 0.0007755 secs]
101.451: [GC (Allocation Failure)  26942K->21310K(31232K), 0.0009093 secs]
101.455: [GC (Allocation Failure)  26942K->21294K(31232K), 0.0008491 secs]
101.458: [GC (Allocation Failure)  26926K->21326K(31232K), 0.0009482 secs]
101.462: [GC (Allocation Failure)  26958K->21358K(31232K), 0.0009611 secs]
101.465: [GC (Allocation Failure)  26990K->21326K(31232K), 0.0008655 secs]
101.468: [GC (Allocation Failure)  26958K->21294K(31232K), 0.0008025 secs]
101.472: [GC (Allocation Failure)  26926K->21294K(31232K), 0.0008435 secs]
101.475: [GC (Allocation Failure)  26926K->21326K(31232K), 0.0007726 secs]
101.479: [GC (Allocation Failure)  26958K->21326K(31232K), 0.0007034 secs]
101.482: [GC (Allocation Failure)  26958K->21326K(31232K), 0.0008987 secs]
101.485: [GC (Allocation Failure)  26958K->21358K(31232K), 0.0008107 secs]
101.488: [GC (Allocation Failure)  26990K->21326K(31232K), 0.0007531 secs]
101.491: [GC (Allocation Failure)  26958K->21326K(31232K), 0.0007932 secs]
101.495: [GC (Allocation Failure)  26958K->21294K(31232K), 0.0008709 secs]
101.498: [GC (Allocation Failure)  26926K->21358K(31232K), 0.0008714 secs]
101.501: [GC (Allocation Failure)  26990K->21294K(31232K), 0.0007721 secs]
101.505: [GC (Allocation Failure)  26926K->21342K(31232K), 0.0007693 secs]
101.508: [GC (Allocation Failure)  26974K->21310K(31232K), 0.0008401 secs]
101.511: [GC (Allocation Failure)  26942K->21310K(31232K), 0.0008903 secs]
101.515: [GC (Allocation Failure)  26942K->21310K(31232K), 0.0008478 secs]
101.518: [GC (Allocation Failure)  26942K->21278K(31232K), 0.0007098 secs]
101.521: [GC (Allocation Failure)  26910K->21342K(31232K), 0.0007608 secs]
101.525: [GC (Allocation Failure)  26974K->21438K(31232K), 0.0011565 secs]
101.530: [GC (Allocation Failure)  27070K->21430K(31232K), 0.0011469 secs]
101.534: [GC (Allocation Failure)  27062K->21406K(31232K), 0.0010776 secs]
101.538: [GC (Allocation Failure)  27038K->21414K(31232K), 0.0009231 secs]
101.541: [GC (Allocation Failure)  27046K->21382K(31232K), 0.0008618 secs]
101.545: [GC (Allocation Failure)  27014K->21382K(31232K), 0.0008805 secs]
101.548: [GC (Allocation Failure)  27014K->21382K(31232K), 0.0007590 secs]
101.551: [GC (Allocation Failure)  27014K->21414K(31232K), 0.0007687 secs]
101.554: [GC (Allocation Failure)  27046K->21446K(31232K), 0.0009160 secs]
101.558: [GC (Allocation Failure)  27078K->21430K(31232K), 0.0008104 secs]
101.561: [GC (Allocation Failure)  27062K->21366K(31232K), 0.0007796 secs]
101.565: [GC (Allocation Failure)  26998K->21398K(31232K), 0.0009074 secs]
101.568: [GC (Allocation Failure)  27030K->21398K(31232K), 0.0008488 secs]
101.571: [GC (Allocation Failure)  27030K->21430K(31232K), 0.0008080 secs]
101.575: [GC (Allocation Failure)  27062K->21334K(31232K), 0.0008256 secs]
101.578: [GC (Allocation Failure)  26966K->21462K(31232K), 0.0007421 secs]
101.581: [GC (Allocation Failure)  27094K->21398K(31232K), 0.0007641 secs]
101.585: [GC (Allocation Failure)  27030K->21398K(31232K), 0.0007752 secs]
101.588: [GC (Allocation Failure)  27030K->21430K(31232K), 0.0007784 secs]
101.591: [GC (Allocation Failure)  27062K->21366K(31232K), 0.0008577 secs]
101.595: [GC (Allocation Failure)  26998K->21398K(31232K), 0.0008220 secs]
101.598: [GC (Allocation Failure)  27030K->21398K(31232K), 0.0006845 secs]
101.601: [GC (Allocation Failure)  27030K->21366K(31232K), 0.0008194 secs]
101.605: [GC (Allocation Failure)  26998K->21398K(31232K), 0.0008940 secs]
101.608: [GC (Allocation Failure)  27030K->21446K(31232K), 0.0007871 secs]
101.611: [GC (Allocation Failure)  27078K->21382K(31232K), 0.0010024 secs]
101.615: [GC (Allocation Failure)  27014K->21382K(31232K), 0.0007682 secs]
101.618: [GC (Allocation Failure)  27014K->21446K(31232K), 0.0007798 secs]
101.622: [GC (Allocation Failure)  27078K->21382K(31232K), 0.0009624 secs]
101.626: [GC (Allocation Failure)  27014K->21478K(31232K), 0.0011520 secs]
101.630: [GC (Allocation Failure)  27110K->21470K(31232K), 0.0009689 secs]
101.633: [GC (Allocation Failure)  27102K->21502K(31232K), 0.0009359 secs]
101.637: [GC (Allocation Failure)  27134K->21438K(31232K), 0.0011212 secs]
101.641: [GC (Allocation Failure)  27070K->21502K(31232K), 0.0009000 secs]
101.644: [GC (Allocation Failure)  27133K->21510K(31232K), 0.0008254 secs]
101.648: [GC (Allocation Failure)  27142K->21478K(31232K), 0.0009601 secs]
101.651: [GC (Allocation Failure)  27110K->21446K(31232K), 0.0009003 secs]
101.655: [GC (Allocation Failure)  27078K->21510K(31232K), 0.0008929 secs]
101.658: [GC (Allocation Failure)  27142K->21494K(31232K), 0.0007814 secs]
101.661: [GC (Allocation Failure)  27126K->21494K(31232K), 0.0008293 secs]
101.665: [GC (Allocation Failure)  27126K->21494K(31232K), 0.0007746 secs]
101.668: [GC (Allocation Failure)  27126K->21462K(31232K), 0.0007532 secs]
101.672: [GC (Allocation Failure)  27094K->21494K(31232K), 0.0010420 secs]
101.675: [GC (Allocation Failure)  27126K->21494K(31232K), 0.0010551 secs]
101.679: [GC (Allocation Failure)  27126K->21430K(31232K), 0.0007922 secs]
101.682: [GC (Allocation Failure)  27062K->21526K(31232K), 0.0007815 secs]
101.686: [GC (Allocation Failure)  27158K->21430K(31232K), 0.0008192 secs]
101.689: [GC (Allocation Failure)  27062K->21462K(31232K), 0.0008334 secs]
101.693: [GC (Allocation Failure)  27094K->21558K(31232K), 0.0010537 secs]
101.697: [GC (Allocation Failure)  27190K->21574K(31232K), 0.0016244 secs]
101.701: [GC (Allocation Failure)  27206K->21542K(31232K), 0.0011863 secs]
101.705: [GC (Allocation Failure)  27174K->21574K(31232K), 0.0011543 secs]
101.708: [GC (Allocation Failure)  27206K->21574K(31232K), 0.0011648 secs]
101.712: [GC (Allocation Failure)  27206K->21590K(31232K), 0.0011876 secs]
101.716: [GC (Allocation Failure)  27222K->21558K(31232K), 0.0009995 secs]
101.720: [GC (Allocation Failure)  27190K->21526K(31232K), 0.0013338 secs]
101.724: [GC (Allocation Failure)  27158K->21622K(31232K), 0.0011296 secs]
101.728: [GC (Allocation Failure)  27254K->21686K(31232K), 0.0012259 secs]
101.732: [GC (Allocation Failure)  27318K->21686K(31232K), 0.0012921 secs]
101.736: [GC (Allocation Failure)  27318K->21630K(31232K), 0.0011141 secs]
101.740: [GC (Allocation Failure)  27262K->21662K(31232K), 0.0011409 secs]
101.743: [GC (Allocation Failure)  27294K->21598K(31232K), 0.0012925 secs]
101.747: [GC (Allocation Failure)  27230K->21630K(31232K), 0.0010781 secs]
101.751: [GC (Allocation Failure)  27262K->21630K(31232K), 0.0012320 secs]
101.755: [GC (Allocation Failure)  27262K->21630K(31232K), 0.0011528 secs]
101.759: [GC (Allocation Failure)  27262K->21662K(31232K), 0.0011449 secs]
101.763: [GC (Allocation Failure)  27294K->21614K(31232K), 0.0012034 secs]
101.767: [GC (Allocation Failure)  27246K->21678K(31232K), 0.0011515 secs]
101.770: [GC (Allocation Failure)  27310K->21646K(31232K), 0.0012420 secs]
101.774: [GC (Allocation Failure)  27278K->21614K(31232K), 0.0012171 secs]
101.779: [GC (Allocation Failure)  27246K->21646K(31232K), 0.0012902 secs]
101.783: [GC (Allocation Failure)  27278K->21678K(31232K), 0.0014817 secs]
101.788: [GC (Allocation Failure)  27310K->21646K(31232K), 0.0013770 secs]
101.792: [GC (Allocation Failure)  27278K->21614K(31232K), 0.0016540 secs]
101.796: [GC (Allocation Failure)  27246K->21742K(31232K), 0.0013148 secs]
101.800: [GC (Allocation Failure)  27374K->21646K(31232K), 0.0013074 secs]
101.805: [GC (Allocation Failure)  27278K->21646K(31232K), 0.0014076 secs]
101.809: [GC (Allocation Failure)  27278K->21678K(31232K), 0.0012226 secs]
101.813: [GC (Allocation Failure)  27310K->21654K(31232K), 0.0012311 secs]
101.817: [GC (Allocation Failure)  27286K->21654K(31232K), 0.0010827 secs]
101.820: [GC (Allocation Failure)  27286K->21686K(31232K), 0.0011374 secs]
101.824: [GC (Allocation Failure)  27318K->21622K(31232K), 0.0011040 secs]
101.828: [GC (Allocation Failure)  27254K->21718K(31232K), 0.0013268 secs]
101.832: [GC (Allocation Failure)  27350K->21710K(31232K), 0.0017634 secs]
101.837: [GC (Allocation Failure)  27342K->21694K(31232K), 0.0013534 secs]
101.840: [GC (Allocation Failure)  27326K->21670K(31232K), 0.0012263 secs]
101.844: [GC (Allocation Failure)  27302K->21734K(31232K), 0.0011146 secs]
101.848: [GC (Allocation Failure)  27366K->21702K(31232K), 0.0011316 secs]
101.852: [GC (Allocation Failure)  27334K->21702K(31232K), 0.0012619 secs]
101.856: [GC (Allocation Failure)  27334K->21702K(31232K), 0.0013413 secs]
101.859: [GC (Allocation Failure)  27334K->21734K(31232K), 0.0011143 secs]
101.863: [GC (Allocation Failure)  27366K->21718K(31232K), 0.0012883 secs]
101.867: [GC (Allocation Failure)  27350K->21686K(31232K), 0.0011829 secs]
101.871: [GC (Allocation Failure)  27318K->21718K(31232K), 0.0011017 secs]
101.875: [GC (Allocation Failure)  27350K->21718K(31232K), 0.0009945 secs]
101.878: [GC (Allocation Failure)  27350K->21750K(31232K), 0.0013192 secs]
101.882: [GC (Allocation Failure)  27382K->21686K(31232K), 0.0010856 secs]
101.886: [GC (Allocation Failure)  27318K->21750K(31232K), 0.0011333 secs]
101.890: [GC (Allocation Failure)  27382K->21686K(31232K), 0.0011801 secs]
101.893: [GC (Allocation Failure)  27318K->21718K(31232K), 0.0011343 secs]
101.897: [GC (Allocation Failure)  27350K->21686K(31232K), 0.0011572 secs]
101.901: [GC (Allocation Failure)  27318K->21750K(31232K), 0.0011444 secs]
101.905: [GC (Allocation Failure)  27382K->21718K(31232K), 0.0013063 secs]
101.909: [GC (Allocation Failure)  27350K->21718K(31232K), 0.0011175 secs]
101.912: [GC (Allocation Failure)  27350K->21750K(31232K), 0.0011072 secs]
101.916: [GC (Allocation Failure)  27382K->21734K(31232K), 0.0010760 secs]
101.919: [GC (Allocation Failure)  27366K->21734K(31232K), 0.0011228 secs]
101.923: [GC (Allocation Failure)  27366K->21766K(31232K), 0.0010903 secs]
101.927: [GC (Allocation Failure)  27398K->21798K(31232K), 0.0014766 secs]
101.932: [GC (Allocation Failure)  27430K->21830K(31232K), 0.0012952 secs]
101.936: [GC (Allocation Failure)  27462K->21846K(31232K), 0.0012599 secs]
101.940: [GC (Allocation Failure)  27478K->21790K(31232K), 0.0010133 secs]
101.944: [GC (Allocation Failure)  27422K->21790K(31232K), 0.0011710 secs]
101.948: [GC (Allocation Failure)  27422K->21758K(31232K), 0.0010391 secs]
101.951: [GC (Allocation Failure)  27390K->21758K(31232K), 0.0011202 secs]
101.955: [GC (Allocation Failure)  27390K->21790K(31232K), 0.0010871 secs]
101.959: [GC (Allocation Failure)  27422K->21854K(31232K), 0.0012172 secs]
101.963: [GC (Allocation Failure)  27486K->21790K(31232K), 0.0010885 secs]
101.967: [GC (Allocation Failure)  27422K->21830K(31232K), 0.0011265 secs]
101.971: [GC (Allocation Failure)  27462K->21798K(31232K), 0.0009757 secs]
101.974: [GC (Allocation Failure)  27430K->21798K(31232K), 0.0011086 secs]
101.978: [GC (Allocation Failure)  27430K->21798K(31232K), 0.0011189 secs]
101.982: [GC (Allocation Failure)  27430K->21830K(31232K), 0.0011420 secs]
101.985: [GC (Allocation Failure)  27462K->21862K(31232K), 0.0014148 secs]
101.989: [GC (Allocation Failure)  27494K->21830K(31232K), 0.0012244 secs]
101.993: [GC (Allocation Failure)  27462K->21830K(31232K), 0.0012767 secs]
101.997: [GC (Allocation Failure)  27462K->21830K(31232K), 0.0011066 secs]
102.001: [GC (Allocation Failure)  27462K->21830K(31232K), 0.0010682 secs]
102.005: [GC (Allocation Failure)  27462K->21798K(31232K), 0.0010818 secs]
102.009: [GC (Allocation Failure)  27430K->21830K(31232K), 0.0011027 secs]
102.012: [GC (Allocation Failure)  27462K->21798K(31232K), 0.0011002 secs]
102.016: [GC (Allocation Failure)  27430K->21846K(31232K), 0.0011562 secs]
102.020: [GC (Allocation Failure)  27478K->21814K(31232K), 0.0011579 secs]
102.023: [GC (Allocation Failure)  27446K->21846K(31232K), 0.0011907 secs]
102.028: [GC (Allocation Failure)  27478K->21878K(31232K), 0.0010826 secs]
102.032: [GC (Allocation Failure)  27510K->21910K(31232K), 0.0012877 secs]
102.037: [GC (Allocation Failure)  27542K->21854K(31232K), 0.0012283 secs]
102.041: [GC (Allocation Failure)  27486K->21862K(31232K), 0.0013356 secs]
102.045: [GC (Allocation Failure)  27494K->21894K(31232K), 0.0012475 secs]
102.049: [GC (Allocation Failure)  27526K->21862K(31232K), 0.0011913 secs]
102.053: [GC (Allocation Failure)  27494K->21862K(31232K), 0.0012098 secs]
102.057: [GC (Allocation Failure)  27494K->21926K(31232K), 0.0012360 secs]
102.060: [GC (Allocation Failure)  27558K->21862K(31232K), 0.0012060 secs]
102.064: [GC (Allocation Failure)  27494K->21926K(31232K), 0.0011647 secs]
102.068: [GC (Allocation Failure)  27558K->21902K(31232K), 0.0011126 secs]
102.072: [GC (Allocation Failure)  27534K->21870K(31232K), 0.0011145 secs]
102.075: [GC (Allocation Failure)  27502K->21838K(31232K), 0.0010635 secs]
102.079: [GC (Allocation Failure)  27470K->21870K(31232K), 0.0010675 secs]
102.083: [GC (Allocation Failure)  27502K->21870K(31232K), 0.0011503 secs]
102.086: [GC (Allocation Failure)  27502K->21806K(31232K), 0.0010996 secs]
102.090: [GC (Allocation Failure)  27438K->21902K(31232K), 0.0011036 secs]
102.094: [GC (Allocation Failure)  27534K->21870K(31232K), 0.0011463 secs]
102.098: [GC (Allocation Failure)  27502K->21806K(31232K), 0.0011580 secs]
102.102: [GC (Allocation Failure)  27438K->21838K(31232K), 0.0016530 secs]
102.106: [GC (Allocation Failure)  27470K->21902K(31232K), 0.0010182 secs]
102.110: [GC (Allocation Failure)  27534K->21902K(31232K), 0.0011210 secs]
102.113: [GC (Allocation Failure)  27534K->21902K(31232K), 0.0011322 secs]
102.117: [GC (Allocation Failure)  27534K->21886K(31232K), 0.0011681 secs]
102.121: [GC (Allocation Failure)  27518K->21886K(31232K), 0.0010770 secs]
102.125: [GC (Allocation Failure)  27518K->21854K(31232K), 0.0010909 secs]
102.128: [GC (Allocation Failure)  27486K->21950K(31232K), 0.0012162 secs]
102.132: [GC (Allocation Failure)  27582K->21990K(31232K), 0.0011375 secs]
102.136: [GC (Allocation Failure)  27622K->21926K(31232K), 0.0013140 secs]
102.140: [GC (Allocation Failure)  27558K->22022K(31232K), 0.0012793 secs]
102.145: [GC (Allocation Failure)  27654K->21934K(31232K), 0.0011902 secs]
102.148: [GC (Allocation Failure)  27566K->21910K(31232K), 0.0011558 secs]
102.152: [GC (Allocation Failure)  27542K->21942K(31232K), 0.0011731 secs]
102.156: [GC (Allocation Failure)  27574K->21942K(31232K), 0.0010781 secs]
102.160: [GC (Allocation Failure)  27574K->21974K(31232K), 0.0011553 secs]
102.164: [GC (Allocation Failure)  27606K->21942K(31232K), 0.0011385 secs]
102.167: [GC (Allocation Failure)  27574K->21982K(31232K), 0.0012008 secs]
102.171: [GC (Allocation Failure)  27614K->21950K(31232K), 0.0010573 secs]
102.175: [GC (Allocation Failure)  27582K->21950K(31232K), 0.0012628 secs]
102.179: [GC (Allocation Failure)  27582K->21982K(31232K), 0.0011011 secs]
102.183: [GC (Allocation Failure)  27614K->21982K(31232K), 0.0011505 secs]
102.187: [GC (Allocation Failure)  27614K->21950K(31232K), 0.0011035 secs]
102.191: [GC (Allocation Failure)  27582K->21918K(31232K), 0.0012188 secs]
102.194: [GC (Allocation Failure)  27550K->21982K(31232K), 0.0011795 secs]
102.198: [GC (Allocation Failure)  27614K->21950K(31232K), 0.0010749 secs]
102.202: [GC (Allocation Failure)  27582K->21950K(31232K), 0.0011886 secs]
102.205: [GC (Allocation Failure)  27582K->21950K(31232K), 0.0011111 secs]
102.209: [GC (Allocation Failure)  27582K->21918K(31232K), 0.0011058 secs]
102.213: [GC (Allocation Failure)  27550K->21950K(31232K), 0.0011942 secs]
102.216: [GC (Allocation Failure)  27582K->21982K(31232K), 0.0011924 secs]
102.220: [GC (Allocation Failure)  27614K->21998K(31232K), 0.0010565 secs]
102.224: [GC (Allocation Failure)  27630K->21934K(31232K), 0.0011629 secs]
102.227: [GC (Allocation Failure)  27566K->22030K(31232K), 0.0011910 secs]
102.232: [GC (Allocation Failure)  27662K->22014K(31232K), 0.0014874 secs]
102.236: [GC (Allocation Failure)  27646K->22038K(31232K), 0.0012696 secs]
102.240: [GC (Allocation Failure)  27670K->22014K(31232K), 0.0011842 secs]
102.244: [GC (Allocation Failure)  27646K->22078K(31232K), 0.0011787 secs]
102.248: [GC (Allocation Failure)  27710K->22046K(31232K), 0.0012836 secs]
102.252: [GC (Allocation Failure)  27678K->22014K(31232K), 0.0013058 secs]
102.256: [GC (Allocation Failure)  27646K->22046K(31232K), 0.0011540 secs]
102.260: [GC (Allocation Failure)  27678K->21982K(31232K), 0.0011603 secs]
102.263: [GC (Allocation Failure)  27614K->22046K(31232K), 0.0011067 secs]
102.267: [GC (Allocation Failure)  27678K->22046K(31232K), 0.0011897 secs]
102.271: [GC (Allocation Failure)  27678K->22022K(31232K), 0.0012060 secs]
102.275: [GC (Allocation Failure)  27654K->22054K(31232K), 0.0011954 secs]
102.278: [GC (Allocation Failure)  27686K->22022K(31232K), 0.0010775 secs]
102.282: [GC (Allocation Failure)  27654K->22022K(31232K), 0.0010787 secs]
102.286: [GC (Allocation Failure)  27654K->21990K(31232K), 0.0011710 secs]
102.290: [GC (Allocation Failure)  27622K->22054K(31232K), 0.0011197 secs]
102.293: [GC (Allocation Failure)  27686K->22054K(31232K), 0.0010942 secs]
102.297: [GC (Allocation Failure)  27686K->22054K(31232K), 0.0011882 secs]
102.301: [GC (Allocation Failure)  27686K->22022K(31232K), 0.0011648 secs]
102.305: [GC (Allocation Failure)  27654K->22022K(31232K), 0.0011634 secs]
102.309: [GC (Allocation Failure)  27654K->22022K(31232K), 0.0011699 secs]
102.313: [GC (Allocation Failure)  27654K->21990K(31232K), 0.0011113 secs]
102.316: [GC (Allocation Failure)  27622K->22022K(31232K), 0.0010539 secs]
102.320: [GC (Allocation Failure)  27654K->22038K(31232K), 0.0010721 secs]
102.324: [GC (Allocation Failure)  27670K->22102K(31232K), 0.0010848 secs]
102.328: [GC (Allocation Failure)  27734K->22134K(31232K), 0.0011828 secs]
102.332: [GC (Allocation Failure)  27766K->22094K(31232K), 0.0014641 secs]
102.336: [GC (Allocation Failure)  27726K->22102K(31232K), 0.0014433 secs]
102.341: [GC (Allocation Failure)  27734K->22110K(31232K), 0.0012297 secs]
102.344: [GC (Allocation Failure)  27742K->22110K(31232K), 0.0011568 secs]
102.348: [GC (Allocation Failure)  27742K->22078K(31232K), 0.0011709 secs]
102.352: [GC (Allocation Failure)  27710K->22078K(31232K), 0.0012194 secs]
102.356: [GC (Allocation Failure)  27710K->22046K(31232K), 0.0012354 secs]
102.360: [GC (Allocation Failure)  27678K->22078K(31232K), 0.0011291 secs]
102.363: [GC (Allocation Failure)  27710K->22046K(31232K), 0.0011299 secs]
102.367: [GC (Allocation Failure)  27678K->22078K(31232K), 0.0011497 secs]
102.371: [GC (Allocation Failure)  27710K->22126K(31232K), 0.0011887 secs]
102.375: [GC (Allocation Failure)  27758K->22094K(31232K), 0.0011782 secs]
102.379: [GC (Allocation Failure)  27726K->22126K(31232K), 0.0010375 secs]
102.382: [GC (Allocation Failure)  27758K->22062K(31232K), 0.0012807 secs]
102.386: [GC (Allocation Failure)  27694K->22126K(31232K), 0.0009997 secs]
102.390: [GC (Allocation Failure)  27758K->22094K(31232K), 0.0011768 secs]
102.394: [GC (Allocation Failure)  27726K->22094K(31232K), 0.0012447 secs]
102.398: [GC (Allocation Failure)  27726K->22126K(31232K), 0.0010787 secs]
102.401: [GC (Allocation Failure)  27758K->22126K(31232K), 0.0010289 secs]
102.405: [GC (Allocation Failure)  27758K->22094K(31232K), 0.0011061 secs]
102.409: [GC (Allocation Failure)  27726K->22126K(31232K), 0.0010619 secs]
102.412: [GC (Allocation Failure)  27758K->22126K(31232K), 0.0010853 secs]
102.416: [GC (Allocation Failure)  27758K->22094K(31232K), 0.0010768 secs]
102.420: [GC (Allocation Failure)  27726K->22094K(31232K), 0.0011403 secs]
102.424: [GC (Allocation Failure)  27726K->22174K(31232K), 0.0011043 secs]
102.427: [GC (Allocation Failure)  27806K->22142K(31232K), 0.0010765 secs]
102.431: [GC (Allocation Failure)  27774K->22206K(31232K), 0.0011548 secs]
102.436: [GC (Allocation Failure)  27838K->22198K(31232K), 0.0017208 secs]
102.440: [GC (Allocation Failure)  27830K->22222K(31232K), 0.0011787 secs]
102.444: [GC (Allocation Failure)  27854K->22166K(31232K), 0.0011608 secs]
102.448: [GC (Allocation Failure)  27798K->22166K(31232K), 0.0012025 secs]
102.452: [GC (Allocation Failure)  27798K->22198K(31232K), 0.0011818 secs]
102.456: [GC (Allocation Failure)  27830K->22198K(31232K), 0.0008527 secs]
102.459: [GC (Allocation Failure)  27830K->22166K(31232K), 0.0012054 secs]
102.463: [GC (Allocation Failure)  27798K->22198K(31232K), 0.0010697 secs]
102.466: [GC (Allocation Failure)  27830K->22230K(31232K), 0.0010184 secs]
102.470: [GC (Allocation Failure)  27862K->22230K(31232K), 0.0011627 secs]
102.474: [GC (Allocation Failure)  27862K->22206K(31232K), 0.0012572 secs]
102.477: [GC (Allocation Failure)  27838K->22174K(31232K), 0.0010662 secs]
102.481: [GC (Allocation Failure)  27806K->22174K(31232K), 0.0011500 secs]
102.485: [GC (Allocation Failure)  27806K->22206K(31232K), 0.0011622 secs]
102.488: [GC (Allocation Failure)  27838K->22174K(31232K), 0.0011346 secs]
102.492: [GC (Allocation Failure)  27806K->22174K(31232K), 0.0011190 secs]
102.496: [GC (Allocation Failure)  27806K->22174K(31232K), 0.0011216 secs]
102.500: [GC (Allocation Failure)  27806K->22174K(31232K), 0.0010264 secs]
102.503: [GC (Allocation Failure)  27806K->22206K(31232K), 0.0011070 secs]
102.507: [GC (Allocation Failure)  27838K->22174K(31232K), 0.0010140 secs]
102.510: [GC (Allocation Failure)  27806K->22206K(31232K), 0.0010543 secs]
102.514: [GC (Allocation Failure)  27838K->22142K(31232K), 0.0011932 secs]
102.518: [GC (Allocation Failure)  27774K->22174K(31232K), 0.0010438 secs]
102.521: [GC (Allocation Failure)  27806K->22206K(31232K), 0.0010750 secs]
102.525: [GC (Allocation Failure)  27838K->22158K(31232K), 0.0010710 secs]
102.529: [GC (Allocation Failure)  27790K->22286K(31232K), 0.0011922 secs]
102.533: [GC (Allocation Failure)  27918K->22278K(31232K), 0.0013959 secs]
102.537: [GC (Allocation Failure)  27910K->22262K(31232K), 0.0013243 secs]
102.541: [GC (Allocation Failure)  27894K->22270K(31232K), 0.0012065 secs]
102.545: [GC (Allocation Failure)  27902K->22238K(31232K), 0.0011632 secs]
102.549: [GC (Allocation Failure)  27870K->22238K(31232K), 0.0011667 secs]
102.552: [GC (Allocation Failure)  27870K->22238K(31232K), 0.0010940 secs]
102.556: [GC (Allocation Failure)  27870K->22238K(31232K), 0.0011854 secs]
102.560: [GC (Allocation Failure)  27870K->22238K(31232K), 0.0011451 secs]
102.563: [GC (Allocation Failure)  27870K->22238K(31232K), 0.0011020 secs]
102.567: [GC (Allocation Failure)  27870K->22238K(31232K), 0.0011633 secs]
102.571: [GC (Allocation Failure)  27870K->22206K(31232K), 0.0010838 secs]
102.574: [GC (Allocation Failure)  27838K->22254K(31232K), 0.0010617 secs]
102.578: [GC (Allocation Failure)  27886K->22254K(31232K), 0.0010825 secs]
102.581: [GC (Allocation Failure)  27886K->22254K(31232K), 0.0010189 secs]
102.585: [GC (Allocation Failure)  27886K->22254K(31232K), 0.0012720 secs]
102.589: [GC (Allocation Failure)  27886K->22254K(31232K), 0.0011551 secs]
102.593: [GC (Allocation Failure)  27886K->22222K(31232K), 0.0012266 secs]
102.597: [GC (Allocation Failure)  27854K->22286K(31232K), 0.0011268 secs]
102.601: [GC (Allocation Failure)  27918K->22286K(31232K), 0.0011255 secs]
102.605: [GC (Allocation Failure)  27918K->22286K(31232K), 0.0010169 secs]
102.609: [GC (Allocation Failure)  27918K->22286K(31232K), 0.0010952 secs]
102.612: [GC (Allocation Failure)  27918K->22254K(31232K), 0.0011157 secs]
102.616: [GC (Allocation Failure)  27886K->22286K(31232K), 0.0011290 secs]
102.620: [GC (Allocation Failure)  27918K->22254K(31232K), 0.0010698 secs]
102.624: [GC (Allocation Failure)  27886K->22254K(31232K), 0.0011394 secs]
102.627: [GC (Allocation Failure)  27886K->22270K(31232K), 0.0012085 secs]
102.631: [GC (Allocation Failure)  27902K->22366K(31232K), 0.0015655 secs]
102.636: [GC (Allocation Failure)  27998K->22358K(31232K), 0.0013100 secs]
102.640: [GC (Allocation Failure)  27990K->22358K(31232K), 0.0017941 secs]
102.645: [GC (Allocation Failure)  27990K->22358K(31232K), 0.0013305 secs]
102.649: [GC (Allocation Failure)  27990K->22334K(31232K), 0.0012761 secs]
102.653: [GC (Allocation Failure)  27966K->22302K(31232K), 0.0013825 secs]
102.657: [GC (Allocation Failure)  27934K->22302K(31232K), 0.0013022 secs]
102.661: [GC (Allocation Failure)  27934K->22334K(31232K), 0.0012512 secs]
102.665: [GC (Allocation Failure)  27966K->22366K(31232K), 0.0011607 secs]
102.669: [GC (Allocation Failure)  27998K->22302K(31232K), 0.0014391 secs]
102.674: [GC (Allocation Failure)  27934K->22398K(31232K), 0.0013860 secs]
102.677: [GC (Allocation Failure)  28030K->22374K(31232K), 0.0013506 secs]
102.682: [GC (Allocation Failure)  28006K->22406K(31232K), 0.0012532 secs]
102.685: [GC (Allocation Failure)  28038K->22374K(31232K), 0.0011395 secs]
102.689: [GC (Allocation Failure)  28006K->22310K(31232K), 0.0009874 secs]
102.693: [GC (Allocation Failure)  27942K->22342K(31232K), 0.0011279 secs]
102.697: [GC (Allocation Failure)  27974K->22374K(31232K), 0.0011372 secs]
102.701: [GC (Allocation Failure)  28006K->22342K(31232K), 0.0011646 secs]
102.705: [GC (Allocation Failure)  27974K->22342K(31232K), 0.0010172 secs]
102.708: [GC (Allocation Failure)  27974K->22310K(31232K), 0.0013051 secs]
102.712: [GC (Allocation Failure)  27942K->22374K(31232K), 0.0012202 secs]
102.716: [GC (Allocation Failure)  28006K->22342K(31232K), 0.0011551 secs]
102.720: [GC (Allocation Failure)  27974K->22310K(31232K), 0.0011673 secs]
102.724: [GC (Allocation Failure)  27942K->22406K(31232K), 0.0011707 secs]
102.728: [GC (Allocation Failure)  28038K->22390K(31232K), 0.0013607 secs]
102.732: [GC (Allocation Failure)  28022K->22422K(31232K), 0.0012360 secs]
102.737: [GC (Allocation Failure)  28054K->22446K(31232K), 0.0017395 secs]
102.741: [GC (Allocation Failure)  28078K->22422K(31232K), 0.0012545 secs]
102.745: [GC (Allocation Failure)  28054K->22430K(31232K), 0.0012774 secs]
102.749: [GC (Allocation Failure)  28062K->22462K(31232K), 0.0011795 secs]
102.754: [GC (Allocation Failure)  28094K->22366K(31232K), 0.0019787 secs]
102.758: [GC (Allocation Failure)  27998K->22430K(31232K), 0.0012826 secs]
102.762: [GC (Allocation Failure)  28062K->22398K(31232K), 0.0015821 secs]
102.766: [GC (Allocation Failure)  28030K->22398K(31232K), 0.0012213 secs]
102.770: [GC (Allocation Failure)  28030K->22366K(31232K), 0.0019704 secs]
102.776: [GC (Allocation Failure)  27998K->22462K(31232K), 0.0015710 secs]
102.780: [GC (Allocation Failure)  28094K->22382K(31232K), 0.0013149 secs]
102.784: [GC (Allocation Failure)  28014K->22414K(31232K), 0.0013478 secs]
102.789: [GC (Allocation Failure)  28046K->22446K(31232K), 0.0013088 secs]
102.793: [GC (Allocation Failure)  28078K->22446K(31232K), 0.0013498 secs]
102.797: [GC (Allocation Failure)  28078K->22446K(31232K), 0.0013173 secs]
102.801: [GC (Allocation Failure)  28078K->22478K(31232K), 0.0014365 secs]
102.806: [GC (Allocation Failure)  28110K->22502K(31232K), 0.0014251 secs]
102.810: [GC (Allocation Failure)  28134K->22438K(31232K), 0.0011755 secs]
102.814: [GC (Allocation Failure)  28070K->22470K(31232K), 0.0011607 secs]
102.818: [GC (Allocation Failure)  28102K->22470K(31232K), 0.0011729 secs]
102.822: [GC (Allocation Failure)  28102K->22406K(31232K), 0.0011857 secs]
102.826: [GC (Allocation Failure)  28038K->22502K(31232K), 0.0010849 secs]
102.829: [GC (Allocation Failure)  28134K->22454K(31232K), 0.0009854 secs]
102.833: [GC (Allocation Failure)  28086K->22518K(31232K), 0.0011439 secs]
102.839: [GC (Allocation Failure)  28150K->22542K(31232K), 0.0018673 secs]
102.843: [GC (Allocation Failure)  28174K->22518K(31232K), 0.0013917 secs]
102.847: [GC (Allocation Failure)  28150K->22558K(31232K), 0.0013375 secs]
102.851: [GC (Allocation Failure)  28190K->22526K(31232K), 0.0012200 secs]
102.855: [GC (Allocation Failure)  28158K->22494K(31232K), 0.0013200 secs]
102.859: [GC (Allocation Failure)  28126K->22494K(31232K), 0.0011985 secs]
102.863: [GC (Allocation Failure)  28126K->22494K(31232K), 0.0012703 secs]
102.867: [GC (Allocation Failure)  28126K->22494K(31232K), 0.0011429 secs]
102.871: [GC (Allocation Failure)  28126K->22462K(31232K), 0.0012604 secs]
102.875: [GC (Allocation Failure)  28094K->22526K(31232K), 0.0010561 secs]
102.878: [GC (Allocation Failure)  28158K->22502K(31232K), 0.0011478 secs]
102.882: [GC (Allocation Failure)  28134K->22502K(31232K), 0.0013322 secs]
102.886: [GC (Allocation Failure)  28134K->22502K(31232K), 0.0013403 secs]
102.890: [GC (Allocation Failure)  28134K->22502K(31232K), 0.0011052 secs]
102.894: [GC (Allocation Failure)  28134K->22470K(31232K), 0.0011967 secs]
102.898: [GC (Allocation Failure)  28102K->22502K(31232K), 0.0011446 secs]
102.902: [GC (Allocation Failure)  28134K->22502K(31232K), 0.0011596 secs]
102.906: [GC (Allocation Failure)  28134K->22470K(31232K), 0.0013284 secs]
102.910: [GC (Allocation Failure)  28102K->22502K(31232K), 0.0012311 secs]
102.914: [GC (Allocation Failure)  28134K->22470K(31232K), 0.0012659 secs]
102.918: [GC (Allocation Failure)  28102K->22470K(31232K), 0.0012025 secs]
102.921: [GC (Allocation Failure)  28102K->22534K(31232K), 0.0011075 secs]
102.925: [GC (Allocation Failure)  28166K->22534K(31232K), 0.0011779 secs]
102.929: [GC (Allocation Failure)  28166K->22550K(31232K), 0.0011830 secs]
102.934: [GC (Allocation Failure)  28182K->22582K(31232K), 0.0014061 secs]
102.938: [GC (Allocation Failure)  28214K->22566K(31232K), 0.0016817 secs]
102.943: [GC (Allocation Failure)  28198K->22550K(31232K), 0.0013375 secs]
102.947: [GC (Allocation Failure)  28182K->22558K(31232K), 0.0012599 secs]
102.951: [GC (Allocation Failure)  28190K->22590K(31232K), 0.0011757 secs]
102.955: [GC (Allocation Failure)  28222K->22558K(31232K), 0.0012571 secs]
102.959: [GC (Allocation Failure)  28190K->22590K(31232K), 0.0013592 secs]
102.963: [GC (Allocation Failure)  28222K->22558K(31232K), 0.0013328 secs]
102.967: [GC (Allocation Failure)  28190K->22590K(31232K), 0.0012260 secs]
102.971: [GC (Allocation Failure)  28222K->22558K(31232K), 0.0012221 secs]
102.974: [GC (Allocation Failure)  28190K->22654K(31232K), 0.0012105 secs]
102.978: [GC (Allocation Failure)  28286K->22574K(31232K), 0.0012013 secs]
102.982: [GC (Allocation Failure)  28206K->22606K(31232K), 0.0011355 secs]
102.986: [GC (Allocation Failure)  28238K->22574K(31232K), 0.0013383 secs]
102.990: [GC (Allocation Failure)  28206K->22574K(31232K), 0.0011400 secs]
102.994: [GC (Allocation Failure)  28206K->22574K(31232K), 0.0012351 secs]
102.998: [GC (Allocation Failure)  28206K->22574K(31232K), 0.0011191 secs]
103.002: [GC (Allocation Failure)  28206K->22606K(31232K), 0.0014971 secs]
103.006: [GC (Allocation Failure)  28238K->22638K(31232K), 0.0013010 secs]
103.010: [GC (Allocation Failure)  28270K->22574K(31232K), 0.0011808 secs]
103.014: [GC (Allocation Failure)  28206K->22542K(31232K), 0.0011972 secs]
103.018: [GC (Allocation Failure)  28174K->22542K(31232K), 0.0010607 secs]
103.022: [GC (Allocation Failure)  28174K->22542K(31232K), 0.0009101 secs]
103.025: [GC (Allocation Failure)  28174K->22574K(31232K), 0.0011002 secs]
103.029: [GC (Allocation Failure)  28206K->22574K(31232K), 0.0010836 secs]
103.033: [GC (Allocation Failure)  28206K->22654K(31232K), 0.0012744 secs]
103.038: [GC (Allocation Failure)  28286K->22646K(31232K), 0.0021457 secs]
103.044: [GC (Allocation Failure)  28278K->22662K(31232K), 0.0018526 secs]
103.049: [GC (Allocation Failure)  28294K->22670K(31232K), 0.0013603 secs]
103.053: [GC (Allocation Failure)  28302K->22670K(31232K), 0.0015731 secs]
103.057: [GC (Allocation Failure)  28302K->22638K(31232K), 0.0011856 secs]
103.061: [GC (Allocation Failure)  28270K->22606K(31232K), 0.0014405 secs]
103.065: [GC (Allocation Failure)  28238K->22638K(31232K), 0.0012288 secs]
103.069: [GC (Allocation Failure)  28270K->22638K(31232K), 0.0012018 secs]
103.073: [GC (Allocation Failure)  28270K->22670K(31232K), 0.0013384 secs]
103.077: [GC (Allocation Failure)  28302K->22638K(31232K), 0.0014180 secs]
103.082: [GC (Allocation Failure)  28270K->22638K(31232K), 0.0011907 secs]
103.085: [GC (Allocation Failure)  28270K->22654K(31232K), 0.0011908 secs]
103.089: [GC (Allocation Failure)  28286K->22686K(31232K), 0.0011501 secs]
103.093: [GC (Allocation Failure)  28318K->22654K(31232K), 0.0010713 secs]
103.097: [GC (Allocation Failure)  28286K->22686K(31232K), 0.0011477 secs]
103.100: [GC (Allocation Failure)  28318K->22654K(31232K), 0.0011320 secs]
103.105: [GC (Allocation Failure)  28286K->22654K(31232K), 0.0013658 secs]
103.109: [GC (Allocation Failure)  28286K->22654K(31232K), 0.0012455 secs]
103.112: [GC (Allocation Failure)  28286K->22654K(31232K), 0.0012516 secs]
103.116: [GC (Allocation Failure)  28286K->22654K(31232K), 0.0012770 secs]
103.121: [GC (Allocation Failure)  28286K->22686K(31232K), 0.0012367 secs]
103.124: [GC (Allocation Failure)  28318K->22686K(31232K), 0.0010881 secs]
103.128: [GC (Allocation Failure)  28318K->22622K(31232K), 0.0011427 secs]
103.132: [GC (Allocation Failure)  28254K->22654K(31232K), 0.0011532 secs]
103.136: [GC (Allocation Failure)  28286K->22734K(31232K), 0.0011659 secs]
103.140: [GC (Allocation Failure)  28366K->22742K(31232K), 0.0012955 secs]
103.144: [GC (Allocation Failure)  28374K->22742K(31232K), 0.0015336 secs]
103.148: [GC (Allocation Failure)  28374K->22766K(31232K), 0.0013779 secs]
103.153: [GC (Allocation Failure)  28398K->22774K(31232K), 0.0012785 secs]
103.157: [GC (Allocation Failure)  28406K->22742K(31232K), 0.0013698 secs]
103.161: [GC (Allocation Failure)  28374K->22742K(31232K), 0.0010566 secs]
103.164: [GC (Allocation Failure)  28374K->22710K(31232K), 0.0012019 secs]
103.168: [GC (Allocation Failure)  28342K->22742K(31232K), 0.0011084 secs]
103.172: [GC (Allocation Failure)  28374K->22774K(31232K), 0.0011460 secs]
103.176: [GC (Allocation Failure)  28406K->22774K(31232K), 0.0012008 secs]
103.179: [GC (Allocation Failure)  28406K->22774K(31232K), 0.0011214 secs]
103.183: [GC (Allocation Failure)  28406K->22782K(31232K), 0.0011464 secs]
103.187: [GC (Allocation Failure)  28414K->22750K(31232K), 0.0011412 secs]
103.191: [GC (Allocation Failure)  28382K->22750K(31232K), 0.0012438 secs]
103.195: [GC (Allocation Failure)  28382K->22750K(31232K), 0.0012219 secs]
103.199: [GC (Allocation Failure)  28382K->22750K(31232K), 0.0010183 secs]
103.203: [GC (Allocation Failure)  28382K->22782K(31232K), 0.0011115 secs]
103.206: [GC (Allocation Failure)  28414K->22782K(31232K), 0.0011410 secs]
103.210: [GC (Allocation Failure)  28414K->22718K(31232K), 0.0011580 secs]
103.214: [GC (Allocation Failure)  28350K->22750K(31232K), 0.0012175 secs]
103.218: [GC (Allocation Failure)  28382K->22782K(31232K), 0.0012099 secs]
103.222: [GC (Allocation Failure)  28414K->22782K(31232K), 0.0011334 secs]
103.225: [GC (Allocation Failure)  28414K->22750K(31232K), 0.0010700 secs]
103.229: [GC (Allocation Failure)  28382K->22750K(31232K), 0.0011423 secs]
103.233: [GC (Allocation Failure)  28382K->22750K(31232K), 0.0011443 secs]
103.237: [GC (Allocation Failure)  28382K->22854K(31232K), 0.0012783 secs]
103.241: [GC (Allocation Failure)  28486K->22846K(31232K), 0.0015177 secs]
103.246: [GC (Allocation Failure)  28478K->22870K(31232K), 0.0011366 secs]
103.249: [GC (Allocation Failure)  28502K->22814K(31232K), 0.0011373 secs]
103.253: [GC (Allocation Failure)  28446K->22846K(31232K), 0.0011722 secs]
103.257: [GC (Allocation Failure)  28478K->22846K(31232K), 0.0012185 secs]
103.261: [GC (Allocation Failure)  28478K->22782K(31232K), 0.0012014 secs]
103.265: [GC (Allocation Failure)  28414K->22846K(31232K), 0.0011487 secs]
103.268: [GC (Allocation Failure)  28478K->22846K(31232K), 0.0011019 secs]
103.272: [GC (Allocation Failure)  28478K->22814K(31232K), 0.0010493 secs]
103.276: [GC (Allocation Failure)  28446K->22814K(31232K), 0.0011246 secs]
103.280: [GC (Allocation Failure)  28446K->22846K(31232K), 0.0010808 secs]
103.284: [GC (Allocation Failure)  28478K->22878K(31232K), 0.0008382 secs]
103.287: [GC (Allocation Failure)  28510K->22902K(31232K), 0.0009406 secs]
103.290: [GC (Allocation Failure)  28534K->22902K(31232K), 0.0007754 secs]
103.294: [GC (Allocation Failure)  28534K->22838K(31232K), 0.0008920 secs]
103.297: [GC (Allocation Failure)  28470K->22838K(31232K), 0.0007523 secs]
103.300: [GC (Allocation Failure)  28470K->22870K(31232K), 0.0007418 secs]
103.304: [GC (Allocation Failure)  28502K->22870K(31232K), 0.0008376 secs]
103.307: [GC (Allocation Failure)  28502K->22870K(31232K), 0.0007508 secs]
103.311: [GC (Allocation Failure)  28502K->22806K(31232K), 0.0008669 secs]
103.314: [GC (Allocation Failure)  28438K->22870K(31232K), 0.0008156 secs]
103.317: [GC (Allocation Failure)  28502K->22870K(31232K), 0.0007709 secs]
103.321: [GC (Allocation Failure)  28502K->22870K(31232K), 0.0007401 secs]
103.324: [GC (Allocation Failure)  28502K->22806K(31232K), 0.0008254 secs]
103.327: [GC (Allocation Failure)  28438K->22870K(31232K), 0.0007603 secs]
103.331: [GC (Allocation Failure)  28502K->22870K(31232K), 0.0007710 secs]
103.334: [GC (Allocation Failure)  28502K->22870K(31232K), 0.0007701 secs]
103.338: [GC (Allocation Failure)  28502K->22918K(31232K), 0.0008853 secs]
103.341: [GC (Allocation Failure)  28550K->23046K(31232K), 0.0008760 secs]
103.345: [GC (Allocation Failure)  28678K->22958K(31232K), 0.0010934 secs]
103.349: [GC (Allocation Failure)  28590K->22958K(31232K), 0.0008587 secs]
103.352: [GC (Allocation Failure)  28590K->22998K(31232K), 0.0008899 secs]
103.356: [GC (Allocation Failure)  28630K->22934K(31232K), 0.0008741 secs]
103.359: [GC (Allocation Failure)  28566K->22934K(31232K), 0.0008765 secs]
103.363: [GC (Allocation Failure)  28566K->22966K(31232K), 0.0007719 secs]
103.366: [GC (Allocation Failure)  28598K->22934K(31232K), 0.0009058 secs]
103.369: [GC (Allocation Failure)  28566K->22966K(31232K), 0.0008303 secs]
103.373: [GC (Allocation Failure)  28598K->22998K(31232K), 0.0007663 secs]
103.376: [GC (Allocation Failure)  28630K->22998K(31232K), 0.0007582 secs]
103.380: [GC (Allocation Failure)  28630K->22966K(31232K), 0.0008242 secs]
103.383: [GC (Allocation Failure)  28598K->22966K(31232K), 0.0008413 secs]
103.387: [GC (Allocation Failure)  28598K->23014K(31232K), 0.0008930 secs]
103.390: [GC (Allocation Failure)  28646K->22918K(31232K), 0.0007905 secs]
103.393: [GC (Allocation Failure)  28550K->22950K(31232K), 0.0007747 secs]
103.397: [GC (Allocation Failure)  28582K->23014K(31232K), 0.0007874 secs]
103.400: [GC (Allocation Failure)  28646K->22982K(31232K), 0.0008752 secs]
103.404: [GC (Allocation Failure)  28614K->22950K(31232K), 0.0014823 secs]
103.409: [GC (Allocation Failure)  28582K->22918K(31232K), 0.0011675 secs]
103.413: [GC (Allocation Failure)  28550K->22982K(31232K), 0.0010074 secs]
103.417: [GC (Allocation Failure)  28614K->22950K(31232K), 0.0008981 secs]
103.420: [GC (Allocation Failure)  28582K->22982K(31232K), 0.0008684 secs]
103.423: [GC (Allocation Failure)  28614K->22982K(31232K), 0.0008586 secs]
103.427: [GC (Allocation Failure)  28614K->22950K(31232K), 0.0007849 secs]
103.431: [GC (Allocation Failure)  28582K->22950K(31232K), 0.0008814 secs]
103.434: [GC (Allocation Failure)  28582K->23046K(31232K), 0.0010084 secs]
103.439: [GC (Allocation Failure)  28678K->23118K(31232K), 0.0009652 secs]
103.443: [GC (Allocation Failure)  28750K->23054K(31232K), 0.0008769 secs]
103.447: [GC (Allocation Failure)  28686K->23006K(31232K), 0.0010003 secs]
103.450: [GC (Allocation Failure)  28638K->23078K(31232K), 0.0009324 secs]
103.454: [GC (Allocation Failure)  28710K->23046K(31232K), 0.0008515 secs]
103.458: [GC (Allocation Failure)  28678K->23014K(31232K), 0.0008177 secs]
103.461: [GC (Allocation Failure)  28646K->23046K(31232K), 0.0008637 secs]
103.464: [GC (Allocation Failure)  28678K->23046K(31232K), 0.0007845 secs]
103.468: [GC (Allocation Failure)  28678K->23046K(31232K), 0.0008356 secs]
103.471: [GC (Allocation Failure)  28678K->23014K(31232K), 0.0008187 secs]
103.475: [GC (Allocation Failure)  28646K->22982K(31232K), 0.0007692 secs]
103.478: [GC (Allocation Failure)  28614K->23046K(31232K), 0.0010822 secs]
103.482: [GC (Allocation Failure)  28678K->23014K(31232K), 0.0009277 secs]
103.485: [GC (Allocation Failure)  28646K->23078K(31232K), 0.0007456 secs]
103.489: [GC (Allocation Failure)  28710K->23094K(31232K), 0.0008908 secs]
103.492: [GC (Allocation Failure)  28726K->23062K(31232K), 0.0009350 secs]
103.496: [GC (Allocation Failure)  28694K->23062K(31232K), 0.0008781 secs]
103.500: [GC (Allocation Failure)  28694K->23062K(31232K), 0.0008017 secs]
103.503: [GC (Allocation Failure)  28694K->23062K(31232K), 0.0009503 secs]
103.507: [GC (Allocation Failure)  28694K->23062K(31232K), 0.0008559 secs]
103.510: [GC (Allocation Failure)  28694K->23062K(31232K), 0.0008930 secs]
103.514: [GC (Allocation Failure)  28694K->23062K(31232K), 0.0008453 secs]
103.517: [GC (Allocation Failure)  28694K->23062K(31232K), 0.0008740 secs]
103.521: [GC (Allocation Failure)  28694K->22998K(31232K), 0.0008424 secs]
103.524: [GC (Allocation Failure)  28630K->23030K(31232K), 0.0010229 secs]
103.528: [GC (Allocation Failure)  28662K->23094K(31232K), 0.0009921 secs]
103.532: [GC (Allocation Failure)  28726K->23030K(31232K), 0.0010500 secs]
103.536: [GC (Allocation Failure)  28662K->23190K(31232K), 0.0009123 secs]
103.539: [GC (Allocation Failure)  28822K->23022K(31232K), 0.0013263 secs]
103.544: [GC (Allocation Failure)  28654K->23118K(31232K), 0.0016164 secs]
103.548: [GC (Allocation Failure)  28750K->23134K(31232K), 0.0009408 secs]
103.552: [GC (Allocation Failure)  28766K->23110K(31232K), 0.0011976 secs]
103.556: [GC (Allocation Failure)  28742K->23110K(31232K), 0.0015291 secs]
103.561: [GC (Allocation Failure)  28742K->23110K(31232K), 0.0012725 secs]
103.565: [GC (Allocation Failure)  28742K->23110K(31232K), 0.0009943 secs]
103.569: [GC (Allocation Failure)  28742K->23046K(31232K), 0.0010257 secs]
103.572: [GC (Allocation Failure)  28678K->23046K(31232K), 0.0010436 secs]
103.576: [GC (Allocation Failure)  28678K->23110K(31232K), 0.0008406 secs]
103.580: [GC (Allocation Failure)  28742K->23078K(31232K), 0.0008456 secs]
103.583: [GC (Allocation Failure)  28710K->23046K(31232K), 0.0008717 secs]
103.587: [GC (Allocation Failure)  28678K->23078K(31232K), 0.0009626 secs]
103.590: [GC (Allocation Failure)  28710K->23094K(31232K), 0.0008730 secs]
103.594: [GC (Allocation Failure)  28726K->23126K(31232K), 0.0008254 secs]
103.597: [GC (Allocation Failure)  28758K->23126K(31232K), 0.0009153 secs]
103.601: [GC (Allocation Failure)  28758K->23126K(31232K), 0.0009083 secs]
103.605: [GC (Allocation Failure)  28758K->23126K(31232K), 0.0008955 secs]
103.608: [GC (Allocation Failure)  28758K->23062K(31232K), 0.0007760 secs]
103.612: [GC (Allocation Failure)  28694K->23126K(31232K), 0.0007897 secs]
103.615: [GC (Allocation Failure)  28758K->23062K(31232K), 0.0008623 secs]
103.618: [GC (Allocation Failure)  28694K->23062K(31232K), 0.0007740 secs]
103.622: [GC (Allocation Failure)  28694K->23126K(31232K), 0.0007785 secs]
103.625: [GC (Allocation Failure)  28758K->23158K(31232K), 0.0007734 secs]
103.629: [GC (Allocation Failure)  28790K->23094K(31232K), 0.0007725 secs]
103.632: [GC (Allocation Failure)  28726K->23158K(31232K), 0.0007663 secs]
103.635: [GC (Allocation Failure)  28790K->23190K(31232K), 0.0010399 secs]
103.639: [GC (Allocation Failure)  28822K->23246K(31232K), 0.0008444 secs]
103.643: [GC (Allocation Failure)  28878K->23190K(31232K), 0.0010661 secs]
103.647: [GC (Allocation Failure)  28822K->23286K(31232K), 0.0009517 secs]
103.651: [GC (Allocation Failure)  28918K->23190K(31232K), 0.0011696 secs]
103.656: [GC (Allocation Failure)  28822K->23222K(31232K), 0.0009001 secs]
103.659: [GC (Allocation Failure)  28854K->23230K(31232K), 0.0008565 secs]
103.662: [GC (Allocation Failure)  28862K->23262K(31232K), 0.0009105 secs]
103.666: [GC (Allocation Failure)  28894K->23262K(31232K), 0.0008823 secs]
103.669: [GC (Allocation Failure)  28894K->23198K(31232K), 0.0008540 secs]
103.673: [GC (Allocation Failure)  28830K->23230K(31232K), 0.0007051 secs]
103.676: [GC (Allocation Failure)  28862K->23230K(31232K), 0.0008739 secs]
103.680: [GC (Allocation Failure)  28862K->23262K(31232K), 0.0008772 secs]
103.684: [GC (Allocation Failure)  28894K->23198K(31232K), 0.0008835 secs]
103.687: [GC (Allocation Failure)  28830K->23230K(31232K), 0.0008170 secs]
103.691: [GC (Allocation Failure)  28862K->23174K(31232K), 0.0008385 secs]
103.694: [GC (Allocation Failure)  28806K->23238K(31232K), 0.0007356 secs]
103.698: [GC (Allocation Failure)  28870K->23206K(31232K), 0.0008606 secs]
103.701: [GC (Allocation Failure)  28838K->23238K(31232K), 0.0008642 secs]
103.704: [GC (Allocation Failure)  28870K->23238K(31232K), 0.0008913 secs]
103.708: [GC (Allocation Failure)  28870K->23238K(31232K), 0.0009036 secs]
103.711: [GC (Allocation Failure)  28870K->23238K(31232K), 0.0007836 secs]
103.714: [GC (Allocation Failure)  28870K->23238K(31232K), 0.0009484 secs]
103.718: [GC (Allocation Failure)  28870K->23238K(31232K), 0.0008648 secs]
103.722: [GC (Allocation Failure)  28870K->23206K(31232K), 0.0008776 secs]
103.726: [GC (Allocation Failure)  28838K->23238K(31232K), 0.0008126 secs]
103.729: [GC (Allocation Failure)  28870K->23238K(31232K), 0.0007955 secs]
103.732: [GC (Allocation Failure)  28870K->23238K(31232K), 0.0008424 secs]
103.736: [GC (Allocation Failure)  28870K->23270K(31232K), 0.0008902 secs]
103.740: [GC (Allocation Failure)  28902K->23334K(31232K), 0.0009326 secs]
103.744: [GC (Allocation Failure)  28966K->23326K(31232K), 0.0012905 secs]
103.748: [GC (Allocation Failure)  28958K->23246K(31232K), 0.0008985 secs]
103.752: [GC (Allocation Failure)  28878K->23326K(31232K), 0.0009873 secs]
103.756: [GC (Allocation Failure)  28958K->23310K(31232K), 0.0011077 secs]
103.760: [GC (Allocation Failure)  28942K->23310K(31232K), 0.0008315 secs]
103.763: [GC (Allocation Failure)  28942K->23246K(31232K), 0.0014498 secs]
103.768: [GC (Allocation Failure)  28878K->23278K(31232K), 0.0009967 secs]
103.771: [GC (Allocation Failure)  28910K->23278K(31232K), 0.0012230 secs]
103.776: [GC (Allocation Failure)  28910K->23310K(31232K), 0.0011286 secs]
103.780: [GC (Allocation Failure)  28942K->23246K(31232K), 0.0011535 secs]
103.784: [GC (Allocation Failure)  28878K->23278K(31232K), 0.0010113 secs]
103.788: [GC (Allocation Failure)  28910K->23342K(31232K), 0.0009860 secs]
103.792: [GC (Allocation Failure)  28974K->23262K(31232K), 0.0010895 secs]
103.796: [GC (Allocation Failure)  28894K->23422K(31232K), 0.0010756 secs]
103.800: [GC (Allocation Failure)  29054K->23294K(31232K), 0.0012136 secs]
103.804: [GC (Allocation Failure)  28926K->23326K(31232K), 0.0011782 secs]
103.808: [GC (Allocation Failure)  28958K->23326K(31232K), 0.0010379 secs]
103.812: [GC (Allocation Failure)  28958K->23294K(31232K), 0.0010228 secs]
103.816: [GC (Allocation Failure)  28926K->23326K(31232K), 0.0008882 secs]
103.819: [GC (Allocation Failure)  28958K->23358K(31232K), 0.0009118 secs]
103.823: [GC (Allocation Failure)  28990K->23326K(31232K), 0.0008711 secs]
103.826: [GC (Allocation Failure)  28958K->23358K(31232K), 0.0008597 secs]
103.829: [GC (Allocation Failure)  28990K->23326K(31232K), 0.0007335 secs]
103.833: [GC (Allocation Failure)  28958K->23262K(31232K), 0.0007794 secs]
103.836: [GC (Allocation Failure)  28894K->23262K(31232K), 0.0009573 secs]
103.840: [GC (Allocation Failure)  28894K->23390K(31232K), 0.0011909 secs]
103.845: [GC (Allocation Failure)  29022K->23462K(31232K), 0.0015871 secs]
103.850: [GC (Allocation Failure)  29094K->23390K(31232K), 0.0010613 secs]
103.854: [GC (Allocation Failure)  29022K->23430K(31232K), 0.0011043 secs]
103.857: [GC (Allocation Failure)  29062K->23398K(31232K), 0.0009861 secs]
103.861: [GC (Allocation Failure)  29030K->23366K(31232K), 0.0008864 secs]
103.864: [GC (Allocation Failure)  28998K->23398K(31232K), 0.0007743 secs]
103.868: [GC (Allocation Failure)  29030K->23398K(31232K), 0.0008390 secs]
103.871: [GC (Allocation Failure)  29030K->23430K(31232K), 0.0007977 secs]
103.875: [GC (Allocation Failure)  29062K->23366K(31232K), 0.0007506 secs]
103.878: [GC (Allocation Failure)  28998K->23398K(31232K), 0.0008793 secs]
103.881: [GC (Allocation Failure)  29030K->23366K(31232K), 0.0007636 secs]
103.885: [GC (Allocation Failure)  28998K->23398K(31232K), 0.0009657 secs]
103.888: [GC (Allocation Failure)  29030K->23430K(31232K), 0.0008205 secs]
103.892: [GC (Allocation Failure)  29062K->23446K(31232K), 0.0007885 secs]
103.895: [GC (Allocation Failure)  29078K->23414K(31232K), 0.0010657 secs]
103.899: [GC (Allocation Failure)  29046K->23414K(31232K), 0.0007354 secs]
103.902: [GC (Allocation Failure)  29046K->23414K(31232K), 0.0008229 secs]
103.906: [GC (Allocation Failure)  29046K->23382K(31232K), 0.0008531 secs]
103.909: [GC (Allocation Failure)  29014K->23414K(31232K), 0.0007360 secs]
103.913: [GC (Allocation Failure)  29046K->23446K(31232K), 0.0008203 secs]
103.916: [GC (Allocation Failure)  29078K->23382K(31232K), 0.0009191 secs]
103.920: [GC (Allocation Failure)  29014K->23414K(31232K), 0.0008634 secs]
103.923: [GC (Allocation Failure)  29046K->23414K(31232K), 0.0007684 secs]
103.926: [GC (Allocation Failure)  29046K->23446K(31232K), 0.0008759 secs]
103.930: [GC (Allocation Failure)  29078K->23382K(31232K), 0.0010043 secs]
103.934: [GC (Allocation Failure)  29014K->23382K(31232K), 0.0009540 secs]
103.937: [GC (Allocation Failure)  29014K->23446K(31232K), 0.0008897 secs]
103.941: [GC (Allocation Failure)  29078K->23478K(31232K), 0.0010038 secs]
103.945: [GC (Allocation Failure)  29110K->23542K(31232K), 0.0009865 secs]
103.949: [GC (Allocation Failure)  29174K->23462K(31232K), 0.0009851 secs]
103.952: [GC (Allocation Failure)  29094K->23502K(31232K), 0.0008862 secs]
103.956: [GC (Allocation Failure)  29134K->23502K(31232K), 0.0007894 secs]
103.959: [GC (Allocation Failure)  29134K->23470K(31232K), 0.0007733 secs]
103.963: [GC (Allocation Failure)  29102K->23438K(31232K), 0.0008058 secs]
103.966: [GC (Allocation Failure)  29070K->23438K(31232K), 0.0007398 secs]
103.969: [GC (Allocation Failure)  29070K->23406K(31232K), 0.0008399 secs]
103.973: [GC (Allocation Failure)  29038K->23502K(31232K), 0.0008013 secs]
103.976: [GC (Allocation Failure)  29134K->23470K(31232K), 0.0008071 secs]
103.980: [GC (Allocation Failure)  29102K->23406K(31232K), 0.0008300 secs]
103.983: [GC (Allocation Failure)  29038K->23470K(31232K), 0.0008783 secs]
103.987: [GC (Allocation Failure)  29102K->23406K(31232K), 0.0008704 secs]
103.990: [GC (Allocation Failure)  29038K->23502K(31232K), 0.0008974 secs]
103.994: [GC (Allocation Failure)  29134K->23510K(31232K), 0.0009148 secs]
103.998: [GC (Allocation Failure)  29142K->23446K(31232K), 0.0008001 secs]
104.001: [GC (Allocation Failure)  29078K->23446K(31232K), 0.0008326 secs]
104.004: [GC (Allocation Failure)  29078K->23510K(31232K), 0.0007893 secs]
104.008: [GC (Allocation Failure)  29142K->23414K(31232K), 0.0007954 secs]
104.011: [GC (Allocation Failure)  29046K->23446K(31232K), 0.0008213 secs]
104.014: [GC (Allocation Failure)  29078K->23478K(31232K), 0.0007963 secs]
104.018: [GC (Allocation Failure)  29110K->23446K(31232K), 0.0008694 secs]
104.021: [GC (Allocation Failure)  29078K->23478K(31232K), 0.0008799 secs]
104.025: [GC (Allocation Failure)  29110K->23446K(31232K), 0.0008312 secs]
104.029: [GC (Allocation Failure)  29078K->23478K(31232K), 0.0008550 secs]
104.032: [GC (Allocation Failure)  29110K->23414K(31232K), 0.0008050 secs]
104.035: [GC (Allocation Failure)  29046K->23542K(31232K), 0.0009016 secs]
104.039: [GC (Allocation Failure)  29174K->23510K(31232K), 0.0012695 secs]
104.045: [GC (Allocation Failure)  29142K->23598K(31232K), 0.0016535 secs]
104.050: [GC (Allocation Failure)  29230K->23566K(31232K), 0.0010972 secs]
104.054: [GC (Allocation Failure)  29198K->23542K(31232K), 0.0010066 secs]
104.058: [GC (Allocation Failure)  29174K->23510K(31232K), 0.0008688 secs]
104.061: [GC (Allocation Failure)  29142K->23574K(31232K), 0.0008150 secs]
104.065: [GC (Allocation Failure)  29206K->23542K(31232K), 0.0008310 secs]
104.068: [GC (Allocation Failure)  29174K->23542K(31232K), 0.0008334 secs]
104.072: [GC (Allocation Failure)  29174K->23542K(31232K), 0.0009172 secs]
104.075: [GC (Allocation Failure)  29174K->23542K(31232K), 0.0007967 secs]
104.079: [GC (Allocation Failure)  29174K->23542K(31232K), 0.0008297 secs]
104.082: [GC (Allocation Failure)  29174K->23542K(31232K), 0.0008351 secs]
104.085: [GC (Allocation Failure)  29174K->23510K(31232K), 0.0008624 secs]
104.089: [GC (Allocation Failure)  29142K->23542K(31232K), 0.0008842 secs]
104.092: [GC (Allocation Failure)  29174K->23574K(31232K), 0.0007841 secs]
104.096: [GC (Allocation Failure)  29206K->23558K(31232K), 0.0009802 secs]
104.099: [GC (Allocation Failure)  29190K->23526K(31232K), 0.0008398 secs]
104.103: [GC (Allocation Failure)  29158K->23558K(31232K), 0.0008889 secs]
104.106: [GC (Allocation Failure)  29190K->23558K(31232K), 0.0008071 secs]
104.110: [GC (Allocation Failure)  29190K->23526K(31232K), 0.0009099 secs]
104.113: [GC (Allocation Failure)  29158K->23558K(31232K), 0.0008860 secs]
104.117: [GC (Allocation Failure)  29190K->23526K(31232K), 0.0010200 secs]
104.121: [GC (Allocation Failure)  29158K->23590K(31232K), 0.0008861 secs]
104.124: [GC (Allocation Failure)  29222K->23526K(31232K), 0.0008136 secs]
104.128: [GC (Allocation Failure)  29158K->23526K(31232K), 0.0009549 secs]
104.131: [GC (Allocation Failure)  29158K->23558K(31232K), 0.0008101 secs]
104.135: [GC (Allocation Failure)  29190K->23558K(31232K), 0.0007825 secs]
104.139: [GC (Allocation Failure)  29190K->23526K(31232K), 0.0010491 secs]
104.143: [GC (Allocation Failure)  29158K->23654K(31232K), 0.0012293 secs]
104.148: [GC (Allocation Failure)  29286K->23638K(31232K), 0.0014419 secs]
104.152: [GC (Allocation Failure)  29270K->23638K(31232K), 0.0019705 secs]
104.157: [GC (Allocation Failure)  29270K->23614K(31232K), 0.0011809 secs]
104.161: [GC (Allocation Failure)  29246K->23654K(31232K), 0.0009042 secs]
104.165: [GC (Allocation Failure)  29286K->23590K(31232K), 0.0010393 secs]
104.168: [GC (Allocation Failure)  29222K->23590K(31232K), 0.0007825 secs]
104.172: [GC (Allocation Failure)  29222K->23558K(31232K), 0.0008462 secs]
104.175: [GC (Allocation Failure)  29190K->23590K(31232K), 0.0007833 secs]
104.178: [GC (Allocation Failure)  29222K->23590K(31232K), 0.0009666 secs]
104.182: [GC (Allocation Failure)  29222K->23590K(31232K), 0.0008446 secs]
104.185: [GC (Allocation Failure)  29222K->23558K(31232K), 0.0008177 secs]
104.189: [GC (Allocation Failure)  29190K->23622K(31232K), 0.0009683 secs]
104.192: [GC (Allocation Failure)  29254K->23654K(31232K), 0.0008074 secs]
104.195: [GC (Allocation Failure)  29286K->23638K(31232K), 0.0007743 secs]
104.199: [GC (Allocation Failure)  29270K->23638K(31232K), 0.0008806 secs]
104.202: [GC (Allocation Failure)  29270K->23638K(31232K), 0.0007450 secs]
104.205: [GC (Allocation Failure)  29270K->23574K(31232K), 0.0007288 secs]
104.209: [GC (Allocation Failure)  29206K->23606K(31232K), 0.0008134 secs]
104.212: [GC (Allocation Failure)  29238K->23606K(31232K), 0.0008468 secs]
104.216: [GC (Allocation Failure)  29238K->23638K(31232K), 0.0007657 secs]
104.219: [GC (Allocation Failure)  29270K->23638K(31232K), 0.0009169 secs]
104.222: [GC (Allocation Failure)  29270K->23606K(31232K), 0.0008469 secs]
104.226: [GC (Allocation Failure)  29238K->23670K(31232K), 0.0009693 secs]
104.230: [GC (Allocation Failure)  29302K->23574K(31232K), 0.0009378 secs]
104.233: [GC (Allocation Failure)  29206K->23638K(31232K), 0.0008285 secs]
104.237: [GC (Allocation Failure)  29270K->23638K(31232K), 0.0008322 secs]
104.241: [GC (Allocation Failure)  29270K->23734K(31232K), 0.0012373 secs]
104.246: [GC (Allocation Failure)  29366K->23718K(31232K), 0.0011519 secs]
104.250: [GC (Allocation Failure)  29350K->23678K(31232K), 0.0010643 secs]
104.254: [GC (Allocation Failure)  29310K->23718K(31232K), 0.0010655 secs]
104.258: [GC (Allocation Failure)  29350K->23654K(31232K), 0.0009399 secs]
104.261: [GC (Allocation Failure)  29286K->23686K(31232K), 0.0009992 secs]
104.265: [GC (Allocation Failure)  29318K->23654K(31232K), 0.0009277 secs]
104.269: [GC (Allocation Failure)  29286K->23686K(31232K), 0.0009419 secs]
104.272: [GC (Allocation Failure)  29318K->23654K(31232K), 0.0009845 secs]
104.276: [GC (Allocation Failure)  29286K->23718K(31232K), 0.0010133 secs]
104.280: [GC (Allocation Failure)  29350K->23622K(31232K), 0.0009791 secs]
104.284: [GC (Allocation Failure)  29254K->23686K(31232K), 0.0009897 secs]
104.287: [GC (Allocation Failure)  29318K->23686K(31232K), 0.0007734 secs]
104.291: [GC (Allocation Failure)  29318K->23654K(31232K), 0.0008169 secs]
104.294: [GC (Allocation Failure)  29286K->23686K(31232K), 0.0008866 secs]
104.297: [GC (Allocation Failure)  29318K->23638K(31232K), 0.0008746 secs]
104.301: [GC (Allocation Failure)  29270K->23702K(31232K), 0.0008200 secs]
104.304: [GC (Allocation Failure)  29334K->23734K(31232K), 0.0010130 secs]
104.308: [GC (Allocation Failure)  29366K->23702K(31232K), 0.0008022 secs]
104.311: [GC (Allocation Failure)  29334K->23702K(31232K), 0.0008883 secs]
104.315: [GC (Allocation Failure)  29334K->23638K(31232K), 0.0008709 secs]
104.318: [GC (Allocation Failure)  29270K->23702K(31232K), 0.0008732 secs]
104.322: [GC (Allocation Failure)  29334K->23702K(31232K), 0.0008440 secs]
104.326: [GC (Allocation Failure)  29334K->23702K(31232K), 0.0008693 secs]
104.329: [GC (Allocation Failure)  29334K->23702K(31232K), 0.0009783 secs]
104.333: [GC (Allocation Failure)  29334K->23702K(31232K), 0.0008342 secs]
104.336: [GC (Allocation Failure)  29334K->23734K(31232K), 0.0008751 secs]
104.340: [GC (Allocation Failure)  29366K->23702K(31232K), 0.0007801 secs]
104.344: [GC (Allocation Failure)  29334K->23766K(31232K), 0.0012921 secs]
104.349: [GC (Allocation Failure)  29398K->23806K(31232K), 0.0011936 secs]
104.353: [GC (Allocation Failure)  29438K->23790K(31232K), 0.0010392 secs]
104.356: [GC (Allocation Failure)  29422K->23766K(31232K), 0.0009449 secs]
104.360: [GC (Allocation Failure)  29398K->23766K(31232K), 0.0007392 secs]
104.363: [GC (Allocation Failure)  29398K->23766K(31232K), 0.0010533 secs]
104.367: [GC (Allocation Failure)  29398K->23734K(31232K), 0.0009099 secs]
104.371: [GC (Allocation Failure)  29366K->23798K(31232K), 0.0008804 secs]
104.374: [GC (Allocation Failure)  29430K->23734K(31232K), 0.0007941 secs]
104.378: [GC (Allocation Failure)  29366K->23798K(31232K), 0.0011157 secs]
104.382: [GC (Allocation Failure)  29430K->23766K(31232K), 0.0009346 secs]
104.385: [GC (Allocation Failure)  29398K->23734K(31232K), 0.0010983 secs]
104.389: [GC (Allocation Failure)  29366K->23734K(31232K), 0.0008510 secs]
104.393: [GC (Allocation Failure)  29366K->23702K(31232K), 0.0008097 secs]
104.396: [GC (Allocation Failure)  29334K->23830K(31232K), 0.0008673 secs]
104.400: [GC (Allocation Failure)  29462K->23774K(31232K), 0.0009517 secs]
104.403: [GC (Allocation Failure)  29406K->23742K(31232K), 0.0009336 secs]
104.407: [GC (Allocation Failure)  29374K->23774K(31232K), 0.0009364 secs]
104.410: [GC (Allocation Failure)  29406K->23806K(31232K), 0.0008225 secs]
104.414: [GC (Allocation Failure)  29438K->23806K(31232K), 0.0008798 secs]
104.418: [GC (Allocation Failure)  29438K->23742K(31232K), 0.0009293 secs]
104.422: [GC (Allocation Failure)  29374K->23742K(31232K), 0.0007828 secs]
104.425: [GC (Allocation Failure)  29374K->23742K(31232K), 0.0008573 secs]
104.428: [GC (Allocation Failure)  29374K->23710K(31232K), 0.0007636 secs]
104.432: [GC (Allocation Failure)  29342K->23774K(31232K), 0.0009557 secs]
104.435: [GC (Allocation Failure)  29406K->23806K(31232K), 0.0009033 secs]
104.439: [GC (Allocation Failure)  29438K->23742K(31232K), 0.0008552 secs]
104.443: [GC (Allocation Failure)  29374K->23806K(31232K), 0.0008264 secs]
104.447: [GC (Allocation Failure)  29438K->23814K(31232K), 0.0016376 secs]
104.452: [GC (Allocation Failure)  29446K->23806K(31232K), 0.0014311 secs]
104.456: [GC (Allocation Failure)  29438K->23782K(31232K), 0.0009125 secs]
104.460: [GC (Allocation Failure)  29414K->23814K(31232K), 0.0009226 secs]
104.463: [GC (Allocation Failure)  29446K->23814K(31232K), 0.0013274 secs]
104.467: [GC (Allocation Failure)  29446K->23782K(31232K), 0.0008855 secs]
104.471: [GC (Allocation Failure)  29414K->23814K(31232K), 0.0008440 secs]
104.475: [GC (Allocation Failure)  29446K->23782K(31232K), 0.0008792 secs]
104.478: [GC (Allocation Failure)  29414K->23782K(31232K), 0.0009361 secs]
104.482: [GC (Allocation Failure)  29414K->23846K(31232K), 0.0008066 secs]
104.485: [GC (Allocation Failure)  29478K->23750K(31232K), 0.0008873 secs]
104.488: [GC (Allocation Failure)  29382K->23814K(31232K), 0.0009458 secs]
104.492: [GC (Allocation Failure)  29446K->23814K(31232K), 0.0010315 secs]
104.496: [GC (Allocation Failure)  29446K->23846K(31232K), 0.0011253 secs]
104.500: [GC (Allocation Failure)  29478K->23862K(31232K), 0.0009809 secs]
104.503: [GC (Allocation Failure)  29494K->23766K(31232K), 0.0009089 secs]
104.507: [GC (Allocation Failure)  29398K->23862K(31232K), 0.0008096 secs]
104.510: [GC (Allocation Failure)  29494K->23798K(31232K), 0.0008363 secs]
104.513: [GC (Allocation Failure)  29430K->23894K(31232K), 0.0007583 secs]
104.517: [GC (Allocation Failure)  29526K->23862K(31232K), 0.0007898 secs]
104.520: [GC (Allocation Failure)  29494K->23798K(31232K), 0.0007963 secs]
104.524: [GC (Allocation Failure)  29430K->23798K(31232K), 0.0008687 secs]
104.527: [GC (Allocation Failure)  29430K->23862K(31232K), 0.0008104 secs]
104.530: [GC (Allocation Failure)  29494K->23798K(31232K), 0.0007851 secs]
104.534: [GC (Allocation Failure)  29430K->23798K(31232K), 0.0008459 secs]
104.537: [GC (Allocation Failure)  29430K->23862K(31232K), 0.0008229 secs]
104.541: [GC (Allocation Failure)  29494K->23830K(31232K), 0.0007921 secs]
104.544: [GC (Allocation Failure)  29462K->23894K(31232K), 0.0008324 secs]
104.549: [GC (Allocation Failure)  29526K->23958K(31232K), 0.0012235 secs]
104.553: [GC (Allocation Failure)  29590K->23910K(31232K), 0.0017719 secs]
104.558: [GC (Allocation Failure)  29542K->23918K(31232K), 0.0010130 secs]
104.562: [GC (Allocation Failure)  29550K->23886K(31232K), 0.0016126 secs]
104.566: [GC (Allocation Failure)  29518K->23822K(31232K), 0.0010339 secs]
104.570: [GC (Allocation Failure)  29454K->23854K(31232K), 0.0010232 secs]
104.573: [GC (Allocation Failure)  29486K->23854K(31232K), 0.0009283 secs]
104.577: [GC (Allocation Failure)  29486K->23886K(31232K), 0.0011939 secs]
104.581: [GC (Allocation Failure)  29518K->23886K(31232K), 0.0011877 secs]
104.585: [GC (Allocation Failure)  29518K->23822K(31232K), 0.0014992 secs]
104.589: [GC (Allocation Failure)  29454K->23854K(31232K), 0.0012021 secs]
104.593: [GC (Allocation Failure)  29486K->23854K(31232K), 0.0011579 secs]
104.597: [GC (Allocation Failure)  29486K->23950K(31232K), 0.0009948 secs]
104.601: [GC (Allocation Failure)  29582K->23926K(31232K), 0.0011177 secs]
104.605: [GC (Allocation Failure)  29558K->23862K(31232K), 0.0014052 secs]
104.610: [GC (Allocation Failure)  29494K->23894K(31232K), 0.0013570 secs]
104.614: [GC (Allocation Failure)  29526K->23862K(31232K), 0.0015106 secs]
104.619: [GC (Allocation Failure)  29494K->23862K(31232K), 0.0016245 secs]
104.623: [GC (Allocation Failure)  29494K->23894K(31232K), 0.0012774 secs]
104.627: [GC (Allocation Failure)  29526K->23862K(31232K), 0.0014261 secs]
104.633: [GC (Allocation Failure)  29494K->23894K(31232K), 0.0015727 secs]
104.637: [GC (Allocation Failure)  29526K->23894K(31232K), 0.0012940 secs]
104.642: [GC (Allocation Failure)  29526K->23830K(31232K), 0.0013704 secs]
104.647: [GC (Allocation Failure)  29462K->23894K(31232K), 0.0019237 secs]
104.652: [GC (Allocation Failure)  29526K->23982K(31232K), 0.0022421 secs]
104.658: [GC (Allocation Failure)  29614K->23934K(31232K), 0.0020011 secs]
104.663: [GC (Allocation Failure)  29566K->23934K(31232K), 0.0016060 secs]
104.667: [GC (Allocation Failure)  29566K->23942K(31232K), 0.0014135 secs]
104.672: [GC (Allocation Failure)  29574K->23942K(31232K), 0.0015031 secs]
104.676: [GC (Allocation Failure)  29574K->23910K(31232K), 0.0012765 secs]
104.681: [GC (Allocation Failure)  29542K->23910K(31232K), 0.0014060 secs]
104.686: [GC (Allocation Failure)  29542K->23942K(31232K), 0.0015339 secs]
104.690: [GC (Allocation Failure)  29574K->23942K(31232K), 0.0012681 secs]
104.695: [GC (Allocation Failure)  29574K->23942K(31232K), 0.0012706 secs]
104.699: [GC (Allocation Failure)  29574K->23910K(31232K), 0.0011569 secs]
104.704: [GC (Allocation Failure)  29542K->24006K(31232K), 0.0013563 secs]
104.708: [GC (Allocation Failure)  29638K->23950K(31232K), 0.0013587 secs]
104.713: [GC (Allocation Failure)  29582K->23950K(31232K), 0.0015059 secs]
104.717: [GC (Allocation Failure)  29582K->23950K(31232K), 0.0015576 secs]
104.721: [GC (Allocation Failure)  29582K->23950K(31232K), 0.0010497 secs]
104.725: [GC (Allocation Failure)  29582K->23950K(31232K), 0.0010522 secs]
104.729: [GC (Allocation Failure)  29582K->23950K(31232K), 0.0012320 secs]
104.734: [GC (Allocation Failure)  29582K->23982K(31232K), 0.0012922 secs]
104.738: [GC (Allocation Failure)  29614K->23950K(31232K), 0.0013055 secs]
104.742: [GC (Allocation Failure)  29582K->23950K(31232K), 0.0012775 secs]
104.746: [GC (Allocation Failure)  29582K->24046K(31232K), 0.0017741 secs]
104.751: [GC (Allocation Failure)  29678K->23990K(31232K), 0.0013008 secs]
104.756: [GC (Allocation Failure)  29622K->24006K(31232K), 0.0013168 secs]
104.760: [GC (Allocation Failure)  29638K->23990K(31232K), 0.0013917 secs]
104.764: [GC (Allocation Failure)  29622K->23990K(31232K), 0.0011224 secs]
104.768: [GC (Allocation Failure)  29622K->23958K(31232K), 0.0012585 secs]
104.772: [GC (Allocation Failure)  29590K->23958K(31232K), 0.0015784 secs]
104.777: [GC (Allocation Failure)  29590K->23958K(31232K), 0.0012636 secs]
104.782: [GC (Allocation Failure)  29590K->23926K(31232K), 0.0014433 secs]
104.787: [GC (Allocation Failure)  29558K->23926K(31232K), 0.0013217 secs]
104.791: [GC (Allocation Failure)  29558K->23990K(31232K), 0.0012188 secs]
104.795: [GC (Allocation Failure)  29622K->23958K(31232K), 0.0010787 secs]
104.798: [GC (Allocation Failure)  29590K->23926K(31232K), 0.0011156 secs]
104.802: [GC (Allocation Failure)  29558K->23990K(31232K), 0.0018792 secs]
104.808: [GC (Allocation Failure)  29622K->23990K(31232K), 0.0012254 secs]
104.812: [GC (Allocation Failure)  29622K->23998K(31232K), 0.0014259 secs]
104.817: [GC (Allocation Failure)  29630K->23966K(31232K), 0.0011705 secs]
104.821: [GC (Allocation Failure)  29598K->23934K(31232K), 0.0011470 secs]
104.825: [GC (Allocation Failure)  29566K->23966K(31232K), 0.0013109 secs]
104.829: [GC (Allocation Failure)  29598K->23998K(31232K), 0.0011303 secs]
104.833: [GC (Allocation Failure)  29630K->23934K(31232K), 0.0010619 secs]
104.837: [GC (Allocation Failure)  29566K->23998K(31232K), 0.0014011 secs]
104.841: [GC (Allocation Failure)  29630K->23966K(31232K), 0.0011092 secs]
104.845: [GC (Allocation Failure)  29598K->24030K(31232K), 0.0015108 secs]
104.850: [GC (Allocation Failure)  29662K->24054K(31232K), 0.0016704 secs]
104.855: [GC (Allocation Failure)  29686K->24046K(31232K), 0.0013778 secs]
104.859: [GC (Allocation Failure)  29678K->24102K(31232K), 0.0010308 secs]
104.863: [GC (Allocation Failure)  29734K->24038K(31232K), 0.0011039 secs]
104.867: [GC (Allocation Failure)  29670K->24070K(31232K), 0.0011109 secs]
104.871: [GC (Allocation Failure)  29702K->24038K(31232K), 0.0010721 secs]
104.874: [GC (Allocation Failure)  29670K->24006K(31232K), 0.0010626 secs]
104.878: [GC (Allocation Failure)  29638K->24070K(31232K), 0.0009107 secs]
104.882: [GC (Allocation Failure)  29702K->24038K(31232K), 0.0008811 secs]
104.885: [GC (Allocation Failure)  29670K->24006K(31232K), 0.0011452 secs]
104.889: [GC (Allocation Failure)  29638K->24038K(31232K), 0.0009102 secs]
104.893: [GC (Allocation Failure)  29670K->24038K(31232K), 0.0009558 secs]
104.896: [GC (Allocation Failure)  29670K->24070K(31232K), 0.0010185 secs]
104.900: [GC (Allocation Failure)  29702K->24038K(31232K), 0.0011133 secs]
104.904: [GC (Allocation Failure)  29670K->24038K(31232K), 0.0009874 secs]
104.907: [GC (Allocation Failure)  29670K->24038K(31232K), 0.0007996 secs]
104.911: [GC (Allocation Failure)  29670K->24118K(31232K), 0.0008434 secs]
104.914: [GC (Allocation Failure)  29750K->24150K(31232K), 0.0008170 secs]
104.917: [GC (Allocation Failure)  29782K->24054K(31232K), 0.0008669 secs]
104.921: [GC (Allocation Failure)  29686K->24086K(31232K), 0.0008075 secs]
104.924: [GC (Allocation Failure)  29718K->24086K(31232K), 0.0009909 secs]
104.928: [GC (Allocation Failure)  29718K->24086K(31232K), 0.0007641 secs]
104.931: [GC (Allocation Failure)  29718K->24118K(31232K), 0.0009049 secs]
104.934: [GC (Allocation Failure)  29750K->24150K(31232K), 0.0008306 secs]
104.938: [GC (Allocation Failure)  29782K->24054K(31232K), 0.0008850 secs]
104.941: [GC (Allocation Failure)  29686K->24086K(31232K), 0.0007621 secs]
104.945: [GC (Allocation Failure)  29718K->24118K(31232K), 0.0008286 secs]
104.948: [GC (Allocation Failure)  29750K->24118K(31232K), 0.0010007 secs]
104.952: [GC (Allocation Failure)  29750K->24062K(31232K), 0.0018538 secs]
104.957: [GC (Allocation Failure)  29694K->24118K(31232K), 0.0010583 secs]
104.961: [GC (Allocation Failure)  29750K->24134K(31232K), 0.0009600 secs]
104.965: [GC (Allocation Failure)  29766K->24134K(31232K), 0.0010890 secs]
104.968: [GC (Allocation Failure)  29766K->24102K(31232K), 0.0007970 secs]
104.972: [GC (Allocation Failure)  29734K->24102K(31232K), 0.0008723 secs]
104.975: [GC (Allocation Failure)  29734K->24166K(31232K), 0.0008125 secs]
104.978: [GC (Allocation Failure)  29798K->24166K(31232K), 0.0007892 secs]
104.982: [GC (Allocation Failure)  29798K->24134K(31232K), 0.0009582 secs]
104.985: [GC (Allocation Failure)  29766K->24070K(31232K), 0.0008980 secs]
104.989: [GC (Allocation Failure)  29702K->24134K(31232K), 0.0008866 secs]
104.992: [GC (Allocation Failure)  29766K->24134K(31232K), 0.0008030 secs]
104.996: [GC (Allocation Failure)  29766K->24166K(31232K), 0.0008559 secs]
104.999: [GC (Allocation Failure)  29798K->24134K(31232K), 0.0008057 secs]
105.002: [GC (Allocation Failure)  29766K->24070K(31232K), 0.0008143 secs]
105.006: [GC (Allocation Failure)  29702K->24102K(31232K), 0.0008275 secs]
105.009: [GC (Allocation Failure)  29734K->24198K(31232K), 0.0008292 secs]
105.012: [GC (Allocation Failure)  29830K->24118K(31232K), 0.0007663 secs]
105.016: [GC (Allocation Failure)  29750K->24150K(31232K), 0.0007640 secs]
105.019: [GC (Allocation Failure)  29782K->24150K(31232K), 0.0008387 secs]
105.022: [GC (Allocation Failure)  29782K->24182K(31232K), 0.0007734 secs]
105.026: [GC (Allocation Failure)  29814K->24150K(31232K), 0.0008450 secs]
105.029: [GC (Allocation Failure)  29782K->24182K(31232K), 0.0008409 secs]
105.032: [GC (Allocation Failure)  29814K->24182K(31232K), 0.0008144 secs]
105.036: [GC (Allocation Failure)  29814K->24182K(31232K), 0.0008958 secs]
105.040: [GC (Allocation Failure)  29814K->24150K(31232K), 0.0009875 secs]
105.044: [GC (Allocation Failure)  29782K->24150K(31232K), 0.0011122 secs]
105.048: [GC (Allocation Failure)  29782K->24182K(31232K), 0.0013005 secs]
105.053: [GC (Allocation Failure)  29814K->24206K(31232K), 0.0012806 secs]
105.057: [GC (Allocation Failure)  29838K->24222K(31232K), 0.0008739 secs]
105.061: [GC (Allocation Failure)  29854K->24142K(31232K), 0.0010303 secs]
105.064: [GC (Allocation Failure)  29774K->24206K(31232K), 0.0008484 secs]
105.068: [GC (Allocation Failure)  29838K->24174K(31232K), 0.0010572 secs]
105.072: [GC (Allocation Failure)  29806K->24206K(31232K), 0.0009313 secs]
105.075: [GC (Allocation Failure)  29838K->24206K(31232K), 0.0008752 secs]
105.079: [GC (Allocation Failure)  29838K->24206K(31232K), 0.0009091 secs]
105.082: [GC (Allocation Failure)  29838K->24238K(31232K), 0.0007710 secs]
105.085: [GC (Allocation Failure)  29870K->24174K(31232K), 0.0009378 secs]
105.089: [GC (Allocation Failure)  29806K->24206K(31232K), 0.0008131 secs]
105.092: [GC (Allocation Failure)  29838K->24206K(31232K), 0.0007741 secs]
105.096: [GC (Allocation Failure)  29838K->24174K(31232K), 0.0009019 secs]
105.099: [GC (Allocation Failure)  29806K->24206K(31232K), 0.0007230 secs]
105.102: [GC (Allocation Failure)  29838K->24206K(31232K), 0.0008161 secs]
105.106: [GC (Allocation Failure)  29838K->24174K(31232K), 0.0008077 secs]
105.109: [GC (Allocation Failure)  29806K->24238K(31232K), 0.0008451 secs]
105.113: [GC (Allocation Failure)  29870K->24190K(31232K), 0.0023134 secs]
105.118: [GC (Allocation Failure)  29822K->24222K(31232K), 0.0009648 secs]
105.122: [GC (Allocation Failure)  29854K->24190K(31232K), 0.0008305 secs]
105.125: [GC (Allocation Failure)  29822K->24222K(31232K), 0.0007738 secs]
105.129: [GC (Allocation Failure)  29854K->24190K(31232K), 0.0009066 secs]
105.132: [GC (Allocation Failure)  29822K->24190K(31232K), 0.0008409 secs]
105.135: [GC (Allocation Failure)  29822K->24254K(31232K), 0.0008998 secs]
105.139: [GC (Allocation Failure)  29886K->24254K(31232K), 0.0008198 secs]
105.142: [GC (Allocation Failure)  29886K->24254K(31232K), 0.0008924 secs]
105.145: [GC (Allocation Failure)  29886K->24254K(31232K), 0.0007689 secs]
105.149: [GC (Allocation Failure)  29886K->24318K(31232K), 0.0010493 secs]
105.153: [GC (Allocation Failure)  29950K->24350K(31232K), 0.0012633 secs]
105.157: [GC (Allocation Failure)  29982K->24358K(31232K), 0.0009829 secs]
105.161: [GC (Allocation Failure)  29990K->24342K(31232K), 0.0010082 secs]
105.164: [GC (Allocation Failure)  29974K->24310K(31232K), 0.0010149 secs]
105.168: [GC (Allocation Failure)  29942K->24310K(31232K), 0.0009031 secs]
105.172: [GC (Allocation Failure)  29942K->24310K(31232K), 0.0012791 secs]
105.176: [GC (Allocation Failure)  29942K->24374K(31232K), 0.0010180 secs]
105.179: [GC (Allocation Failure)  30006K->24350K(31232K), 0.0009034 secs]
105.183: [GC (Allocation Failure)  29982K->24350K(31232K), 0.0008718 secs]
105.186: [GC (Allocation Failure)  29982K->24318K(31232K), 0.0009975 secs]
105.190: [GC (Allocation Failure)  29950K->24318K(31232K), 0.0007216 secs]
105.193: [GC (Allocation Failure)  29950K->24382K(31232K), 0.0008106 secs]
105.197: [GC (Allocation Failure)  30014K->24350K(31232K), 0.0008164 secs]
105.200: [GC (Allocation Failure)  29982K->24350K(31232K), 0.0008718 secs]
105.203: [GC (Allocation Failure)  29982K->24350K(31232K), 0.0008108 secs]
105.207: [GC (Allocation Failure)  29982K->24350K(31232K), 0.0010017 secs]
105.211: [GC (Allocation Failure)  29982K->24414K(31232K), 0.0008285 secs]
105.214: [GC (Allocation Failure)  30046K->24310K(31232K), 0.0008336 secs]
105.218: [GC (Allocation Failure)  29942K->24374K(31232K), 0.0009201 secs]
105.221: [GC (Allocation Failure)  30006K->24406K(31232K), 0.0008654 secs]
105.225: [GC (Allocation Failure)  30038K->24422K(31232K), 0.0008394 secs]
105.228: [GC (Allocation Failure)  30054K->24398K(31232K), 0.0008839 secs]
105.232: [GC (Allocation Failure)  30030K->24398K(31232K), 0.0009545 secs]
105.235: [GC (Allocation Failure)  30030K->24350K(31232K), 0.0009062 secs]
105.239: [GC (Allocation Failure)  29982K->24414K(31232K), 0.0008440 secs]
105.242: [GC (Allocation Failure)  30046K->24382K(31232K), 0.0009163 secs]
105.246: [GC (Allocation Failure)  30014K->24382K(31232K), 0.0008669 secs]
105.249: [GC (Allocation Failure)  30014K->24510K(31232K), 0.0009002 secs]
105.253: [GC (Allocation Failure)  30142K->24478K(31232K), 0.0009087 secs]
105.257: [GC (Allocation Failure)  30110K->24510K(31232K), 0.0010686 secs]
105.261: [GC (Allocation Failure)  30142K->24534K(31232K), 0.0009618 secs]
105.265: [GC (Allocation Failure)  30166K->24486K(31232K), 0.0008723 secs]
105.268: [GC (Allocation Failure)  30118K->24486K(31232K), 0.0008379 secs]
105.271: [GC (Allocation Failure)  30118K->24454K(31232K), 0.0009963 secs]
105.275: [GC (Allocation Failure)  30086K->24454K(31232K), 0.0008745 secs]
105.278: [GC (Allocation Failure)  30086K->24422K(31232K), 0.0007571 secs]
105.282: [GC (Allocation Failure)  30054K->24454K(31232K), 0.0008282 secs]
105.285: [GC (Allocation Failure)  30086K->24454K(31232K), 0.0008942 secs]
105.288: [GC (Allocation Failure)  30086K->24486K(31232K), 0.0008673 secs]
105.291: [GC (Allocation Failure)  30118K->24518K(31232K), 0.0007874 secs]
105.295: [GC (Allocation Failure)  30150K->24486K(31232K), 0.0009827 secs]
105.298: [GC (Allocation Failure)  30118K->24454K(31232K), 0.0007180 secs]
105.301: [GC (Allocation Failure)  30086K->24518K(31232K), 0.0007603 secs]
105.305: [GC (Allocation Failure)  30150K->24454K(31232K), 0.0008320 secs]
105.308: [GC (Allocation Failure)  30086K->24454K(31232K), 0.0008111 secs]
105.312: [GC (Allocation Failure)  30086K->24470K(31232K), 0.0008373 secs]
105.315: [GC (Allocation Failure)  30102K->24438K(31232K), 0.0007514 secs]
105.318: [GC (Allocation Failure)  30070K->24438K(31232K), 0.0009721 secs]
105.322: [GC (Allocation Failure)  30070K->24502K(31232K), 0.0008372 secs]
105.325: [GC (Allocation Failure)  30134K->24470K(31232K), 0.0008546 secs]
105.329: [GC (Allocation Failure)  30102K->24534K(31232K), 0.0008612 secs]
105.332: [GC (Allocation Failure)  30166K->24470K(31232K), 0.0008556 secs]
105.335: [GC (Allocation Failure)  30102K->24502K(31232K), 0.0009672 secs]
105.339: [GC (Allocation Failure)  30134K->24502K(31232K), 0.0008029 secs]
105.342: [GC (Allocation Failure)  30134K->24438K(31232K), 0.0007348 secs]
105.345: [GC (Allocation Failure)  30070K->24502K(31232K), 0.0007722 secs]
105.349: [GC (Allocation Failure)  30134K->24566K(31232K), 0.0009182 secs]
105.353: [GC (Allocation Failure)  30198K->24598K(31232K), 0.0011927 secs]
105.357: [GC (Allocation Failure)  30230K->24582K(31232K), 0.0008683 secs]
105.361: [GC (Allocation Failure)  30214K->24590K(31232K), 0.0008911 secs]
105.364: [GC (Allocation Failure)  30222K->24606K(31232K), 0.0008644 secs]
105.368: [GC (Allocation Failure)  30238K->24622K(31232K), 0.0008543 secs]
105.371: [GC (Allocation Failure)  30254K->24590K(31232K), 0.0007828 secs]
105.374: [GC (Allocation Failure)  30222K->24558K(31232K), 0.0007603 secs]
105.378: [GC (Allocation Failure)  30190K->24590K(31232K), 0.0007166 secs]
105.381: [GC (Allocation Failure)  30222K->24590K(31232K), 0.0008429 secs]
105.385: [GC (Allocation Failure)  30222K->24526K(31232K), 0.0007796 secs]
105.388: [GC (Allocation Failure)  30158K->24622K(31232K), 0.0008435 secs]
105.391: [GC (Allocation Failure)  30254K->24590K(31232K), 0.0008496 secs]
105.395: [GC (Allocation Failure)  30222K->24542K(31232K), 0.0008361 secs]
105.398: [GC (Allocation Failure)  30174K->24574K(31232K), 0.0007802 secs]
105.401: [GC (Allocation Failure)  30206K->24638K(31232K), 0.0008214 secs]
105.405: [GC (Allocation Failure)  30270K->24574K(31232K), 0.0008982 secs]
105.408: [GC (Allocation Failure)  30206K->24606K(31232K), 0.0007460 secs]
105.411: [GC (Allocation Failure)  30238K->24638K(31232K), 0.0007641 secs]
105.415: [GC (Allocation Failure)  30270K->24558K(31232K), 0.0007936 secs]
105.418: [GC (Allocation Failure)  30190K->24622K(31232K), 0.0007927 secs]
105.421: [GC (Allocation Failure)  30254K->24638K(31232K), 0.0008103 secs]
105.424: [GC (Allocation Failure)  30270K->24638K(31232K), 0.0008769 secs]
105.428: [GC (Allocation Failure)  30270K->24638K(31232K), 0.0007763 secs]
105.431: [GC (Allocation Failure)  30270K->24670K(31232K), 0.0008369 secs]
105.435: [GC (Allocation Failure)  30302K->24606K(31232K), 0.0008146 secs]
105.438: [GC (Allocation Failure)  30238K->24686K(31232K), 0.0008241 secs]
105.441: [GC (Allocation Failure)  30318K->24622K(31232K), 0.0009646 secs]
105.445: [GC (Allocation Failure)  30254K->24686K(31232K), 0.0008901 secs]
105.448: [GC (Allocation Failure)  30318K->24750K(31232K), 0.0009010 secs]
105.452: [GC (Allocation Failure)  30382K->24654K(31232K), 0.0008324 secs]
105.455: [GC (Allocation Failure)  30286K->24686K(31232K), 0.0007934 secs]
105.459: [GC (Allocation Failure)  30318K->24686K(31232K), 0.0010819 secs]
105.463: [GC (Allocation Failure)  30318K->24726K(31232K), 0.0009514 secs]
105.467: [GC (Allocation Failure)  30358K->24718K(31232K), 0.0008206 secs]
105.470: [GC (Allocation Failure)  30350K->24718K(31232K), 0.0008715 secs]
105.474: [GC (Allocation Failure)  30350K->24718K(31232K), 0.0008947 secs]
105.477: [GC (Allocation Failure)  30350K->24750K(31232K), 0.0007674 secs]
105.481: [GC (Allocation Failure)  30382K->24686K(31232K), 0.0008810 secs]
105.484: [GC (Allocation Failure)  30318K->24686K(31232K), 0.0009173 secs]
105.487: [GC (Allocation Failure)  30318K->24718K(31232K), 0.0008450 secs]
105.491: [GC (Allocation Failure)  30350K->24718K(31232K), 0.0009121 secs]
105.494: [GC (Allocation Failure)  30350K->24750K(31232K), 0.0007989 secs]
105.498: [GC (Allocation Failure)  30382K->24686K(31232K), 0.0007879 secs]
105.501: [GC (Allocation Failure)  30318K->24718K(31232K), 0.0007718 secs]
105.504: [GC (Allocation Failure)  30350K->24686K(31232K), 0.0008493 secs]
105.508: [GC (Allocation Failure)  30318K->24750K(31232K), 0.0008074 secs]
105.511: [GC (Allocation Failure)  30382K->24718K(31232K), 0.0008212 secs]
105.514: [GC (Allocation Failure)  30350K->24750K(31232K), 0.0008561 secs]
105.518: [GC (Allocation Failure)  30382K->24734K(31232K), 0.0008543 secs]
105.521: [GC (Allocation Failure)  30366K->24734K(31232K), 0.0008417 secs]
105.524: [GC (Allocation Failure)  30366K->24734K(31232K), 0.0009787 secs]
105.528: [GC (Allocation Failure)  30366K->24734K(31232K), 0.0009405 secs]
105.531: [GC (Allocation Failure)  30366K->24702K(31232K), 0.0007688 secs]
105.535: [GC (Allocation Failure)  30334K->24734K(31232K), 0.0009586 secs]
105.539: [GC (Allocation Failure)  30366K->24702K(31232K), 0.0011337 secs]
105.543: [GC (Allocation Failure)  30334K->24702K(31232K), 0.0011773 secs]
105.546: [GC (Allocation Failure)  30334K->24702K(31232K), 0.0011181 secs]
105.551: [GC (Allocation Failure)  30334K->24766K(31232K), 0.0014467 secs]
105.556: [GC (Allocation Failure)  30398K->24798K(31232K), 0.0017183 secs]
105.561: [GC (Allocation Failure)  30430K->24806K(31232K), 0.0011075 secs]
105.565: [GC (Allocation Failure)  30438K->24814K(31232K), 0.0011092 secs]
105.569: [GC (Allocation Failure)  30446K->24798K(31232K), 0.0010887 secs]
105.572: [GC (Allocation Failure)  30430K->24766K(31232K), 0.0011299 secs]
105.576: [GC (Allocation Failure)  30398K->24766K(31232K), 0.0009307 secs]
105.579: [GC (Allocation Failure)  30398K->24766K(31232K), 0.0008972 secs]
105.583: [GC (Allocation Failure)  30398K->24798K(31232K), 0.0008725 secs]
105.586: [GC (Allocation Failure)  30430K->24830K(31232K), 0.0009837 secs]
105.590: [GC (Allocation Failure)  30462K->24830K(31232K), 0.0009298 secs]
105.594: [GC (Allocation Failure)  30462K->24926K(31232K), 0.0014768 secs]
105.598: [GC (Allocation Failure)  30558K->25022K(31232K), 0.0013657 secs]
105.603: [GC (Allocation Failure)  30654K->24990K(31232K), 0.0013732 secs]
105.608: [GC (Allocation Failure)  30622K->25118K(31232K), 0.0014391 secs]
105.612: [GC (Allocation Failure)  30750K->25158K(31232K), 0.0013334 secs]
105.616: [GC (Allocation Failure)  30790K->25182K(31232K), 0.0012379 secs]
105.620: [GC (Allocation Failure)  30814K->25166K(31232K), 0.0018120 secs]
105.625: [GC (Allocation Failure)  30798K->25190K(31232K), 0.0012160 secs]
105.627: [Full GC (Ergonomics)  25190K->21086K(31232K), 0.0765288 secs]
105.707: [GC (Allocation Failure)  26718K->21310K(31232K), 0.0013625 secs]
105.711: [GC (Allocation Failure)  26942K->21310K(31232K), 0.0011085 secs]
105.714: [GC (Allocation Failure)  26942K->21278K(31232K), 0.0009036 secs]
105.718: [GC (Allocation Failure)  26910K->21254K(31232K), 0.0009726 secs]
105.722: [GC (Allocation Failure)  26886K->21358K(31232K), 0.0011038 secs]
105.726: [GC (Allocation Failure)  26990K->21470K(31232K), 0.0010265 secs]
105.729: [GC (Allocation Failure)  27102K->21358K(31232K), 0.0010332 secs]
105.733: [GC (Allocation Failure)  26990K->21446K(31232K), 0.0011292 secs]
105.738: [GC (Allocation Failure)  27078K->21486K(31232K), 0.0010978 secs]
105.742: [GC (Allocation Failure)  27118K->21454K(31232K), 0.0011491 secs]
105.746: [GC (Allocation Failure)  27086K->21446K(31232K), 0.0012403 secs]
105.750: [GC (Allocation Failure)  27078K->21566K(31232K), 0.0014160 secs]
105.755: [GC (Allocation Failure)  27198K->21619K(31232K), 0.0013782 secs]
105.759: [GC (Allocation Failure)  27251K->21630K(31232K), 0.0010915 secs]
105.763: [GC (Allocation Failure)  27262K->21662K(31232K), 0.0012017 secs]
105.767: [GC (Allocation Failure)  27294K->21638K(31232K), 0.0008787 secs]
105.772: [GC (Allocation Failure)  27270K->21598K(31232K), 0.0015244 secs]
105.777: [GC (Allocation Failure)  27230K->21654K(31232K), 0.0013443 secs]
105.782: [GC (Allocation Failure)  27286K->21686K(31232K), 0.0014469 secs]
105.789: [GC (Allocation Failure)  27318K->21734K(31232K), 0.0016719 secs]
105.794: [GC (Allocation Failure)  27366K->21862K(31232K), 0.0013638 secs]
105.798: [GC (Allocation Failure)  27494K->21838K(31232K), 0.0014871 secs]
105.803: [GC (Allocation Failure)  27470K->21830K(31232K), 0.0020437 secs]
105.809: [GC (Allocation Failure)  27462K->21894K(31232K), 0.0015378 secs]
105.814: [GC (Allocation Failure)  27526K->21886K(31232K), 0.0014439 secs]
105.818: [GC (Allocation Failure)  27518K->21918K(31232K), 0.0013231 secs]
105.823: [GC (Allocation Failure)  27550K->21894K(31232K), 0.0013338 secs]
105.828: [GC (Allocation Failure)  27526K->21974K(31232K), 0.0014548 secs]
105.833: [GC (Allocation Failure)  27606K->21958K(31232K), 0.0015868 secs]
105.838: [GC (Allocation Failure)  27590K->21950K(31232K), 0.0016881 secs]
105.844: [GC (Allocation Failure)  27582K->21886K(31232K), 0.0018369 secs]
105.849: [GC (Allocation Failure)  27518K->21950K(31232K), 0.0014009 secs]
105.853: [GC (Allocation Failure)  27582K->21990K(31232K), 0.0015631 secs]
105.859: [GC (Allocation Failure)  27622K->22102K(31232K), 0.0014909 secs]
105.863: [GC (Allocation Failure)  27734K->22070K(31232K), 0.0014510 secs]
105.868: [GC (Allocation Failure)  27702K->22118K(31232K), 0.0016223 secs]
105.873: [GC (Allocation Failure)  27750K->22134K(31232K), 0.0015281 secs]
105.878: [GC (Allocation Failure)  27766K->22206K(31232K), 0.0019401 secs]
105.884: [GC (GCLocker Initiated GC)  27839K->22239K(31232K), 0.0021393 secs]
105.889: [GC (Allocation Failure)  27875K->22315K(31232K), 0.0012969 secs]
105.893: [GC (Allocation Failure)  27947K->22283K(31232K), 0.0011120 secs]
105.898: [GC (Allocation Failure)  27915K->22403K(31232K), 0.0011566 secs]
105.902: [GC (Allocation Failure)  28035K->22395K(31232K), 0.0014040 secs]
105.906: [GC (Allocation Failure)  28027K->22475K(31232K), 0.0011493 secs]
105.911: [GC (Allocation Failure)  28107K->22443K(31232K), 0.0012628 secs]
105.916: [GC (Allocation Failure)  28075K->22555K(31232K), 0.0013031 secs]
105.920: [GC (Allocation Failure)  28187K->22555K(31232K), 0.0012093 secs]
105.924: [GC (Allocation Failure)  28187K->22691K(31232K), 0.0013972 secs]
105.929: [GC (Allocation Failure)  28323K->22683K(31232K), 0.0015043 secs]
105.934: [GC (Allocation Failure)  28315K->22611K(31232K), 0.0013373 secs]
105.938: [GC (Allocation Failure)  28243K->22667K(31232K), 0.0012712 secs]
105.943: [GC (Allocation Failure)  28299K->22691K(31232K), 0.0018294 secs]
105.948: [GC (Allocation Failure)  28323K->22747K(31232K), 0.0013869 secs]
105.953: [GC (GCLocker Initiated GC)  28379K->22699K(31232K), 0.0018590 secs]
105.958: [GC (Allocation Failure)  28335K->22847K(31232K), 0.0012146 secs]
105.963: [GC (GCLocker Initiated GC)  28480K->22864K(31232K), 0.0015739 secs]
105.968: [GC (Allocation Failure)  28499K->22899K(31232K), 0.0013448 secs]
105.973: [GC (Allocation Failure)  28531K->23003K(31232K), 0.0011565 secs]
105.977: [GC (Allocation Failure)  28635K->22987K(31232K), 0.0011551 secs]
105.981: [GC (Allocation Failure)  28619K->23059K(31232K), 0.0010281 secs]
105.986: [GC (Allocation Failure)  28691K->23027K(31232K), 0.0013861 secs]
105.990: [GC (Allocation Failure)  28659K->23123K(31232K), 0.0010224 secs]
105.995: [GC (Allocation Failure)  28755K->23163K(31232K), 0.0017064 secs]
106.000: [GC (Allocation Failure)  28795K->23251K(31232K), 0.0011555 secs]
106.004: [GC (Allocation Failure)  28883K->23155K(31232K), 0.0015730 secs]
106.008: [GC (Allocation Failure)  28787K->23203K(31232K), 0.0011067 secs]
106.012: [GC (Allocation Failure)  28835K->23291K(31232K), 0.0014566 secs]
106.017: [GC (Allocation Failure)  28923K->23315K(31232K), 0.0011097 secs]
106.021: [GC (Allocation Failure)  28947K->23339K(31232K), 0.0012158 secs]
106.027: [GC (Allocation Failure)  28971K->23379K(31232K), 0.0012529 secs]
106.031: [GC (Allocation Failure)  29011K->23395K(31232K), 0.0010966 secs]
106.034: [GC (Allocation Failure)  29027K->23411K(31232K), 0.0010796 secs]
106.040: [GC (Allocation Failure)  29043K->23475K(31232K), 0.0014249 secs]
106.046: [GC (Allocation Failure)  29107K->23459K(31232K), 0.0015298 secs]
106.050: [GC (Allocation Failure)  29091K->23579K(31232K), 0.0011804 secs]
106.056: [GC (GCLocker Initiated GC)  29538K->23922K(31232K), 0.0013091 secs]
106.061: [GC (Allocation Failure)  29558K->23958K(31232K), 0.0016142 secs]
106.066: [GC (Allocation Failure)  29590K->23846K(31232K), 0.0014333 secs]
106.070: [GC (Allocation Failure)  29478K->23974K(31232K), 0.0013853 secs]
106.077: [GC (Allocation Failure)  29606K->23998K(31232K), 0.0016829 secs]
106.083: [GC (Allocation Failure)  29630K->24110K(31232K), 0.0018248 secs]
106.089: [GC (Allocation Failure)  29742K->23990K(31232K), 0.0016723 secs]
106.095: [GC (Allocation Failure)  29622K->24086K(31232K), 0.0014632 secs]
106.100: [GC (Allocation Failure)  29718K->24150K(31232K), 0.0017346 secs]
106.106: [GC (Allocation Failure)  29782K->24110K(31232K), 0.0025253 secs]
106.112: [GC (Allocation Failure)  29742K->24166K(31232K), 0.0014174 secs]
106.117: [GC (Allocation Failure)  29798K->24182K(31232K), 0.0016392 secs]
106.123: [GC (Allocation Failure)  29814K->24254K(31232K), 0.0015382 secs]
106.128: [GC (Allocation Failure)  29886K->24342K(31232K), 0.0014294 secs]
106.132: [GC (Allocation Failure)  29974K->24358K(31232K), 0.0014121 secs]
106.138: [GC (Allocation Failure)  29990K->24342K(31232K), 0.0020557 secs]
106.143: [GC (Allocation Failure)  29974K->24342K(31232K), 0.0017300 secs]
106.149: [GC (Allocation Failure)  29974K->24438K(31232K), 0.0015573 secs]
106.154: [GC (Allocation Failure)  30070K->24414K(31232K), 0.0016804 secs]
106.159: [GC (Allocation Failure)  30046K->24414K(31232K), 0.0014087 secs]
106.164: [GC (Allocation Failure)  30046K->24382K(31232K), 0.0015208 secs]
106.169: [GC (Allocation Failure)  30014K->24470K(31232K), 0.0016535 secs]
106.175: [GC (Allocation Failure)  30102K->24558K(31232K), 0.0017708 secs]
106.181: [GC (Allocation Failure)  30190K->24534K(31232K), 0.0015860 secs]
106.186: [GC (Allocation Failure)  30166K->24534K(31232K), 0.0016871 secs]
106.191: [GC (Allocation Failure)  30166K->24558K(31232K), 0.0010566 secs]
106.196: [GC (Allocation Failure)  30190K->24542K(31232K), 0.0018082 secs]
106.201: [GC (Allocation Failure)  30174K->24566K(31232K), 0.0010555 secs]
106.206: [GC (Allocation Failure)  30198K->24630K(31232K), 0.0016512 secs]
106.211: [GC (Allocation Failure)  30262K->24638K(31232K), 0.0015671 secs]
106.216: [GC (Allocation Failure)  30270K->24678K(31232K), 0.0011432 secs]
106.220: [GC (Allocation Failure)  30310K->24774K(31232K), 0.0012746 secs]
106.224: [GC (Allocation Failure)  30406K->24854K(31232K), 0.0009606 secs]
106.228: [GC (Allocation Failure)  30486K->24774K(31232K), 0.0010996 secs]
106.232: [GC (Allocation Failure)  30406K->24766K(31232K), 0.0014099 secs]
106.237: [GC (Allocation Failure)  30398K->24806K(31232K), 0.0017405 secs]
106.242: [GC (Allocation Failure)  30438K->24830K(31232K), 0.0015177 secs]
106.247: [GC (Allocation Failure)  30462K->24878K(31232K), 0.0017248 secs]
106.251: [GC (Allocation Failure)  30510K->24894K(31232K), 0.0011035 secs]
106.256: [GC (Allocation Failure)  30526K->24838K(31232K), 0.0011281 secs]
106.260: [GC (Allocation Failure)  30470K->24870K(31232K), 0.0009020 secs]
106.263: [GC (Allocation Failure)  30502K->24870K(31232K), 0.0010881 secs]
106.267: [GC (Allocation Failure)  30502K->24934K(31232K), 0.0010811 secs]
106.271: [GC (Allocation Failure)  30566K->24918K(31232K), 0.0012900 secs]
106.275: [GC (Allocation Failure)  30550K->24934K(31232K), 0.0011765 secs]
106.279: [GC (Allocation Failure)  30566K->24942K(31232K), 0.0010078 secs]
106.283: [GC (Allocation Failure)  30574K->24974K(31232K), 0.0011104 secs]
106.288: [GC (Allocation Failure)  30606K->25006K(31232K), 0.0013833 secs]
106.292: [GC (Allocation Failure)  30638K->25022K(31232K), 0.0010571 secs]
106.296: [GC (Allocation Failure)  30654K->24998K(31232K), 0.0012520 secs]
106.299: [GC (Allocation Failure)  30630K->25062K(31232K), 0.0010085 secs]
106.303: [GC (Allocation Failure)  30694K->25038K(31232K), 0.0013018 secs]
106.308: [GC (Allocation Failure)  30670K->25086K(31232K), 0.0012312 secs]
106.312: [GC (Allocation Failure)  30718K->25062K(31232K), 0.0017396 secs]
106.317: [GC (Allocation Failure)  30694K->25134K(31232K), 0.0012993 secs]
106.322: [GC (Allocation Failure)  30766K->25134K(31232K), 0.0012819 secs]
106.326: [GC (Allocation Failure)  30766K->25102K(31232K), 0.0011814 secs]
106.330: [GC (Allocation Failure)  30734K->25086K(31232K), 0.0012490 secs]
106.334: [GC (Allocation Failure)  30718K->25062K(31232K), 0.0012399 secs]
106.338: [GC (Allocation Failure)  30694K->25134K(31232K), 0.0015521 secs]
106.342: [GC (Allocation Failure)  30766K->25150K(31232K), 0.0012596 secs]
106.346: [GC (Allocation Failure)  30782K->25158K(31232K), 0.0011249 secs]
106.350: [GC (Allocation Failure)  30790K->25158K(31232K), 0.0010245 secs]
106.351: [Full GC (Ergonomics)  25158K->21332K(31744K), 0.0753384 secs]
106.430: [GC (Allocation Failure)  26964K->21524K(31744K), 0.0018148 secs]
106.436: [GC (Allocation Failure)  27156K->21532K(31744K), 0.0015856 secs]
106.440: [GC (Allocation Failure)  27164K->21492K(31744K), 0.0009782 secs]
106.444: [GC (Allocation Failure)  27124K->21532K(31744K), 0.0011657 secs]
106.448: [GC (Allocation Failure)  27164K->21468K(31744K), 0.0009424 secs]
106.451: [GC (Allocation Failure)  27100K->21500K(31744K), 0.0008243 secs]
106.455: [GC (Allocation Failure)  27132K->21500K(31744K), 0.0008862 secs]
106.458: [GC (Allocation Failure)  27132K->21532K(31744K), 0.0008573 secs]
106.462: [GC (Allocation Failure)  27164K->21500K(31744K), 0.0008107 secs]
106.465: [GC (Allocation Failure)  27132K->21468K(31744K), 0.0008304 secs]
106.468: [GC (Allocation Failure)  27100K->21468K(31744K), 0.0008055 secs]
106.472: [GC (Allocation Failure)  27100K->21532K(31744K), 0.0008008 secs]
106.475: [GC (Allocation Failure)  27164K->21436K(31744K), 0.0008474 secs]
106.478: [GC (Allocation Failure)  27068K->21564K(31744K), 0.0008521 secs]
106.482: [GC (Allocation Failure)  27196K->21508K(31744K), 0.0007889 secs]
106.485: [GC (Allocation Failure)  27140K->21500K(31744K), 0.0009947 secs]
106.489: [GC (Allocation Failure)  27132K->21500K(31744K), 0.0008541 secs]
106.492: [GC (Allocation Failure)  27132K->21564K(31744K), 0.0010228 secs]
106.496: [GC (Allocation Failure)  27196K->21540K(31744K), 0.0009619 secs]
106.500: [GC (Allocation Failure)  27172K->21556K(31744K), 0.0009986 secs]
106.504: [GC (Allocation Failure)  27188K->21596K(31744K), 0.0010290 secs]
106.507: [GC (Allocation Failure)  27228K->21572K(31744K), 0.0009113 secs]
106.511: [GC (Allocation Failure)  27204K->21580K(31744K), 0.0010862 secs]
106.515: [GC (Allocation Failure)  27212K->21612K(31744K), 0.0008444 secs]
106.518: [GC (Allocation Failure)  27244K->21628K(31744K), 0.0009616 secs]
106.522: [GC (Allocation Failure)  27260K->21612K(31744K), 0.0010654 secs]
106.526: [GC (Allocation Failure)  27244K->21628K(31744K), 0.0010399 secs]
106.530: [GC (Allocation Failure)  27260K->21740K(31744K), 0.0014258 secs]
106.534: [GC (Allocation Failure)  27372K->21644K(31744K), 0.0014011 secs]
106.539: [GC (Allocation Failure)  27276K->21708K(31744K), 0.0014059 secs]
106.544: [GC (Allocation Failure)  27340K->21724K(31744K), 0.0010814 secs]
106.547: [GC (Allocation Failure)  27356K->21740K(31744K), 0.0009071 secs]
106.551: [GC (Allocation Failure)  27372K->21780K(31744K), 0.0011274 secs]
106.555: [GC (Allocation Failure)  27412K->21796K(31744K), 0.0012201 secs]
106.559: [GC (Allocation Failure)  27428K->21828K(31744K), 0.0010677 secs]
106.563: [GC (Allocation Failure)  27460K->21796K(31744K), 0.0009742 secs]
106.567: [GC (Allocation Failure)  27428K->21860K(31744K), 0.0009347 secs]
106.571: [GC (Allocation Failure)  27492K->21796K(31744K), 0.0011623 secs]
106.575: [GC (Allocation Failure)  27428K->21732K(31744K), 0.0012408 secs]
106.580: [GC (Allocation Failure)  27364K->21828K(31744K), 0.0010410 secs]
106.584: [GC (Allocation Failure)  27460K->21836K(31744K), 0.0015441 secs]
106.589: [GC (Allocation Failure)  27468K->21820K(31744K), 0.0015925 secs]
106.595: [GC (Allocation Failure)  27452K->21852K(31744K), 0.0013674 secs]
106.599: [GC (Allocation Failure)  27484K->21836K(31744K), 0.0011780 secs]
106.603: [GC (Allocation Failure)  27468K->21916K(31744K), 0.0010690 secs]
106.607: [GC (Allocation Failure)  27548K->21884K(31744K), 0.0011214 secs]
106.610: [GC (Allocation Failure)  27516K->21868K(31744K), 0.0011187 secs]
106.614: [GC (Allocation Failure)  27500K->21908K(31744K), 0.0009627 secs]
106.618: [GC (Allocation Failure)  27540K->21916K(31744K), 0.0009882 secs]
106.622: [GC (Allocation Failure)  27548K->21924K(31744K), 0.0011700 secs]
106.626: [GC (Allocation Failure)  27556K->21956K(31744K), 0.0009597 secs]
106.629: [GC (Allocation Failure)  27588K->22020K(31744K), 0.0010664 secs]
106.633: [GC (Allocation Failure)  27652K->21996K(31744K), 0.0012603 secs]
106.638: [GC (Allocation Failure)  27628K->22068K(31744K), 0.0013261 secs]
106.642: [GC (Allocation Failure)  27700K->22052K(31744K), 0.0012135 secs]
106.646: [GC (Allocation Failure)  27684K->22068K(31744K), 0.0009176 secs]
106.649: [GC (Allocation Failure)  27700K->22044K(31744K), 0.0011725 secs]
106.654: [GC (Allocation Failure)  27676K->22060K(31744K), 0.0011534 secs]
106.657: [GC (Allocation Failure)  27692K->22108K(31744K), 0.0010159 secs]
106.661: [GC (Allocation Failure)  27740K->22108K(31744K), 0.0010574 secs]
106.665: [GC (Allocation Failure)  27740K->22156K(31744K), 0.0010254 secs]
106.668: [GC (Allocation Failure)  27788K->22108K(31744K), 0.0010134 secs]
106.672: [GC (Allocation Failure)  27740K->22076K(31744K), 0.0010157 secs]
106.676: [GC (Allocation Failure)  27708K->22204K(31744K), 0.0009511 secs]
106.679: [GC (Allocation Failure)  27836K->22172K(31744K), 0.0010023 secs]
106.683: [GC (Allocation Failure)  27804K->22196K(31744K), 0.0011655 secs]
106.687: [GC (Allocation Failure)  27828K->22188K(31744K), 0.0009404 secs]
106.690: [GC (Allocation Failure)  27820K->22220K(31744K), 0.0009923 secs]
106.694: [GC (Allocation Failure)  27852K->22220K(31744K), 0.0011262 secs]
106.698: [GC (Allocation Failure)  27852K->22236K(31744K), 0.0009976 secs]
106.701: [GC (Allocation Failure)  27868K->22268K(31744K), 0.0009895 secs]
106.705: [GC (Allocation Failure)  27900K->22236K(31744K), 0.0010747 secs]
106.709: [GC (Allocation Failure)  27868K->22220K(31744K), 0.0011669 secs]
106.713: [GC (Allocation Failure)  27852K->22188K(31744K), 0.0012772 secs]
106.717: [GC (Allocation Failure)  27820K->22316K(31744K), 0.0012672 secs]
106.721: [GC (Allocation Failure)  27948K->22276K(31744K), 0.0011181 secs]
106.725: [GC (Allocation Failure)  27908K->22276K(31744K), 0.0010362 secs]
106.729: [GC (Allocation Failure)  27908K->22308K(31744K), 0.0009499 secs]
106.732: [GC (Allocation Failure)  27940K->22292K(31744K), 0.0019401 secs]
106.737: [GC (Allocation Failure)  27924K->22324K(31744K), 0.0013904 secs]
106.742: [GC (Allocation Failure)  27956K->22396K(31744K), 0.0012374 secs]
106.746: [GC (Allocation Failure)  28028K->22372K(31744K), 0.0012093 secs]
106.751: [GC (Allocation Failure)  28004K->22396K(31744K), 0.0014244 secs]
106.756: [GC (Allocation Failure)  28028K->22460K(31744K), 0.0013253 secs]
106.760: [GC (Allocation Failure)  28092K->22452K(31744K), 0.0013115 secs]
106.765: [GC (Allocation Failure)  28084K->22436K(31744K), 0.0013373 secs]
106.769: [GC (Allocation Failure)  28068K->22492K(31744K), 0.0012940 secs]
106.775: [GC (Allocation Failure)  28124K->22572K(31744K), 0.0017930 secs]
106.781: [GC (Allocation Failure)  28204K->22572K(31744K), 0.0015045 secs]
106.787: [GC (Allocation Failure)  28204K->22492K(31744K), 0.0015957 secs]
106.792: [GC (Allocation Failure)  28124K->22468K(31744K), 0.0019704 secs]
106.797: [GC (Allocation Failure)  28100K->22596K(31744K), 0.0013480 secs]
106.802: [GC (Allocation Failure)  28228K->22612K(31744K), 0.0028059 secs]
106.809: [GC (Allocation Failure)  28244K->22604K(31744K), 0.0016787 secs]
106.814: [GC (Allocation Failure)  28236K->22700K(31744K), 0.0017823 secs]
106.819: [GC (Allocation Failure)  28332K->22636K(31744K), 0.0026059 secs]
106.825: [GC (Allocation Failure)  28268K->22740K(31744K), 0.0015750 secs]
106.830: [GC (Allocation Failure)  28372K->22740K(31744K), 0.0016349 secs]
106.836: [GC (Allocation Failure)  28372K->22676K(31744K), 0.0026279 secs]
106.842: [GC (Allocation Failure)  28308K->22740K(31744K), 0.0018897 secs]
106.847: [GC (Allocation Failure)  28372K->22820K(31744K), 0.0012716 secs]
106.851: [GC (Allocation Failure)  28452K->22820K(31744K), 0.0012781 secs]
106.856: [GC (Allocation Failure)  28452K->22732K(31744K), 0.0012302 secs]
106.860: [GC (Allocation Failure)  28364K->22796K(31744K), 0.0014327 secs]
106.864: [GC (Allocation Failure)  28428K->22788K(31744K), 0.0013940 secs]
106.868: [GC (Allocation Failure)  28420K->22996K(31744K), 0.0012251 secs]
106.872: [GC (Allocation Failure)  28628K->22964K(31744K), 0.0012181 secs]
106.876: [GC (Allocation Failure)  28596K->22844K(31744K), 0.0014796 secs]
106.881: [GC (Allocation Failure)  28476K->23004K(31744K), 0.0013737 secs]
106.886: [GC (Allocation Failure)  28636K->22948K(31744K), 0.0015478 secs]
106.890: [GC (Allocation Failure)  28580K->23052K(31744K), 0.0011871 secs]
106.895: [GC (Allocation Failure)  28684K->23012K(31744K), 0.0012356 secs]
106.899: [GC (Allocation Failure)  28644K->23092K(31744K), 0.0013379 secs]
106.903: [GC (Allocation Failure)  28724K->23028K(31744K), 0.0015148 secs]
106.908: [GC (Allocation Failure)  28660K->23092K(31744K), 0.0017623 secs]
106.913: [GC (Allocation Failure)  28724K->23060K(31744K), 0.0013770 secs]
106.917: [GC (Allocation Failure)  28692K->23092K(31744K), 0.0010538 secs]
106.921: [GC (Allocation Failure)  28724K->23100K(31744K), 0.0012866 secs]
106.925: [GC (Allocation Failure)  28732K->23156K(31744K), 0.0010846 secs]
106.929: [GC (Allocation Failure)  28788K->23252K(31744K), 0.0010312 secs]
106.934: [GC (Allocation Failure)  28884K->23196K(31744K), 0.0014913 secs]
106.939: [GC (Allocation Failure)  28828K->23324K(31744K), 0.0014859 secs]
106.943: [GC (Allocation Failure)  28956K->23284K(31744K), 0.0012901 secs]
106.948: [GC (Allocation Failure)  28916K->23316K(31744K), 0.0014937 secs]
106.952: [GC (Allocation Failure)  28948K->23324K(31744K), 0.0020000 secs]
106.957: [GC (Allocation Failure)  28956K->23244K(31744K), 0.0013265 secs]
106.961: [GC (Allocation Failure)  28876K->23372K(31744K), 0.0012698 secs]
106.966: [GC (Allocation Failure)  29004K->23372K(31744K), 0.0011858 secs]
106.970: [GC (Allocation Failure)  29004K->23276K(31744K), 0.0013264 secs]
106.974: [GC (Allocation Failure)  28908K->23340K(31744K), 0.0015505 secs]
106.979: [GC (Allocation Failure)  28972K->23396K(31744K), 0.0013737 secs]
106.984: [GC (Allocation Failure)  29028K->23428K(31744K), 0.0014147 secs]
106.989: [GC (Allocation Failure)  29060K->23364K(31744K), 0.0015480 secs]
106.993: [GC (Allocation Failure)  28996K->23436K(31744K), 0.0011775 secs]
106.998: [GC (Allocation Failure)  29068K->23532K(31744K), 0.0012165 secs]
107.003: [GC (Allocation Failure)  29164K->23492K(31744K), 0.0016218 secs]
107.007: [GC (Allocation Failure)  29124K->23500K(31744K), 0.0010428 secs]
107.010: [GC (Allocation Failure)  29132K->23468K(31744K), 0.0008272 secs]
107.014: [GC (Allocation Failure)  29100K->23564K(31744K), 0.0009287 secs]
107.018: [GC (Allocation Failure)  29196K->23564K(31744K), 0.0009709 secs]
107.022: [GC (Allocation Failure)  29196K->23492K(31744K), 0.0009578 secs]
107.026: [GC (Allocation Failure)  29124K->23564K(31744K), 0.0014826 secs]
107.030: [GC (Allocation Failure)  29196K->23620K(31744K), 0.0010753 secs]
107.034: [GC (Allocation Failure)  29252K->23668K(31744K), 0.0015257 secs]
107.040: [GC (Allocation Failure)  29300K->23596K(31744K), 0.0017476 secs]
107.046: [GC (Allocation Failure)  29228K->23708K(31744K), 0.0019525 secs]
107.050: [GC (Allocation Failure)  29340K->23788K(31744K), 0.0012016 secs]
107.055: [GC (Allocation Failure)  29420K->23764K(31744K), 0.0015122 secs]
107.060: [GC (Allocation Failure)  29396K->23780K(31744K), 0.0012320 secs]
107.064: [GC (Allocation Failure)  29412K->23780K(31744K), 0.0013219 secs]
107.069: [GC (Allocation Failure)  29412K->23844K(31744K), 0.0015325 secs]
107.074: [GC (Allocation Failure)  29476K->23796K(31744K), 0.0019763 secs]
107.080: [GC (Allocation Failure)  29428K->23796K(31744K), 0.0012616 secs]
107.083: [GC (Allocation Failure)  29428K->23804K(31744K), 0.0013386 secs]
107.089: [GC (Allocation Failure)  29436K->23836K(31744K), 0.0013026 secs]
107.093: [GC (Allocation Failure)  29468K->23820K(31744K), 0.0012493 secs]
107.097: [GC (Allocation Failure)  29452K->23820K(31744K), 0.0010812 secs]
107.101: [GC (Allocation Failure)  29452K->23820K(31744K), 0.0010085 secs]
107.105: [GC (Allocation Failure)  29452K->23756K(31744K), 0.0010438 secs]
107.109: [GC (Allocation Failure)  29388K->23884K(31744K), 0.0010220 secs]
107.112: [GC (Allocation Failure)  29516K->23820K(31744K), 0.0011022 secs]
107.117: [GC (Allocation Failure)  29452K->23884K(31744K), 0.0011358 secs]
107.121: [GC (Allocation Failure)  29516K->23828K(31744K), 0.0012038 secs]
107.125: [GC (Allocation Failure)  29460K->23828K(31744K), 0.0011499 secs]
107.129: [GC (Allocation Failure)  29460K->23828K(31744K), 0.0009590 secs]
107.132: [GC (Allocation Failure)  29460K->23892K(31744K), 0.0010866 secs]
107.137: [GC (Allocation Failure)  29524K->23924K(31744K), 0.0011650 secs]
107.141: [GC (Allocation Failure)  29556K->23988K(31744K), 0.0012863 secs]
107.146: [GC (Allocation Failure)  29620K->23916K(31744K), 0.0012373 secs]
107.150: [GC (Allocation Failure)  29548K->23892K(31744K), 0.0011260 secs]
107.154: [GC (Allocation Failure)  29524K->23924K(31744K), 0.0010808 secs]
107.157: [GC (Allocation Failure)  29556K->23892K(31744K), 0.0009898 secs]
107.161: [GC (Allocation Failure)  29524K->23892K(31744K), 0.0009294 secs]
107.165: [GC (Allocation Failure)  29524K->23892K(31744K), 0.0008835 secs]
107.168: [GC (Allocation Failure)  29524K->23892K(31744K), 0.0008178 secs]
107.172: [GC (Allocation Failure)  29524K->23924K(31744K), 0.0009464 secs]
107.175: [GC (Allocation Failure)  29556K->23892K(31744K), 0.0009888 secs]
107.180: [GC (Allocation Failure)  29524K->23924K(31744K), 0.0011255 secs]
107.184: [GC (Allocation Failure)  29556K->23924K(31744K), 0.0010522 secs]
107.187: [GC (Allocation Failure)  29556K->23924K(31744K), 0.0010661 secs]
107.191: [GC (Allocation Failure)  29556K->23924K(31744K), 0.0009448 secs]
107.195: [GC (Allocation Failure)  29556K->23972K(31744K), 0.0008239 secs]
107.198: [GC (Allocation Failure)  29604K->23908K(31744K), 0.0008791 secs]
107.201: [GC (Allocation Failure)  29540K->23940K(31744K), 0.0008756 secs]
107.205: [GC (Allocation Failure)  29572K->24036K(31744K), 0.0009348 secs]
107.210: [GC (Allocation Failure)  29668K->23996K(31744K), 0.0013528 secs]
107.214: [GC (Allocation Failure)  29628K->23988K(31744K), 0.0013567 secs]
107.218: [GC (Allocation Failure)  29620K->24084K(31744K), 0.0013019 secs]
107.223: [GC (Allocation Failure)  29716K->23964K(31744K), 0.0013049 secs]
107.227: [GC (Allocation Failure)  29596K->24068K(31744K), 0.0010073 secs]
107.231: [GC (Allocation Failure)  29700K->24148K(31744K), 0.0012084 secs]
107.236: [GC (Allocation Failure)  29780K->24116K(31744K), 0.0018146 secs]
107.242: [GC (Allocation Failure)  29748K->24140K(31744K), 0.0020181 secs]
107.248: [GC (Allocation Failure)  29772K->24204K(31744K), 0.0014772 secs]
107.253: [GC (Allocation Failure)  29836K->24156K(31744K), 0.0014045 secs]
107.257: [GC (Allocation Failure)  29788K->24252K(31744K), 0.0013236 secs]
107.261: [GC (Allocation Failure)  29884K->24156K(31744K), 0.0015980 secs]
107.266: [GC (Allocation Failure)  29788K->24316K(31744K), 0.0011061 secs]
107.271: [GC (Allocation Failure)  29948K->24188K(31744K), 0.0013470 secs]
107.276: [GC (Allocation Failure)  29820K->24348K(31744K), 0.0012182 secs]
107.280: [GC (Allocation Failure)  29980K->24380K(31744K), 0.0013672 secs]
107.284: [GC (Allocation Failure)  30012K->24308K(31744K), 0.0013430 secs]
107.288: [GC (Allocation Failure)  29940K->24372K(31744K), 0.0012337 secs]
107.293: [GC (Allocation Failure)  30004K->24332K(31744K), 0.0012362 secs]
107.297: [GC (Allocation Failure)  29964K->24412K(31744K), 0.0014285 secs]
107.302: [GC (Allocation Failure)  30044K->24396K(31744K), 0.0019486 secs]
107.308: [GC (Allocation Failure)  30028K->24372K(31744K), 0.0014470 secs]
107.312: [GC (Allocation Failure)  30004K->24476K(31744K), 0.0012887 secs]
107.316: [GC (Allocation Failure)  30108K->24476K(31744K), 0.0012541 secs]
107.322: [GC (Allocation Failure)  30108K->24468K(31744K), 0.0013067 secs]
107.327: [GC (Allocation Failure)  30100K->24476K(31744K), 0.0020947 secs]
107.332: [GC (Allocation Failure)  30108K->24516K(31744K), 0.0017658 secs]
107.338: [GC (Allocation Failure)  30148K->24516K(31744K), 0.0025487 secs]
107.344: [GC (Allocation Failure)  30148K->24484K(31744K), 0.0016392 secs]
107.348: [GC (Allocation Failure)  30116K->24596K(31744K), 0.0013584 secs]
107.355: [GC (Allocation Failure)  30228K->24620K(31744K), 0.0018844 secs]
107.360: [GC (Allocation Failure)  30252K->24628K(31744K), 0.0016526 secs]
107.365: [GC (Allocation Failure)  30260K->24628K(31744K), 0.0014893 secs]
107.370: [GC (Allocation Failure)  30260K->24660K(31744K), 0.0018933 secs]
107.375: [GC (Allocation Failure)  30292K->24748K(31744K), 0.0015426 secs]
107.380: [GC (Allocation Failure)  30380K->24652K(31744K), 0.0013539 secs]
107.385: [GC (Allocation Failure)  30284K->24780K(31744K), 0.0015992 secs]
107.390: [GC (Allocation Failure)  30412K->24708K(31744K), 0.0014780 secs]
107.394: [GC (Allocation Failure)  30340K->24756K(31744K), 0.0011020 secs]
107.398: [GC (Allocation Failure)  30388K->24652K(31744K), 0.0011134 secs]
107.402: [GC (Allocation Failure)  30284K->24684K(31744K), 0.0023278 secs]
107.407: [GC (Allocation Failure)  30316K->24740K(31744K), 0.0013984 secs]
107.411: [GC (Allocation Failure)  30372K->24740K(31744K), 0.0010436 secs]
107.415: [GC (Allocation Failure)  30372K->24716K(31744K), 0.0011312 secs]
107.419: [GC (Allocation Failure)  30348K->24780K(31744K), 0.0017026 secs]
107.424: [GC (Allocation Failure)  30412K->24748K(31744K), 0.0012633 secs]
107.427: [GC (Allocation Failure)  30380K->24716K(31744K), 0.0009402 secs]
107.431: [GC (Allocation Failure)  30348K->24780K(31744K), 0.0009892 secs]
107.435: [GC (Allocation Failure)  30412K->24844K(31744K), 0.0020460 secs]
107.440: [GC (Allocation Failure)  30476K->24812K(31744K), 0.0019648 secs]
107.446: [GC (Allocation Failure)  30444K->24844K(31744K), 0.0020416 secs]
107.451: [GC (Allocation Failure)  30476K->24780K(31744K), 0.0013991 secs]
107.455: [GC (Allocation Failure)  30412K->24820K(31744K), 0.0011358 secs]
107.459: [GC (Allocation Failure)  30452K->24820K(31744K), 0.0012210 secs]
107.463: [GC (Allocation Failure)  30452K->24788K(31744K), 0.0011612 secs]
107.467: [GC (Allocation Failure)  30420K->24916K(31744K), 0.0010531 secs]
107.471: [GC (Allocation Failure)  30548K->24924K(31744K), 0.0011372 secs]
107.475: [GC (Allocation Failure)  30556K->24996K(31744K), 0.0010681 secs]
107.479: [GC (Allocation Failure)  30628K->24972K(31744K), 0.0018216 secs]
107.484: [GC (Allocation Failure)  30604K->24964K(31744K), 0.0016597 secs]
107.489: [GC (Allocation Failure)  30596K->24996K(31744K), 0.0014952 secs]
107.493: [GC (Allocation Failure)  30628K->24972K(31744K), 0.0012918 secs]
107.497: [GC (Allocation Failure)  30604K->24980K(31744K), 0.0011155 secs]
107.501: [GC (Allocation Failure)  30612K->24948K(31744K), 0.0013429 secs]
107.506: [GC (Allocation Failure)  30580K->24916K(31744K), 0.0012591 secs]
107.509: [GC (Allocation Failure)  30548K->24884K(31744K), 0.0010001 secs]
107.513: [GC (Allocation Failure)  30516K->24916K(31744K), 0.0010467 secs]
107.517: [GC (Allocation Failure)  30548K->24948K(31744K), 0.0010349 secs]
107.521: [GC (Allocation Failure)  30580K->24980K(31744K), 0.0010849 secs]
107.524: [GC (Allocation Failure)  30612K->24916K(31744K), 0.0009639 secs]
107.528: [GC (Allocation Failure)  30548K->24980K(31744K), 0.0011651 secs]
107.532: [GC (Allocation Failure)  30612K->24948K(31744K), 0.0010252 secs]
107.536: [GC (Allocation Failure)  30580K->25012K(31744K), 0.0016622 secs]
107.541: [GC (Allocation Failure)  30644K->25116K(31744K), 0.0017066 secs]
107.546: [GC (Allocation Failure)  30748K->25012K(31744K), 0.0018920 secs]
107.552: [GC (Allocation Failure)  30644K->25092K(31744K), 0.0024802 secs]
107.558: [GC (Allocation Failure)  30724K->25108K(31744K), 0.0017820 secs]
107.563: [GC (Allocation Failure)  30740K->25068K(31744K), 0.0014933 secs]
107.567: [GC (Allocation Failure)  30700K->25036K(31744K), 0.0016680 secs]
107.572: [GC (Allocation Failure)  30668K->25036K(31744K), 0.0014664 secs]
107.576: [GC (Allocation Failure)  30668K->25068K(31744K), 0.0012018 secs]
107.580: [GC (Allocation Failure)  30700K->25036K(31744K), 0.0013668 secs]
107.585: [GC (Allocation Failure)  30668K->25100K(31744K), 0.0014604 secs]
107.589: [GC (Allocation Failure)  30732K->25004K(31744K), 0.0011390 secs]
107.593: [GC (Allocation Failure)  30636K->25100K(31744K), 0.0010398 secs]
107.596: [GC (Allocation Failure)  30732K->25068K(31744K), 0.0008624 secs]
107.600: [GC (Allocation Failure)  30700K->25044K(31744K), 0.0009250 secs]
107.604: [GC (Allocation Failure)  30676K->25076K(31744K), 0.0010019 secs]
107.607: [GC (Allocation Failure)  30708K->25044K(31744K), 0.0008978 secs]
107.611: [GC (Allocation Failure)  30676K->25044K(31744K), 0.0009579 secs]
107.614: [GC (Allocation Failure)  30676K->25076K(31744K), 0.0008764 secs]
107.618: [GC (Allocation Failure)  30708K->25012K(31744K), 0.0010681 secs]
107.622: [GC (Allocation Failure)  30644K->25108K(31744K), 0.0008986 secs]
107.626: [GC (Allocation Failure)  30740K->25076K(31744K), 0.0009266 secs]
107.629: [GC (Allocation Failure)  30708K->25076K(31744K), 0.0008772 secs]
107.633: [GC (Allocation Failure)  30708K->25076K(31744K), 0.0011613 secs]
107.638: [GC (Allocation Failure)  30708K->25140K(31744K), 0.0014786 secs]
107.643: [GC (Allocation Failure)  30772K->25164K(31744K), 0.0018938 secs]
107.648: [GC (Allocation Failure)  30796K->25148K(31744K), 0.0013688 secs]
107.652: [GC (Allocation Failure)  30780K->25076K(31744K), 0.0014824 secs]
107.656: [GC (Allocation Failure)  30708K->25172K(31744K), 0.0012919 secs]
107.660: [GC (Allocation Failure)  30804K->25076K(31744K), 0.0011864 secs]
107.664: [GC (Allocation Failure)  30708K->25108K(31744K), 0.0011363 secs]
107.668: [GC (Allocation Failure)  30740K->25172K(31744K), 0.0015507 secs]
107.672: [GC (Allocation Failure)  30804K->25140K(31744K), 0.0014163 secs]
107.676: [GC (Allocation Failure)  30772K->25108K(31744K), 0.0010954 secs]
107.680: [GC (Allocation Failure)  30740K->25076K(31744K), 0.0013575 secs]
107.684: [GC (Allocation Failure)  30708K->25140K(31744K), 0.0014439 secs]
107.688: [GC (Allocation Failure)  30772K->25076K(31744K), 0.0010762 secs]
107.692: [GC (Allocation Failure)  30708K->25140K(31744K), 0.0009246 secs]
107.696: [GC (Allocation Failure)  30772K->25172K(31744K), 0.0012585 secs]
107.700: [GC (Allocation Failure)  30804K->25156K(31744K), 0.0012810 secs]
107.704: [GC (Allocation Failure)  30788K->25156K(31744K), 0.0013990 secs]
107.708: [GC (Allocation Failure)  30788K->25220K(31744K), 0.0012607 secs]
107.712: [GC (Allocation Failure)  30852K->25188K(31744K), 0.0012673 secs]
107.716: [GC (Allocation Failure)  30820K->25156K(31744K), 0.0011051 secs]
107.720: [GC (Allocation Failure)  30788K->25156K(31744K), 0.0013299 secs]
107.724: [GC (Allocation Failure)  30788K->25156K(31744K), 0.0011470 secs]
107.727: [GC (Allocation Failure)  30788K->25156K(31744K), 0.0010930 secs]
107.731: [GC (Allocation Failure)  30788K->25156K(31744K), 0.0009860 secs]
107.735: [GC (Allocation Failure)  30788K->25124K(31744K), 0.0013080 secs]
107.740: [GC (Allocation Failure)  30756K->25188K(31744K), 0.0017066 secs]
107.745: [GC (Allocation Failure)  30820K->25244K(31744K), 0.0016799 secs]
107.750: [GC (Allocation Failure)  30876K->25196K(31744K), 0.0018974 secs]
107.757: [GC (Allocation Failure)  30828K->25268K(31744K), 0.0020730 secs]
107.765: [GC (Allocation Failure)  30900K->25300K(31744K), 0.0018833 secs]
107.772: [GC (Allocation Failure)  30932K->25220K(31744K), 0.0027097 secs]
107.778: [GC (Allocation Failure)  30852K->25316K(31744K), 0.0018251 secs]
107.784: [GC (Allocation Failure)  30948K->25228K(31744K), 0.0024718 secs]
107.791: [GC (Allocation Failure)  30860K->25284K(31744K), 0.0020499 secs]
107.796: [GC (Allocation Failure)  30916K->25332K(31744K), 0.0017442 secs]
107.801: [GC (Allocation Failure)  30964K->25420K(31744K), 0.0019320 secs]
107.808: [GC (Allocation Failure)  31052K->25380K(31744K), 0.0014780 secs]
107.813: [GC (Allocation Failure)  31012K->25364K(31744K), 0.0020831 secs]
107.820: [GC (Allocation Failure)  30996K->25348K(31744K), 0.0024732 secs]
107.827: [GC (Allocation Failure)  30980K->25412K(31744K), 0.0015956 secs]
107.833: [GC (Allocation Failure)  31044K->25404K(31744K), 0.0024837 secs]
107.840: [GC (Allocation Failure)  31036K->25412K(31744K), 0.0018436 secs]
107.847: [GC (Allocation Failure)  31044K->25388K(31744K), 0.0020250 secs]
107.853: [GC (Allocation Failure)  31020K->25516K(31744K), 0.0029795 secs]
107.860: [GC (Allocation Failure)  31148K->25532K(31744K), 0.0020823 secs]
107.867: [GC (Allocation Failure)  31164K->25436K(31744K), 0.0020241 secs]
107.873: [GC (Allocation Failure)  31068K->25564K(31744K), 0.0015995 secs]
107.877: [GC (Allocation Failure)  31196K->25540K(31744K), 0.0016505 secs]
107.882: [GC (Allocation Failure)  31172K->25444K(31744K), 0.0015376 secs]
107.887: [GC (Allocation Failure)  31076K->25508K(31744K), 0.0016356 secs]
107.891: [GC (Allocation Failure)  31140K->25540K(31744K), 0.0012837 secs]
107.896: [GC (Allocation Failure)  31172K->25508K(31744K), 0.0016337 secs]
107.901: [GC (Allocation Failure)  31140K->25572K(31744K), 0.0015871 secs]
107.906: [GC (Allocation Failure)  31204K->25580K(31744K), 0.0013978 secs]
107.910: [GC (Allocation Failure)  31212K->25644K(31744K), 0.0013920 secs]
107.916: [GC (Allocation Failure)  31276K->25596K(31744K), 0.0017442 secs]
107.922: [GC (Allocation Failure)  31228K->25628K(31744K), 0.0012854 secs]
107.926: [GC (Allocation Failure)  31260K->25604K(31744K), 0.0013456 secs]
107.930: [GC (Allocation Failure)  31236K->25572K(31744K), 0.0014439 secs]
107.935: [GC (Allocation Failure)  31204K->25604K(31744K), 0.0013406 secs]
107.939: [GC (Allocation Failure)  31236K->25668K(31744K), 0.0014847 secs]
107.944: [GC (Allocation Failure)  31300K->25668K(31744K), 0.0019474 secs]
107.950: [GC (Allocation Failure)  31300K->25628K(31744K), 0.0015786 secs]
107.951: [Full GC (Ergonomics)  25628K->21439K(31744K), 0.0707989 secs]
108.026: [GC (Allocation Failure)  27071K->21599K(31744K), 0.0015540 secs]
108.030: [GC (Allocation Failure)  27231K->21599K(31744K), 0.0013746 secs]
108.035: [GC (Allocation Failure)  27231K->21567K(31744K), 0.0012450 secs]
108.040: [GC (Allocation Failure)  27199K->21599K(31744K), 0.0017823 secs]
108.046: [GC (Allocation Failure)  27231K->21631K(31744K), 0.0017649 secs]
108.051: [GC (Allocation Failure)  27263K->21671K(31744K), 0.0013840 secs]
108.056: [GC (Allocation Failure)  27303K->21615K(31744K), 0.0015275 secs]
108.060: [GC (Allocation Failure)  27247K->21583K(31744K), 0.0014887 secs]
108.064: [GC (Allocation Failure)  27215K->21583K(31744K), 0.0014624 secs]
108.069: [GC (Allocation Failure)  27215K->21615K(31744K), 0.0016751 secs]
108.074: [GC (Allocation Failure)  27247K->21727K(31744K), 0.0016486 secs]
108.080: [GC (Allocation Failure)  27359K->21655K(31744K), 0.0019470 secs]
108.085: [GC (Allocation Failure)  27287K->21687K(31744K), 0.0024075 secs]
108.091: [GC (Allocation Failure)  27319K->21751K(31744K), 0.0020971 secs]
108.097: [GC (Allocation Failure)  27383K->21751K(31744K), 0.0017467 secs]
108.103: [GC (Allocation Failure)  27383K->21719K(31744K), 0.0025388 secs]
108.109: [GC (Allocation Failure)  27351K->21759K(31744K), 0.0018548 secs]
108.115: [GC (Allocation Failure)  27391K->21823K(31744K), 0.0017074 secs]
108.120: [GC (Allocation Failure)  27455K->21815K(31744K), 0.0024408 secs]
108.126: [GC (Allocation Failure)  27447K->21879K(31744K), 0.0015297 secs]
108.131: [GC (Allocation Failure)  27511K->21871K(31744K), 0.0020891 secs]
108.136: [GC (Allocation Failure)  27503K->21815K(31744K), 0.0021248 secs]
108.141: [GC (Allocation Failure)  27447K->21975K(31744K), 0.0012675 secs]
108.146: [GC (Allocation Failure)  27607K->21847K(31744K), 0.0018070 secs]
108.151: [GC (Allocation Failure)  27479K->21975K(31744K), 0.0032670 secs]
108.159: [GC (Allocation Failure)  27607K->22007K(31744K), 0.0014757 secs]
108.164: [GC (Allocation Failure)  27639K->21991K(31744K), 0.0021220 secs]
108.170: [GC (Allocation Failure)  27623K->22031K(31744K), 0.0016186 secs]
108.175: [GC (Allocation Failure)  27663K->22095K(31744K), 0.0019482 secs]
108.181: [GC (Allocation Failure)  27727K->22079K(31744K), 0.0019076 secs]
108.187: [GC (Allocation Failure)  27711K->22079K(31744K), 0.0018239 secs]
108.192: [GC (Allocation Failure)  27711K->22015K(31744K), 0.0018079 secs]
108.197: [GC (Allocation Failure)  27647K->22111K(31744K), 0.0018760 secs]
108.202: [GC (Allocation Failure)  27743K->22135K(31744K), 0.0026969 secs]
108.208: [GC (Allocation Failure)  27767K->22063K(31744K), 0.0021488 secs]
108.215: [GC (Allocation Failure)  27695K->22191K(31744K), 0.0021107 secs]
108.221: [GC (Allocation Failure)  27823K->22151K(31744K), 0.0019558 secs]
108.226: [GC (Allocation Failure)  27783K->22279K(31744K), 0.0014193 secs]
108.231: [GC (Allocation Failure)  27911K->22279K(31744K), 0.0016981 secs]
108.236: [GC (Allocation Failure)  27911K->22255K(31744K), 0.0018286 secs]
108.241: [GC (Allocation Failure)  27887K->22255K(31744K), 0.0015881 secs]
108.246: [GC (Allocation Failure)  27887K->22271K(31744K), 0.0017002 secs]
108.251: [GC (Allocation Failure)  27903K->22375K(31744K), 0.0019541 secs]
108.257: [GC (Allocation Failure)  28007K->22343K(31744K), 0.0019621 secs]
108.264: [GC (Allocation Failure)  27975K->22367K(31744K), 0.0013845 secs]
108.269: [GC (Allocation Failure)  27999K->22383K(31744K), 0.0021302 secs]
108.274: [GC (Allocation Failure)  28015K->22359K(31744K), 0.0013454 secs]
108.278: [GC (Allocation Failure)  27991K->22391K(31744K), 0.0013814 secs]
108.283: [GC (Allocation Failure)  28023K->22375K(31744K), 0.0012339 secs]
108.287: [GC (Allocation Failure)  28007K->22343K(31744K), 0.0011170 secs]
108.292: [GC (Allocation Failure)  27975K->22343K(31744K), 0.0012084 secs]
108.296: [GC (Allocation Failure)  27975K->22407K(31744K), 0.0013450 secs]
108.300: [GC (Allocation Failure)  28039K->22375K(31744K), 0.0009634 secs]
108.304: [GC (Allocation Failure)  28007K->22407K(31744K), 0.0010730 secs]
108.308: [GC (Allocation Failure)  28039K->22407K(31744K), 0.0009257 secs]
108.311: [GC (Allocation Failure)  28039K->22407K(31744K), 0.0009536 secs]
108.315: [GC (Allocation Failure)  28039K->22439K(31744K), 0.0008847 secs]
108.318: [GC (Allocation Failure)  28071K->22375K(31744K), 0.0008668 secs]
108.321: [GC (Allocation Failure)  28007K->22343K(31744K), 0.0007600 secs]
108.325: [GC (Allocation Failure)  27975K->22407K(31744K), 0.0008031 secs]
108.328: [GC (Allocation Failure)  28039K->22407K(31744K), 0.0008780 secs]
108.331: [GC (Allocation Failure)  28039K->22423K(31744K), 0.0007374 secs]
108.335: [GC (Allocation Failure)  28055K->22455K(31744K), 0.0007293 secs]
108.338: [GC (Allocation Failure)  28087K->22359K(31744K), 0.0008312 secs]
108.342: [GC (Allocation Failure)  27991K->22551K(31744K), 0.0009401 secs]
108.346: [GC (Allocation Failure)  28183K->22519K(31744K), 0.0011317 secs]
108.350: [GC (Allocation Failure)  28151K->22503K(31744K), 0.0009011 secs]
108.353: [GC (Allocation Failure)  28135K->22511K(31744K), 0.0008953 secs]
108.356: [GC (Allocation Failure)  28143K->22479K(31744K), 0.0008123 secs]
108.360: [GC (Allocation Failure)  28111K->22479K(31744K), 0.0009265 secs]
108.363: [GC (Allocation Failure)  28111K->22415K(31744K), 0.0007929 secs]
108.366: [GC (Allocation Failure)  28047K->22479K(31744K), 0.0008906 secs]
108.370: [GC (Allocation Failure)  28111K->22415K(31744K), 0.0008117 secs]
108.373: [GC (Allocation Failure)  28047K->22447K(31744K), 0.0008179 secs]
108.377: [GC (Allocation Failure)  28079K->22479K(31744K), 0.0009070 secs]
108.380: [GC (Allocation Failure)  28111K->22495K(31744K), 0.0007892 secs]
108.383: [GC (Allocation Failure)  28127K->22463K(31744K), 0.0007725 secs]
108.386: [GC (Allocation Failure)  28095K->22495K(31744K), 0.0008274 secs]
108.390: [GC (Allocation Failure)  28127K->22431K(31744K), 0.0008079 secs]
108.393: [GC (Allocation Failure)  28063K->22495K(31744K), 0.0007937 secs]
108.396: [GC (Allocation Failure)  28127K->22431K(31744K), 0.0007928 secs]
108.400: [GC (Allocation Failure)  28063K->22495K(31744K), 0.0008825 secs]
108.403: [GC (Allocation Failure)  28127K->22495K(31744K), 0.0008145 secs]
108.406: [GC (Allocation Failure)  28127K->22495K(31744K), 0.0008957 secs]
108.410: [GC (Allocation Failure)  28127K->22495K(31744K), 0.0008855 secs]
108.413: [GC (Allocation Failure)  28127K->22495K(31744K), 0.0008315 secs]
108.417: [GC (Allocation Failure)  28127K->22463K(31744K), 0.0008523 secs]
108.420: [GC (Allocation Failure)  28095K->22495K(31744K), 0.0007972 secs]
108.424: [GC (Allocation Failure)  28127K->22431K(31744K), 0.0008747 secs]
108.427: [GC (Allocation Failure)  28063K->22463K(31744K), 0.0008388 secs]
108.430: [GC (Allocation Failure)  28095K->22503K(31744K), 0.0008974 secs]
108.434: [GC (Allocation Failure)  28135K->22471K(31744K), 0.0009303 secs]
108.437: [GC (Allocation Failure)  28103K->22439K(31744K), 0.0007878 secs]
108.441: [GC (Allocation Failure)  28071K->22567K(31744K), 0.0011399 secs]
108.446: [GC (Allocation Failure)  28199K->22559K(31744K), 0.0015566 secs]
108.450: [GC (Allocation Failure)  28191K->22583K(31744K), 0.0010117 secs]
108.454: [GC (Allocation Failure)  28215K->22495K(31744K), 0.0011017 secs]
108.458: [GC (Allocation Failure)  28127K->22559K(31744K), 0.0008908 secs]
108.462: [GC (Allocation Failure)  28191K->22559K(31744K), 0.0008398 secs]
108.465: [GC (Allocation Failure)  28191K->22591K(31744K), 0.0008669 secs]
108.469: [GC (Allocation Failure)  28223K->22575K(31744K), 0.0009778 secs]
108.472: [GC (Allocation Failure)  28207K->22575K(31744K), 0.0009406 secs]
108.476: [GC (Allocation Failure)  28207K->22575K(31744K), 0.0009001 secs]
108.479: [GC (Allocation Failure)  28207K->22703K(31744K), 0.0008186 secs]
108.483: [GC (Allocation Failure)  28335K->22615K(31744K), 0.0008838 secs]
108.486: [GC (Allocation Failure)  28247K->22663K(31744K), 0.0008449 secs]
108.490: [GC (Allocation Failure)  28295K->22615K(31744K), 0.0009421 secs]
108.493: [GC (Allocation Failure)  28247K->22687K(31744K), 0.0009065 secs]
108.497: [GC (Allocation Failure)  28319K->22655K(31744K), 0.0008990 secs]
108.501: [GC (Allocation Failure)  28287K->22647K(31744K), 0.0007973 secs]
108.505: [GC (Allocation Failure)  28279K->22655K(31744K), 0.0009469 secs]
108.508: [GC (Allocation Failure)  28287K->22687K(31744K), 0.0008574 secs]
108.511: [GC (Allocation Failure)  28319K->22679K(31744K), 0.0009790 secs]
108.515: [GC (Allocation Failure)  28311K->22727K(31744K), 0.0009562 secs]
108.519: [GC (Allocation Failure)  28359K->22727K(31744K), 0.0010940 secs]
108.523: [GC (Allocation Failure)  28359K->22807K(31744K), 0.0011211 secs]
108.527: [GC (Allocation Failure)  28439K->22823K(31744K), 0.0008967 secs]
108.530: [GC (Allocation Failure)  28455K->22855K(31744K), 0.0009299 secs]
108.534: [GC (Allocation Failure)  28487K->22807K(31744K), 0.0009603 secs]
108.538: [GC (Allocation Failure)  28439K->22887K(31744K), 0.0010291 secs]
108.542: [GC (Allocation Failure)  28519K->22871K(31744K), 0.0012213 secs]
108.547: [GC (Allocation Failure)  28503K->22831K(31744K), 0.0012442 secs]
108.551: [GC (Allocation Failure)  28463K->22871K(31744K), 0.0015588 secs]
108.556: [GC (Allocation Failure)  28503K->22935K(31744K), 0.0012068 secs]
108.560: [GC (Allocation Failure)  28567K->22935K(31744K), 0.0010225 secs]
108.564: [GC (Allocation Failure)  28567K->23039K(31744K), 0.0009960 secs]
108.567: [GC (Allocation Failure)  28671K->22975K(31744K), 0.0009839 secs]
108.571: [GC (Allocation Failure)  28607K->22943K(31744K), 0.0009304 secs]
108.575: [GC (Allocation Failure)  28575K->22975K(31744K), 0.0009687 secs]
108.578: [GC (Allocation Failure)  28607K->23007K(31744K), 0.0008296 secs]
108.582: [GC (Allocation Failure)  28639K->23007K(31744K), 0.0011039 secs]
108.586: [GC (Allocation Failure)  28639K->22999K(31744K), 0.0010417 secs]
108.589: [GC (Allocation Failure)  28631K->23007K(31744K), 0.0009975 secs]
108.593: [GC (Allocation Failure)  28639K->22975K(31744K), 0.0009675 secs]
108.597: [GC (Allocation Failure)  28607K->23039K(31744K), 0.0010682 secs]
108.600: [GC (Allocation Failure)  28671K->23055K(31744K), 0.0010216 secs]
108.604: [GC (Allocation Failure)  28687K->23087K(31744K), 0.0012015 secs]
108.608: [GC (Allocation Failure)  28719K->23071K(31744K), 0.0009334 secs]
108.612: [GC (Allocation Failure)  28703K->23071K(31744K), 0.0009865 secs]
108.615: [GC (Allocation Failure)  28703K->23087K(31744K), 0.0010961 secs]
108.619: [GC (Allocation Failure)  28719K->23055K(31744K), 0.0010319 secs]
108.623: [GC (Allocation Failure)  28687K->23087K(31744K), 0.0011003 secs]
108.626: [GC (Allocation Failure)  28719K->23119K(31744K), 0.0009604 secs]
108.630: [GC (Allocation Failure)  28751K->23087K(31744K), 0.0012182 secs]
108.635: [GC (Allocation Failure)  28719K->23039K(31744K), 0.0013334 secs]
108.639: [GC (Allocation Failure)  28671K->23199K(31744K), 0.0012145 secs]
108.643: [GC (Allocation Failure)  28831K->23199K(31744K), 0.0013131 secs]
108.647: [GC (Allocation Failure)  28831K->23239K(31744K), 0.0011610 secs]
108.651: [GC (Allocation Failure)  28871K->23263K(31744K), 0.0012589 secs]
108.656: [GC (Allocation Failure)  28895K->23247K(31744K), 0.0011847 secs]
108.659: [GC (Allocation Failure)  28879K->23303K(31744K), 0.0009399 secs]
108.663: [GC (Allocation Failure)  28935K->23271K(31744K), 0.0011145 secs]
108.667: [GC (Allocation Failure)  28903K->23359K(31744K), 0.0009550 secs]
108.671: [GC (Allocation Failure)  28991K->23335K(31744K), 0.0010136 secs]
108.674: [GC (Allocation Failure)  28967K->23319K(31744K), 0.0010271 secs]
108.678: [GC (Allocation Failure)  28951K->23287K(31744K), 0.0009314 secs]
108.682: [GC (Allocation Failure)  28919K->23351K(31744K), 0.0010088 secs]
108.685: [GC (Allocation Failure)  28983K->23399K(31744K), 0.0011402 secs]
108.689: [GC (Allocation Failure)  29031K->23399K(31744K), 0.0010238 secs]
108.693: [GC (Allocation Failure)  29031K->23375K(31744K), 0.0010334 secs]
108.697: [GC (Allocation Failure)  29007K->23455K(31744K), 0.0009389 secs]
108.700: [GC (Allocation Failure)  29087K->23391K(31744K), 0.0008808 secs]
108.704: [GC (Allocation Failure)  29023K->23495K(31744K), 0.0010849 secs]
108.708: [GC (Allocation Failure)  29127K->23431K(31744K), 0.0009344 secs]
108.711: [GC (Allocation Failure)  29063K->23431K(31744K), 0.0008636 secs]
108.715: [GC (Allocation Failure)  29063K->23487K(31744K), 0.0010025 secs]
108.719: [GC (Allocation Failure)  29119K->23487K(31744K), 0.0009475 secs]
108.722: [GC (Allocation Failure)  29119K->23455K(31744K), 0.0009211 secs]
108.726: [GC (Allocation Failure)  29087K->23439K(31744K), 0.0010046 secs]
108.730: [GC (Allocation Failure)  29071K->23567K(31744K), 0.0008797 secs]
108.733: [GC (Allocation Failure)  29199K->23559K(31744K), 0.0008327 secs]
108.737: [GC (Allocation Failure)  29191K->23567K(31744K), 0.0008031 secs]
108.740: [GC (Allocation Failure)  29199K->23599K(31744K), 0.0008334 secs]
108.744: [GC (Allocation Failure)  29231K->23623K(31744K), 0.0010013 secs]
108.748: [GC (Allocation Failure)  29255K->23639K(31744K), 0.0012802 secs]
108.753: [GC (Allocation Failure)  29271K->23679K(31744K), 0.0011447 secs]
108.756: [GC (Allocation Failure)  29311K->23639K(31744K), 0.0010128 secs]
108.760: [GC (Allocation Failure)  29271K->23639K(31744K), 0.0010042 secs]
108.764: [GC (Allocation Failure)  29271K->23607K(31744K), 0.0009767 secs]
108.768: [GC (Allocation Failure)  29239K->23639K(31744K), 0.0010081 secs]
108.771: [GC (Allocation Failure)  29271K->23575K(31744K), 0.0012357 secs]
108.776: [GC (Allocation Failure)  29207K->23607K(31744K), 0.0010628 secs]
108.780: [GC (Allocation Failure)  29239K->23607K(31744K), 0.0015121 secs]
108.785: [GC (Allocation Failure)  29239K->23639K(31744K), 0.0015314 secs]
108.789: [GC (Allocation Failure)  29271K->23623K(31744K), 0.0011897 secs]
108.793: [GC (Allocation Failure)  29255K->23623K(31744K), 0.0011808 secs]
108.797: [GC (Allocation Failure)  29255K->23655K(31744K), 0.0009576 secs]
108.801: [GC (Allocation Failure)  29287K->23687K(31744K), 0.0012024 secs]
108.806: [GC (Allocation Failure)  29319K->23783K(31744K), 0.0013330 secs]
108.810: [GC (Allocation Failure)  29415K->23703K(31744K), 0.0012955 secs]
108.815: [GC (Allocation Failure)  29335K->23671K(31744K), 0.0014045 secs]
108.819: [GC (Allocation Failure)  29303K->23671K(31744K), 0.0011159 secs]
108.822: [GC (Allocation Failure)  29303K->23671K(31744K), 0.0010509 secs]
108.826: [GC (Allocation Failure)  29303K->23607K(31744K), 0.0008817 secs]
108.830: [GC (Allocation Failure)  29239K->23671K(31744K), 0.0008272 secs]
108.833: [GC (Allocation Failure)  29303K->23703K(31744K), 0.0009419 secs]
108.837: [GC (Allocation Failure)  29335K->23679K(31744K), 0.0010077 secs]
108.841: [GC (Allocation Failure)  29311K->23743K(31744K), 0.0008300 secs]
108.845: [GC (Allocation Failure)  29375K->23655K(31744K), 0.0012141 secs]
108.849: [GC (Allocation Failure)  29287K->23815K(31744K), 0.0012035 secs]
108.853: [GC (Allocation Failure)  29447K->23703K(31744K), 0.0010841 secs]
108.857: [GC (Allocation Failure)  29335K->23743K(31744K), 0.0008928 secs]
108.861: [GC (Allocation Failure)  29375K->23743K(31744K), 0.0008320 secs]
108.864: [GC (Allocation Failure)  29375K->23743K(31744K), 0.0011239 secs]
108.867: [GC (Allocation Failure)  29375K->23743K(31744K), 0.0008094 secs]
108.871: [GC (Allocation Failure)  29375K->23711K(31744K), 0.0009399 secs]
108.874: [GC (Allocation Failure)  29343K->23743K(31744K), 0.0008177 secs]
108.878: [GC (Allocation Failure)  29375K->23775K(31744K), 0.0009596 secs]
108.881: [GC (Allocation Failure)  29407K->23775K(31744K), 0.0008656 secs]
108.885: [GC (Allocation Failure)  29407K->23711K(31744K), 0.0008814 secs]
108.888: [GC (Allocation Failure)  29343K->23759K(31744K), 0.0008279 secs]
108.892: [GC (Allocation Failure)  29391K->23727K(31744K), 0.0008620 secs]
108.895: [GC (Allocation Failure)  29359K->23759K(31744K), 0.0009048 secs]
108.899: [GC (Allocation Failure)  29391K->23791K(31744K), 0.0009597 secs]
108.902: [GC (Allocation Failure)  29423K->23791K(31744K), 0.0008006 secs]
108.905: [GC (Allocation Failure)  29423K->23791K(31744K), 0.0008043 secs]
108.909: [GC (Allocation Failure)  29423K->23727K(31744K), 0.0008459 secs]
108.912: [GC (Allocation Failure)  29359K->23727K(31744K), 0.0008473 secs]
108.915: [GC (Allocation Failure)  29359K->23727K(31744K), 0.0008818 secs]
108.919: [GC (Allocation Failure)  29359K->23759K(31744K), 0.0007568 secs]
108.922: [GC (Allocation Failure)  29391K->23727K(31744K), 0.0008281 secs]
108.925: [GC (Allocation Failure)  29359K->23759K(31744K), 0.0007931 secs]
108.929: [GC (Allocation Failure)  29391K->23695K(31744K), 0.0007937 secs]
108.932: [GC (Allocation Failure)  29327K->23727K(31744K), 0.0007727 secs]
108.935: [GC (Allocation Failure)  29359K->23791K(31744K), 0.0008536 secs]
108.939: [GC (Allocation Failure)  29423K->23743K(31744K), 0.0008832 secs]
108.943: [GC (Allocation Failure)  29375K->23807K(31744K), 0.0011022 secs]
108.947: [GC (Allocation Failure)  29439K->23871K(31744K), 0.0009605 secs]
108.951: [GC (Allocation Failure)  29503K->23815K(31744K), 0.0011144 secs]
108.955: [GC (Allocation Failure)  29447K->23823K(31744K), 0.0010289 secs]
108.959: [GC (Allocation Failure)  29455K->23823K(31744K), 0.0008191 secs]
108.962: [GC (Allocation Failure)  29455K->23823K(31744K), 0.0009232 secs]
108.966: [GC (Allocation Failure)  29455K->23823K(31744K), 0.0011686 secs]
108.970: [GC (Allocation Failure)  29455K->23791K(31744K), 0.0009092 secs]
108.974: [GC (Allocation Failure)  29423K->23855K(31744K), 0.0009568 secs]
108.977: [GC (Allocation Failure)  29487K->23791K(31744K), 0.0008645 secs]
108.980: [GC (Allocation Failure)  29423K->23759K(31744K), 0.0008111 secs]
108.984: [GC (Allocation Failure)  29391K->23855K(31744K), 0.0009092 secs]
108.987: [GC (Allocation Failure)  29487K->23775K(31744K), 0.0007546 secs]
108.991: [GC (Allocation Failure)  29407K->23871K(31744K), 0.0007907 secs]
108.994: [GC (Allocation Failure)  29503K->23807K(31744K), 0.0009457 secs]
108.997: [GC (Allocation Failure)  29439K->23871K(31744K), 0.0009547 secs]
109.001: [GC (Allocation Failure)  29503K->23807K(31744K), 0.0007861 secs]
109.004: [GC (Allocation Failure)  29439K->23807K(31744K), 0.0008863 secs]
109.008: [GC (Allocation Failure)  29439K->23871K(31744K), 0.0007842 secs]
109.011: [GC (Allocation Failure)  29503K->23839K(31744K), 0.0008119 secs]
109.014: [GC (Allocation Failure)  29471K->23807K(31744K), 0.0008772 secs]
109.018: [GC (Allocation Failure)  29439K->23871K(31744K), 0.0007888 secs]
109.021: [GC (Allocation Failure)  29503K->23807K(31744K), 0.0007720 secs]
109.025: [GC (Allocation Failure)  29439K->23839K(31744K), 0.0008772 secs]
109.028: [GC (Allocation Failure)  29471K->23839K(31744K), 0.0008928 secs]
109.032: [GC (Allocation Failure)  29471K->23807K(31744K), 0.0007816 secs]
109.035: [GC (Allocation Failure)  29439K->23903K(31744K), 0.0008187 secs]
109.039: [GC (Allocation Failure)  29535K->23887K(31744K), 0.0008945 secs]
109.043: [GC (Allocation Failure)  29519K->23887K(31744K), 0.0017148 secs]
109.048: [GC (Allocation Failure)  29519K->23863K(31744K), 0.0014270 secs]
109.053: [GC (Allocation Failure)  29495K->23927K(31744K), 0.0014871 secs]
109.057: [GC (Allocation Failure)  29559K->23911K(31744K), 0.0011132 secs]
109.061: [GC (Allocation Failure)  29543K->23951K(31744K), 0.0010113 secs]
109.065: [GC (Allocation Failure)  29583K->23919K(31744K), 0.0009451 secs]
109.068: [GC (Allocation Failure)  29551K->23855K(31744K), 0.0010008 secs]
109.072: [GC (Allocation Failure)  29487K->23887K(31744K), 0.0009781 secs]
109.076: [GC (Allocation Failure)  29519K->23919K(31744K), 0.0008856 secs]
109.079: [GC (Allocation Failure)  29551K->23983K(31744K), 0.0007808 secs]
109.082: [GC (Allocation Failure)  29615K->23855K(31744K), 0.0007960 secs]
109.086: [GC (Allocation Failure)  29487K->23919K(31744K), 0.0010725 secs]
109.090: [GC (Allocation Failure)  29551K->23903K(31744K), 0.0010456 secs]
109.093: [GC (Allocation Failure)  29535K->23903K(31744K), 0.0008634 secs]
109.097: [GC (Allocation Failure)  29535K->23935K(31744K), 0.0008644 secs]
109.100: [GC (Allocation Failure)  29567K->23903K(31744K), 0.0008012 secs]
109.104: [GC (Allocation Failure)  29535K->23935K(31744K), 0.0009952 secs]
109.107: [GC (Allocation Failure)  29567K->23903K(31744K), 0.0008492 secs]
109.111: [GC (Allocation Failure)  29535K->23903K(31744K), 0.0008604 secs]
109.114: [GC (Allocation Failure)  29535K->23967K(31744K), 0.0009177 secs]
109.118: [GC (Allocation Failure)  29599K->23871K(31744K), 0.0010520 secs]
109.122: [GC (Allocation Failure)  29503K->23967K(31744K), 0.0009934 secs]
109.125: [GC (Allocation Failure)  29599K->23871K(31744K), 0.0008878 secs]
109.129: [GC (Allocation Failure)  29503K->23871K(31744K), 0.0008041 secs]
109.132: [GC (Allocation Failure)  29503K->23967K(31744K), 0.0010085 secs]
109.136: [GC (Allocation Failure)  29599K->23999K(31744K), 0.0008623 secs]
110.272: [GC (Allocation Failure)  29630K->24426K(31744K), 0.0016693 secs]
118.035: [GC (Allocation Failure)  30058K->24843K(31744K), 0.0025860 secs]
118.924: [GC (Allocation Failure)  30475K->24755K(32256K), 0.0017134 secs]
118.929: [GC (Allocation Failure)  30387K->24723K(32256K), 0.0014233 secs]
118.933: [GC (Allocation Failure)  30355K->24731K(32256K), 0.0009767 secs]
118.937: [GC (Allocation Failure)  30363K->24667K(32256K), 0.0010177 secs]
118.941: [GC (Allocation Failure)  30299K->24731K(32256K), 0.0010392 secs]
118.945: [GC (Allocation Failure)  30363K->24699K(32256K), 0.0010123 secs]
118.948: [GC (Allocation Failure)  30331K->24699K(32256K), 0.0007686 secs]
118.952: [GC (Allocation Failure)  30843K->24667K(32256K), 0.0008658 secs]
118.956: [GC (Allocation Failure)  30811K->24731K(32256K), 0.0008999 secs]
118.959: [GC (Allocation Failure)  30875K->24699K(32256K), 0.0008318 secs]
118.963: [GC (Allocation Failure)  30843K->24675K(32256K), 0.0008788 secs]
118.967: [GC (Allocation Failure)  30819K->24707K(32256K), 0.0009096 secs]
118.971: [GC (Allocation Failure)  30851K->24675K(32256K), 0.0008658 secs]
118.975: [GC (Allocation Failure)  30819K->24643K(32256K), 0.0010498 secs]
118.978: [GC (Allocation Failure)  30787K->24707K(32256K), 0.0008130 secs]
118.982: [GC (Allocation Failure)  30851K->24707K(32256K), 0.0008194 secs]
118.986: [GC (Allocation Failure)  30851K->24835K(32256K), 0.0009134 secs]
118.991: [GC (Allocation Failure)  30979K->24715K(32256K), 0.0012379 secs]
118.995: [GC (Allocation Failure)  30859K->24779K(32256K), 0.0015266 secs]
119.000: [GC (Allocation Failure)  30923K->24779K(32256K), 0.0010378 secs]
119.004: [GC (Allocation Failure)  30923K->24819K(32256K), 0.0010754 secs]
119.008: [GC (Allocation Failure)  30963K->24851K(32256K), 0.0010481 secs]
119.012: [GC (Allocation Failure)  30995K->24771K(32256K), 0.0009718 secs]
119.015: [GC (Allocation Failure)  30915K->24803K(32256K), 0.0008625 secs]
119.019: [GC (Allocation Failure)  30947K->24771K(32256K), 0.0009545 secs]
119.023: [GC (Allocation Failure)  30915K->24803K(32256K), 0.0008782 secs]
119.027: [GC (Allocation Failure)  30947K->24803K(32256K), 0.0008214 secs]
119.031: [GC (Allocation Failure)  30947K->24803K(32256K), 0.0008356 secs]
119.035: [GC (Allocation Failure)  30947K->24835K(32256K), 0.0009718 secs]
119.039: [GC (Allocation Failure)  30979K->24739K(32256K), 0.0009459 secs]
119.044: [GC (Allocation Failure)  30883K->24803K(32256K), 0.0011285 secs]
119.048: [GC (Allocation Failure)  30947K->24771K(32256K), 0.0009833 secs]
119.052: [GC (Allocation Failure)  30915K->24771K(32256K), 0.0010288 secs]
119.056: [GC (Allocation Failure)  30915K->24803K(32256K), 0.0008523 secs]
119.060: [GC (Allocation Failure)  30947K->24803K(32256K), 0.0009793 secs]
119.063: [GC (Allocation Failure)  30947K->24787K(32256K), 0.0008350 secs]
119.067: [GC (Allocation Failure)  30931K->24787K(32256K), 0.0011144 secs]
119.071: [GC (Allocation Failure)  30931K->24787K(32256K), 0.0008000 secs]
119.075: [GC (Allocation Failure)  30931K->24755K(32256K), 0.0008435 secs]
119.079: [GC (Allocation Failure)  30899K->24787K(32256K), 0.0008870 secs]
119.083: [GC (Allocation Failure)  30931K->24819K(32256K), 0.0009680 secs]
119.088: [GC (Allocation Failure)  30963K->24883K(32256K), 0.0013100 secs]
119.092: [GC (Allocation Failure)  31027K->24883K(32256K), 0.0015100 secs]
119.097: [GC (Allocation Failure)  31027K->24875K(32256K), 0.0010408 secs]
119.101: [GC (Allocation Failure)  31019K->24819K(32256K), 0.0009423 secs]
119.105: [GC (Allocation Failure)  30963K->24883K(32256K), 0.0009349 secs]
119.109: [GC (Allocation Failure)  31027K->24947K(32256K), 0.0010969 secs]
119.113: [GC (Allocation Failure)  31091K->24859K(32256K), 0.0009978 secs]
119.116: [GC (Allocation Failure)  31003K->24923K(32256K), 0.0008644 secs]
119.120: [GC (Allocation Failure)  31067K->24891K(32256K), 0.0008810 secs]
119.124: [GC (Allocation Failure)  31035K->24923K(32256K), 0.0008998 secs]
119.128: [GC (Allocation Failure)  31067K->24891K(32256K), 0.0007837 secs]
119.131: [GC (Allocation Failure)  31035K->24891K(32256K), 0.0007519 secs]
119.135: [GC (Allocation Failure)  31035K->24859K(32256K), 0.0009638 secs]
119.139: [GC (Allocation Failure)  31003K->24859K(32256K), 0.0009310 secs]
119.143: [GC (Allocation Failure)  31003K->24923K(32256K), 0.0007238 secs]
119.147: [GC (Allocation Failure)  31067K->24923K(32256K), 0.0010374 secs]
119.150: [GC (Allocation Failure)  31067K->24923K(32256K), 0.0009183 secs]
119.154: [GC (Allocation Failure)  31067K->24859K(32256K), 0.0007682 secs]
119.158: [GC (Allocation Failure)  31003K->24859K(32256K), 0.0008470 secs]
119.162: [GC (Allocation Failure)  31003K->24907K(32256K), 0.0009098 secs]
119.166: [GC (Allocation Failure)  31051K->24907K(32256K), 0.0008726 secs]
119.170: [GC (Allocation Failure)  31051K->24843K(32256K), 0.0008787 secs]
119.174: [GC (Allocation Failure)  30987K->24907K(32256K), 0.0008626 secs]
119.177: [GC (Allocation Failure)  31051K->24875K(32256K), 0.0008445 secs]
119.181: [GC (Allocation Failure)  31019K->24843K(32256K), 0.0008053 secs]
119.185: [GC (Allocation Failure)  30987K->25035K(32256K), 0.0009564 secs]
119.190: [GC (Allocation Failure)  31179K->24987K(32256K), 0.0010926 secs]
119.194: [GC (Allocation Failure)  31131K->25003K(32256K), 0.0010005 secs]
119.198: [GC (Allocation Failure)  31147K->24883K(32256K), 0.0009334 secs]
119.202: [GC (Allocation Failure)  31027K->24947K(32256K), 0.0010884 secs]
119.206: [GC (Allocation Failure)  31091K->24979K(32256K), 0.0009476 secs]
119.210: [GC (Allocation Failure)  31123K->24979K(32256K), 0.0010112 secs]
119.214: [GC (Allocation Failure)  31123K->24987K(32256K), 0.0009686 secs]
119.217: [GC (Allocation Failure)  31131K->24891K(32256K), 0.0008803 secs]
119.221: [GC (Allocation Failure)  31035K->24923K(32256K), 0.0009403 secs]
119.225: [GC (Allocation Failure)  31067K->24955K(32256K), 0.0009372 secs]
119.229: [GC (Allocation Failure)  31099K->24987K(32256K), 0.0008245 secs]
119.233: [GC (Allocation Failure)  31131K->24891K(32256K), 0.0009277 secs]
119.237: [GC (Allocation Failure)  31035K->24955K(32256K), 0.0008488 secs]
119.241: [GC (Allocation Failure)  31099K->24891K(32256K), 0.0009417 secs]
119.244: [GC (Allocation Failure)  31035K->24891K(32256K), 0.0013510 secs]
119.249: [GC (Allocation Failure)  31035K->24955K(32256K), 0.0009407 secs]
119.253: [GC (Allocation Failure)  31099K->24923K(32256K), 0.0009128 secs]
119.257: [GC (Allocation Failure)  31067K->24955K(32256K), 0.0009557 secs]
119.261: [GC (Allocation Failure)  31099K->24987K(32256K), 0.0010035 secs]
119.265: [GC (Allocation Failure)  31131K->25003K(32256K), 0.0009477 secs]
119.268: [GC (Allocation Failure)  31147K->24907K(32256K), 0.0007802 secs]
119.272: [GC (Allocation Failure)  31051K->24939K(32256K), 0.0009156 secs]
119.276: [GC (Allocation Failure)  31083K->24939K(32256K), 0.0008609 secs]
119.280: [GC (Allocation Failure)  31083K->24971K(32256K), 0.0008394 secs]
119.284: [GC (Allocation Failure)  31115K->24971K(32256K), 0.0008947 secs]
119.288: [GC (Allocation Failure)  31115K->25035K(32256K), 0.0009413 secs]
119.292: [GC (Allocation Failure)  31179K->25043K(32256K), 0.0011682 secs]
119.296: [GC (Allocation Failure)  31187K->25019K(32256K), 0.0009265 secs]
119.300: [GC (Allocation Failure)  31163K->25027K(32256K), 0.0008882 secs]
119.304: [GC (Allocation Failure)  31171K->24995K(32256K), 0.0010043 secs]
119.308: [GC (Allocation Failure)  31139K->25059K(32256K), 0.0008775 secs]
119.312: [GC (Allocation Failure)  31203K->25059K(32256K), 0.0007918 secs]
119.316: [GC (Allocation Failure)  31203K->25075K(32256K), 0.0009670 secs]
119.320: [GC (Allocation Failure)  31219K->25043K(32256K), 0.0009179 secs]
119.324: [GC (Allocation Failure)  31187K->25043K(32256K), 0.0008829 secs]
119.328: [GC (Allocation Failure)  31187K->25011K(32256K), 0.0009088 secs]
119.331: [GC (Allocation Failure)  31155K->25043K(32256K), 0.0008268 secs]
119.335: [GC (Allocation Failure)  31187K->25011K(32256K), 0.0009402 secs]
119.339: [GC (Allocation Failure)  31155K->25011K(32256K), 0.0008644 secs]
119.343: [GC (Allocation Failure)  31155K->25043K(32256K), 0.0008591 secs]
119.347: [GC (Allocation Failure)  31187K->25043K(32256K), 0.0008614 secs]
119.351: [GC (Allocation Failure)  31187K->25011K(32256K), 0.0009605 secs]
119.355: [GC (Allocation Failure)  31155K->25011K(32256K), 0.0009114 secs]
119.358: [GC (Allocation Failure)  31155K->25043K(32256K), 0.0009593 secs]
119.362: [GC (Allocation Failure)  31187K->25043K(32256K), 0.0008403 secs]
119.366: [GC (Allocation Failure)  31187K->25027K(32256K), 0.0009145 secs]
119.370: [GC (Allocation Failure)  31171K->25059K(32256K), 0.0009041 secs]
119.374: [GC (Allocation Failure)  31203K->24995K(32256K), 0.0008716 secs]
119.377: [GC (Allocation Failure)  31139K->25027K(32256K), 0.0008575 secs]
119.381: [GC (Allocation Failure)  31171K->25123K(32256K), 0.0008909 secs]
119.385: [GC (Allocation Failure)  31267K->25091K(32256K), 0.0010579 secs]
119.389: [GC (Allocation Failure)  31235K->25123K(32256K), 0.0011883 secs]
119.394: [GC (Allocation Failure)  31267K->25171K(32256K), 0.0010442 secs]
119.398: [GC (Allocation Failure)  31315K->25083K(32256K), 0.0009203 secs]
119.402: [GC (Allocation Failure)  31227K->25115K(32256K), 0.0015259 secs]
119.406: [GC (Allocation Failure)  31259K->25179K(32256K), 0.0010934 secs]
119.411: [GC (Allocation Failure)  31323K->25219K(32256K), 0.0013855 secs]
119.415: [GC (Allocation Failure)  31363K->25171K(32256K), 0.0011041 secs]
119.420: [GC (Allocation Failure)  31315K->25147K(32256K), 0.0010659 secs]
119.424: [GC (Allocation Failure)  31291K->25211K(32256K), 0.0009999 secs]
119.428: [GC (Allocation Failure)  31355K->25115K(32256K), 0.0009623 secs]
119.432: [GC (Allocation Failure)  31259K->25115K(32256K), 0.0009666 secs]
119.436: [GC (Allocation Failure)  31259K->25115K(32256K), 0.0009988 secs]
119.440: [GC (Allocation Failure)  31259K->25211K(32256K), 0.0009156 secs]
119.444: [GC (Allocation Failure)  31355K->25179K(32256K), 0.0009722 secs]
119.448: [GC (Allocation Failure)  31323K->25179K(32256K), 0.0009142 secs]
119.452: [GC (Allocation Failure)  31323K->25147K(32256K), 0.0008866 secs]
119.456: [GC (Allocation Failure)  31291K->25211K(32256K), 0.0009012 secs]
119.459: [GC (Allocation Failure)  31355K->25275K(32256K), 0.0009203 secs]
119.463: [GC (Allocation Failure)  31419K->25299K(32256K), 0.0009183 secs]
119.467: [GC (Allocation Failure)  31443K->25283K(32256K), 0.0009031 secs]
119.471: [GC (Allocation Failure)  31427K->25251K(32256K), 0.0009247 secs]
119.475: [GC (Allocation Failure)  31395K->25267K(32256K), 0.0010350 secs]
119.479: [GC (Allocation Failure)  31411K->25331K(32256K), 0.0009244 secs]
119.483: [GC (Allocation Failure)  31475K->25267K(32256K), 0.0009456 secs]
119.487: [GC (Allocation Failure)  31411K->25299K(32256K), 0.0009886 secs]
119.491: [GC (Allocation Failure)  31443K->25395K(32256K), 0.0015931 secs]
119.496: [GC (Allocation Failure)  31539K->25275K(32256K), 0.0012407 secs]
119.500: [GC (Allocation Failure)  31419K->25307K(32256K), 0.0012972 secs]
119.505: [GC (Allocation Failure)  31451K->25299K(32256K), 0.0009852 secs]
119.509: [GC (Allocation Failure)  31443K->25363K(32256K), 0.0009492 secs]
119.513: [GC (Allocation Failure)  31507K->25363K(32256K), 0.0008978 secs]
119.516: [GC (Allocation Failure)  31507K->25443K(32256K), 0.0009163 secs]
119.520: [GC (Allocation Failure)  31587K->25379K(32256K), 0.0009103 secs]
119.524: [GC (Allocation Failure)  31523K->25347K(32256K), 0.0009099 secs]
119.528: [GC (Allocation Failure)  31491K->25315K(32256K), 0.0008718 secs]
119.532: [GC (Allocation Failure)  31459K->25411K(32256K), 0.0008947 secs]
119.536: [GC (Allocation Failure)  31555K->25475K(32256K), 0.0010590 secs]
119.540: [GC (Allocation Failure)  31619K->25387K(32256K), 0.0009552 secs]
119.544: [GC (Allocation Failure)  31531K->25355K(32256K), 0.0008608 secs]
119.548: [GC (Allocation Failure)  31499K->25451K(32256K), 0.0009438 secs]
119.552: [GC (Allocation Failure)  31595K->25475K(32256K), 0.0009479 secs]
119.556: [GC (Allocation Failure)  31619K->25411K(32256K), 0.0009085 secs]
119.560: [GC (Allocation Failure)  31555K->25443K(32256K), 0.0009946 secs]
119.563: [GC (Allocation Failure)  31587K->25475K(32256K), 0.0009171 secs]
119.567: [GC (Allocation Failure)  31619K->25459K(32256K), 0.0007833 secs]
119.571: [GC (Allocation Failure)  31603K->25459K(32256K), 0.0008791 secs]
119.575: [GC (Allocation Failure)  31603K->25395K(32256K), 0.0008512 secs]
119.579: [GC (Allocation Failure)  31539K->25427K(32256K), 0.0008900 secs]
119.583: [GC (Allocation Failure)  31571K->25459K(32256K), 0.0009993 secs]
119.587: [GC (Allocation Failure)  31603K->25523K(32256K), 0.0011615 secs]
119.591: [GC (Allocation Failure)  31667K->25531K(32256K), 0.0015411 secs]
119.596: [GC (Allocation Failure)  31675K->25563K(32256K), 0.0010843 secs]
119.600: [GC (Allocation Failure)  31707K->25507K(32256K), 0.0008917 secs]
119.604: [GC (Allocation Failure)  31651K->25507K(32256K), 0.0010857 secs]
119.608: [GC (Allocation Failure)  31651K->25475K(32256K), 0.0009820 secs]
119.612: [GC (Allocation Failure)  31619K->25539K(32256K), 0.0009122 secs]
119.616: [GC (Allocation Failure)  31683K->25555K(32256K), 0.0009320 secs]
119.620: [GC (Allocation Failure)  31699K->25491K(32256K), 0.0009402 secs]
119.624: [GC (Allocation Failure)  31635K->25619K(32256K), 0.0009332 secs]
119.628: [GC (Allocation Failure)  31763K->25523K(32256K), 0.0009525 secs]
119.632: [GC (Allocation Failure)  31667K->25555K(32256K), 0.0008568 secs]
119.636: [GC (Allocation Failure)  31699K->25555K(32256K), 0.0008606 secs]
119.640: [GC (Allocation Failure)  31699K->25651K(32256K), 0.0008738 secs]
119.644: [GC (Allocation Failure)  31795K->25619K(32256K), 0.0008627 secs]
119.648: [GC (Allocation Failure)  31763K->25643K(32256K), 0.0009705 secs]
119.652: [GC (Allocation Failure)  31787K->25707K(32256K), 0.0009731 secs]
119.656: [GC (Allocation Failure)  31851K->25755K(32256K), 0.0010005 secs]
119.657: [Full GC (Ergonomics)  25755K->21817K(32768K), 0.0769783 secs]
119.738: [GC (Allocation Failure)  27961K->21945K(32768K), 0.0018225 secs]
119.743: [GC (Allocation Failure)  28089K->22025K(32768K), 0.0014692 secs]
119.747: [GC (Allocation Failure)  28169K->22049K(32768K), 0.0013887 secs]
119.753: [GC (Allocation Failure)  28193K->22081K(32768K), 0.0015848 secs]
119.757: [GC (Allocation Failure)  28225K->22129K(32768K), 0.0011372 secs]
119.762: [GC (Allocation Failure)  28273K->22073K(32768K), 0.0013313 secs]
119.767: [GC (Allocation Failure)  28217K->22161K(32768K), 0.0017383 secs]
119.771: [GC (Allocation Failure)  28305K->22113K(32768K), 0.0015695 secs]
119.777: [GC (Allocation Failure)  28257K->22105K(32768K), 0.0016266 secs]
119.782: [GC (Allocation Failure)  28249K->22161K(32768K), 0.0015479 secs]
119.787: [GC (Allocation Failure)  28305K->22169K(32768K), 0.0014429 secs]
119.791: [GC (Allocation Failure)  28313K->22257K(32768K), 0.0013095 secs]
119.796: [GC (Allocation Failure)  28401K->22193K(32768K), 0.0012281 secs]
119.801: [GC (Allocation Failure)  28337K->22161K(32768K), 0.0014049 secs]
119.806: [GC (Allocation Failure)  28305K->22193K(32768K), 0.0014022 secs]
119.811: [GC (Allocation Failure)  28337K->22225K(32768K), 0.0012538 secs]
119.816: [GC (Allocation Failure)  28369K->22233K(32768K), 0.0012127 secs]
119.820: [GC (Allocation Failure)  28377K->22185K(32768K), 0.0012857 secs]
119.824: [GC (Allocation Failure)  28329K->22201K(32768K), 0.0012747 secs]
119.829: [GC (Allocation Failure)  28345K->22273K(32768K), 0.0012689 secs]
119.833: [GC (Allocation Failure)  28417K->22177K(32768K), 0.0011261 secs]
119.838: [GC (Allocation Failure)  28321K->22305K(32768K), 0.0016038 secs]
119.843: [GC (Allocation Failure)  28449K->22329K(32768K), 0.0017744 secs]
119.848: [GC (Allocation Failure)  28473K->22321K(32768K), 0.0011437 secs]
119.852: [GC (Allocation Failure)  28465K->22329K(32768K), 0.0014668 secs]
119.856: [GC (Allocation Failure)  28473K->22297K(32768K), 0.0009745 secs]
119.860: [GC (Allocation Failure)  28441K->22297K(32768K), 0.0010559 secs]
119.864: [GC (Allocation Failure)  28441K->22233K(32768K), 0.0009095 secs]
119.868: [GC (Allocation Failure)  28377K->22361K(32768K), 0.0012703 secs]
119.873: [GC (Allocation Failure)  28505K->22281K(32768K), 0.0013710 secs]
119.877: [GC (Allocation Failure)  28425K->22249K(32768K), 0.0009495 secs]
119.880: [GC (Allocation Failure)  28393K->22313K(32768K), 0.0008270 secs]
119.884: [GC (Allocation Failure)  28457K->22345K(32768K), 0.0010430 secs]
119.888: [GC (Allocation Failure)  28489K->22345K(32768K), 0.0008681 secs]
119.892: [GC (Allocation Failure)  28489K->22329K(32768K), 0.0008697 secs]
119.895: [GC (Allocation Failure)  28473K->22297K(32768K), 0.0008134 secs]
119.899: [GC (Allocation Failure)  28441K->22297K(32768K), 0.0008302 secs]
119.903: [GC (Allocation Failure)  28441K->22297K(32768K), 0.0008606 secs]
119.907: [GC (Allocation Failure)  28441K->22297K(32768K), 0.0008387 secs]
119.911: [GC (Allocation Failure)  28441K->22393K(32768K), 0.0009802 secs]
119.915: [GC (Allocation Failure)  28537K->22321K(32768K), 0.0009652 secs]
119.919: [GC (Allocation Failure)  28465K->22297K(32768K), 0.0010007 secs]
119.923: [GC (Allocation Failure)  28441K->22297K(32768K), 0.0009546 secs]
119.927: [GC (Allocation Failure)  28441K->22393K(32768K), 0.0009930 secs]
119.931: [GC (Allocation Failure)  28537K->22361K(32768K), 0.0009224 secs]
119.935: [GC (Allocation Failure)  28505K->22393K(32768K), 0.0010114 secs]
119.939: [GC (Allocation Failure)  28537K->22457K(32768K), 0.0014343 secs]
119.944: [GC (Allocation Failure)  28601K->22481K(32768K), 0.0009678 secs]
119.948: [GC (Allocation Failure)  28625K->22393K(32768K), 0.0009704 secs]
119.952: [GC (Allocation Failure)  28537K->22393K(32768K), 0.0010490 secs]
119.956: [GC (Allocation Failure)  28537K->22425K(32768K), 0.0010727 secs]
119.960: [GC (Allocation Failure)  28569K->22393K(32768K), 0.0011050 secs]
119.964: [GC (Allocation Failure)  28537K->22457K(32768K), 0.0009681 secs]
119.968: [GC (Allocation Failure)  28601K->22425K(32768K), 0.0010481 secs]
119.972: [GC (Allocation Failure)  28569K->22425K(32768K), 0.0008901 secs]
119.975: [GC (Allocation Failure)  28569K->22361K(32768K), 0.0009052 secs]
119.979: [GC (Allocation Failure)  28505K->22425K(32768K), 0.0008217 secs]
119.983: [GC (Allocation Failure)  28569K->22361K(32768K), 0.0008831 secs]
119.986: [GC (Allocation Failure)  28505K->22425K(32768K), 0.0008295 secs]
119.990: [GC (Allocation Failure)  28569K->22473K(32768K), 0.0008738 secs]
119.994: [GC (Allocation Failure)  28617K->22409K(32768K), 0.0008896 secs]
119.998: [GC (Allocation Failure)  28553K->22473K(32768K), 0.0009780 secs]
120.002: [GC (Allocation Failure)  28617K->22473K(32768K), 0.0008198 secs]
120.005: [GC (Allocation Failure)  28617K->22377K(32768K), 0.0007889 secs]
120.009: [GC (Allocation Failure)  28521K->22409K(32768K), 0.0009422 secs]
120.013: [GC (Allocation Failure)  28553K->22441K(32768K), 0.0009149 secs]
120.016: [GC (Allocation Failure)  28585K->22473K(32768K), 0.0008595 secs]
120.020: [GC (Allocation Failure)  28617K->22473K(32768K), 0.0008491 secs]
120.024: [GC (Allocation Failure)  28617K->22409K(32768K), 0.0008377 secs]
120.028: [GC (Allocation Failure)  28553K->22473K(32768K), 0.0009236 secs]
120.032: [GC (Allocation Failure)  28617K->22409K(32768K), 0.0008654 secs]
120.035: [GC (Allocation Failure)  28553K->22505K(32768K), 0.0009281 secs]
120.041: [GC (Allocation Failure)  28649K->22505K(32768K), 0.0015536 secs]
120.046: [GC (Allocation Failure)  28649K->22521K(32768K), 0.0020159 secs]
120.051: [GC (Allocation Failure)  28665K->22497K(32768K), 0.0014659 secs]
120.056: [GC (Allocation Failure)  28641K->22537K(32768K), 0.0009747 secs]
120.060: [GC (Allocation Failure)  28681K->22473K(32768K), 0.0012446 secs]
120.064: [GC (Allocation Failure)  28617K->22537K(32768K), 0.0013898 secs]
120.069: [GC (Allocation Failure)  28681K->22513K(32768K), 0.0020484 secs]
120.075: [GC (Allocation Failure)  28657K->22505K(32768K), 0.0019071 secs]
120.080: [GC (Allocation Failure)  28649K->22609K(32768K), 0.0011049 secs]
120.084: [GC (Allocation Failure)  28753K->22537K(32768K), 0.0010589 secs]
120.088: [GC (Allocation Failure)  28681K->22665K(32768K), 0.0012224 secs]
120.092: [GC (Allocation Failure)  28809K->22609K(32768K), 0.0009389 secs]
120.096: [GC (Allocation Failure)  28753K->22577K(32768K), 0.0009467 secs]
120.100: [GC (Allocation Failure)  28721K->22577K(32768K), 0.0008051 secs]
120.104: [GC (Allocation Failure)  28721K->22609K(32768K), 0.0010986 secs]
120.108: [GC (Allocation Failure)  28753K->22609K(32768K), 0.0011343 secs]
120.112: [GC (Allocation Failure)  28753K->22545K(32768K), 0.0009714 secs]
120.116: [GC (Allocation Failure)  28689K->22577K(32768K), 0.0009376 secs]
120.120: [GC (Allocation Failure)  28721K->22641K(32768K), 0.0008499 secs]
120.124: [GC (Allocation Failure)  28785K->22609K(32768K), 0.0009782 secs]
120.128: [GC (Allocation Failure)  28753K->22577K(32768K), 0.0009515 secs]
120.131: [GC (Allocation Failure)  28721K->22609K(32768K), 0.0008254 secs]
120.135: [GC (Allocation Failure)  28753K->22577K(32768K), 0.0008550 secs]
120.139: [GC (Allocation Failure)  28721K->22673K(32768K), 0.0008464 secs]
120.142: [GC (Allocation Failure)  28817K->22641K(32768K), 0.0008988 secs]
120.146: [GC (Allocation Failure)  28785K->22577K(32768K), 0.0008631 secs]
120.150: [GC (Allocation Failure)  28721K->22577K(32768K), 0.0008060 secs]
120.154: [GC (Allocation Failure)  28721K->22641K(32768K), 0.0007966 secs]
120.157: [GC (Allocation Failure)  28785K->22641K(32768K), 0.0008438 secs]
120.161: [GC (Allocation Failure)  28785K->22609K(32768K), 0.0009210 secs]
120.165: [GC (Allocation Failure)  28753K->22609K(32768K), 0.0008868 secs]
120.169: [GC (Allocation Failure)  28753K->22609K(32768K), 0.0009401 secs]
120.173: [GC (Allocation Failure)  28753K->22609K(32768K), 0.0009222 secs]
120.176: [GC (Allocation Failure)  28753K->22641K(32768K), 0.0007904 secs]
120.180: [GC (Allocation Failure)  28785K->22609K(32768K), 0.0009955 secs]
120.184: [GC (Allocation Failure)  28753K->22577K(32768K), 0.0010054 secs]
120.188: [GC (Allocation Failure)  28721K->22705K(32768K), 0.0008738 secs]
120.192: [GC (Allocation Failure)  28849K->22729K(32768K), 0.0008803 secs]
120.196: [GC (Allocation Failure)  28873K->22705K(32768K), 0.0009053 secs]
120.200: [GC (Allocation Failure)  28849K->22673K(32768K), 0.0009816 secs]
120.204: [GC (Allocation Failure)  28817K->22673K(32768K), 0.0009223 secs]
120.208: [GC (Allocation Failure)  28817K->22673K(32768K), 0.0008889 secs]
120.211: [GC (Allocation Failure)  28817K->22673K(32768K), 0.0010805 secs]
120.216: [GC (Allocation Failure)  28817K->22705K(32768K), 0.0009118 secs]
120.220: [GC (Allocation Failure)  28849K->22737K(32768K), 0.0009411 secs]
120.224: [GC (Allocation Failure)  28881K->22705K(32768K), 0.0008647 secs]
120.227: [GC (Allocation Failure)  28849K->22673K(32768K), 0.0008688 secs]
120.231: [GC (Allocation Failure)  28817K->22705K(32768K), 0.0008361 secs]
120.235: [GC (Allocation Failure)  28849K->22673K(32768K), 0.0009873 secs]
120.239: [GC (Allocation Failure)  28817K->22673K(32768K), 0.0008450 secs]
120.242: [GC (Allocation Failure)  28817K->22769K(32768K), 0.0008728 secs]
120.246: [GC (Allocation Failure)  28913K->22681K(32768K), 0.0008929 secs]
120.249: [GC (Allocation Failure)  28825K->22777K(32768K), 0.0008712 secs]
120.253: [GC (Allocation Failure)  28921K->22713K(32768K), 0.0008405 secs]
120.257: [GC (Allocation Failure)  28857K->22713K(32768K), 0.0008625 secs]
120.260: [GC (Allocation Failure)  28857K->22713K(32768K), 0.0008377 secs]
120.264: [GC (Allocation Failure)  28857K->22713K(32768K), 0.0007980 secs]
120.268: [GC (Allocation Failure)  28857K->22745K(32768K), 0.0009456 secs]
120.272: [GC (Allocation Failure)  28889K->22745K(32768K), 0.0009990 secs]
120.276: [GC (Allocation Failure)  28889K->22713K(32768K), 0.0009905 secs]
120.279: [GC (Allocation Failure)  28857K->22745K(32768K), 0.0009188 secs]
120.283: [GC (Allocation Failure)  28889K->22745K(32768K), 0.0007419 secs]
120.287: [GC (Allocation Failure)  28889K->22745K(32768K), 0.0009006 secs]
120.291: [GC (Allocation Failure)  28889K->22777K(32768K), 0.0009343 secs]
120.294: [GC (Allocation Failure)  28921K->22753K(32768K), 0.0009351 secs]
120.298: [GC (Allocation Failure)  28897K->22753K(32768K), 0.0007454 secs]
120.302: [GC (Allocation Failure)  28897K->22785K(32768K), 0.0008965 secs]
120.305: [GC (Allocation Failure)  28929K->22785K(32768K), 0.0009216 secs]
120.309: [GC (Allocation Failure)  28929K->22817K(32768K), 0.0007762 secs]
120.313: [GC (Allocation Failure)  28961K->22721K(32768K), 0.0008935 secs]
120.316: [GC (Allocation Failure)  28865K->22817K(32768K), 0.0008060 secs]
120.320: [GC (Allocation Failure)  28961K->22753K(32768K), 0.0008649 secs]
120.324: [GC (Allocation Failure)  28897K->22721K(32768K), 0.0008349 secs]
120.328: [GC (Allocation Failure)  28865K->22785K(32768K), 0.0008590 secs]
120.331: [GC (Allocation Failure)  28929K->22721K(32768K), 0.0008510 secs]
120.335: [GC (Allocation Failure)  28865K->22721K(32768K), 0.0009226 secs]
120.339: [GC (Allocation Failure)  28865K->22785K(32768K), 0.0008780 secs]
120.343: [GC (Allocation Failure)  28929K->22881K(32768K), 0.0009730 secs]
120.346: [GC (Allocation Failure)  29025K->22833K(32768K), 0.0007813 secs]
120.350: [GC (Allocation Failure)  28977K->22801K(32768K), 0.0008791 secs]
120.354: [GC (Allocation Failure)  28945K->22833K(32768K), 0.0008676 secs]
120.358: [GC (Allocation Failure)  28977K->22833K(32768K), 0.0008643 secs]
120.361: [GC (Allocation Failure)  28977K->22801K(32768K), 0.0008324 secs]
120.365: [GC (Allocation Failure)  28945K->22801K(32768K), 0.0012207 secs]
120.369: [GC (Allocation Failure)  28945K->22865K(32768K), 0.0008425 secs]
120.373: [GC (Allocation Failure)  29009K->22833K(32768K), 0.0009408 secs]
120.377: [GC (Allocation Failure)  28977K->22865K(32768K), 0.0008770 secs]
120.381: [GC (Allocation Failure)  29009K->22801K(32768K), 0.0009231 secs]
120.384: [GC (Allocation Failure)  28945K->22833K(32768K), 0.0009097 secs]
120.388: [GC (Allocation Failure)  28977K->22801K(32768K), 0.0007912 secs]
120.392: [GC (Allocation Failure)  28945K->22897K(32768K), 0.0009049 secs]
120.396: [GC (Allocation Failure)  29041K->22937K(32768K), 0.0008539 secs]
120.399: [GC (Allocation Failure)  29081K->22809K(32768K), 0.0007741 secs]
120.403: [GC (Allocation Failure)  28953K->22841K(32768K), 0.0008214 secs]
120.407: [GC (Allocation Failure)  28985K->22873K(32768K), 0.0007967 secs]
120.411: [GC (Allocation Failure)  29017K->22841K(32768K), 0.0009642 secs]
120.415: [GC (Allocation Failure)  28985K->22881K(32768K), 0.0008961 secs]
120.418: [GC (Allocation Failure)  29025K->22881K(32768K), 0.0008365 secs]
120.422: [GC (Allocation Failure)  29025K->22881K(32768K), 0.0007781 secs]
120.426: [GC (Allocation Failure)  29025K->22881K(32768K), 0.0008377 secs]
120.430: [GC (Allocation Failure)  29025K->22881K(32768K), 0.0008253 secs]
120.433: [GC (Allocation Failure)  29025K->22913K(32768K), 0.0007587 secs]
120.437: [GC (Allocation Failure)  29057K->22849K(32768K), 0.0008821 secs]
120.441: [GC (Allocation Failure)  28993K->22913K(32768K), 0.0009069 secs]
120.445: [GC (Allocation Failure)  29057K->22945K(32768K), 0.0008145 secs]
120.448: [GC (Allocation Failure)  29089K->22865K(32768K), 0.0008660 secs]
120.452: [GC (Allocation Failure)  29009K->22865K(32768K), 0.0008821 secs]
120.456: [GC (Allocation Failure)  29009K->22897K(32768K), 0.0008905 secs]
120.459: [GC (Allocation Failure)  29041K->22929K(32768K), 0.0008253 secs]
120.463: [GC (Allocation Failure)  29073K->22897K(32768K), 0.0007986 secs]
120.467: [GC (Allocation Failure)  29041K->22929K(32768K), 0.0008466 secs]
120.471: [GC (Allocation Failure)  29073K->22897K(32768K), 0.0008971 secs]
120.475: [GC (Allocation Failure)  29041K->22929K(32768K), 0.0009224 secs]
120.479: [GC (Allocation Failure)  29073K->22897K(32768K), 0.0007982 secs]
120.483: [GC (Allocation Failure)  29041K->22865K(32768K), 0.0008411 secs]
120.486: [GC (Allocation Failure)  29009K->22929K(32768K), 0.0008992 secs]
120.490: [GC (Allocation Failure)  29073K->22929K(32768K), 0.0008671 secs]
120.494: [GC (Allocation Failure)  29073K->23025K(32768K), 0.0009503 secs]
120.498: [GC (Allocation Failure)  29169K->22969K(32768K), 0.0008833 secs]
120.502: [GC (Allocation Failure)  29113K->22937K(32768K), 0.0009143 secs]
120.506: [GC (Allocation Failure)  29081K->22905K(32768K), 0.0008175 secs]
120.510: [GC (Allocation Failure)  29049K->22937K(32768K), 0.0009105 secs]
120.513: [GC (Allocation Failure)  29081K->22969K(32768K), 0.0009109 secs]
120.517: [GC (Allocation Failure)  29113K->22937K(32768K), 0.0008306 secs]
120.521: [GC (Allocation Failure)  29081K->22937K(32768K), 0.0008854 secs]
120.524: [GC (Allocation Failure)  29081K->22937K(32768K), 0.0009131 secs]
120.528: [GC (Allocation Failure)  29081K->22937K(32768K), 0.0007819 secs]
120.532: [GC (Allocation Failure)  29081K->22905K(32768K), 0.0008235 secs]
120.535: [GC (Allocation Failure)  29049K->22937K(32768K), 0.0008072 secs]
120.539: [GC (Allocation Failure)  29081K->23001K(32768K), 0.0008172 secs]
120.543: [GC (Allocation Failure)  29145K->23033K(32768K), 0.0008747 secs]
120.547: [GC (Allocation Failure)  29177K->23041K(32768K), 0.0008834 secs]
120.550: [GC (Allocation Failure)  29185K->22945K(32768K), 0.0007594 secs]
120.554: [GC (Allocation Failure)  29089K->22977K(32768K), 0.0009506 secs]
120.558: [GC (Allocation Failure)  29121K->22977K(32768K), 0.0008682 secs]
120.562: [GC (Allocation Failure)  29121K->22977K(32768K), 0.0007809 secs]
120.566: [GC (Allocation Failure)  29121K->22977K(32768K), 0.0008869 secs]
120.570: [GC (Allocation Failure)  29121K->22945K(32768K), 0.0009401 secs]
120.573: [GC (Allocation Failure)  29089K->23041K(32768K), 0.0009129 secs]
120.577: [GC (Allocation Failure)  29185K->23009K(32768K), 0.0008286 secs]
120.581: [GC (Allocation Failure)  29153K->23009K(32768K), 0.0008527 secs]
120.585: [GC (Allocation Failure)  29153K->23009K(32768K), 0.0008104 secs]
120.589: [GC (Allocation Failure)  29153K->23009K(32768K), 0.0009219 secs]
120.593: [GC (Allocation Failure)  29153K->23073K(32768K), 0.0008740 secs]
120.596: [GC (Allocation Failure)  29217K->23001K(32768K), 0.0008561 secs]
120.600: [GC (Allocation Failure)  29145K->22969K(32768K), 0.0007858 secs]
120.604: [GC (Allocation Failure)  29113K->23001K(32768K), 0.0008794 secs]
120.608: [GC (Allocation Failure)  29145K->23001K(32768K), 0.0009849 secs]
120.612: [GC (Allocation Failure)  29145K->23033K(32768K), 0.0009588 secs]
120.615: [GC (Allocation Failure)  29177K->23065K(32768K), 0.0008178 secs]
120.619: [GC (Allocation Failure)  29209K->23001K(32768K), 0.0008952 secs]
120.623: [GC (Allocation Failure)  29145K->23001K(32768K), 0.0009810 secs]
120.627: [GC (Allocation Failure)  29145K->23033K(32768K), 0.0009058 secs]
120.630: [GC (Allocation Failure)  29177K->23001K(32768K), 0.0008782 secs]
120.634: [GC (Allocation Failure)  29145K->23033K(32768K), 0.0009661 secs]
120.638: [GC (Allocation Failure)  29177K->23001K(32768K), 0.0008453 secs]
120.641: [GC (Allocation Failure)  29145K->22969K(32768K), 0.0007805 secs]
120.645: [GC (Allocation Failure)  29113K->23097K(32768K), 0.0008337 secs]
120.649: [GC (Allocation Failure)  29241K->23089K(32768K), 0.0008829 secs]
120.652: [GC (Allocation Failure)  29233K->23025K(32768K), 0.0007739 secs]
120.656: [GC (Allocation Failure)  29169K->23057K(32768K), 0.0008814 secs]
120.660: [GC (Allocation Failure)  29201K->23057K(32768K), 0.0008369 secs]
120.663: [GC (Allocation Failure)  29201K->22993K(32768K), 0.0008223 secs]
120.667: [GC (Allocation Failure)  29137K->23057K(32768K), 0.0008902 secs]
120.671: [GC (Allocation Failure)  29201K->23089K(32768K), 0.0008681 secs]
120.675: [GC (Allocation Failure)  29233K->22993K(32768K), 0.0008782 secs]
120.678: [GC (Allocation Failure)  29137K->23025K(32768K), 0.0008752 secs]
120.682: [GC (Allocation Failure)  29169K->23025K(32768K), 0.0008597 secs]
120.686: [GC (Allocation Failure)  29169K->23089K(32768K), 0.0008654 secs]
120.689: [GC (Allocation Failure)  29233K->23057K(32768K), 0.0010017 secs]
120.693: [GC (Allocation Failure)  29201K->23057K(32768K), 0.0008158 secs]
120.697: [GC (Allocation Failure)  29201K->23153K(32768K), 0.0008951 secs]
120.700: [GC (Allocation Failure)  29297K->23089K(32768K), 0.0007510 secs]
120.704: [GC (Allocation Failure)  29233K->23089K(32768K), 0.0007822 secs]
120.708: [GC (Allocation Failure)  29233K->23057K(32768K), 0.0008818 secs]
120.711: [GC (Allocation Failure)  29201K->23089K(32768K), 0.0008097 secs]
120.715: [GC (Allocation Failure)  29233K->23089K(32768K), 0.0008024 secs]
120.719: [GC (Allocation Failure)  29233K->23057K(32768K), 0.0008875 secs]
120.723: [GC (Allocation Failure)  29201K->23089K(32768K), 0.0008530 secs]
120.726: [GC (Allocation Failure)  29233K->23025K(32768K), 0.0008417 secs]
120.730: [GC (Allocation Failure)  29169K->23025K(32768K), 0.0008411 secs]
120.734: [GC (Allocation Failure)  29169K->23089K(32768K), 0.0008746 secs]
120.737: [GC (Allocation Failure)  29233K->23057K(32768K), 0.0009962 secs]
120.741: [GC (Allocation Failure)  29201K->23089K(32768K), 0.0009630 secs]
120.745: [GC (Allocation Failure)  29233K->23153K(32768K), 0.0009909 secs]
120.749: [GC (Allocation Failure)  29297K->23137K(32768K), 0.0009057 secs]
120.753: [GC (Allocation Failure)  29281K->23105K(32768K), 0.0010379 secs]
120.757: [GC (Allocation Failure)  29249K->23105K(32768K), 0.0010229 secs]
120.761: [GC (Allocation Failure)  29249K->23169K(32768K), 0.0010298 secs]
120.765: [GC (Allocation Failure)  29313K->23137K(32768K), 0.0010112 secs]
120.769: [GC (Allocation Failure)  29281K->23169K(32768K), 0.0009537 secs]
120.773: [GC (Allocation Failure)  29313K->23137K(32768K), 0.0013047 secs]
120.778: [GC (Allocation Failure)  29281K->23105K(32768K), 0.0011596 secs]
120.782: [GC (Allocation Failure)  29249K->23105K(32768K), 0.0014442 secs]
120.787: [GC (Allocation Failure)  29249K->23137K(32768K), 0.0014093 secs]
120.791: [GC (Allocation Failure)  29281K->23105K(32768K), 0.0012228 secs]
120.795: [GC (Allocation Failure)  29249K->23169K(32768K), 0.0009592 secs]
120.799: [GC (Allocation Failure)  29313K->23201K(32768K), 0.0010583 secs]
120.803: [GC (Allocation Failure)  29345K->23129K(32768K), 0.0013437 secs]
120.808: [GC (Allocation Failure)  29273K->23193K(32768K), 0.0012168 secs]
120.812: [GC (Allocation Failure)  29337K->23097K(32768K), 0.0010643 secs]
120.816: [GC (Allocation Failure)  29241K->23097K(32768K), 0.0010379 secs]
120.820: [GC (Allocation Failure)  29241K->23097K(32768K), 0.0009997 secs]
120.824: [GC (Allocation Failure)  29241K->23161K(32768K), 0.0009505 secs]
120.828: [GC (Allocation Failure)  29305K->23129K(32768K), 0.0010181 secs]
120.832: [GC (Allocation Failure)  29273K->23129K(32768K), 0.0008775 secs]
120.836: [GC (Allocation Failure)  29273K->23193K(32768K), 0.0011311 secs]
120.840: [GC (Allocation Failure)  29337K->23161K(32768K), 0.0010758 secs]
120.844: [GC (Allocation Failure)  29305K->23161K(32768K), 0.0009419 secs]
120.848: [GC (Allocation Failure)  29305K->23225K(32768K), 0.0009877 secs]
120.852: [GC (Allocation Failure)  29369K->23185K(32768K), 0.0009821 secs]
120.856: [GC (Allocation Failure)  29329K->23185K(32768K), 0.0009741 secs]
120.860: [GC (Allocation Failure)  29329K->23185K(32768K), 0.0009838 secs]
120.864: [GC (Allocation Failure)  29329K->23153K(32768K), 0.0009463 secs]
120.867: [GC (Allocation Failure)  29297K->23185K(32768K), 0.0011004 secs]
120.871: [GC (Allocation Failure)  29329K->23153K(32768K), 0.0010065 secs]
120.875: [GC (Allocation Failure)  29297K->23153K(32768K), 0.0009276 secs]
120.879: [GC (Allocation Failure)  29297K->23153K(32768K), 0.0010743 secs]
120.883: [GC (Allocation Failure)  29297K->23185K(32768K), 0.0009891 secs]
120.887: [GC (Allocation Failure)  29329K->23153K(32768K), 0.0012565 secs]
120.891: [GC (Allocation Failure)  29297K->23153K(32768K), 0.0009422 secs]
120.895: [GC (Allocation Failure)  29297K->23249K(32768K), 0.0009771 secs]
120.899: [GC (Allocation Failure)  29393K->23249K(32768K), 0.0014159 secs]
120.903: [GC (Allocation Failure)  29393K->23289K(32768K), 0.0011014 secs]
120.907: [GC (Allocation Failure)  29433K->23193K(32768K), 0.0010581 secs]
120.911: [GC (Allocation Failure)  29337K->23161K(32768K), 0.0009836 secs]
120.915: [GC (Allocation Failure)  29305K->23193K(32768K), 0.0010418 secs]
120.919: [GC (Allocation Failure)  29337K->23193K(32768K), 0.0011321 secs]
120.923: [GC (Allocation Failure)  29337K->23225K(32768K), 0.0010544 secs]
120.927: [GC (Allocation Failure)  29369K->23193K(32768K), 0.0009266 secs]
120.931: [GC (Allocation Failure)  29337K->23257K(32768K), 0.0011249 secs]
120.935: [GC (Allocation Failure)  29401K->23161K(32768K), 0.0011072 secs]
120.939: [GC (Allocation Failure)  29305K->23225K(32768K), 0.0009388 secs]
120.943: [GC (Allocation Failure)  29369K->23225K(32768K), 0.0009061 secs]
120.946: [GC (Allocation Failure)  29369K->23193K(32768K), 0.0009099 secs]
120.950: [GC (Allocation Failure)  29337K->23289K(32768K), 0.0009370 secs]
120.954: [GC (Allocation Failure)  29433K->23249K(32768K), 0.0010782 secs]
120.958: [GC (Allocation Failure)  29393K->23281K(32768K), 0.0009599 secs]
120.962: [GC (Allocation Failure)  29425K->23217K(32768K), 0.0011995 secs]
120.966: [GC (Allocation Failure)  29361K->23249K(32768K), 0.0014198 secs]
120.971: [GC (Allocation Failure)  29393K->23281K(32768K), 0.0017548 secs]
120.975: [GC (Allocation Failure)  29425K->23249K(32768K), 0.0012664 secs]
120.979: [GC (Allocation Failure)  29393K->23217K(32768K), 0.0011193 secs]
120.984: [GC (Allocation Failure)  29361K->23249K(32768K), 0.0012492 secs]
120.988: [GC (Allocation Failure)  29393K->23281K(32768K), 0.0010700 secs]
120.992: [GC (Allocation Failure)  29425K->23249K(32768K), 0.0012533 secs]
120.996: [GC (Allocation Failure)  29393K->23249K(32768K), 0.0009807 secs]
121.000: [GC (Allocation Failure)  29393K->23281K(32768K), 0.0009688 secs]
121.004: [GC (Allocation Failure)  29425K->23289K(32768K), 0.0012919 secs]
121.008: [GC (Allocation Failure)  29433K->23321K(32768K), 0.0010346 secs]
121.012: [GC (Allocation Failure)  29465K->23257K(32768K), 0.0012969 secs]
121.016: [GC (Allocation Failure)  29401K->23257K(32768K), 0.0012470 secs]
121.020: [GC (Allocation Failure)  29401K->23257K(32768K), 0.0010880 secs]
121.024: [GC (Allocation Failure)  29401K->23225K(32768K), 0.0011852 secs]
121.028: [GC (Allocation Failure)  29369K->23225K(32768K), 0.0011451 secs]
121.032: [GC (Allocation Failure)  29369K->23225K(32768K), 0.0010820 secs]
121.036: [GC (Allocation Failure)  29369K->23225K(32768K), 0.0014093 secs]
121.041: [GC (Allocation Failure)  29369K->23257K(32768K), 0.0016315 secs]
121.045: [GC (Allocation Failure)  29401K->23225K(32768K), 0.0012996 secs]
121.050: [GC (Allocation Failure)  29369K->23385K(32768K), 0.0012569 secs]
121.054: [GC (Allocation Failure)  29529K->23393K(32768K), 0.0014529 secs]
121.059: [GC (Allocation Failure)  29537K->23329K(32768K), 0.0012003 secs]
121.063: [GC (Allocation Failure)  29473K->23361K(32768K), 0.0012849 secs]
121.067: [GC (Allocation Failure)  29505K->23297K(32768K), 0.0011455 secs]
121.071: [GC (Allocation Failure)  29441K->23329K(32768K), 0.0012532 secs]
121.075: [GC (Allocation Failure)  29473K->23329K(32768K), 0.0012423 secs]
121.079: [GC (Allocation Failure)  29473K->23297K(32768K), 0.0011644 secs]
121.083: [GC (Allocation Failure)  29441K->23265K(32768K), 0.0013768 secs]
121.087: [GC (Allocation Failure)  29409K->23329K(32768K), 0.0012391 secs]
121.091: [GC (Allocation Failure)  29473K->23265K(32768K), 0.0011769 secs]
121.095: [GC (Allocation Failure)  29409K->23265K(32768K), 0.0010461 secs]
121.099: [GC (Allocation Failure)  29409K->23361K(32768K), 0.0010581 secs]
121.103: [GC (Allocation Failure)  29505K->23369K(32768K), 0.0013896 secs]
121.108: [GC (Allocation Failure)  29513K->23369K(32768K), 0.0010399 secs]
121.111: [GC (Allocation Failure)  29513K->23337K(32768K), 0.0009536 secs]
121.115: [GC (Allocation Failure)  29481K->23369K(32768K), 0.0010393 secs]
121.119: [GC (Allocation Failure)  29513K->23369K(32768K), 0.0010275 secs]
121.123: [GC (Allocation Failure)  29513K->23337K(32768K), 0.0009009 secs]
121.127: [GC (Allocation Failure)  29481K->23369K(32768K), 0.0009322 secs]
121.131: [GC (Allocation Failure)  29513K->23401K(32768K), 0.0009690 secs]
121.135: [GC (Allocation Failure)  29545K->23337K(32768K), 0.0009520 secs]
121.139: [GC (Allocation Failure)  29481K->23337K(32768K), 0.0009511 secs]
121.142: [GC (Allocation Failure)  29481K->23369K(32768K), 0.0008255 secs]
121.146: [GC (Allocation Failure)  29513K->23337K(32768K), 0.0008719 secs]
121.149: [GC (Allocation Failure)  29481K->23465K(32768K), 0.0010723 secs]
121.153: [GC (Allocation Failure)  29609K->23409K(32768K), 0.0008686 secs]
121.157: [GC (Allocation Failure)  29553K->23377K(32768K), 0.0008843 secs]
121.161: [GC (Allocation Failure)  29521K->23409K(32768K), 0.0009560 secs]
121.165: [GC (Allocation Failure)  29553K->23377K(32768K), 0.0008947 secs]
121.168: [GC (Allocation Failure)  29521K->23377K(32768K), 0.0008323 secs]
121.172: [GC (Allocation Failure)  29521K->23441K(32768K), 0.0009992 secs]
121.176: [GC (Allocation Failure)  29585K->23377K(32768K), 0.0008704 secs]
121.179: [GC (Allocation Failure)  29521K->23377K(32768K), 0.0008083 secs]
121.183: [GC (Allocation Failure)  29521K->23409K(32768K), 0.0008962 secs]
121.187: [GC (Allocation Failure)  29553K->23409K(32768K), 0.0008727 secs]
121.191: [GC (Allocation Failure)  29553K->23345K(32768K), 0.0009122 secs]
121.194: [GC (Allocation Failure)  29489K->23409K(32768K), 0.0007777 secs]
121.198: [GC (Allocation Failure)  29553K->23409K(32768K), 0.0009067 secs]
121.201: [GC (Allocation Failure)  29553K->23473K(32768K), 0.0008595 secs]
121.205: [GC (Allocation Failure)  29617K->23441K(32768K), 0.0008545 secs]
121.209: [GC (Allocation Failure)  29585K->23441K(32768K), 0.0009680 secs]
121.213: [GC (Allocation Failure)  29585K->23409K(32768K), 0.0012744 secs]
121.217: [GC (Allocation Failure)  29553K->23409K(32768K), 0.0009330 secs]
121.221: [GC (Allocation Failure)  29553K->23473K(32768K), 0.0009306 secs]
121.224: [GC (Allocation Failure)  29617K->23473K(32768K), 0.0008781 secs]
121.228: [GC (Allocation Failure)  29617K->23441K(32768K), 0.0007891 secs]
121.232: [GC (Allocation Failure)  29585K->23377K(32768K), 0.0009267 secs]
121.235: [GC (Allocation Failure)  29521K->23441K(32768K), 0.0008522 secs]
121.239: [GC (Allocation Failure)  29585K->23441K(32768K), 0.0008247 secs]
121.243: [GC (Allocation Failure)  29585K->23441K(32768K), 0.0010235 secs]
121.247: [GC (Allocation Failure)  29585K->23441K(32768K), 0.0010402 secs]
121.250: [GC (Allocation Failure)  29585K->23505K(32768K), 0.0007801 secs]
121.254: [GC (Allocation Failure)  29649K->23593K(32768K), 0.0009616 secs]
121.258: [GC (Allocation Failure)  29737K->23473K(32768K), 0.0008164 secs]
121.261: [GC (Allocation Failure)  29617K->23505K(32768K), 0.0007923 secs]
121.265: [GC (Allocation Failure)  29649K->23537K(32768K), 0.0008960 secs]
121.269: [GC (Allocation Failure)  29681K->23537K(32768K), 0.0008084 secs]
121.273: [GC (Allocation Failure)  29681K->23505K(32768K), 0.0009346 secs]
121.276: [GC (Allocation Failure)  29649K->23505K(32768K), 0.0008214 secs]
121.280: [GC (Allocation Failure)  29649K->23473K(32768K), 0.0009565 secs]
121.283: [GC (Allocation Failure)  29617K->23505K(32768K), 0.0007892 secs]
121.287: [GC (Allocation Failure)  29649K->23537K(32768K), 0.0008936 secs]
121.291: [GC (Allocation Failure)  29681K->23473K(32768K), 0.0008426 secs]
121.295: [GC (Allocation Failure)  29617K->23441K(32768K), 0.0009212 secs]
121.298: [GC (Allocation Failure)  29585K->23505K(32768K), 0.0008594 secs]
121.302: [GC (Allocation Failure)  29649K->23505K(32768K), 0.0009199 secs]
121.306: [GC (Allocation Failure)  29649K->23481K(32768K), 0.0008443 secs]
121.310: [GC (Allocation Failure)  29625K->23481K(32768K), 0.0008604 secs]
121.313: [GC (Allocation Failure)  29625K->23577K(32768K), 0.0008277 secs]
121.317: [GC (Allocation Failure)  29721K->23577K(32768K), 0.0008799 secs]
121.321: [GC (Allocation Failure)  29721K->23513K(32768K), 0.0009144 secs]
121.325: [GC (Allocation Failure)  29657K->23513K(32768K), 0.0009535 secs]
121.328: [GC (Allocation Failure)  29657K->23577K(32768K), 0.0008228 secs]
121.332: [GC (Allocation Failure)  29721K->23513K(32768K), 0.0008534 secs]
121.336: [GC (Allocation Failure)  29657K->23513K(32768K), 0.0009346 secs]
121.339: [GC (Allocation Failure)  29657K->23577K(32768K), 0.0007784 secs]
121.343: [GC (Allocation Failure)  29721K->23545K(32768K), 0.0008204 secs]
121.347: [GC (Allocation Failure)  29689K->23545K(32768K), 0.0009195 secs]
121.350: [GC (Allocation Failure)  29689K->23577K(32768K), 0.0007957 secs]
121.354: [GC (Allocation Failure)  29721K->23641K(32768K), 0.0009517 secs]
121.358: [GC (Allocation Failure)  29785K->23521K(32768K), 0.0008668 secs]
121.361: [GC (Allocation Failure)  29665K->23553K(32768K), 0.0007955 secs]
121.365: [GC (Allocation Failure)  29697K->23617K(32768K), 0.0008886 secs]
121.369: [GC (Allocation Failure)  29761K->23585K(32768K), 0.0009361 secs]
121.373: [GC (Allocation Failure)  29729K->23617K(32768K), 0.0009563 secs]
121.377: [GC (Allocation Failure)  29761K->23585K(32768K), 0.0008501 secs]
121.380: [GC (Allocation Failure)  29729K->23553K(32768K), 0.0009024 secs]
121.384: [GC (Allocation Failure)  29697K->23553K(32768K), 0.0009272 secs]
121.388: [GC (Allocation Failure)  29697K->23553K(32768K), 0.0007796 secs]
121.392: [GC (Allocation Failure)  29697K->23585K(32768K), 0.0008985 secs]
121.395: [GC (Allocation Failure)  29729K->23585K(32768K), 0.0008575 secs]
121.399: [GC (Allocation Failure)  29729K->23585K(32768K), 0.0008064 secs]
121.403: [GC (Allocation Failure)  29729K->23617K(32768K), 0.0008883 secs]
121.407: [GC (Allocation Failure)  29761K->23617K(32768K), 0.0009024 secs]
121.411: [GC (Allocation Failure)  29761K->23585K(32768K), 0.0008730 secs]
121.414: [GC (Allocation Failure)  29729K->23617K(32768K), 0.0008035 secs]
121.418: [GC (Allocation Failure)  29761K->23617K(32768K), 0.0008729 secs]
121.422: [GC (Allocation Failure)  29761K->23649K(32768K), 0.0009450 secs]
121.426: [GC (Allocation Failure)  29793K->23585K(32768K), 0.0009160 secs]
121.429: [GC (Allocation Failure)  29729K->23585K(32768K), 0.0007834 secs]
121.433: [GC (Allocation Failure)  29729K->23585K(32768K), 0.0009354 secs]
121.437: [GC (Allocation Failure)  29729K->23617K(32768K), 0.0009173 secs]
121.441: [GC (Allocation Failure)  29761K->23585K(32768K), 0.0008873 secs]
121.444: [GC (Allocation Failure)  29729K->23585K(32768K), 0.0009212 secs]
121.448: [GC (Allocation Failure)  29729K->23617K(32768K), 0.0010942 secs]
121.452: [GC (Allocation Failure)  29761K->23585K(32768K), 0.0010557 secs]
121.456: [GC (Allocation Failure)  29729K->23713K(32768K), 0.0010098 secs]
121.460: [GC (Allocation Failure)  29857K->23617K(32768K), 0.0009802 secs]
121.464: [GC (Allocation Failure)  29761K->23585K(32768K), 0.0009160 secs]
121.468: [GC (Allocation Failure)  29729K->23617K(32768K), 0.0010701 secs]
121.472: [GC (Allocation Failure)  29761K->23585K(32768K), 0.0009370 secs]
121.476: [GC (Allocation Failure)  29729K->23617K(32768K), 0.0009676 secs]
121.480: [GC (Allocation Failure)  29761K->23649K(32768K), 0.0008991 secs]
121.483: [GC (Allocation Failure)  29793K->23649K(32768K), 0.0008514 secs]
121.487: [GC (Allocation Failure)  29793K->23585K(32768K), 0.0012372 secs]
121.492: [GC (Allocation Failure)  29729K->23617K(32768K), 0.0008891 secs]
121.495: [GC (Allocation Failure)  29761K->23617K(32768K), 0.0008522 secs]
121.499: [GC (Allocation Failure)  29761K->23617K(32768K), 0.0008958 secs]
121.503: [GC (Allocation Failure)  29761K->23777K(32768K), 0.0010189 secs]
121.507: [GC (Allocation Failure)  29921K->23721K(32768K), 0.0008887 secs]
121.511: [GC (Allocation Failure)  29865K->23689K(32768K), 0.0008546 secs]
121.515: [GC (Allocation Failure)  29833K->23689K(32768K), 0.0009398 secs]
121.519: [GC (Allocation Failure)  29833K->23657K(32768K), 0.0010258 secs]
121.523: [GC (Allocation Failure)  29801K->23689K(32768K), 0.0010549 secs]
121.527: [GC (Allocation Failure)  29833K->23689K(32768K), 0.0011065 secs]
121.530: [GC (Allocation Failure)  29833K->23625K(32768K), 0.0008615 secs]
121.534: [GC (Allocation Failure)  29769K->23657K(32768K), 0.0010042 secs]
121.538: [GC (Allocation Failure)  29801K->23689K(32768K), 0.0009331 secs]
121.542: [GC (Allocation Failure)  29833K->23721K(32768K), 0.0008607 secs]
121.546: [GC (Allocation Failure)  29865K->23721K(32768K), 0.0009959 secs]
121.549: [GC (Allocation Failure)  29865K->23721K(32768K), 0.0008252 secs]
121.554: [GC (Allocation Failure)  29865K->23785K(32768K), 0.0010128 secs]
121.557: [GC (Allocation Failure)  29929K->23729K(32768K), 0.0009486 secs]
121.561: [GC (Allocation Failure)  29873K->23729K(32768K), 0.0009067 secs]
121.565: [GC (Allocation Failure)  29873K->23729K(32768K), 0.0008963 secs]
121.569: [GC (Allocation Failure)  29873K->23729K(32768K), 0.0011111 secs]
121.573: [GC (Allocation Failure)  29873K->23729K(32768K), 0.0010928 secs]
121.578: [GC (Allocation Failure)  29873K->23761K(32768K), 0.0011119 secs]
121.582: [GC (Allocation Failure)  29905K->23729K(32768K), 0.0012584 secs]
121.590: [GC (Allocation Failure)  29873K->23697K(32768K), 0.0018267 secs]
121.595: [GC (Allocation Failure)  29841K->23729K(32768K), 0.0015502 secs]
121.599: [GC (Allocation Failure)  29873K->23697K(32768K), 0.0015152 secs]
121.604: [GC (Allocation Failure)  29841K->23793K(32768K), 0.0012270 secs]
121.608: [GC (Allocation Failure)  29937K->23761K(32768K), 0.0010963 secs]
121.613: [GC (Allocation Failure)  29905K->23793K(32768K), 0.0016076 secs]
121.617: [GC (Allocation Failure)  29937K->23761K(32768K), 0.0016175 secs]
121.622: [GC (Allocation Failure)  29905K->23729K(32768K), 0.0011068 secs]
121.626: [GC (Allocation Failure)  29873K->23761K(32768K), 0.0011106 secs]
121.630: [GC (Allocation Failure)  29905K->23697K(32768K), 0.0010978 secs]
121.634: [GC (Allocation Failure)  29841K->23761K(32768K), 0.0012244 secs]
121.639: [GC (Allocation Failure)  29905K->23761K(32768K), 0.0011110 secs]
121.643: [GC (Allocation Failure)  29905K->23697K(32768K), 0.0011086 secs]
121.647: [GC (Allocation Failure)  29841K->23729K(32768K), 0.0012833 secs]
121.651: [GC (Allocation Failure)  29873K->23729K(32768K), 0.0010849 secs]
121.656: [GC (Allocation Failure)  29873K->23921K(32768K), 0.0011338 secs]
121.660: [GC (Allocation Failure)  30065K->23825K(32768K), 0.0012130 secs]
121.664: [GC (Allocation Failure)  29969K->23881K(32768K), 0.0010978 secs]
121.668: [GC (Allocation Failure)  30025K->23921K(32768K), 0.0009757 secs]
121.673: [GC (Allocation Failure)  30065K->23889K(32768K), 0.0009385 secs]
121.677: [GC (Allocation Failure)  30033K->23857K(32768K), 0.0009482 secs]
121.681: [GC (Allocation Failure)  30001K->23889K(32768K), 0.0010493 secs]
121.685: [GC (Allocation Failure)  30033K->23889K(32768K), 0.0011217 secs]
121.689: [GC (Allocation Failure)  30033K->23857K(32768K), 0.0009181 secs]
121.693: [GC (Allocation Failure)  30001K->23857K(32768K), 0.0013080 secs]
121.697: [GC (Allocation Failure)  30001K->23857K(32768K), 0.0012543 secs]
121.702: [GC (Allocation Failure)  30001K->23857K(32768K), 0.0014467 secs]
121.706: [GC (Allocation Failure)  30001K->23985K(32768K), 0.0010610 secs]
121.710: [GC (Allocation Failure)  30129K->23921K(32768K), 0.0010095 secs]
121.715: [GC (Allocation Failure)  30065K->23889K(32768K), 0.0013332 secs]
121.720: [GC (Allocation Failure)  30033K->23889K(32768K), 0.0012215 secs]
121.724: [GC (Allocation Failure)  30033K->23889K(32768K), 0.0012421 secs]
121.729: [GC (Allocation Failure)  30033K->23921K(32768K), 0.0012990 secs]
121.733: [GC (Allocation Failure)  30065K->23921K(32768K), 0.0011295 secs]
121.738: [GC (Allocation Failure)  30065K->23953K(32768K), 0.0010839 secs]
121.742: [GC (Allocation Failure)  30097K->23857K(32768K), 0.0011104 secs]
121.746: [GC (Allocation Failure)  30001K->23929K(32768K), 0.0011619 secs]
121.750: [GC (Allocation Failure)  30073K->23929K(32768K), 0.0009076 secs]
121.755: [GC (Allocation Failure)  30073K->23993K(32768K), 0.0009669 secs]
121.758: [GC (Allocation Failure)  30137K->23905K(32768K), 0.0011183 secs]
121.763: [GC (Allocation Failure)  30049K->23937K(32768K), 0.0016336 secs]
121.767: [GC (Allocation Failure)  30081K->23937K(32768K), 0.0013005 secs]
121.772: [GC (Allocation Failure)  30081K->23905K(32768K), 0.0014688 secs]
121.777: [GC (Allocation Failure)  30049K->23905K(32768K), 0.0015285 secs]
123.761: [GC (Allocation Failure)  30049K->24065K(32768K), 0.0013845 secs]
141.560: [GC (Allocation Failure)  30209K->24921K(32768K), 0.0023225 secs]
146.798: [GC (Allocation Failure)  31065K->25609K(33280K), 0.0022994 secs]
155.086: [GC (Allocation Failure)  31753K->25729K(33280K), 0.0021020 secs]
168.846: [GC (Allocation Failure)  31873K->25953K(33792K), 0.0021810 secs]
176.859: [GC (Allocation Failure)  32097K->25825K(33792K), 0.0023461 secs]
197.453: [GC (Allocation Failure)  31969K->25937K(33280K), 0.0019782 secs]
211.929: [GC (Allocation Failure)  31569K->25809K(33792K), 0.0019368 secs]
212.207: [GC (Allocation Failure)  31441K->25937K(33792K), 0.0019975 secs]
212.217: [GC (Allocation Failure)  31569K->25905K(33792K), 0.0014756 secs]
212.226: [GC (Allocation Failure)  31537K->25762K(33792K), 0.0017355 secs]
212.228: [Full GC (Ergonomics)  25762K->22451K(34304K), 0.0757283 secs]
212.317: [GC (Allocation Failure)  28083K->22675K(34304K), 0.0016571 secs]
212.324: [GC (Allocation Failure)  28307K->22651K(34304K), 0.0016790 secs]
212.331: [GC (Allocation Failure)  28283K->22619K(34304K), 0.0013148 secs]
212.338: [GC (Allocation Failure)  28251K->22555K(34304K), 0.0015508 secs]
212.347: [GC (Allocation Failure)  28187K->22619K(32768K), 0.0012859 secs]
212.353: [GC (Allocation Failure)  28251K->22619K(33792K), 0.0011882 secs]
212.360: [GC (Allocation Failure)  28251K->22651K(33792K), 0.0014541 secs]
212.367: [GC (Allocation Failure)  28283K->22555K(33792K), 0.0013182 secs]
212.374: [GC (Allocation Failure)  28187K->22587K(33792K), 0.0012799 secs]
212.381: [GC (Allocation Failure)  28219K->22747K(33792K), 0.0016653 secs]
212.388: [GC (Allocation Failure)  28379K->22587K(33792K), 0.0012361 secs]
212.396: [GC (Allocation Failure)  28219K->22651K(33792K), 0.0023141 secs]
212.405: [GC (Allocation Failure)  28283K->22651K(33792K), 0.0023222 secs]
212.413: [GC (Allocation Failure)  28283K->22683K(32768K), 0.0019220 secs]
212.420: [GC (Allocation Failure)  28315K->22667K(33280K), 0.0015288 secs]
212.428: [GC (Allocation Failure)  28299K->22635K(33280K), 0.0013801 secs]
212.435: [GC (Allocation Failure)  28267K->22667K(33280K), 0.0013106 secs]
212.442: [GC (Allocation Failure)  28299K->22699K(33280K), 0.0014925 secs]
212.449: [GC (Allocation Failure)  28331K->22699K(33280K), 0.0012622 secs]
212.455: [GC (Allocation Failure)  28331K->22795K(33280K), 0.0016796 secs]
212.461: [GC (Allocation Failure)  28427K->22731K(33280K), 0.0015151 secs]
212.467: [GC (Allocation Failure)  28363K->22675K(33280K), 0.0011348 secs]
212.473: [GC (Allocation Failure)  28307K->22771K(33280K), 0.0014569 secs]
212.479: [GC (Allocation Failure)  28403K->22771K(33280K), 0.0015337 secs]
212.485: [GC (Allocation Failure)  28403K->22763K(33280K), 0.0014110 secs]
212.492: [GC (Allocation Failure)  28395K->22763K(33280K), 0.0014231 secs]
212.499: [GC (Allocation Failure)  28907K->22763K(33280K), 0.0012727 secs]
212.506: [GC (Allocation Failure)  28907K->22795K(33280K), 0.0015638 secs]
212.512: [GC (Allocation Failure)  28939K->22763K(33280K), 0.0015206 secs]
212.520: [GC (Allocation Failure)  28907K->22795K(33280K), 0.0012680 secs]
212.527: [GC (Allocation Failure)  28939K->22763K(33280K), 0.0011694 secs]
212.535: [GC (Allocation Failure)  28907K->22827K(33280K), 0.0017336 secs]
212.544: [GC (Allocation Failure)  28971K->22731K(33280K), 0.0021831 secs]
212.554: [GC (Allocation Failure)  28875K->22731K(33280K), 0.0013322 secs]
212.562: [GC (Allocation Failure)  28875K->22859K(33280K), 0.0015444 secs]
212.569: [GC (Allocation Failure)  29003K->22739K(33280K), 0.0012397 secs]
212.575: [GC (Allocation Failure)  28883K->22899K(33280K), 0.0016436 secs]
212.582: [GC (Allocation Failure)  29043K->22771K(33280K), 0.0015370 secs]
212.588: [GC (Allocation Failure)  28915K->22867K(33280K), 0.0016063 secs]
212.596: [GC (Allocation Failure)  29011K->22867K(33280K), 0.0017553 secs]
212.605: [GC (Allocation Failure)  29011K->22771K(33280K), 0.0015596 secs]
212.614: [GC (Allocation Failure)  28915K->22803K(33280K), 0.0024559 secs]
212.622: [GC (Allocation Failure)  28947K->22827K(33280K), 0.0016353 secs]
212.629: [GC (Allocation Failure)  28971K->22827K(33280K), 0.0013727 secs]
212.636: [GC (Allocation Failure)  28971K->22827K(33280K), 0.0013228 secs]
212.643: [GC (Allocation Failure)  28971K->22859K(33280K), 0.0011809 secs]
212.650: [GC (Allocation Failure)  29003K->22859K(33280K), 0.0018647 secs]
212.659: [GC (Allocation Failure)  29003K->22859K(33280K), 0.0012529 secs]
212.667: [GC (Allocation Failure)  29003K->22955K(33280K), 0.0012962 secs]
212.674: [GC (Allocation Failure)  29099K->22851K(33280K), 0.0014063 secs]
212.681: [GC (Allocation Failure)  28995K->22883K(33280K), 0.0016974 secs]
212.688: [GC (Allocation Failure)  29027K->22883K(33280K), 0.0014671 secs]
212.695: [GC (Allocation Failure)  29027K->22915K(33280K), 0.0019788 secs]
212.703: [GC (Allocation Failure)  29059K->22851K(33280K), 0.0013555 secs]
212.709: [GC (Allocation Failure)  28995K->22787K(33280K), 0.0015419 secs]
212.716: [GC (Allocation Failure)  28931K->22915K(33280K), 0.0015815 secs]
212.723: [GC (Allocation Failure)  29059K->22899K(33280K), 0.0020919 secs]
212.731: [GC (Allocation Failure)  29043K->22835K(33280K), 0.0027567 secs]
212.740: [GC (Allocation Failure)  28979K->22867K(33280K), 0.0018181 secs]
212.748: [GC (Allocation Failure)  29011K->22835K(33280K), 0.0022456 secs]
212.757: [GC (Allocation Failure)  28979K->22803K(33280K), 0.0014278 secs]
212.765: [GC (Allocation Failure)  28947K->22995K(33280K), 0.0019137 secs]
212.776: [GC (Allocation Failure)  29139K->22859K(33280K), 0.0021249 secs]
212.784: [GC (Allocation Failure)  29003K->22827K(33280K), 0.0016512 secs]
212.792: [GC (Allocation Failure)  28971K->22891K(33280K), 0.0015437 secs]
212.800: [GC (Allocation Failure)  29035K->22923K(33280K), 0.0012840 secs]
212.808: [GC (Allocation Failure)  29067K->22923K(33280K), 0.0014229 secs]
212.816: [GC (Allocation Failure)  29067K->22987K(33280K), 0.0020093 secs]
212.824: [GC (Allocation Failure)  29131K->22979K(33280K), 0.0018856 secs]
212.832: [GC (Allocation Failure)  29123K->22883K(33280K), 0.0028355 secs]
212.841: [GC (Allocation Failure)  29027K->22883K(33280K), 0.0020014 secs]
212.851: [GC (Allocation Failure)  29027K->22851K(33280K), 0.0016723 secs]
212.858: [GC (Allocation Failure)  28995K->22915K(33280K), 0.0015622 secs]
212.867: [GC (Allocation Failure)  29059K->22915K(33280K), 0.0019976 secs]
212.874: [GC (Allocation Failure)  29059K->22955K(33280K), 0.0021321 secs]
212.883: [GC (Allocation Failure)  29099K->22923K(33280K), 0.0018026 secs]
212.891: [GC (Allocation Failure)  29067K->22987K(33280K), 0.0018449 secs]
212.901: [GC (Allocation Failure)  29131K->22923K(33280K), 0.0013316 secs]
212.908: [GC (Allocation Failure)  29067K->23051K(33280K), 0.0019946 secs]
212.915: [GC (Allocation Failure)  29195K->22955K(33280K), 0.0017643 secs]
212.922: [GC (Allocation Failure)  29099K->22955K(33280K), 0.0017851 secs]
212.931: [GC (Allocation Failure)  29099K->22987K(33280K), 0.0023325 secs]
212.939: [GC (Allocation Failure)  29131K->23083K(33280K), 0.0018543 secs]
212.947: [GC (Allocation Failure)  29227K->23019K(33280K), 0.0022593 secs]
212.957: [GC (Allocation Failure)  29163K->22955K(33280K), 0.0020173 secs]
212.964: [GC (Allocation Failure)  29099K->23019K(33280K), 0.0018797 secs]
212.972: [GC (Allocation Failure)  29163K->23083K(33280K), 0.0017674 secs]
212.979: [GC (Allocation Failure)  29227K->23051K(33280K), 0.0021201 secs]
212.987: [GC (Allocation Failure)  29195K->23115K(33280K), 0.0017812 secs]
212.996: [GC (Allocation Failure)  29259K->23051K(33280K), 0.0014972 secs]
213.004: [GC (Allocation Failure)  29195K->23083K(33280K), 0.0014985 secs]
213.012: [GC (Allocation Failure)  29227K->23051K(33280K), 0.0017756 secs]
213.019: [GC (Allocation Failure)  29195K->23083K(33280K), 0.0016009 secs]
213.028: [GC (Allocation Failure)  29227K->23139K(33280K), 0.0017263 secs]
213.036: [GC (Allocation Failure)  29283K->23043K(33280K), 0.0015985 secs]
213.047: [GC (Allocation Failure)  29187K->23139K(33280K), 0.0020971 secs]
213.055: [GC (Allocation Failure)  29283K->23075K(33280K), 0.0020878 secs]
213.064: [GC (Allocation Failure)  29219K->23139K(33280K), 0.0027024 secs]
213.073: [GC (Allocation Failure)  29283K->23195K(33280K), 0.0022775 secs]
213.081: [GC (Allocation Failure)  29339K->23123K(33280K), 0.0019757 secs]
213.089: [GC (Allocation Failure)  29267K->23091K(33280K), 0.0014314 secs]
213.098: [GC (Allocation Failure)  29235K->23123K(33280K), 0.0017476 secs]
213.106: [GC (Allocation Failure)  29267K->23155K(33280K), 0.0016748 secs]
213.114: [GC (Allocation Failure)  29299K->23123K(33280K), 0.0019252 secs]
213.122: [GC (Allocation Failure)  29267K->23187K(33280K), 0.0016836 secs]
213.129: [GC (Allocation Failure)  29331K->23235K(33280K), 0.0014093 secs]
213.137: [GC (Allocation Failure)  29379K->23139K(33280K), 0.0013588 secs]
213.144: [GC (Allocation Failure)  29283K->23203K(33280K), 0.0014609 secs]
213.152: [GC (Allocation Failure)  29347K->23139K(33280K), 0.0014004 secs]
213.159: [GC (Allocation Failure)  29283K->23171K(33280K), 0.0012562 secs]
213.166: [GC (Allocation Failure)  29315K->23139K(33280K), 0.0017112 secs]
213.173: [GC (Allocation Failure)  29283K->23203K(33280K), 0.0013728 secs]
213.179: [GC (Allocation Failure)  29347K->23243K(33280K), 0.0017320 secs]
213.186: [GC (Allocation Failure)  29387K->23275K(33280K), 0.0016998 secs]
213.193: [GC (Allocation Failure)  29419K->23275K(33280K), 0.0016848 secs]
213.200: [GC (Allocation Failure)  29419K->23179K(33280K), 0.0015579 secs]
213.206: [GC (Allocation Failure)  29323K->23275K(33280K), 0.0017907 secs]
213.214: [GC (Allocation Failure)  29419K->23179K(33280K), 0.0017844 secs]
213.222: [GC (Allocation Failure)  29323K->23243K(33280K), 0.0024360 secs]
213.230: [GC (Allocation Failure)  29387K->23227K(33280K), 0.0016205 secs]
213.237: [GC (Allocation Failure)  29371K->23259K(33280K), 0.0017678 secs]
213.246: [GC (Allocation Failure)  29403K->23227K(33280K), 0.0015225 secs]
213.253: [GC (Allocation Failure)  29371K->23227K(33280K), 0.0012978 secs]
213.260: [GC (Allocation Failure)  29371K->23323K(33280K), 0.0012140 secs]
213.267: [GC (Allocation Failure)  29467K->23259K(33280K), 0.0013167 secs]
213.274: [GC (Allocation Failure)  29403K->23323K(33280K), 0.0015843 secs]
213.281: [GC (Allocation Failure)  29467K->23275K(33280K), 0.0017936 secs]
213.288: [GC (Allocation Failure)  29419K->23275K(33280K), 0.0018784 secs]
213.295: [GC (Allocation Failure)  29419K->23371K(33280K), 0.0017407 secs]
213.304: [GC (Allocation Failure)  29515K->23403K(33280K), 0.0017545 secs]
213.312: [GC (Allocation Failure)  29547K->23339K(33280K), 0.0015843 secs]
213.319: [GC (Allocation Failure)  29483K->23307K(33280K), 0.0013967 secs]
213.326: [GC (Allocation Failure)  29451K->23403K(33280K), 0.0014031 secs]
213.333: [GC (Allocation Failure)  29547K->23283K(33280K), 0.0013930 secs]
213.340: [GC (Allocation Failure)  29427K->23379K(33280K), 0.0013957 secs]
213.347: [GC (Allocation Failure)  29523K->23379K(33280K), 0.0015188 secs]
213.355: [GC (Allocation Failure)  29523K->23379K(33280K), 0.0018652 secs]
213.362: [GC (Allocation Failure)  29523K->23379K(33280K), 0.0015214 secs]
213.369: [GC (Allocation Failure)  29523K->23467K(33280K), 0.0016385 secs]
213.376: [GC (Allocation Failure)  29611K->23499K(33280K), 0.0014792 secs]
213.383: [GC (Allocation Failure)  29643K->23443K(33280K), 0.0014016 secs]
213.390: [GC (Allocation Failure)  29587K->23379K(33280K), 0.0014148 secs]
213.396: [GC (Allocation Failure)  29523K->23379K(33280K), 0.0016150 secs]
213.404: [GC (Allocation Failure)  29523K->23475K(33280K), 0.0017620 secs]
213.411: [GC (Allocation Failure)  29619K->23379K(33280K), 0.0014561 secs]
213.418: [GC (Allocation Failure)  29523K->23379K(33280K), 0.0012363 secs]
213.425: [GC (Allocation Failure)  29523K->23539K(33280K), 0.0013835 secs]
213.432: [GC (Allocation Failure)  29683K->23387K(33280K), 0.0013533 secs]
213.439: [GC (Allocation Failure)  29531K->23451K(33280K), 0.0015197 secs]
213.445: [GC (Allocation Failure)  29595K->23419K(33280K), 0.0012475 secs]
213.452: [GC (Allocation Failure)  29563K->23419K(33280K), 0.0015046 secs]
213.459: [GC (Allocation Failure)  29563K->23419K(33280K), 0.0018610 secs]
213.469: [GC (Allocation Failure)  29563K->23451K(33280K), 0.0018159 secs]
213.478: [GC (Allocation Failure)  29595K->23547K(33280K), 0.0013044 secs]
213.485: [GC (Allocation Failure)  29691K->23587K(33280K), 0.0018590 secs]
213.493: [GC (Allocation Failure)  29731K->23459K(33280K), 0.0014954 secs]
213.501: [GC (Allocation Failure)  29603K->23459K(33280K), 0.0012884 secs]
213.508: [GC (Allocation Failure)  29603K->23427K(33280K), 0.0012682 secs]
213.515: [GC (Allocation Failure)  29571K->23555K(33280K), 0.0016491 secs]
213.522: [GC (Allocation Failure)  29699K->23491K(33280K), 0.0015798 secs]
213.530: [GC (Allocation Failure)  29635K->23587K(33280K), 0.0015109 secs]
213.537: [GC (Allocation Failure)  29731K->23491K(33280K), 0.0013594 secs]
213.544: [GC (Allocation Failure)  29635K->23523K(33280K), 0.0013437 secs]
213.551: [GC (Allocation Failure)  29667K->23523K(33280K), 0.0014130 secs]
213.559: [GC (Allocation Failure)  29667K->23587K(33280K), 0.0027567 secs]
213.570: [GC (Allocation Failure)  29731K->23523K(33280K), 0.0016263 secs]
213.579: [GC (Allocation Failure)  29667K->23555K(33280K), 0.0023967 secs]
213.591: [GC (Allocation Failure)  29699K->23515K(33280K), 0.0024231 secs]
213.602: [GC (Allocation Failure)  29659K->23515K(33280K), 0.0023420 secs]
213.613: [GC (Allocation Failure)  29659K->23547K(33280K), 0.0024343 secs]
213.624: [GC (Allocation Failure)  29691K->23515K(33280K), 0.0019366 secs]
213.634: [GC (Allocation Failure)  29659K->23579K(33280K), 0.0016011 secs]
213.641: [GC (Allocation Failure)  29723K->23587K(33280K), 0.0015322 secs]
213.649: [GC (Allocation Failure)  29731K->23587K(33280K), 0.0018277 secs]
213.658: [GC (Allocation Failure)  29731K->23683K(33280K), 0.0016842 secs]
213.666: [GC (Allocation Failure)  29827K->23587K(33280K), 0.0015654 secs]
213.673: [GC (Allocation Failure)  29731K->23555K(33280K), 0.0018903 secs]
213.681: [GC (Allocation Failure)  29699K->23587K(33280K), 0.0017277 secs]
213.687: [GC (Allocation Failure)  29731K->23683K(33280K), 0.0013511 secs]
213.694: [GC (Allocation Failure)  29827K->23651K(33280K), 0.0013869 secs]
213.700: [GC (Allocation Failure)  29795K->23651K(33280K), 0.0013418 secs]
213.707: [GC (Allocation Failure)  29795K->23619K(33280K), 0.0013008 secs]
213.714: [GC (Allocation Failure)  29763K->23619K(33280K), 0.0015866 secs]
213.722: [GC (Allocation Failure)  29763K->23619K(33280K), 0.0015141 secs]
213.729: [GC (Allocation Failure)  29763K->23715K(33280K), 0.0017822 secs]
213.737: [GC (Allocation Failure)  29859K->23667K(33280K), 0.0014108 secs]
213.745: [GC (Allocation Failure)  29811K->23635K(33280K), 0.0014991 secs]
213.751: [GC (Allocation Failure)  29779K->23603K(33280K), 0.0012208 secs]
213.757: [GC (Allocation Failure)  29747K->23699K(33280K), 0.0011107 secs]
213.762: [GC (Allocation Failure)  29843K->23667K(33280K), 0.0014780 secs]
213.768: [GC (Allocation Failure)  29811K->23667K(33280K), 0.0012062 secs]
213.774: [GC (Allocation Failure)  29811K->23731K(33280K), 0.0026911 secs]
213.783: [GC (Allocation Failure)  29875K->23763K(33280K), 0.0018387 secs]
213.790: [GC (Allocation Failure)  29907K->23731K(33280K), 0.0016950 secs]
213.796: [GC (Allocation Failure)  29875K->23699K(33280K), 0.0016472 secs]
213.803: [GC (Allocation Failure)  29843K->23667K(33280K), 0.0017047 secs]
213.809: [GC (Allocation Failure)  29811K->23667K(33280K), 0.0015540 secs]
213.815: [GC (Allocation Failure)  29811K->23699K(33280K), 0.0013434 secs]
213.822: [GC (Allocation Failure)  29843K->23731K(33280K), 0.0014455 secs]
213.828: [GC (Allocation Failure)  29875K->23731K(33280K), 0.0014722 secs]
213.835: [GC (Allocation Failure)  29875K->23723K(33280K), 0.0017499 secs]
213.841: [GC (Allocation Failure)  29867K->23843K(33280K), 0.0016124 secs]
213.848: [GC (Allocation Failure)  29987K->23747K(33280K), 0.0015856 secs]
213.854: [GC (Allocation Failure)  29891K->23747K(33280K), 0.0015053 secs]
213.861: [GC (Allocation Failure)  29891K->23715K(33280K), 0.0021100 secs]
213.870: [GC (Allocation Failure)  29859K->23715K(33280K), 0.0014901 secs]
213.876: [GC (Allocation Failure)  29859K->23779K(33280K), 0.0014066 secs]
213.882: [GC (Allocation Failure)  29923K->23779K(33280K), 0.0014921 secs]
213.888: [GC (Allocation Failure)  29923K->23811K(33280K), 0.0015021 secs]
213.894: [GC (Allocation Failure)  29955K->23779K(33280K), 0.0014467 secs]
213.901: [GC (Allocation Failure)  29923K->23779K(33280K), 0.0017734 secs]
213.909: [GC (Allocation Failure)  29923K->23715K(33280K), 0.0015327 secs]
213.917: [GC (Allocation Failure)  29859K->23811K(33280K), 0.0015026 secs]
213.924: [GC (Allocation Failure)  29955K->23779K(33280K), 0.0014671 secs]
213.933: [GC (Allocation Failure)  29923K->23875K(33280K), 0.0016566 secs]
213.940: [GC (Allocation Failure)  30019K->23843K(33280K), 0.0017845 secs]
213.947: [GC (Allocation Failure)  29987K->23843K(33280K), 0.0014442 secs]
213.955: [GC (Allocation Failure)  29987K->23843K(33280K), 0.0015673 secs]
213.963: [GC (Allocation Failure)  29987K->23843K(33280K), 0.0018889 secs]
213.970: [GC (Allocation Failure)  29987K->23875K(33280K), 0.0016671 secs]
213.977: [GC (Allocation Failure)  30019K->23811K(33280K), 0.0014665 secs]
213.984: [GC (Allocation Failure)  29955K->23907K(33280K), 0.0014472 secs]
213.990: [GC (Allocation Failure)  30051K->23883K(33280K), 0.0015869 secs]
213.996: [GC (Allocation Failure)  30027K->23851K(33280K), 0.0017357 secs]
214.003: [GC (Allocation Failure)  29995K->23851K(33280K), 0.0015450 secs]
214.010: [GC (Allocation Failure)  29995K->23851K(33280K), 0.0014968 secs]
214.016: [GC (Allocation Failure)  29995K->23915K(33280K), 0.0014808 secs]
214.022: [GC (Allocation Failure)  30059K->23851K(33280K), 0.0015377 secs]
214.028: [GC (Allocation Failure)  29995K->23883K(33280K), 0.0013405 secs]
214.034: [GC (Allocation Failure)  30027K->23947K(33280K), 0.0014737 secs]
214.040: [GC (Allocation Failure)  30091K->23899K(33280K), 0.0015116 secs]
214.046: [GC (Allocation Failure)  30043K->23931K(33280K), 0.0015581 secs]
214.052: [GC (Allocation Failure)  30075K->23931K(33280K), 0.0016256 secs]
214.057: [GC (Allocation Failure)  30075K->23899K(33280K), 0.0014441 secs]
214.063: [GC (Allocation Failure)  30043K->23931K(33280K), 0.0012735 secs]
214.068: [GC (Allocation Failure)  30075K->23899K(33280K), 0.0012133 secs]
214.073: [GC (Allocation Failure)  30043K->23931K(33280K), 0.0012835 secs]
214.079: [GC (Allocation Failure)  30075K->23899K(33280K), 0.0016310 secs]
214.087: [GC (Allocation Failure)  30043K->23995K(33280K), 0.0014302 secs]
214.093: [GC (Allocation Failure)  30139K->24003K(33280K), 0.0011311 secs]
214.098: [GC (Allocation Failure)  30147K->23971K(33280K), 0.0012179 secs]
214.105: [GC (Allocation Failure)  30115K->23939K(33280K), 0.0014950 secs]
214.113: [GC (Allocation Failure)  30083K->23971K(33280K), 0.0017613 secs]
214.121: [GC (Allocation Failure)  30115K->23971K(33280K), 0.0013920 secs]
214.130: [GC (Allocation Failure)  30115K->23875K(33280K), 0.0016679 secs]
214.137: [GC (Allocation Failure)  30019K->24035K(33280K), 0.0016812 secs]
214.143: [GC (Allocation Failure)  30179K->24035K(33280K), 0.0014671 secs]
214.151: [GC (Allocation Failure)  30179K->23939K(33280K), 0.0016426 secs]
214.158: [GC (Allocation Failure)  30083K->24035K(33280K), 0.0014021 secs]
214.166: [GC (Allocation Failure)  30179K->23939K(33280K), 0.0017303 secs]
214.172: [GC (Allocation Failure)  30083K->23939K(33280K), 0.0015377 secs]
214.179: [GC (Allocation Failure)  30083K->23971K(33280K), 0.0017822 secs]
214.185: [GC (Allocation Failure)  30115K->24067K(33280K), 0.0016465 secs]
214.191: [GC (Allocation Failure)  30211K->24075K(33280K), 0.0013390 secs]
214.200: [GC (Allocation Failure)  30219K->23979K(33280K), 0.0017609 secs]
214.207: [GC (Allocation Failure)  30123K->23947K(33280K), 0.0016329 secs]
214.214: [GC (Allocation Failure)  30091K->24011K(33280K), 0.0019957 secs]
214.222: [GC (Allocation Failure)  30155K->23947K(33280K), 0.0025561 secs]
214.232: [GC (Allocation Failure)  30091K->23979K(33280K), 0.0018976 secs]
214.240: [GC (Allocation Failure)  30123K->24075K(33280K), 0.0015876 secs]
214.248: [GC (Allocation Failure)  30219K->24003K(33280K), 0.0021577 secs]
214.258: [GC (Allocation Failure)  30147K->24003K(33280K), 0.0021206 secs]
214.266: [GC (Allocation Failure)  30147K->24003K(33280K), 0.0014452 secs]
214.273: [GC (Allocation Failure)  30147K->23971K(33280K), 0.0017166 secs]
214.279: [GC (Allocation Failure)  30115K->23971K(33280K), 0.0014018 secs]
214.284: [GC (Allocation Failure)  30115K->24099K(33280K), 0.0015419 secs]
214.290: [GC (Allocation Failure)  30243K->24043K(33280K), 0.0011897 secs]
214.296: [GC (Allocation Failure)  30187K->24043K(33280K), 0.0014838 secs]
219.496: [GC (Allocation Failure)  30187K->24475K(33280K), 0.0021576 secs]
219.504: [GC (Allocation Failure)  30619K->25100K(32768K), 0.0019256 secs]
219.511: [GC (Allocation Failure)  30732K->25196K(33280K), 0.0012828 secs]
219.517: [GC (Allocation Failure)  30828K->25196K(33280K), 0.0010165 secs]
219.523: [GC (Allocation Failure)  30828K->25260K(33280K), 0.0015258 secs]
219.530: [GC (Allocation Failure)  30892K->25164K(33280K), 0.0010925 secs]
219.535: [GC (Allocation Failure)  30796K->25132K(33280K), 0.0009981 secs]
219.541: [GC (Allocation Failure)  30764K->25292K(33280K), 0.0015580 secs]
219.548: [GC (Allocation Failure)  30924K->25148K(33280K), 0.0010534 secs]
219.556: [GC (Allocation Failure)  30780K->25180K(33280K), 0.0011748 secs]
219.564: [GC (Allocation Failure)  31324K->25212K(33280K), 0.0012308 secs]
219.572: [GC (Allocation Failure)  31356K->25340K(33280K), 0.0017331 secs]
219.579: [GC (Allocation Failure)  31484K->25212K(33280K), 0.0015037 secs]
219.588: [GC (Allocation Failure)  31356K->25244K(33280K), 0.0013309 secs]
219.595: [GC (Allocation Failure)  31388K->25188K(33280K), 0.0012584 secs]
219.603: [GC (Allocation Failure)  31332K->25380K(33280K), 0.0016483 secs]
219.610: [GC (Allocation Failure)  31524K->25284K(33280K), 0.0010962 secs]
219.616: [GC (Allocation Failure)  31428K->25252K(33280K), 0.0011068 secs]
219.622: [GC (Allocation Failure)  31396K->25188K(33280K), 0.0012780 secs]
219.628: [GC (Allocation Failure)  31332K->25252K(33280K), 0.0011325 secs]
219.634: [GC (Allocation Failure)  31396K->25284K(33280K), 0.0010894 secs]
219.640: [GC (Allocation Failure)  31428K->25316K(33280K), 0.0010834 secs]
219.646: [GC (Allocation Failure)  31460K->25228K(33280K), 0.0011726 secs]
219.654: [GC (Allocation Failure)  31372K->25292K(33280K), 0.0014320 secs]
219.662: [GC (Allocation Failure)  31436K->25260K(33280K), 0.0021718 secs]
219.669: [GC (Allocation Failure)  31404K->25292K(33280K), 0.0012633 secs]
219.676: [GC (Allocation Failure)  31436K->25292K(33280K), 0.0014053 secs]
219.683: [GC (Allocation Failure)  31436K->25228K(33280K), 0.0013888 secs]
219.690: [GC (Allocation Failure)  31372K->25388K(33280K), 0.0014921 secs]
219.698: [GC (Allocation Failure)  31532K->25396K(33280K), 0.0012965 secs]
219.706: [GC (Allocation Failure)  31540K->25332K(33280K), 0.0012388 secs]
219.714: [GC (Allocation Failure)  31476K->25332K(33280K), 0.0014254 secs]
219.721: [GC (Allocation Failure)  31476K->25428K(33280K), 0.0015772 secs]
219.729: [GC (Allocation Failure)  31572K->25364K(33280K), 0.0012528 secs]
219.737: [GC (Allocation Failure)  31508K->25332K(33280K), 0.0012099 secs]
219.745: [GC (Allocation Failure)  31476K->25364K(33280K), 0.0011820 secs]
219.753: [GC (Allocation Failure)  31508K->25308K(33280K), 0.0012367 secs]
219.759: [GC (Allocation Failure)  31452K->25436K(33280K), 0.0016460 secs]
219.767: [GC (Allocation Failure)  31580K->25340K(33280K), 0.0013574 secs]
219.774: [GC (Allocation Failure)  31484K->25404K(33280K), 0.0014018 secs]
219.783: [GC (Allocation Failure)  31548K->25436K(33280K), 0.0016814 secs]
219.790: [GC (Allocation Failure)  31580K->25308K(33280K), 0.0012440 secs]
219.798: [GC (Allocation Failure)  31452K->25468K(33280K), 0.0013568 secs]
219.807: [GC (Allocation Failure)  31612K->25388K(33280K), 0.0013153 secs]
219.814: [GC (Allocation Failure)  31532K->25420K(33280K), 0.0012625 secs]
219.822: [GC (Allocation Failure)  31564K->25356K(33280K), 0.0010932 secs]
219.830: [GC (Allocation Failure)  31500K->25484K(33280K), 0.0016357 secs]
219.838: [GC (Allocation Failure)  31628K->25388K(33280K), 0.0015304 secs]
219.847: [GC (Allocation Failure)  31532K->25452K(33280K), 0.0013289 secs]
219.855: [GC (Allocation Failure)  31596K->25476K(33280K), 0.0016395 secs]
219.863: [GC (Allocation Failure)  31620K->25348K(33280K), 0.0019016 secs]
219.873: [GC (Allocation Failure)  31492K->25444K(33280K), 0.0014484 secs]
219.881: [GC (Allocation Failure)  31588K->25380K(33280K), 0.0018040 secs]
219.891: [GC (Allocation Failure)  31524K->25444K(33280K), 0.0012659 secs]
219.900: [GC (Allocation Failure)  31588K->25540K(33280K), 0.0014136 secs]
219.908: [GC (Allocation Failure)  31684K->25380K(33280K), 0.0013350 secs]
219.916: [GC (Allocation Failure)  31524K->25412K(33280K), 0.0012580 secs]
219.923: [GC (Allocation Failure)  31556K->25380K(33280K), 0.0013261 secs]
219.932: [GC (Allocation Failure)  31524K->25380K(33280K), 0.0016188 secs]
219.940: [GC (Allocation Failure)  31524K->25540K(33280K), 0.0023922 secs]
219.950: [GC (Allocation Failure)  31684K->25476K(33280K), 0.0015192 secs]
219.956: [GC (Allocation Failure)  31620K->25412K(33280K), 0.0013363 secs]
219.962: [GC (Allocation Failure)  31556K->25476K(33280K), 0.0017812 secs]
219.969: [GC (Allocation Failure)  31620K->25572K(33280K), 0.0016379 secs]
219.975: [GC (Allocation Failure)  31716K->25476K(33280K), 0.0011687 secs]
219.982: [GC (Allocation Failure)  31620K->25508K(33280K), 0.0014770 secs]
219.988: [GC (Allocation Failure)  31652K->25444K(33280K), 0.0015733 secs]
219.995: [GC (Allocation Failure)  31588K->25636K(33280K), 0.0015314 secs]
220.001: [GC (Allocation Failure)  31780K->25580K(33280K), 0.0012372 secs]
220.007: [GC (Allocation Failure)  31724K->25516K(33280K), 0.0015036 secs]
220.015: [GC (Allocation Failure)  31660K->25516K(33280K), 0.0021617 secs]
220.023: [GC (Allocation Failure)  31660K->25516K(33280K), 0.0020890 secs]
220.030: [GC (Allocation Failure)  31660K->25516K(33280K), 0.0021119 secs]
220.037: [GC (Allocation Failure)  31660K->25580K(33280K), 0.0024420 secs]
220.046: [GC (Allocation Failure)  31724K->25580K(33280K), 0.0015790 secs]
220.053: [GC (Allocation Failure)  31724K->25652K(33280K), 0.0014741 secs]
220.060: [GC (Allocation Failure)  31796K->25524K(33280K), 0.0012605 secs]
220.066: [GC (Allocation Failure)  31668K->25556K(33280K), 0.0011827 secs]
220.072: [GC (Allocation Failure)  31700K->25556K(33280K), 0.0015861 secs]
220.078: [GC (Allocation Failure)  31700K->25620K(33280K), 0.0011795 secs]
220.084: [GC (Allocation Failure)  31764K->25524K(33280K), 0.0014737 secs]
220.091: [GC (Allocation Failure)  31668K->25620K(33280K), 0.0016850 secs]
220.098: [GC (Allocation Failure)  31764K->25652K(33280K), 0.0014491 secs]
220.105: [GC (Allocation Failure)  31796K->25516K(33280K), 0.0013386 secs]
220.111: [GC (Allocation Failure)  31660K->25580K(33280K), 0.0014387 secs]
220.117: [GC (Allocation Failure)  31724K->25580K(33280K), 0.0014185 secs]
220.123: [GC (Allocation Failure)  31724K->25548K(33280K), 0.0017421 secs]
220.130: [GC (Allocation Failure)  31692K->25548K(33280K), 0.0016902 secs]
220.136: [GC (Allocation Failure)  31692K->25516K(33280K), 0.0014445 secs]
220.143: [GC (Allocation Failure)  31660K->25612K(33280K), 0.0014100 secs]
220.149: [GC (Allocation Failure)  31756K->25644K(33280K), 0.0015553 secs]
220.156: [GC (Allocation Failure)  31788K->25604K(33280K), 0.0014116 secs]
220.163: [GC (Allocation Failure)  31748K->25604K(33280K), 0.0015595 secs]
220.170: [GC (Allocation Failure)  31748K->25604K(33280K), 0.0012155 secs]
220.176: [GC (Allocation Failure)  31748K->25604K(33280K), 0.0017671 secs]
220.183: [GC (Allocation Failure)  31748K->25636K(33280K), 0.0015389 secs]
220.189: [GC (Allocation Failure)  31780K->25604K(33280K), 0.0016625 secs]
220.196: [GC (Allocation Failure)  31748K->25572K(33280K), 0.0013694 secs]
220.202: [GC (Allocation Failure)  31716K->25668K(33280K), 0.0014466 secs]
220.209: [GC (Allocation Failure)  31812K->25580K(33280K), 0.0014983 secs]
220.215: [GC (Allocation Failure)  31724K->25676K(33280K), 0.0013410 secs]
220.222: [GC (Allocation Failure)  31820K->25580K(33280K), 0.0013639 secs]
220.228: [GC (Allocation Failure)  31724K->25644K(33280K), 0.0013652 secs]
220.234: [GC (Allocation Failure)  31788K->25612K(33280K), 0.0015537 secs]
220.241: [GC (Allocation Failure)  31756K->25644K(33280K), 0.0013124 secs]
220.247: [GC (Allocation Failure)  31788K->25612K(33280K), 0.0018902 secs]
220.254: [GC (Allocation Failure)  31756K->25708K(33280K), 0.0012556 secs]
220.260: [GC (Allocation Failure)  31852K->25724K(33280K), 0.0011562 secs]
220.266: [GC (Allocation Failure)  31868K->25692K(33280K), 0.0013933 secs]
220.272: [GC (Allocation Failure)  31836K->25660K(33280K), 0.0011702 secs]
220.278: [GC (Allocation Failure)  31804K->25724K(33280K), 0.0012247 secs]
220.284: [GC (Allocation Failure)  31868K->25692K(33280K), 0.0011998 secs]
220.290: [GC (Allocation Failure)  31836K->25660K(33280K), 0.0011591 secs]
220.296: [GC (Allocation Failure)  31804K->25628K(33280K), 0.0012978 secs]
220.302: [GC (Allocation Failure)  31772K->25820K(33280K), 0.0016962 secs]
220.309: [GC (Allocation Failure)  31964K->25700K(33280K), 0.0011712 secs]
220.315: [GC (Allocation Failure)  31844K->25732K(33280K), 0.0015048 secs]
220.321: [GC (Allocation Failure)  31876K->25732K(33280K), 0.0013358 secs]
220.327: [GC (Allocation Failure)  31876K->25732K(33280K), 0.0012111 secs]
220.334: [GC (Allocation Failure)  31876K->25732K(33280K), 0.0017676 secs]
220.340: [GC (Allocation Failure)  31876K->25732K(33280K), 0.0014117 secs]
220.347: [GC (Allocation Failure)  31876K->25796K(33280K), 0.0019637 secs]
220.354: [GC (Allocation Failure)  31940K->25796K(33280K), 0.0013567 secs]
220.360: [GC (Allocation Failure)  31940K->25836K(33280K), 0.0016720 secs]
220.367: [GC (Allocation Failure)  31980K->25772K(33280K), 0.0018187 secs]
220.374: [GC (Allocation Failure)  31916K->25708K(33280K), 0.0013715 secs]
220.381: [GC (Allocation Failure)  31852K->25772K(33280K), 0.0022388 secs]
220.389: [GC (Allocation Failure)  31916K->25804K(33280K), 0.0017740 secs]
220.396: [GC (Allocation Failure)  31948K->25772K(33280K), 0.0021676 secs]
220.404: [GC (Allocation Failure)  31916K->25868K(33280K), 0.0017017 secs]
220.411: [GC (Allocation Failure)  32012K->25804K(33280K), 0.0016727 secs]
220.418: [GC (Allocation Failure)  31948K->25772K(33280K), 0.0014244 secs]
220.425: [GC (Allocation Failure)  31916K->25740K(33280K), 0.0018552 secs]
220.432: [GC (Allocation Failure)  31884K->25804K(33280K), 0.0016213 secs]
220.438: [GC (Allocation Failure)  31948K->25772K(33280K), 0.0013762 secs]
220.445: [GC (Allocation Failure)  31916K->25804K(33280K), 0.0012465 secs]
220.451: [GC (Allocation Failure)  31948K->25772K(33280K), 0.0012271 secs]
220.456: [GC (Allocation Failure)  31916K->25868K(33280K), 0.0009760 secs]
220.462: [GC (Allocation Failure)  32012K->25788K(33280K), 0.0011641 secs]
220.468: [GC (Allocation Failure)  31932K->25820K(33280K), 0.0011459 secs]
220.475: [GC (Allocation Failure)  31964K->25820K(33280K), 0.0010874 secs]
220.480: [GC (Allocation Failure)  31964K->25820K(33280K), 0.0013722 secs]
220.486: [GC (Allocation Failure)  31964K->25884K(33280K), 0.0010432 secs]
220.492: [GC (Allocation Failure)  32028K->25820K(33280K), 0.0015274 secs]
220.498: [GC (Allocation Failure)  31964K->25852K(33280K), 0.0011169 secs]
220.504: [GC (Allocation Failure)  31996K->25916K(33280K), 0.0011178 secs]
220.510: [GC (Allocation Failure)  32060K->25924K(33280K), 0.0010373 secs]
220.516: [GC (Allocation Failure)  32068K->25860K(33280K), 0.0010402 secs]
220.521: [GC (Allocation Failure)  32004K->25956K(33280K), 0.0010552 secs]
220.527: [GC (Allocation Failure)  32100K->25860K(33280K), 0.0010799 secs]
220.533: [GC (Allocation Failure)  32004K->25892K(33280K), 0.0010421 secs]
220.539: [GC (Allocation Failure)  32036K->25860K(33280K), 0.0010543 secs]
220.544: [GC (Allocation Failure)  32004K->25924K(33280K), 0.0012255 secs]
220.550: [GC (Allocation Failure)  32068K->25860K(33280K), 0.0009350 secs]
220.556: [GC (Allocation Failure)  32004K->25956K(33280K), 0.0011148 secs]
220.562: [GC (Allocation Failure)  32100K->25940K(33280K), 0.0011753 secs]
220.567: [GC (Allocation Failure)  32084K->25844K(33280K), 0.0009205 secs]
220.573: [GC (Allocation Failure)  31988K->25908K(33280K), 0.0009852 secs]
220.579: [GC (Allocation Failure)  32052K->25908K(33280K), 0.0010147 secs]
220.584: [GC (Allocation Failure)  32052K->25940K(33280K), 0.0010359 secs]
220.590: [GC (Allocation Failure)  32084K->25940K(33280K), 0.0011045 secs]
220.596: [GC (Allocation Failure)  32084K->25876K(33280K), 0.0013583 secs]
220.602: [GC (Allocation Failure)  32020K->25908K(33280K), 0.0012706 secs]
220.608: [GC (Allocation Failure)  32052K->26004K(33280K), 0.0010863 secs]
220.622: [GC (Allocation Failure)  32148K->25972K(33280K), 0.0010767 secs]
220.628: [GC (Allocation Failure)  32116K->25972K(33280K), 0.0010756 secs]
220.639: [GC (Allocation Failure)  32116K->25940K(33280K), 0.0010600 secs]
220.644: [GC (Allocation Failure)  32084K->25908K(33280K), 0.0010150 secs]
220.650: [GC (Allocation Failure)  32052K->25940K(33280K), 0.0009933 secs]
220.656: [GC (Allocation Failure)  32084K->26004K(33280K), 0.0012470 secs]
220.661: [GC (Allocation Failure)  32148K->25972K(33280K), 0.0010123 secs]
220.667: [GC (Allocation Failure)  32116K->26004K(33280K), 0.0010095 secs]
220.673: [GC (Allocation Failure)  32148K->26004K(33280K), 0.0010848 secs]
220.678: [GC (Allocation Failure)  32148K->25972K(33280K), 0.0010307 secs]
220.684: [GC (Allocation Failure)  32116K->25972K(33280K), 0.0010064 secs]
220.690: [GC (Allocation Failure)  32116K->25940K(33280K), 0.0010115 secs]
220.696: [GC (Allocation Failure)  32084K->25972K(33280K), 0.0011177 secs]
220.701: [GC (Allocation Failure)  32116K->25972K(33280K), 0.0010181 secs]
220.707: [GC (Allocation Failure)  32116K->26036K(33280K), 0.0012499 secs]
220.713: [GC (Allocation Failure)  32180K->26116K(33280K), 0.0012463 secs]
220.718: [GC (Allocation Failure)  32260K->26020K(33280K), 0.0009956 secs]
220.724: [GC (Allocation Failure)  32164K->25988K(33280K), 0.0010935 secs]
220.730: [GC (Allocation Failure)  32132K->26084K(33280K), 0.0010433 secs]
220.737: [GC (Allocation Failure)  32228K->26052K(33280K), 0.0010692 secs]
220.744: [GC (Allocation Failure)  32196K->26020K(33280K), 0.0012336 secs]
220.751: [GC (Allocation Failure)  32164K->25988K(33280K), 0.0011520 secs]
220.757: [GC (Allocation Failure)  32132K->26116K(33280K), 0.0011497 secs]
220.764: [GC (Allocation Failure)  32260K->25996K(33280K), 0.0010306 secs]
220.770: [GC (Allocation Failure)  32140K->26156K(33280K), 0.0015942 secs]
220.777: [GC (Allocation Failure)  32300K->26060K(33280K), 0.0014664 secs]
220.784: [GC (Allocation Failure)  32204K->26060K(33280K), 0.0013744 secs]
220.791: [GC (Allocation Failure)  32204K->26060K(33280K), 0.0018609 secs]
220.800: [GC (Allocation Failure)  32204K->25996K(33280K), 0.0018368 secs]
220.808: [GC (Allocation Failure)  32140K->26156K(33280K), 0.0019433 secs]
220.817: [GC (Allocation Failure)  32300K->26172K(33280K), 0.0020685 secs]
220.826: [GC (Allocation Failure)  32316K->26172K(33280K), 0.0019955 secs]
220.833: [GC (Allocation Failure)  32316K->26108K(33280K), 0.0014959 secs]
220.840: [GC (Allocation Failure)  32252K->26108K(33280K), 0.0013984 secs]
220.848: [GC (Allocation Failure)  32252K->26140K(33280K), 0.0024507 secs]
220.857: [GC (Allocation Failure)  32284K->26236K(33280K), 0.0013682 secs]
220.864: [GC (Allocation Failure)  32380K->26140K(33280K), 0.0022904 secs]
220.872: [GC (Allocation Failure)  32284K->26140K(33280K), 0.0014058 secs]
220.879: [GC (Allocation Failure)  32284K->26140K(33280K), 0.0018347 secs]
220.887: [GC (Allocation Failure)  32284K->26140K(33280K), 0.0012175 secs]
220.895: [GC (Allocation Failure)  32284K->26140K(33280K), 0.0011328 secs]
220.902: [GC (Allocation Failure)  32284K->26140K(33280K), 0.0013411 secs]
220.910: [GC (Allocation Failure)  32284K->26172K(33280K), 0.0012634 secs]
220.918: [GC (Allocation Failure)  32316K->26180K(33280K), 0.0012817 secs]
220.927: [GC (Allocation Failure)  32324K->26180K(33280K), 0.0012623 secs]
220.935: [GC (Allocation Failure)  32324K->26244K(33280K), 0.0012180 secs]
220.944: [GC (Allocation Failure)  32388K->26116K(33280K), 0.0015724 secs]
220.951: [GC (Allocation Failure)  32260K->26308K(33280K), 0.0018119 secs]
220.960: [GC (Allocation Failure)  32452K->26244K(33280K), 0.0012828 secs]
220.968: [GC (Allocation Failure)  32388K->26220K(33280K), 0.0017428 secs]
220.976: [GC (Allocation Failure)  32364K->26284K(33280K), 0.0016594 secs]
220.984: [GC (Allocation Failure)  32428K->26220K(33280K), 0.0014920 secs]
220.992: [GC (Allocation Failure)  32364K->26156K(33280K), 0.0019303 secs]
221.001: [GC (Allocation Failure)  32300K->26220K(33280K), 0.0012330 secs]
221.009: [GC (Allocation Failure)  32364K->26348K(33280K), 0.0017261 secs]
221.018: [GC (Allocation Failure)  32492K->26364K(33280K), 0.0013854 secs]
221.026: [GC (Allocation Failure)  32508K->26204K(33280K), 0.0015919 secs]
221.033: [GC (Allocation Failure)  32348K->26204K(33280K), 0.0014008 secs]
221.042: [GC (Allocation Failure)  32348K->26268K(33280K), 0.0015600 secs]
221.051: [GC (Allocation Failure)  32412K->26300K(33280K), 0.0013834 secs]
221.062: [GC (Allocation Failure)  32444K->26396K(33280K), 0.0017493 secs]
221.071: [GC (Allocation Failure)  32540K->26252K(33280K), 0.0014236 secs]
221.079: [GC (Allocation Failure)  32396K->26316K(33280K), 0.0013500 secs]
221.087: [GC (Allocation Failure)  32460K->26348K(33280K), 0.0016662 secs]
221.319: [GC (Allocation Failure)  32492K->27213K(34816K), 0.0030701 secs]
229.738: [GC (Allocation Failure)  33357K->27389K(35328K), 0.0015750 secs]
230.970: [GC (Allocation Failure)  33533K->27125K(35328K), 0.0013988 secs]
230.974: [GC (Allocation Failure)  33269K->27117K(35328K), 0.0011257 secs]
230.978: [GC (Allocation Failure)  33261K->27029K(35328K), 0.0010152 secs]
230.983: [GC (Allocation Failure)  33173K->27061K(35328K), 0.0010190 secs]
230.987: [GC (Allocation Failure)  33205K->27029K(35328K), 0.0009468 secs]
230.991: [GC (Allocation Failure)  33173K->27093K(35328K), 0.0008525 secs]
230.995: [GC (Allocation Failure)  33237K->27093K(35328K), 0.0009327 secs]
230.999: [GC (Allocation Failure)  33237K->27149K(34816K), 0.0011394 secs]
231.004: [GC (Allocation Failure)  33293K->27165K(34816K), 0.0014922 secs]
231.009: [GC (Allocation Failure)  33309K->27317K(34816K), 0.0011425 secs]
231.014: [GC (Allocation Failure)  33461K->27368K(34816K), 0.0012404 secs]
231.020: [GC (Allocation Failure)  33512K->27440K(34816K), 0.0016370 secs]
231.026: [GC (Allocation Failure)  33584K->27441K(34816K), 0.0014113 secs]
231.031: [GC (Allocation Failure)  33585K->27564K(34816K), 0.0015425 secs]
231.037: [GC (Allocation Failure)  33708K->27516K(34816K), 0.0016123 secs]
231.043: [GC (Allocation Failure)  33660K->27596K(34816K), 0.0019709 secs]
231.049: [GC (Allocation Failure)  33740K->27612K(34816K), 0.0013184 secs]
231.053: [GC (Allocation Failure)  33756K->27612K(34816K), 0.0010978 secs]
231.057: [GC (Allocation Failure)  33756K->27596K(34816K), 0.0010049 secs]
231.061: [GC (Allocation Failure)  33740K->27564K(34816K), 0.0008244 secs]
231.066: [GC (Allocation Failure)  33708K->27500K(34816K), 0.0009408 secs]
231.069: [GC (Allocation Failure)  33644K->27596K(34816K), 0.0008563 secs]
231.073: [GC (Allocation Failure)  33740K->27508K(34816K), 0.0007926 secs]
231.077: [GC (Allocation Failure)  33652K->27700K(34816K), 0.0009029 secs]
231.081: [GC (Allocation Failure)  33844K->27780K(34816K), 0.0011865 secs]
231.086: [GC (Allocation Failure)  33924K->27881K(34816K), 0.0015805 secs]
231.091: [GC (Allocation Failure)  34025K->27939K(34816K), 0.0014804 secs]
231.096: [GC (Allocation Failure)  34083K->27892K(34816K), 0.0019730 secs]
231.102: [GC (Allocation Failure)  34036K->27996K(34816K), 0.0015226 secs]
231.107: [GC (Allocation Failure)  34140K->28036K(34816K), 0.0011882 secs]
231.111: [GC (Allocation Failure)  34180K->27916K(34816K), 0.0015548 secs]
231.116: [GC (Allocation Failure)  34060K->28020K(34816K), 0.0011628 secs]
231.121: [GC (Allocation Failure)  34164K->28028K(34816K), 0.0010798 secs]
231.125: [GC (Allocation Failure)  34172K->27996K(34816K), 0.0009938 secs]
231.129: [GC (Allocation Failure)  34140K->27996K(34816K), 0.0008902 secs]
231.133: [GC (Allocation Failure)  34140K->28028K(34816K), 0.0008649 secs]
231.137: [GC (Allocation Failure)  34172K->27964K(34816K), 0.0008057 secs]
231.141: [GC (Allocation Failure)  34108K->27964K(34816K), 0.0007955 secs]
231.144: [GC (Allocation Failure)  34108K->27996K(34816K), 0.0008209 secs]
231.148: [GC (Allocation Failure)  34140K->27980K(34816K), 0.0008883 secs]
231.152: [GC (Allocation Failure)  34124K->27980K(34816K), 0.0008421 secs]
231.156: [GC (Allocation Failure)  34124K->28012K(34816K), 0.0009611 secs]
231.160: [GC (Allocation Failure)  34156K->27980K(34816K), 0.0008815 secs]
231.164: [GC (Allocation Failure)  34124K->28012K(34816K), 0.0008983 secs]
231.168: [GC (Allocation Failure)  34156K->27980K(34816K), 0.0008754 secs]
231.171: [GC (Allocation Failure)  34124K->28012K(34816K), 0.0009493 secs]
231.175: [GC (Allocation Failure)  34156K->27948K(34816K), 0.0008755 secs]
231.179: [GC (Allocation Failure)  34092K->28044K(34816K), 0.0009004 secs]
231.183: [GC (Allocation Failure)  34188K->28012K(34816K), 0.0008717 secs]
231.187: [GC (Allocation Failure)  34156K->28012K(34816K), 0.0007314 secs]
231.191: [GC (Allocation Failure)  34156K->27980K(34816K), 0.0008412 secs]
231.194: [GC (Allocation Failure)  34124K->28076K(34816K), 0.0008415 secs]
231.198: [GC (Allocation Failure)  34220K->28124K(34816K), 0.0009588 secs]
231.203: [GC (Allocation Failure)  34268K->28188K(34816K), 0.0010229 secs]
231.207: [GC (Allocation Failure)  34332K->28156K(34816K), 0.0009436 secs]
231.212: [GC (Allocation Failure)  34300K->28156K(34816K), 0.0013839 secs]
231.216: [GC (Allocation Failure)  34300K->28132K(34816K), 0.0009293 secs]
231.220: [GC (Allocation Failure)  34276K->28100K(34816K), 0.0009379 secs]
231.224: [GC (Allocation Failure)  34244K->28100K(34816K), 0.0009486 secs]
231.228: [GC (Allocation Failure)  34244K->28100K(34816K), 0.0008786 secs]
231.232: [GC (Allocation Failure)  34244K->28100K(34816K), 0.0009562 secs]
231.236: [GC (Allocation Failure)  34244K->28100K(34816K), 0.0009296 secs]
231.239: [GC (Allocation Failure)  34244K->28132K(34816K), 0.0010305 secs]
231.244: [GC (Allocation Failure)  34276K->28100K(34816K), 0.0010142 secs]
231.248: [GC (Allocation Failure)  34244K->28052K(34816K), 0.0008848 secs]
231.251: [GC (Allocation Failure)  34196K->28116K(34816K), 0.0009516 secs]
231.256: [GC (Allocation Failure)  34260K->28116K(34816K), 0.0008695 secs]
231.260: [GC (Allocation Failure)  34260K->28084K(34816K), 0.0008904 secs]
231.263: [GC (Allocation Failure)  34228K->28116K(34816K), 0.0009290 secs]
231.267: [GC (Allocation Failure)  34260K->28148K(34816K), 0.0008052 secs]
231.271: [GC (Allocation Failure)  34292K->28084K(34816K), 0.0008495 secs]
231.275: [GC (Allocation Failure)  34228K->28084K(34816K), 0.0009654 secs]
231.279: [GC (Allocation Failure)  34228K->28148K(34816K), 0.0009881 secs]
231.283: [GC (Allocation Failure)  34292K->28052K(34816K), 0.0008521 secs]
231.287: [GC (Allocation Failure)  34196K->28148K(34816K), 0.0009055 secs]
231.291: [GC (Allocation Failure)  34292K->28084K(34816K), 0.0008317 secs]
231.295: [GC (Allocation Failure)  34228K->28180K(34816K), 0.0008255 secs]
231.298: [GC (Allocation Failure)  34324K->28156K(34816K), 0.0008880 secs]
231.303: [GC (Allocation Failure)  34300K->28292K(34816K), 0.0012726 secs]
231.308: [GC (Allocation Failure)  34436K->28140K(34816K), 0.0014644 secs]
231.312: [GC (Allocation Failure)  34284K->28204K(34816K), 0.0017286 secs]
231.317: [GC (Allocation Failure)  34348K->28244K(34816K), 0.0009911 secs]
231.321: [GC (Allocation Failure)  34388K->28212K(34816K), 0.0009479 secs]
231.325: [GC (Allocation Failure)  34356K->28212K(34816K), 0.0008950 secs]
231.329: [GC (Allocation Failure)  34356K->28212K(34816K), 0.0008581 secs]
231.333: [GC (Allocation Failure)  34356K->28212K(34816K), 0.0009166 secs]
231.337: [GC (Allocation Failure)  34356K->28180K(34816K), 0.0008708 secs]
231.341: [GC (Allocation Failure)  34324K->28180K(34816K), 0.0009718 secs]
231.345: [GC (Allocation Failure)  34324K->28212K(34816K), 0.0008996 secs]
231.349: [GC (Allocation Failure)  34356K->28228K(34816K), 0.0008492 secs]
231.353: [GC (Allocation Failure)  34372K->28228K(34816K), 0.0007867 secs]
231.356: [GC (Allocation Failure)  34372K->28260K(34816K), 0.0008055 secs]
231.360: [GC (Allocation Failure)  34404K->28196K(34816K), 0.0007683 secs]
231.364: [GC (Allocation Failure)  34340K->28196K(34816K), 0.0009656 secs]
231.368: [GC (Allocation Failure)  34340K->28228K(34816K), 0.0009790 secs]
231.372: [GC (Allocation Failure)  34372K->28260K(34816K), 0.0009117 secs]
231.376: [GC (Allocation Failure)  34404K->28164K(34816K), 0.0008702 secs]
231.379: [GC (Allocation Failure)  34308K->28228K(34816K), 0.0007915 secs]
231.383: [GC (Allocation Failure)  34372K->28228K(34816K), 0.0008652 secs]
231.387: [GC (Allocation Failure)  34372K->28228K(34816K), 0.0007898 secs]
231.391: [GC (Allocation Failure)  34372K->28196K(34816K), 0.0008076 secs]
231.394: [GC (Allocation Failure)  34340K->28164K(34816K), 0.0008531 secs]
231.399: [GC (Allocation Failure)  34308K->28260K(34816K), 0.0009458 secs]
231.403: [GC (Allocation Failure)  34404K->28308K(35840K), 0.0012198 secs]
231.408: [GC (Allocation Failure)  34452K->28332K(35840K), 0.0010206 secs]
231.412: [GC (Allocation Failure)  34476K->28276K(35840K), 0.0011671 secs]
231.417: [GC (Allocation Failure)  34420K->28276K(35840K), 0.0010087 secs]
231.421: [GC (Allocation Failure)  34420K->28332K(35840K), 0.0009540 secs]
231.425: [GC (Allocation Failure)  34476K->28364K(35840K), 0.0009371 secs]
231.429: [GC (Allocation Failure)  34508K->28332K(35840K), 0.0013064 secs]
231.434: [GC (Allocation Failure)  34476K->28308K(35840K), 0.0010961 secs]
231.438: [GC (Allocation Failure)  34452K->28340K(35840K), 0.0008879 secs]
231.441: [GC (Allocation Failure)  34484K->28372K(35840K), 0.0009088 secs]
231.445: [GC (Allocation Failure)  34516K->28372K(35840K), 0.0010300 secs]
231.449: [GC (Allocation Failure)  34516K->28372K(35840K), 0.0009134 secs]
231.453: [GC (Allocation Failure)  34516K->28388K(35840K), 0.0009632 secs]
231.457: [GC (Allocation Failure)  34532K->28484K(35840K), 0.0012456 secs]
231.462: [GC (Allocation Failure)  34628K->28380K(35840K), 0.0013526 secs]
231.466: [GC (Allocation Failure)  34524K->28420K(35840K), 0.0009691 secs]
231.470: [GC (Allocation Failure)  34564K->28388K(35840K), 0.0008941 secs]
231.474: [GC (Allocation Failure)  34532K->28420K(35840K), 0.0008607 secs]
231.478: [GC (Allocation Failure)  34564K->28452K(35840K), 0.0008749 secs]
231.482: [GC (Allocation Failure)  34596K->28420K(35840K), 0.0008893 secs]
231.485: [GC (Allocation Failure)  34564K->28452K(35840K), 0.0009644 secs]
231.489: [GC (Allocation Failure)  34596K->28420K(35840K), 0.0009315 secs]
231.493: [GC (Allocation Failure)  34564K->28388K(35840K), 0.0008477 secs]
231.497: [GC (Allocation Failure)  34532K->28420K(35840K), 0.0008577 secs]
231.502: [GC (Allocation Failure)  34564K->28460K(35840K), 0.0012422 secs]
231.506: [GC (Allocation Failure)  34604K->28492K(35840K), 0.0011535 secs]
231.511: [GC (Allocation Failure)  34636K->28596K(35840K), 0.0011837 secs]
231.515: [GC (Allocation Failure)  34740K->28508K(35840K), 0.0010113 secs]
231.519: [GC (Allocation Failure)  34652K->28508K(35840K), 0.0009568 secs]
231.523: [GC (Allocation Failure)  34652K->28540K(35840K), 0.0008811 secs]
231.527: [GC (Allocation Failure)  34684K->28508K(35840K), 0.0008908 secs]
231.531: [GC (Allocation Failure)  34652K->28540K(35840K), 0.0007764 secs]
231.535: [GC (Allocation Failure)  34684K->28508K(35840K), 0.0009478 secs]
231.539: [GC (Allocation Failure)  34652K->28476K(35840K), 0.0008930 secs]
231.543: [GC (Allocation Failure)  34620K->28444K(35840K), 0.0008062 secs]
231.546: [GC (Allocation Failure)  34588K->28476K(35840K), 0.0011317 secs]
231.550: [GC (Allocation Failure)  34620K->28572K(35840K), 0.0008538 secs]
231.554: [GC (Allocation Failure)  34716K->28460K(35840K), 0.0010382 secs]
232.355: [GC (Allocation Failure)  34604K->28684K(35840K), 0.0015861 secs]
232.360: [GC (Allocation Failure)  34828K->28676K(35840K), 0.0010739 secs]
232.364: [GC (Allocation Failure)  34820K->28588K(35840K), 0.0011341 secs]
232.369: [GC (Allocation Failure)  34732K->28588K(35840K), 0.0011689 secs]
232.373: [GC (Allocation Failure)  34732K->28652K(35840K), 0.0009709 secs]
232.377: [GC (Allocation Failure)  34796K->28588K(35840K), 0.0008563 secs]
232.381: [GC (Allocation Failure)  34732K->28588K(35840K), 0.0010735 secs]
232.385: [GC (Allocation Failure)  34732K->28588K(35840K), 0.0009848 secs]
232.389: [GC (Allocation Failure)  34732K->28588K(35840K), 0.0009172 secs]
232.392: [GC (Allocation Failure)  34732K->28588K(35840K), 0.0010008 secs]
232.396: [GC (Allocation Failure)  34732K->28588K(35840K), 0.0009642 secs]
232.400: [GC (Allocation Failure)  34732K->28652K(35840K), 0.0008658 secs]
232.405: [GC (Allocation Failure)  34796K->28684K(35840K), 0.0011631 secs]
232.410: [GC (Allocation Failure)  34828K->28684K(35840K), 0.0015124 secs]
232.415: [GC (Allocation Failure)  34828K->28716K(35840K), 0.0011980 secs]
232.419: [GC (Allocation Failure)  34860K->28660K(35840K), 0.0010912 secs]
232.423: [GC (Allocation Failure)  34804K->28660K(35840K), 0.0009336 secs]
232.426: [GC (Allocation Failure)  34804K->28660K(35840K), 0.0009723 secs]
232.430: [GC (Allocation Failure)  34804K->28692K(35840K), 0.0009956 secs]
232.434: [GC (Allocation Failure)  34836K->28660K(35840K), 0.0009894 secs]
232.438: [GC (Allocation Failure)  34804K->28660K(35840K), 0.0009476 secs]
232.442: [GC (Allocation Failure)  34804K->28692K(35840K), 0.0008697 secs]
232.446: [GC (Allocation Failure)  34836K->28692K(35840K), 0.0007904 secs]
232.450: [GC (Allocation Failure)  34836K->28692K(35840K), 0.0009026 secs]
232.453: [GC (Allocation Failure)  34836K->28724K(35840K), 0.0008224 secs]
232.457: [GC (Allocation Failure)  34868K->28676K(35840K), 0.0007507 secs]
232.461: [GC (Allocation Failure)  34820K->28708K(35840K), 0.0010376 secs]
232.466: [GC (Allocation Failure)  34852K->28740K(35840K), 0.0010749 secs]
232.470: [GC (Allocation Failure)  34884K->28676K(35840K), 0.0009056 secs]
232.473: [GC (Allocation Failure)  34820K->28676K(35840K), 0.0010146 secs]
232.477: [GC (Allocation Failure)  34820K->28740K(35840K), 0.0009802 secs]
232.481: [GC (Allocation Failure)  34884K->28708K(35840K), 0.0008635 secs]
232.485: [GC (Allocation Failure)  34852K->28740K(35840K), 0.0009475 secs]
232.488: [GC (Allocation Failure)  34884K->28676K(35840K), 0.0010180 secs]
232.492: [GC (Allocation Failure)  34820K->28708K(35840K), 0.0008124 secs]
232.496: [GC (Allocation Failure)  34852K->28708K(35840K), 0.0007990 secs]
232.500: [GC (Allocation Failure)  34852K->28676K(35840K), 0.0008989 secs]
232.504: [GC (Allocation Failure)  34820K->28772K(35840K), 0.0008854 secs]
232.508: [GC (Allocation Failure)  34916K->28812K(35840K), 0.0011542 secs]
232.513: [GC (Allocation Failure)  34956K->28780K(35840K), 0.0013889 secs]
232.518: [GC (Allocation Failure)  34924K->28780K(35840K), 0.0010028 secs]
232.522: [GC (Allocation Failure)  34924K->28724K(35840K), 0.0011910 secs]
232.526: [GC (Allocation Failure)  34868K->28724K(35840K), 0.0009157 secs]
232.530: [GC (Allocation Failure)  34868K->28788K(35840K), 0.0009704 secs]
232.533: [GC (Allocation Failure)  34932K->28724K(35840K), 0.0009697 secs]
232.537: [GC (Allocation Failure)  34868K->28820K(35840K), 0.0007642 secs]
232.541: [GC (Allocation Failure)  34964K->28820K(35840K), 0.0007955 secs]
232.545: [GC (Allocation Failure)  34964K->28788K(35840K), 0.0008783 secs]
232.548: [GC (Allocation Failure)  34932K->28788K(35840K), 0.0009006 secs]
232.552: [GC (Allocation Failure)  34932K->28820K(35840K), 0.0008875 secs]
232.556: [GC (Allocation Failure)  34964K->28852K(35840K), 0.0009177 secs]
232.560: [GC (Allocation Failure)  34996K->28772K(35840K), 0.0009667 secs]
232.564: [GC (Allocation Failure)  34916K->28772K(35840K), 0.0008916 secs]
232.568: [GC (Allocation Failure)  34916K->28772K(35840K), 0.0009964 secs]
232.572: [GC (Allocation Failure)  34916K->28804K(35840K), 0.0009670 secs]
232.575: [GC (Allocation Failure)  34948K->28740K(35840K), 0.0009477 secs]
232.579: [GC (Allocation Failure)  34884K->28836K(35840K), 0.0007819 secs]
232.583: [GC (Allocation Failure)  34980K->28804K(35840K), 0.0009415 secs]
232.587: [GC (Allocation Failure)  34948K->28804K(35840K), 0.0009855 secs]
232.591: [GC (Allocation Failure)  34948K->28772K(35840K), 0.0009114 secs]
232.594: [GC (Allocation Failure)  34916K->28804K(35840K), 0.0009133 secs]
232.599: [GC (Allocation Failure)  34948K->28836K(35840K), 0.0009731 secs]
232.603: [GC (Allocation Failure)  34980K->28900K(35840K), 0.0009873 secs]
232.608: [GC (Allocation Failure)  35044K->28932K(35840K), 0.0015454 secs]
232.613: [GC (Allocation Failure)  35076K->28892K(35840K), 0.0014361 secs]
232.617: [GC (Allocation Failure)  35036K->28900K(35840K), 0.0010112 secs]
232.621: [GC (Allocation Failure)  35044K->28900K(35840K), 0.0010601 secs]
232.625: [GC (Allocation Failure)  35044K->28836K(35840K), 0.0009822 secs]
232.629: [GC (Allocation Failure)  34980K->28868K(35840K), 0.0010543 secs]
232.633: [GC (Allocation Failure)  35012K->28836K(35840K), 0.0009274 secs]
232.637: [GC (Allocation Failure)  34980K->28868K(35840K), 0.0009581 secs]
232.640: [GC (Allocation Failure)  35012K->28868K(35840K), 0.0010265 secs]
232.644: [GC (Allocation Failure)  35012K->28900K(35840K), 0.0008222 secs]
232.648: [GC (Allocation Failure)  35044K->28868K(35840K), 0.0010264 secs]
232.652: [GC (Allocation Failure)  35012K->28868K(35840K), 0.0008966 secs]
232.656: [GC (Allocation Failure)  35012K->28868K(35840K), 0.0009245 secs]
232.660: [GC (Allocation Failure)  35012K->28876K(35840K), 0.0008954 secs]
232.663: [GC (Allocation Failure)  35020K->28844K(35840K), 0.0010577 secs]
232.668: [GC (Allocation Failure)  34988K->28876K(35840K), 0.0009826 secs]
232.672: [GC (Allocation Failure)  35020K->28844K(35840K), 0.0009339 secs]
232.676: [GC (Allocation Failure)  34988K->28908K(35840K), 0.0009092 secs]
232.680: [GC (Allocation Failure)  35052K->28844K(35840K), 0.0011765 secs]
232.684: [GC (Allocation Failure)  34988K->28844K(35840K), 0.0010136 secs]
232.688: [GC (Allocation Failure)  34988K->28876K(35840K), 0.0011028 secs]
232.692: [GC (Allocation Failure)  35020K->28844K(35840K), 0.0009687 secs]
232.697: [GC (Allocation Failure)  34988K->28876K(35840K), 0.0013046 secs]
232.701: [GC (Allocation Failure)  35020K->28876K(35840K), 0.0008673 secs]
232.705: [GC (Allocation Failure)  35020K->28940K(35840K), 0.0014165 secs]
232.710: [GC (Allocation Failure)  35084K->29004K(35840K), 0.0013144 secs]
232.716: [GC (Allocation Failure)  35148K->28916K(35840K), 0.0013914 secs]
232.720: [GC (Allocation Failure)  35060K->28924K(35840K), 0.0011060 secs]
232.724: [GC (Allocation Failure)  35068K->28988K(35840K), 0.0010469 secs]
232.728: [GC (Allocation Failure)  35132K->28924K(35840K), 0.0010999 secs]
232.733: [GC (Allocation Failure)  35068K->28988K(35840K), 0.0012695 secs]
232.737: [GC (Allocation Failure)  35132K->28924K(35840K), 0.0009837 secs]
232.741: [GC (Allocation Failure)  35068K->28892K(35840K), 0.0013757 secs]
232.746: [GC (Allocation Failure)  35036K->28956K(35840K), 0.0012675 secs]
232.750: [GC (Allocation Failure)  35100K->28956K(35840K), 0.0009458 secs]
232.754: [GC (Allocation Failure)  35100K->28956K(35840K), 0.0009044 secs]
232.758: [GC (Allocation Failure)  35100K->28988K(35840K), 0.0011593 secs]
232.762: [GC (Allocation Failure)  35132K->28972K(35840K), 0.0011302 secs]
232.767: [GC (Allocation Failure)  35116K->28972K(35840K), 0.0010556 secs]
232.771: [GC (Allocation Failure)  35116K->28972K(35840K), 0.0012905 secs]
232.775: [GC (Allocation Failure)  35116K->29004K(35840K), 0.0010975 secs]
232.779: [GC (Allocation Failure)  35148K->28972K(35840K), 0.0012787 secs]
232.784: [GC (Allocation Failure)  35116K->28972K(35840K), 0.0010937 secs]
232.788: [GC (Allocation Failure)  35116K->28908K(35840K), 0.0012844 secs]
232.792: [GC (Allocation Failure)  35052K->28972K(35840K), 0.0009682 secs]
232.796: [GC (Allocation Failure)  35116K->28940K(35840K), 0.0008942 secs]
232.800: [GC (Allocation Failure)  35084K->29004K(35840K), 0.0008941 secs]
232.804: [GC (Allocation Failure)  35148K->29004K(35840K), 0.0010428 secs]
232.809: [GC (Allocation Failure)  35148K->29116K(35840K), 0.0011353 secs]
232.814: [GC (Allocation Failure)  35260K->29116K(35840K), 0.0014513 secs]
232.819: [GC (Allocation Failure)  35260K->29060K(35840K), 0.0011072 secs]
232.823: [GC (Allocation Failure)  35204K->29028K(35840K), 0.0011628 secs]
232.827: [GC (Allocation Failure)  35172K->29060K(35840K), 0.0010292 secs]
232.832: [GC (Allocation Failure)  35204K->29028K(35840K), 0.0011065 secs]
232.836: [GC (Allocation Failure)  35172K->29028K(35840K), 0.0009755 secs]
232.841: [GC (Allocation Failure)  35172K->29156K(35840K), 0.0015730 secs]
232.845: [GC (Allocation Failure)  35300K->29108K(35840K), 0.0018059 secs]
232.850: [GC (Allocation Failure)  35252K->29084K(35840K), 0.0013271 secs]
232.855: [GC (Allocation Failure)  35228K->29052K(35840K), 0.0012914 secs]
232.860: [GC (Allocation Failure)  35196K->29116K(35840K), 0.0012514 secs]
232.864: [GC (Allocation Failure)  35260K->29132K(35840K), 0.0014602 secs]
232.869: [GC (Allocation Failure)  35276K->29100K(35840K), 0.0010238 secs]
232.874: [GC (Allocation Failure)  35244K->29132K(35840K), 0.0012770 secs]
232.878: [GC (Allocation Failure)  35276K->29132K(35840K), 0.0012932 secs]
232.883: [GC (Allocation Failure)  35276K->29132K(35840K), 0.0012767 secs]
232.887: [GC (Allocation Failure)  35276K->29132K(35840K), 0.0011376 secs]
232.892: [GC (Allocation Failure)  35276K->29100K(35840K), 0.0012924 secs]
232.896: [GC (Allocation Failure)  35244K->29068K(35840K), 0.0012388 secs]
232.900: [GC (Allocation Failure)  35212K->29164K(35840K), 0.0012277 secs]
232.905: [GC (Allocation Failure)  35308K->29196K(35840K), 0.0010313 secs]
232.910: [GC (Allocation Failure)  35340K->29276K(35840K), 0.0012212 secs]
232.915: [GC (Allocation Failure)  35420K->29252K(35840K), 0.0014509 secs]
232.920: [GC (Allocation Failure)  35396K->29228K(35840K), 0.0011112 secs]
232.924: [GC (Allocation Failure)  35372K->29228K(35840K), 0.0011818 secs]
232.928: [GC (Allocation Failure)  35372K->29164K(35840K), 0.0010969 secs]
232.932: [GC (Allocation Failure)  35308K->29228K(35840K), 0.0013038 secs]
232.937: [GC (Allocation Failure)  35372K->29228K(35840K), 0.0010992 secs]
232.941: [GC (Allocation Failure)  35372K->29260K(35840K), 0.0011434 secs]
232.945: [GC (Allocation Failure)  35404K->29228K(35840K), 0.0010575 secs]
232.949: [GC (Allocation Failure)  35372K->29260K(35840K), 0.0010096 secs]
232.953: [GC (Allocation Failure)  35404K->29228K(35840K), 0.0009415 secs]
232.957: [GC (Allocation Failure)  35372K->29292K(35840K), 0.0011461 secs]
232.962: [GC (Allocation Failure)  35436K->29260K(35840K), 0.0014455 secs]
232.966: [GC (Allocation Failure)  35404K->29180K(35840K), 0.0011933 secs]
232.971: [GC (Allocation Failure)  35324K->29180K(35840K), 0.0010512 secs]
232.975: [GC (Allocation Failure)  35324K->29212K(35840K), 0.0010105 secs]
232.979: [GC (Allocation Failure)  35356K->29244K(35840K), 0.0011113 secs]
232.983: [GC (Allocation Failure)  35388K->29244K(35840K), 0.0009722 secs]
232.987: [GC (Allocation Failure)  35388K->29244K(35840K), 0.0010413 secs]
232.991: [GC (Allocation Failure)  35388K->29244K(35840K), 0.0011618 secs]
232.995: [GC (Allocation Failure)  35388K->29180K(35840K), 0.0010657 secs]
232.999: [GC (Allocation Failure)  35324K->29244K(35840K), 0.0010759 secs]
233.004: [GC (Allocation Failure)  35388K->29244K(35840K), 0.0010009 secs]
233.009: [GC (Allocation Failure)  35388K->29276K(35840K), 0.0012093 secs]
233.014: [GC (Allocation Failure)  35420K->29252K(35840K), 0.0015990 secs]
233.019: [GC (Allocation Failure)  35396K->29284K(36352K), 0.0010916 secs]
233.023: [GC (Allocation Failure)  35428K->29292K(36352K), 0.0014963 secs]
233.028: [GC (Allocation Failure)  35436K->29260K(36352K), 0.0010962 secs]
233.033: [GC (Allocation Failure)  35404K->29324K(36352K), 0.0011196 secs]
233.037: [GC (Allocation Failure)  35468K->29292K(36352K), 0.0013350 secs]
233.043: [GC (Allocation Failure)  35436K->29292K(36352K), 0.0014522 secs]
233.048: [GC (Allocation Failure)  35436K->29324K(36352K), 0.0015140 secs]
233.052: [GC (Allocation Failure)  35468K->29292K(36352K), 0.0010724 secs]
233.056: [GC (Allocation Failure)  35436K->29292K(36352K), 0.0011648 secs]
233.061: [GC (Allocation Failure)  35436K->29324K(36352K), 0.0010339 secs]
233.065: [GC (Allocation Failure)  35468K->29324K(36352K), 0.0012544 secs]
233.069: [GC (Allocation Failure)  35468K->29308K(36352K), 0.0009496 secs]
233.073: [GC (Allocation Failure)  35452K->29276K(36352K), 0.0012793 secs]
233.078: [GC (Allocation Failure)  35420K->29308K(36352K), 0.0012509 secs]
233.082: [GC (Allocation Failure)  35452K->29276K(36352K), 0.0010697 secs]
233.086: [GC (Allocation Failure)  35420K->29340K(36352K), 0.0009072 secs]
233.090: [GC (Allocation Failure)  35484K->29308K(36352K), 0.0009940 secs]
233.094: [GC (Allocation Failure)  35452K->29308K(36352K), 0.0009980 secs]
233.098: [GC (Allocation Failure)  35452K->29244K(36352K), 0.0009897 secs]
233.102: [GC (Allocation Failure)  35388K->29276K(36352K), 0.0009340 secs]
233.106: [GC (Allocation Failure)  35420K->29372K(36352K), 0.0010230 secs]
233.111: [GC (Allocation Failure)  35516K->29468K(36352K), 0.0013759 secs]
233.117: [GC (Allocation Failure)  35612K->29436K(36352K), 0.0014283 secs]
233.121: [GC (Allocation Failure)  35580K->29364K(36352K), 0.0008609 secs]
233.125: [GC (Allocation Failure)  35508K->29332K(36352K), 0.0010577 secs]
233.129: [GC (Allocation Failure)  35476K->29396K(36352K), 0.0011132 secs]
233.133: [GC (Allocation Failure)  35540K->29364K(36352K), 0.0010505 secs]
233.137: [GC (Allocation Failure)  35508K->29364K(36352K), 0.0010206 secs]
233.141: [GC (Allocation Failure)  35508K->29364K(36352K), 0.0011736 secs]
233.146: [GC (Allocation Failure)  35508K->29396K(36352K), 0.0013069 secs]
233.150: [GC (Allocation Failure)  35540K->29364K(36352K), 0.0009743 secs]
233.154: [GC (Allocation Failure)  35508K->29364K(36352K), 0.0010403 secs]
233.158: [GC (Allocation Failure)  35508K->29396K(36352K), 0.0009087 secs]
233.162: [GC (Allocation Failure)  35540K->29396K(36352K), 0.0010586 secs]
233.166: [GC (Allocation Failure)  35540K->29396K(36352K), 0.0009613 secs]
233.170: [GC (Allocation Failure)  35540K->29412K(36352K), 0.0007855 secs]
233.174: [GC (Allocation Failure)  35556K->29380K(36352K), 0.0009961 secs]
233.178: [GC (Allocation Failure)  35524K->29380K(36352K), 0.0008651 secs]
233.182: [GC (Allocation Failure)  35524K->29380K(36352K), 0.0011317 secs]
233.186: [GC (Allocation Failure)  35524K->29348K(36352K), 0.0009504 secs]
233.189: [GC (Allocation Failure)  35492K->29412K(36352K), 0.0009163 secs]
233.194: [GC (Allocation Failure)  35556K->29412K(36352K), 0.0011575 secs]
233.198: [GC (Allocation Failure)  35556K->29380K(36352K), 0.0009107 secs]
233.202: [GC (Allocation Failure)  35524K->29444K(36352K), 0.0009715 secs]
233.206: [GC (Allocation Failure)  35588K->29444K(36352K), 0.0012880 secs]
233.211: [GC (Allocation Failure)  35588K->29468K(36352K), 0.0017036 secs]
233.216: [GC (Allocation Failure)  35612K->29524K(36352K), 0.0011887 secs]
233.220: [GC (Allocation Failure)  35668K->29476K(36352K), 0.0009482 secs]
233.224: [GC (Allocation Failure)  35620K->29516K(36352K), 0.0010236 secs]
233.228: [GC (Allocation Failure)  35660K->29516K(36352K), 0.0010804 secs]
233.232: [GC (Allocation Failure)  35660K->29548K(36352K), 0.0010253 secs]
233.236: [GC (Allocation Failure)  35692K->29516K(36352K), 0.0008608 secs]
233.240: [GC (Allocation Failure)  35660K->29516K(36352K), 0.0008614 secs]
233.244: [GC (Allocation Failure)  35660K->29516K(36352K), 0.0008931 secs]
233.248: [GC (Allocation Failure)  35660K->29484K(36352K), 0.0009849 secs]
233.252: [GC (Allocation Failure)  35628K->29516K(36352K), 0.0009756 secs]
233.256: [GC (Allocation Failure)  35660K->29484K(36352K), 0.0009365 secs]
233.260: [GC (Allocation Failure)  35628K->29484K(36352K), 0.0009302 secs]
233.263: [GC (Allocation Failure)  35628K->29516K(36352K), 0.0009530 secs]
233.267: [GC (Allocation Failure)  35660K->29468K(36352K), 0.0009423 secs]
233.271: [GC (Allocation Failure)  35612K->29564K(36352K), 0.0008328 secs]
233.275: [GC (Allocation Failure)  35708K->29532K(36352K), 0.0008836 secs]
233.279: [GC (Allocation Failure)  35676K->29532K(36352K), 0.0009525 secs]
233.283: [GC (Allocation Failure)  35676K->29532K(36352K), 0.0009124 secs]
233.286: [GC (Allocation Failure)  35676K->29532K(36352K), 0.0009440 secs]
233.290: [GC (Allocation Failure)  35676K->29564K(36352K), 0.0008116 secs]
233.294: [GC (Allocation Failure)  35708K->29500K(36352K), 0.0008833 secs]
233.298: [GC (Allocation Failure)  35644K->29564K(36352K), 0.0009108 secs]
233.301: [GC (Allocation Failure)  35708K->29532K(36352K), 0.0008826 secs]
233.305: [GC (Allocation Failure)  35676K->29500K(36352K), 0.0008769 secs]
233.309: [GC (Allocation Failure)  35644K->29628K(36352K), 0.0013067 secs]
233.315: [GC (Allocation Failure)  35772K->29708K(36352K), 0.0012025 secs]
233.319: [GC (Allocation Failure)  35852K->29652K(36352K), 0.0010516 secs]
233.323: [GC (Allocation Failure)  35796K->29596K(36352K), 0.0009239 secs]
233.327: [GC (Allocation Failure)  35740K->29564K(36352K), 0.0007864 secs]
233.331: [GC (Allocation Failure)  35708K->29596K(36352K), 0.0009845 secs]
233.335: [GC (Allocation Failure)  35740K->29596K(36352K), 0.0010198 secs]
233.339: [GC (Allocation Failure)  35740K->29628K(36352K), 0.0009378 secs]
233.343: [GC (Allocation Failure)  35772K->29724K(36352K), 0.0012956 secs]
233.348: [GC (Allocation Failure)  35868K->29652K(36352K), 0.0011160 secs]
233.352: [GC (Allocation Failure)  35796K->29628K(36352K), 0.0012120 secs]
233.356: [GC (Allocation Failure)  35772K->29628K(36352K), 0.0010940 secs]
233.360: [GC (Allocation Failure)  35772K->29628K(36352K), 0.0010246 secs]
233.364: [GC (Allocation Failure)  35772K->29692K(36352K), 0.0010319 secs]
233.368: [GC (Allocation Failure)  35836K->29660K(36352K), 0.0009851 secs]
233.372: [GC (Allocation Failure)  35804K->29644K(36352K), 0.0010542 secs]
233.376: [GC (Allocation Failure)  35788K->29676K(36352K), 0.0010011 secs]
233.380: [GC (Allocation Failure)  35820K->29676K(36352K), 0.0009502 secs]
233.383: [GC (Allocation Failure)  35820K->29644K(36352K), 0.0009905 secs]
233.387: [GC (Allocation Failure)  35788K->29676K(36352K), 0.0008969 secs]
233.391: [GC (Allocation Failure)  35820K->29612K(36352K), 0.0008956 secs]
233.395: [GC (Allocation Failure)  35756K->29708K(36352K), 0.0010133 secs]
233.399: [GC (Allocation Failure)  35852K->29644K(36352K), 0.0009551 secs]
233.403: [GC (Allocation Failure)  35788K->29644K(36352K), 0.0009022 secs]
233.406: [GC (Allocation Failure)  35788K->29740K(36352K), 0.0011863 secs]
233.411: [GC (Allocation Failure)  35884K->29764K(36352K), 0.0019867 secs]
233.417: [GC (Allocation Failure)  35908K->29788K(36352K), 0.0012367 secs]
233.421: [GC (Allocation Failure)  35932K->29780K(36352K), 0.0009922 secs]
233.424: [GC (Allocation Failure)  35924K->29716K(36352K), 0.0009387 secs]
233.428: [GC (Allocation Failure)  35860K->29716K(36352K), 0.0010634 secs]
233.432: [GC (Allocation Failure)  35860K->29748K(36352K), 0.0009797 secs]
233.437: [GC (Allocation Failure)  35892K->29684K(36352K), 0.0009667 secs]
233.441: [GC (Allocation Failure)  35828K->29684K(36352K), 0.0009342 secs]
233.444: [GC (Allocation Failure)  35828K->29748K(36352K), 0.0010579 secs]
233.448: [GC (Allocation Failure)  35892K->29748K(36352K), 0.0008815 secs]
233.452: [GC (Allocation Failure)  35892K->29780K(36352K), 0.0008650 secs]
233.456: [GC (Allocation Failure)  35924K->29748K(36352K), 0.0010284 secs]
233.460: [GC (Allocation Failure)  35892K->29716K(36352K), 0.0010665 secs]
233.464: [GC (Allocation Failure)  35860K->29748K(36352K), 0.0009429 secs]
233.468: [GC (Allocation Failure)  35892K->29780K(36352K), 0.0009398 secs]
233.472: [GC (Allocation Failure)  35924K->29796K(36352K), 0.0008583 secs]
233.476: [GC (Allocation Failure)  35940K->29764K(36352K), 0.0009555 secs]
233.480: [GC (Allocation Failure)  35908K->29732K(36352K), 0.0009352 secs]
233.483: [GC (Allocation Failure)  35876K->29732K(36352K), 0.0008517 secs]
233.487: [GC (Allocation Failure)  35876K->29796K(36352K), 0.0008143 secs]
233.491: [GC (Allocation Failure)  35940K->29796K(36352K), 0.0007963 secs]
233.494: [GC (Allocation Failure)  35940K->29732K(36352K), 0.0008409 secs]
233.498: [GC (Allocation Failure)  35876K->29732K(36352K), 0.0008937 secs]
233.502: [GC (Allocation Failure)  35876K->29764K(36352K), 0.0008389 secs]
233.506: [GC (Allocation Failure)  35908K->29764K(36352K), 0.0009193 secs]
233.510: [GC (Allocation Failure)  35908K->29860K(36352K), 0.0011093 secs]
233.515: [GC (Allocation Failure)  36004K->29860K(36864K), 0.0013026 secs]
233.519: [GC (Allocation Failure)  36004K->29812K(36864K), 0.0010169 secs]
233.523: [GC (Allocation Failure)  35956K->29860K(36864K), 0.0009420 secs]
233.527: [GC (Allocation Failure)  36004K->29764K(36864K), 0.0009664 secs]
233.531: [GC (Allocation Failure)  35908K->29828K(36864K), 0.0010510 secs]
233.536: [GC (Allocation Failure)  35972K->29828K(36864K), 0.0010021 secs]
233.540: [GC (Allocation Failure)  35972K->29796K(36864K), 0.0008804 secs]
233.544: [GC (Allocation Failure)  35940K->29860K(36864K), 0.0011204 secs]
233.548: [GC (Allocation Failure)  36004K->29796K(36864K), 0.0011560 secs]
233.552: [GC (Allocation Failure)  35940K->29860K(36864K), 0.0011625 secs]
233.557: [GC (Allocation Failure)  36004K->29828K(36864K), 0.0011416 secs]
233.561: [GC (Allocation Failure)  35972K->29828K(36864K), 0.0010354 secs]
233.565: [GC (Allocation Failure)  35972K->29828K(36864K), 0.0010155 secs]
233.568: [GC (Allocation Failure)  35972K->29828K(36864K), 0.0008589 secs]
233.572: [GC (Allocation Failure)  35972K->29876K(36864K), 0.0008939 secs]
233.576: [GC (Allocation Failure)  36020K->29812K(36864K), 0.0010274 secs]
233.579: [GC (Allocation Failure)  35956K->29844K(36864K), 0.0008532 secs]
233.583: [GC (Allocation Failure)  35988K->29812K(36864K), 0.0008600 secs]
233.587: [GC (Allocation Failure)  35956K->29844K(36864K), 0.0009455 secs]
233.590: [GC (Allocation Failure)  35988K->29812K(36864K), 0.0008987 secs]
233.594: [GC (Allocation Failure)  35956K->29876K(36864K), 0.0008246 secs]
233.598: [GC (Allocation Failure)  36020K->29876K(36864K), 0.0009050 secs]
233.602: [GC (Allocation Failure)  36020K->29812K(36864K), 0.0008313 secs]
233.606: [GC (Allocation Failure)  35956K->29812K(36864K), 0.0008995 secs]
233.610: [GC (Allocation Failure)  35956K->29876K(36864K), 0.0009852 secs]
233.614: [GC (Allocation Failure)  36020K->29948K(36864K), 0.0012019 secs]
233.619: [GC (Allocation Failure)  36092K->29940K(36864K), 0.0010052 secs]
233.623: [GC (Allocation Failure)  36084K->29892K(36864K), 0.0010214 secs]
233.627: [GC (Allocation Failure)  36036K->29924K(36864K), 0.0010203 secs]
233.631: [GC (Allocation Failure)  36068K->29924K(36864K), 0.0009838 secs]
233.635: [GC (Allocation Failure)  36068K->29956K(36864K), 0.0008389 secs]
233.639: [GC (Allocation Failure)  36100K->29924K(36864K), 0.0009497 secs]
233.642: [GC (Allocation Failure)  36068K->29892K(36864K), 0.0008249 secs]
233.646: [GC (Allocation Failure)  36036K->29924K(36864K), 0.0008749 secs]
233.650: [GC (Allocation Failure)  36068K->29924K(36864K), 0.0009788 secs]
233.654: [GC (Allocation Failure)  36068K->29988K(36864K), 0.0010090 secs]
233.657: [GC (Allocation Failure)  36132K->29956K(36864K), 0.0010827 secs]
233.661: [GC (Allocation Failure)  36100K->29860K(36864K), 0.0009584 secs]
233.665: [GC (Allocation Failure)  36004K->29860K(36864K), 0.0008964 secs]
233.669: [GC (Allocation Failure)  36004K->29956K(36864K), 0.0008413 secs]
233.672: [GC (Allocation Failure)  36100K->29940K(36864K), 0.0007754 secs]
233.676: [GC (Allocation Failure)  36084K->29908K(36864K), 0.0008967 secs]
233.680: [GC (Allocation Failure)  36052K->29972K(36864K), 0.0009750 secs]
233.684: [GC (Allocation Failure)  36116K->29940K(36864K), 0.0008212 secs]
233.688: [GC (Allocation Failure)  36084K->29876K(36864K), 0.0009087 secs]
233.691: [GC (Allocation Failure)  36020K->29940K(36864K), 0.0007841 secs]
233.695: [GC (Allocation Failure)  36084K->29972K(36864K), 0.0008032 secs]
233.699: [GC (Allocation Failure)  36116K->29940K(36864K), 0.0009323 secs]
233.703: [GC (Allocation Failure)  36084K->29908K(36864K), 0.0008394 secs]
233.707: [GC (Allocation Failure)  36052K->29940K(36864K), 0.0009998 secs]
233.711: [GC (Allocation Failure)  36084K->30036K(36864K), 0.0011430 secs]
233.716: [GC (Allocation Failure)  36180K->29988K(36864K), 0.0017815 secs]
233.722: [GC (Allocation Failure)  36132K->30012K(36864K), 0.0014784 secs]
233.727: [GC (Allocation Failure)  36156K->29964K(36864K), 0.0012399 secs]
233.731: [GC (Allocation Failure)  36108K->30028K(36864K), 0.0010829 secs]
233.735: [GC (Allocation Failure)  36172K->29964K(36864K), 0.0009536 secs]
233.739: [GC (Allocation Failure)  36108K->30028K(36864K), 0.0009636 secs]
233.742: [GC (Allocation Failure)  36172K->29964K(36864K), 0.0010108 secs]
233.747: [GC (Allocation Failure)  36108K->29996K(36864K), 0.0011139 secs]
233.751: [GC (Allocation Failure)  36140K->29932K(36864K), 0.0010002 secs]
233.755: [GC (Allocation Failure)  36076K->29996K(36864K), 0.0009831 secs]
233.758: [GC (Allocation Failure)  36140K->29996K(36864K), 0.0009365 secs]
233.762: [GC (Allocation Failure)  36140K->29964K(36864K), 0.0008334 secs]
233.766: [GC (Allocation Failure)  36108K->30028K(36864K), 0.0008502 secs]
233.770: [GC (Allocation Failure)  36172K->29996K(36864K), 0.0008236 secs]
233.773: [GC (Allocation Failure)  36140K->30044K(36864K), 0.0008845 secs]
233.778: [GC (Allocation Failure)  36188K->30012K(36864K), 0.0010544 secs]
233.782: [GC (Allocation Failure)  36156K->29980K(36864K), 0.0009708 secs]
233.786: [GC (Allocation Failure)  36124K->29980K(36864K), 0.0008081 secs]
233.790: [GC (Allocation Failure)  36124K->30012K(36864K), 0.0009576 secs]
233.794: [GC (Allocation Failure)  36156K->29980K(36864K), 0.0010298 secs]
233.798: [GC (Allocation Failure)  36124K->29980K(36864K), 0.0010295 secs]
233.802: [GC (Allocation Failure)  36124K->30012K(36864K), 0.0009553 secs]
233.806: [GC (Allocation Failure)  36156K->30012K(36864K), 0.0009486 secs]
233.810: [GC (Allocation Failure)  36156K->30108K(36864K), 0.0009506 secs]
233.815: [GC (Allocation Failure)  36252K->30156K(36864K), 0.0015609 secs]
233.820: [GC (Allocation Failure)  36300K->30124K(36864K), 0.0010167 secs]
233.824: [GC (Allocation Failure)  36268K->30100K(36864K), 0.0010851 secs]
233.828: [GC (Allocation Failure)  36244K->30052K(36864K), 0.0009828 secs]
233.832: [GC (Allocation Failure)  36196K->30148K(36864K), 0.0009653 secs]
233.836: [GC (Allocation Failure)  36292K->30084K(36864K), 0.0008902 secs]
233.839: [GC (Allocation Failure)  36228K->30116K(36864K), 0.0010043 secs]
233.844: [GC (Allocation Failure)  36260K->30180K(36864K), 0.0011872 secs]
233.848: [GC (Allocation Failure)  36324K->30140K(36864K), 0.0010061 secs]
233.852: [GC (Allocation Failure)  36284K->30180K(36864K), 0.0010150 secs]
233.857: [GC (Allocation Failure)  36324K->30148K(36864K), 0.0010807 secs]
233.861: [GC (Allocation Failure)  36292K->30116K(36864K), 0.0010285 secs]
233.865: [GC (Allocation Failure)  36260K->30148K(36864K), 0.0011903 secs]
233.870: [GC (Allocation Failure)  36292K->30148K(36864K), 0.0009593 secs]
233.874: [GC (Allocation Failure)  36292K->30180K(36864K), 0.0011706 secs]
233.878: [GC (Allocation Failure)  36324K->30164K(36864K), 0.0010474 secs]
233.882: [GC (Allocation Failure)  36308K->30164K(36864K), 0.0010741 secs]
233.887: [GC (Allocation Failure)  36308K->30196K(36864K), 0.0009984 secs]
233.891: [GC (Allocation Failure)  36340K->30164K(36864K), 0.0009206 secs]
233.895: [GC (Allocation Failure)  36308K->30164K(36864K), 0.0008914 secs]
233.899: [GC (Allocation Failure)  36308K->30100K(36864K), 0.0012271 secs]
233.903: [GC (Allocation Failure)  36244K->30132K(36864K), 0.0009057 secs]
233.907: [GC (Allocation Failure)  36276K->30164K(36864K), 0.0009522 secs]
233.911: [GC (Allocation Failure)  36308K->30228K(36864K), 0.0009473 secs]
233.915: [GC (Allocation Failure)  36372K->30156K(36864K), 0.0011789 secs]
233.920: [GC (Allocation Failure)  36300K->30284K(36864K), 0.0012217 secs]
233.924: [GC (Allocation Failure)  36428K->30284K(36864K), 0.0009184 secs]
233.928: [GC (Allocation Failure)  36428K->30244K(36864K), 0.0011925 secs]
233.930: [Full GC (Ergonomics)  30244K->21295K(31744K), 0.0780766 secs]
234.014: [GC (Allocation Failure)  27439K->21519K(31744K), 0.0014094 secs]
234.018: [GC (Allocation Failure)  27663K->21527K(31744K), 0.0014245 secs]
234.023: [GC (Allocation Failure)  27671K->21447K(31744K), 0.0011036 secs]
234.027: [GC (Allocation Failure)  27591K->21423K(31744K), 0.0009854 secs]
234.031: [GC (Allocation Failure)  27567K->21487K(31744K), 0.0009251 secs]
234.035: [GC (Allocation Failure)  27631K->21519K(31744K), 0.0009587 secs]
234.038: [GC (Allocation Failure)  27663K->21487K(31744K), 0.0012099 secs]
234.043: [GC (Allocation Failure)  27631K->21519K(31744K), 0.0012150 secs]
234.047: [GC (Allocation Failure)  27663K->21487K(31744K), 0.0010899 secs]
234.051: [GC (Allocation Failure)  27631K->21487K(31744K), 0.0009684 secs]
234.055: [GC (Allocation Failure)  27631K->21519K(31744K), 0.0008987 secs]
234.059: [GC (Allocation Failure)  27663K->21487K(31744K), 0.0008966 secs]
234.062: [GC (Allocation Failure)  27631K->21535K(31744K), 0.0008831 secs]
234.066: [GC (Allocation Failure)  27679K->21471K(31744K), 0.0008198 secs]
234.070: [GC (Allocation Failure)  27615K->21567K(31744K), 0.0008774 secs]
234.073: [GC (Allocation Failure)  27711K->21471K(31744K), 0.0008719 secs]
234.077: [GC (Allocation Failure)  27615K->21535K(31744K), 0.0008286 secs]
234.081: [GC (Allocation Failure)  27679K->21503K(31744K), 0.0008517 secs]
234.084: [GC (Allocation Failure)  27647K->21471K(31744K), 0.0010174 secs]
234.088: [GC (Allocation Failure)  27615K->21503K(31744K), 0.0009246 secs]
234.092: [GC (Allocation Failure)  27647K->21503K(31744K), 0.0008385 secs]
234.096: [GC (Allocation Failure)  27647K->21503K(31744K), 0.0008150 secs]
234.099: [GC (Allocation Failure)  27647K->21503K(31744K), 0.0009268 secs]
234.103: [GC (Allocation Failure)  27647K->21471K(31744K), 0.0008475 secs]
234.107: [GC (Allocation Failure)  27615K->21567K(31744K), 0.0009127 secs]
234.110: [GC (Allocation Failure)  27711K->21535K(31744K), 0.0008504 secs]
234.114: [GC (Allocation Failure)  27679K->21575K(31744K), 0.0011873 secs]
234.118: [GC (Allocation Failure)  27719K->21575K(31744K), 0.0008593 secs]
234.122: [GC (Allocation Failure)  27719K->21599K(31744K), 0.0012185 secs]
234.126: [GC (Allocation Failure)  27743K->21599K(31744K), 0.0009505 secs]
234.130: [GC (Allocation Failure)  27743K->21607K(31744K), 0.0009079 secs]
234.134: [GC (Allocation Failure)  27751K->21575K(31744K), 0.0008632 secs]
234.137: [GC (Allocation Failure)  27719K->21511K(31744K), 0.0010054 secs]
234.141: [GC (Allocation Failure)  27655K->21575K(31744K), 0.0007605 secs]
234.145: [GC (Allocation Failure)  27719K->21607K(31744K), 0.0010160 secs]
234.149: [GC (Allocation Failure)  27751K->21575K(31744K), 0.0008687 secs]
234.153: [GC (Allocation Failure)  27719K->21575K(31744K), 0.0008732 secs]
234.156: [GC (Allocation Failure)  27719K->21575K(31744K), 0.0008537 secs]
234.160: [GC (Allocation Failure)  27719K->21607K(31744K), 0.0009559 secs]
234.164: [GC (Allocation Failure)  27751K->21623K(31744K), 0.0008445 secs]
234.167: [GC (Allocation Failure)  27767K->21559K(31744K), 0.0008243 secs]
234.171: [GC (Allocation Failure)  27703K->21623K(31744K), 0.0007999 secs]
234.175: [GC (Allocation Failure)  27767K->21591K(31744K), 0.0008346 secs]
234.178: [GC (Allocation Failure)  27735K->21527K(31744K), 0.0009440 secs]
234.182: [GC (Allocation Failure)  27671K->21527K(31744K), 0.0008910 secs]
234.186: [GC (Allocation Failure)  27671K->21527K(31744K), 0.0007843 secs]
234.189: [GC (Allocation Failure)  27671K->21591K(31744K), 0.0009263 secs]
234.193: [GC (Allocation Failure)  27735K->21527K(31744K), 0.0008546 secs]
234.197: [GC (Allocation Failure)  27671K->21591K(31744K), 0.0009543 secs]
234.201: [GC (Allocation Failure)  27735K->21591K(31744K), 0.0009257 secs]
234.204: [GC (Allocation Failure)  27735K->21591K(31744K), 0.0007651 secs]
234.208: [GC (Allocation Failure)  27735K->21559K(31744K), 0.0008696 secs]
234.212: [GC (Allocation Failure)  27703K->21623K(31744K), 0.0011111 secs]
234.217: [GC (Allocation Failure)  27767K->21719K(31744K), 0.0012257 secs]
234.221: [GC (Allocation Failure)  27863K->21631K(31744K), 0.0011496 secs]
234.225: [GC (Allocation Failure)  27775K->21639K(31744K), 0.0009720 secs]
234.229: [GC (Allocation Failure)  27783K->21607K(31744K), 0.0009655 secs]
234.233: [GC (Allocation Failure)  27751K->21575K(31744K), 0.0009064 secs]
234.237: [GC (Allocation Failure)  27719K->21671K(31744K), 0.0008631 secs]
234.240: [GC (Allocation Failure)  27815K->21575K(31744K), 0.0010461 secs]
234.244: [GC (Allocation Failure)  27719K->21607K(31744K), 0.0008732 secs]
234.248: [GC (Allocation Failure)  27751K->21575K(31744K), 0.0009407 secs]
234.252: [GC (Allocation Failure)  27719K->21639K(31744K), 0.0008553 secs]
234.256: [GC (Allocation Failure)  27783K->21639K(31744K), 0.0009225 secs]
234.260: [GC (Allocation Failure)  27783K->21639K(31744K), 0.0009896 secs]
234.263: [GC (Allocation Failure)  27783K->21607K(31744K), 0.0009032 secs]
234.267: [GC (Allocation Failure)  27751K->21591K(31744K), 0.0008847 secs]
234.271: [GC (Allocation Failure)  27735K->21655K(31744K), 0.0008392 secs]
234.275: [GC (Allocation Failure)  27799K->21655K(31744K), 0.0009190 secs]
234.278: [GC (Allocation Failure)  27799K->21591K(31744K), 0.0009570 secs]
234.282: [GC (Allocation Failure)  27735K->21655K(31744K), 0.0008579 secs]
234.286: [GC (Allocation Failure)  27799K->21623K(31744K), 0.0009244 secs]
234.289: [GC (Allocation Failure)  27767K->21655K(31744K), 0.0009629 secs]
234.293: [GC (Allocation Failure)  27799K->21687K(31744K), 0.0007984 secs]
234.297: [GC (Allocation Failure)  27831K->21655K(31744K), 0.0008932 secs]
234.300: [GC (Allocation Failure)  27799K->21687K(31744K), 0.0008353 secs]
234.304: [GC (Allocation Failure)  27831K->21687K(31744K), 0.0008240 secs]
234.308: [GC (Allocation Failure)  27831K->21623K(31744K), 0.0009190 secs]
234.312: [GC (Allocation Failure)  27767K->21719K(31744K), 0.0009983 secs]
234.316: [GC (Allocation Failure)  27863K->21743K(31744K), 0.0012199 secs]
234.321: [GC (Allocation Failure)  27887K->21727K(31744K), 0.0010880 secs]
234.325: [GC (Allocation Failure)  27871K->21703K(31744K), 0.0009020 secs]
234.329: [GC (Allocation Failure)  27847K->21671K(31744K), 0.0010066 secs]
234.333: [GC (Allocation Failure)  27815K->21639K(31744K), 0.0009449 secs]
234.336: [GC (Allocation Failure)  27783K->21703K(31744K), 0.0009176 secs]
234.340: [GC (Allocation Failure)  27847K->21671K(31744K), 0.0008412 secs]
234.344: [GC (Allocation Failure)  27815K->21799K(31744K), 0.0009602 secs]
234.348: [GC (Allocation Failure)  27943K->21807K(31744K), 0.0009038 secs]
234.352: [GC (Allocation Failure)  27951K->21687K(31744K), 0.0011216 secs]
234.356: [GC (Allocation Failure)  27831K->21783K(31744K), 0.0009324 secs]
234.360: [GC (Allocation Failure)  27927K->21719K(31744K), 0.0010366 secs]
234.364: [GC (Allocation Failure)  27863K->21783K(31744K), 0.0011669 secs]
234.368: [GC (Allocation Failure)  27927K->21799K(31744K), 0.0009058 secs]
234.372: [GC (Allocation Failure)  27943K->21735K(31744K), 0.0009538 secs]
234.376: [GC (Allocation Failure)  27879K->21767K(31744K), 0.0009668 secs]
234.379: [GC (Allocation Failure)  27911K->21767K(31744K), 0.0010097 secs]
234.384: [GC (Allocation Failure)  27911K->21735K(31744K), 0.0009919 secs]
234.387: [GC (Allocation Failure)  27879K->21767K(31744K), 0.0009822 secs]
234.391: [GC (Allocation Failure)  27911K->21799K(31744K), 0.0008200 secs]
234.395: [GC (Allocation Failure)  27943K->21799K(31744K), 0.0009682 secs]
234.399: [GC (Allocation Failure)  27943K->21735K(31744K), 0.0009264 secs]
234.402: [GC (Allocation Failure)  27879K->21799K(31744K), 0.0008635 secs]
234.406: [GC (Allocation Failure)  27943K->21767K(31744K), 0.0007865 secs]
234.409: [GC (Allocation Failure)  27911K->21767K(31744K), 0.0008857 secs]
234.414: [GC (Allocation Failure)  27911K->21863K(31744K), 0.0013183 secs]
234.418: [GC (Allocation Failure)  28007K->21879K(31744K), 0.0011432 secs]
234.422: [GC (Allocation Failure)  28023K->21903K(31744K), 0.0009411 secs]
234.426: [GC (Allocation Failure)  28047K->21847K(31744K), 0.0008410 secs]
234.430: [GC (Allocation Failure)  27991K->21815K(31744K), 0.0011408 secs]
234.434: [GC (Allocation Failure)  27959K->21815K(31744K), 0.0009697 secs]
234.438: [GC (Allocation Failure)  27959K->21783K(31744K), 0.0009008 secs]
234.441: [GC (Allocation Failure)  27927K->21815K(31744K), 0.0009558 secs]
234.445: [GC (Allocation Failure)  27959K->21815K(31744K), 0.0008273 secs]
234.449: [GC (Allocation Failure)  27959K->21879K(31744K), 0.0009390 secs]
234.452: [GC (Allocation Failure)  28023K->21815K(31744K), 0.0008666 secs]
234.456: [GC (Allocation Failure)  27959K->21879K(31744K), 0.0008210 secs]
234.460: [GC (Allocation Failure)  28023K->21847K(31744K), 0.0009240 secs]
234.463: [GC (Allocation Failure)  27991K->21847K(31744K), 0.0010033 secs]
234.467: [GC (Allocation Failure)  27991K->21911K(31744K), 0.0007771 secs]
234.471: [GC (Allocation Failure)  28054K->21791K(31744K), 0.0008334 secs]
234.475: [GC (Allocation Failure)  27935K->21823K(31744K), 0.0009833 secs]
234.478: [GC (Allocation Failure)  27967K->21823K(31744K), 0.0010753 secs]
234.482: [GC (Allocation Failure)  27967K->21855K(31744K), 0.0008078 secs]
234.486: [GC (Allocation Failure)  27999K->21887K(31744K), 0.0009014 secs]
234.490: [GC (Allocation Failure)  28031K->21855K(31744K), 0.0009411 secs]
234.493: [GC (Allocation Failure)  27999K->21887K(31744K), 0.0008634 secs]
234.497: [GC (Allocation Failure)  28031K->21855K(31744K), 0.0010013 secs]
234.501: [GC (Allocation Failure)  27999K->21855K(31744K), 0.0008829 secs]
234.505: [GC (Allocation Failure)  27999K->21855K(31744K), 0.0008995 secs]
234.508: [GC (Allocation Failure)  27999K->21855K(31744K), 0.0007819 secs]
234.512: [GC (Allocation Failure)  27999K->21887K(31744K), 0.0008034 secs]
234.517: [GC (Allocation Failure)  28031K->21943K(31744K), 0.0009026 secs]
234.521: [GC (Allocation Failure)  28087K->21999K(31744K), 0.0016178 secs]
234.526: [GC (Allocation Failure)  28143K->22023K(31744K), 0.0009813 secs]
234.530: [GC (Allocation Failure)  28167K->21967K(31744K), 0.0010622 secs]
234.534: [GC (Allocation Failure)  28111K->21999K(31744K), 0.0009651 secs]
234.537: [GC (Allocation Failure)  28143K->21871K(31744K), 0.0009820 secs]
234.541: [GC (Allocation Failure)  28015K->21903K(31744K), 0.0009120 secs]
234.545: [GC (Allocation Failure)  28047K->21935K(31744K), 0.0007658 secs]
234.548: [GC (Allocation Failure)  28079K->21967K(31744K), 0.0008565 secs]
234.552: [GC (Allocation Failure)  28111K->21903K(31744K), 0.0007724 secs]
234.556: [GC (Allocation Failure)  28047K->21935K(31744K), 0.0008442 secs]
234.560: [GC (Allocation Failure)  28079K->21967K(31744K), 0.0008675 secs]
234.564: [GC (Allocation Failure)  28111K->21871K(31744K), 0.0008507 secs]
234.568: [GC (Allocation Failure)  28015K->21935K(31744K), 0.0009117 secs]
234.571: [GC (Allocation Failure)  28079K->21967K(31744K), 0.0009662 secs]
234.575: [GC (Allocation Failure)  28111K->21951K(31744K), 0.0008862 secs]
234.579: [GC (Allocation Failure)  28095K->21951K(31744K), 0.0008462 secs]
234.583: [GC (Allocation Failure)  28095K->21951K(31744K), 0.0008251 secs]
234.586: [GC (Allocation Failure)  28095K->21951K(31744K), 0.0009911 secs]
234.590: [GC (Allocation Failure)  28095K->21887K(31744K), 0.0008104 secs]
234.594: [GC (Allocation Failure)  28031K->21951K(31744K), 0.0009370 secs]
234.597: [GC (Allocation Failure)  28095K->21983K(31744K), 0.0008332 secs]
234.601: [GC (Allocation Failure)  28127K->21919K(31744K), 0.0008701 secs]
234.605: [GC (Allocation Failure)  28063K->21951K(31744K), 0.0008141 secs]
234.609: [GC (Allocation Failure)  28095K->21887K(31744K), 0.0008169 secs]
234.612: [GC (Allocation Failure)  28031K->21919K(31744K), 0.0008182 secs]
234.616: [GC (Allocation Failure)  28063K->22047K(31744K), 0.0011979 secs]
234.621: [GC (Allocation Failure)  28191K->22047K(31744K), 0.0013501 secs]
234.625: [GC (Allocation Failure)  28191K->22071K(31744K), 0.0011445 secs]
234.629: [GC (Allocation Failure)  28215K->22015K(31744K), 0.0013019 secs]
234.634: [GC (Allocation Failure)  28159K->22015K(31744K), 0.0009827 secs]
234.638: [GC (Allocation Failure)  28159K->21951K(31744K), 0.0009360 secs]
234.641: [GC (Allocation Failure)  28095K->22015K(31744K), 0.0009446 secs]
234.645: [GC (Allocation Failure)  28159K->21983K(31744K), 0.0010218 secs]
234.649: [GC (Allocation Failure)  28127K->21983K(31744K), 0.0009186 secs]
234.653: [GC (Allocation Failure)  28127K->22015K(31744K), 0.0009863 secs]
234.657: [GC (Allocation Failure)  28159K->22047K(31744K), 0.0009775 secs]
234.661: [GC (Allocation Failure)  28191K->22047K(31744K), 0.0010417 secs]
234.665: [GC (Allocation Failure)  28191K->22015K(31744K), 0.0010094 secs]
234.669: [GC (Allocation Failure)  28159K->22047K(31744K), 0.0009287 secs]
234.672: [GC (Allocation Failure)  28191K->22047K(31744K), 0.0009164 secs]
234.676: [GC (Allocation Failure)  28191K->22031K(31744K), 0.0011191 secs]
234.681: [GC (Allocation Failure)  28175K->22031K(31744K), 0.0009996 secs]
234.684: [GC (Allocation Failure)  28175K->22031K(31744K), 0.0009518 secs]
234.688: [GC (Allocation Failure)  28175K->22063K(31744K), 0.0009489 secs]
234.693: [GC (Allocation Failure)  28207K->21999K(31744K), 0.0013244 secs]
234.697: [GC (Allocation Failure)  28143K->21999K(31744K), 0.0010815 secs]
234.701: [GC (Allocation Failure)  28143K->22063K(31744K), 0.0009370 secs]
234.705: [GC (Allocation Failure)  28207K->21967K(31744K), 0.0009074 secs]
234.709: [GC (Allocation Failure)  28111K->22031K(31744K), 0.0009833 secs]
234.713: [GC (Allocation Failure)  28175K->22031K(31744K), 0.0008654 secs]
234.717: [GC (Allocation Failure)  28175K->22095K(31744K), 0.0014476 secs]
234.722: [GC (Allocation Failure)  28239K->22127K(31744K), 0.0016218 secs]
234.726: [GC (Allocation Failure)  28271K->22119K(31744K), 0.0013893 secs]
234.731: [GC (Allocation Failure)  28263K->22063K(31744K), 0.0012642 secs]
234.735: [GC (Allocation Failure)  28207K->22127K(31744K), 0.0008850 secs]
234.739: [GC (Allocation Failure)  28271K->22127K(31744K), 0.0008803 secs]
234.743: [GC (Allocation Failure)  28271K->22095K(31744K), 0.0016933 secs]
234.748: [GC (Allocation Failure)  28239K->22095K(31744K), 0.0014196 secs]
234.753: [GC (Allocation Failure)  28239K->22127K(31744K), 0.0012132 secs]
234.757: [GC (Allocation Failure)  28271K->22063K(31744K), 0.0014035 secs]
234.762: [GC (Allocation Failure)  28207K->22095K(31744K), 0.0012045 secs]
234.766: [GC (Allocation Failure)  28239K->22095K(31744K), 0.0010573 secs]
234.771: [GC (Allocation Failure)  28239K->22031K(31744K), 0.0017320 secs]
234.776: [GC (Allocation Failure)  28175K->22159K(31744K), 0.0015286 secs]
234.781: [GC (Allocation Failure)  28303K->22039K(31744K), 0.0012217 secs]
234.785: [GC (Allocation Failure)  28183K->22103K(31744K), 0.0011135 secs]
234.790: [GC (Allocation Failure)  28247K->22071K(31744K), 0.0011634 secs]
234.794: [GC (Allocation Failure)  28215K->22103K(31744K), 0.0010393 secs]
234.798: [GC (Allocation Failure)  28247K->22103K(31744K), 0.0008992 secs]
234.801: [GC (Allocation Failure)  28247K->22103K(31744K), 0.0009322 secs]
234.805: [GC (Allocation Failure)  28247K->22103K(31744K), 0.0009829 secs]
234.809: [GC (Allocation Failure)  28247K->22103K(31744K), 0.0010866 secs]
234.814: [GC (Allocation Failure)  28247K->22103K(31744K), 0.0010571 secs]
234.817: [GC (Allocation Failure)  28247K->22167K(31744K), 0.0008584 secs]
234.822: [GC (Allocation Failure)  28311K->22191K(31744K), 0.0014945 secs]
234.827: [GC (Allocation Failure)  28335K->22215K(31744K), 0.0013777 secs]
234.831: [GC (Allocation Failure)  28359K->22175K(31744K), 0.0012512 secs]
234.836: [GC (Allocation Failure)  28319K->22175K(31744K), 0.0010633 secs]
234.840: [GC (Allocation Failure)  28319K->22143K(31744K), 0.0013064 secs]
234.845: [GC (Allocation Failure)  28287K->22271K(31744K), 0.0014846 secs]
234.850: [GC (Allocation Failure)  28415K->22335K(31744K), 0.0010138 secs]
234.854: [GC (Allocation Failure)  28479K->22215K(31744K), 0.0012557 secs]
234.858: [GC (Allocation Failure)  28359K->22215K(31744K), 0.0012288 secs]
234.863: [GC (Allocation Failure)  28359K->22247K(31744K), 0.0014385 secs]
234.868: [GC (Allocation Failure)  28391K->22183K(31744K), 0.0012402 secs]
234.872: [GC (Allocation Failure)  28327K->22215K(31744K), 0.0012397 secs]
234.877: [GC (Allocation Failure)  28359K->22215K(31744K), 0.0010819 secs]
234.881: [GC (Allocation Failure)  28359K->22263K(31744K), 0.0010953 secs]
234.885: [GC (Allocation Failure)  28407K->22231K(31744K), 0.0010365 secs]
234.889: [GC (Allocation Failure)  28375K->22199K(31744K), 0.0010713 secs]
234.893: [GC (Allocation Failure)  28343K->22231K(31744K), 0.0013456 secs]
234.898: [GC (Allocation Failure)  28375K->22263K(31744K), 0.0012195 secs]
234.902: [GC (Allocation Failure)  28407K->22231K(31744K), 0.0010866 secs]
234.906: [GC (Allocation Failure)  28375K->22199K(31744K), 0.0010605 secs]
234.910: [GC (Allocation Failure)  28343K->22231K(31744K), 0.0010702 secs]
234.914: [GC (Allocation Failure)  28375K->22199K(31744K), 0.0009426 secs]
234.918: [GC (Allocation Failure)  28343K->22263K(31744K), 0.0012503 secs]
234.923: [GC (Allocation Failure)  28407K->22351K(31744K), 0.0015678 secs]
234.928: [GC (Allocation Failure)  28495K->22303K(31744K), 0.0016428 secs]
234.933: [GC (Allocation Failure)  28447K->22327K(31744K), 0.0011526 secs]
234.937: [GC (Allocation Failure)  28471K->22295K(31744K), 0.0009512 secs]
234.940: [GC (Allocation Failure)  28439K->22263K(31744K), 0.0011331 secs]
234.945: [GC (Allocation Failure)  28407K->22359K(31744K), 0.0011011 secs]
234.949: [GC (Allocation Failure)  28503K->22295K(31744K), 0.0009155 secs]
234.952: [GC (Allocation Failure)  28439K->22263K(31744K), 0.0009549 secs]
234.956: [GC (Allocation Failure)  28407K->22295K(31744K), 0.0009551 secs]
234.960: [GC (Allocation Failure)  28439K->22295K(31744K), 0.0010062 secs]
234.965: [GC (Allocation Failure)  28439K->22295K(31744K), 0.0008660 secs]
234.968: [GC (Allocation Failure)  28439K->22263K(31744K), 0.0009785 secs]
234.972: [GC (Allocation Failure)  28407K->22327K(31744K), 0.0009190 secs]
234.976: [GC (Allocation Failure)  28471K->22359K(31744K), 0.0009757 secs]
234.980: [GC (Allocation Failure)  28503K->22303K(31744K), 0.0009006 secs]
234.984: [GC (Allocation Failure)  28447K->22399K(31744K), 0.0009586 secs]
234.988: [GC (Allocation Failure)  28543K->22335K(31744K), 0.0009759 secs]
234.992: [GC (Allocation Failure)  28479K->22303K(31744K), 0.0009015 secs]
234.996: [GC (Allocation Failure)  28447K->22271K(31744K), 0.0010476 secs]
235.000: [GC (Allocation Failure)  28415K->22303K(31744K), 0.0008647 secs]
235.004: [GC (Allocation Failure)  28447K->22271K(31744K), 0.0009048 secs]
235.008: [GC (Allocation Failure)  28415K->22271K(31744K), 0.0010599 secs]
235.012: [GC (Allocation Failure)  28415K->22271K(31744K), 0.0010883 secs]
235.016: [GC (Allocation Failure)  28415K->22335K(31744K), 0.0009376 secs]
235.020: [GC (Allocation Failure)  28479K->22415K(31744K), 0.0013450 secs]
235.025: [GC (Allocation Failure)  28559K->22383K(31744K), 0.0015414 secs]
235.030: [GC (Allocation Failure)  28527K->22375K(31744K), 0.0013758 secs]
235.035: [GC (Allocation Failure)  28519K->22383K(31744K), 0.0010795 secs]
235.039: [GC (Allocation Failure)  28527K->22383K(31744K), 0.0015225 secs]
235.044: [GC (Allocation Failure)  28527K->22319K(31744K), 0.0015263 secs]
235.049: [GC (Allocation Failure)  28463K->22415K(31744K), 0.0012710 secs]
235.054: [GC (Allocation Failure)  28559K->22351K(31744K), 0.0015774 secs]
235.059: [GC (Allocation Failure)  28495K->22383K(31744K), 0.0011635 secs]
235.063: [GC (Allocation Failure)  28527K->22351K(31744K), 0.0014618 secs]
235.067: [GC (Allocation Failure)  28495K->22351K(31744K), 0.0012898 secs]
235.072: [GC (Allocation Failure)  28495K->22415K(31744K), 0.0010705 secs]
235.076: [GC (Allocation Failure)  28559K->22415K(31744K), 0.0009573 secs]
235.080: [GC (Allocation Failure)  28559K->22399K(31744K), 0.0015825 secs]
235.085: [GC (Allocation Failure)  28543K->22367K(31744K), 0.0010286 secs]
235.089: [GC (Allocation Failure)  28511K->22399K(31744K), 0.0010612 secs]
235.093: [GC (Allocation Failure)  28543K->22431K(31744K), 0.0009164 secs]
235.097: [GC (Allocation Failure)  28575K->22399K(31744K), 0.0009826 secs]
235.101: [GC (Allocation Failure)  28543K->22399K(31744K), 0.0010213 secs]
235.105: [GC (Allocation Failure)  28543K->22399K(31744K), 0.0010071 secs]
235.109: [GC (Allocation Failure)  28543K->22367K(31744K), 0.0009226 secs]
235.113: [GC (Allocation Failure)  28511K->22367K(31744K), 0.0011478 secs]
235.117: [GC (Allocation Failure)  28511K->22463K(31744K), 0.0012572 secs]
235.122: [GC (Allocation Failure)  28607K->22431K(31744K), 0.0012001 secs]
235.126: [GC (Allocation Failure)  28575K->22463K(31744K), 0.0013083 secs]
235.131: [GC (Allocation Failure)  28607K->22455K(31744K), 0.0011505 secs]
235.135: [GC (Allocation Failure)  28599K->22495K(31744K), 0.0010410 secs]
235.139: [GC (Allocation Failure)  28639K->22463K(31744K), 0.0009027 secs]
235.143: [GC (Allocation Failure)  28607K->22431K(31744K), 0.0010723 secs]
235.147: [GC (Allocation Failure)  28575K->22471K(31744K), 0.0008783 secs]
235.151: [GC (Allocation Failure)  28615K->22439K(31744K), 0.0008341 secs]
235.155: [GC (Allocation Failure)  28583K->22535K(31744K), 0.0009745 secs]
235.159: [GC (Allocation Failure)  28679K->22471K(31744K), 0.0009989 secs]
235.163: [GC (Allocation Failure)  28615K->22407K(31744K), 0.0010547 secs]
235.167: [GC (Allocation Failure)  28551K->22471K(31744K), 0.0009952 secs]
235.172: [GC (Allocation Failure)  28615K->22535K(31744K), 0.0011396 secs]
235.176: [GC (Allocation Failure)  28679K->22559K(31744K), 0.0009095 secs]
235.180: [GC (Allocation Failure)  28703K->22687K(31744K), 0.0011917 secs]
235.185: [GC (Allocation Failure)  28831K->22712K(31744K), 0.0018309 secs]
235.190: [GC (Allocation Failure)  28856K->22714K(31744K), 0.0013050 secs]
235.194: [GC (Allocation Failure)  28858K->22706K(31744K), 0.0012092 secs]
235.199: [GC (Allocation Failure)  28850K->22682K(31744K), 0.0011415 secs]
235.203: [GC (Allocation Failure)  28826K->22682K(31744K), 0.0010942 secs]
235.207: [GC (Allocation Failure)  28826K->22650K(31744K), 0.0011602 secs]
235.211: [GC (Allocation Failure)  28794K->22650K(31744K), 0.0008916 secs]
235.215: [GC (Allocation Failure)  28794K->22650K(31744K), 0.0009051 secs]
235.219: [GC (Allocation Failure)  28794K->22778K(31744K), 0.0012676 secs]
235.224: [GC (Allocation Failure)  28922K->22786K(31744K), 0.0014765 secs]
235.229: [GC (Allocation Failure)  28930K->22770K(31744K), 0.0012028 secs]
235.233: [GC (Allocation Failure)  28914K->22938K(31744K), 0.0010505 secs]
235.237: [GC (Allocation Failure)  29082K->22973K(31744K), 0.0010668 secs]
235.241: [GC (Allocation Failure)  29117K->22829K(31744K), 0.0011306 secs]
235.245: [GC (Allocation Failure)  28973K->22869K(31744K), 0.0011908 secs]
235.250: [GC (Allocation Failure)  29013K->22837K(31744K), 0.0009409 secs]
235.253: [GC (Allocation Failure)  28981K->22837K(31744K), 0.0009599 secs]
235.257: [GC (Allocation Failure)  28981K->22933K(31744K), 0.0009661 secs]
235.261: [GC (Allocation Failure)  29077K->22869K(31744K), 0.0008128 secs]
235.265: [GC (Allocation Failure)  29013K->22837K(31744K), 0.0009094 secs]
235.268: [GC (Allocation Failure)  28981K->22869K(31744K), 0.0008967 secs]
235.272: [GC (Allocation Failure)  29013K->22805K(31744K), 0.0009106 secs]
235.276: [GC (Allocation Failure)  28949K->22805K(31744K), 0.0008509 secs]
235.279: [GC (Allocation Failure)  28949K->22869K(31744K), 0.0010619 secs]
235.284: [GC (Allocation Failure)  29013K->22837K(31744K), 0.0008841 secs]
235.288: [GC (Allocation Failure)  28981K->23061K(31744K), 0.0008913 secs]
235.292: [GC (Allocation Failure)  29205K->23055K(31744K), 0.0010014 secs]
235.296: [GC (Allocation Failure)  29199K->22991K(31744K), 0.0011446 secs]
235.300: [GC (Allocation Failure)  29135K->22959K(31744K), 0.0009704 secs]
235.304: [GC (Allocation Failure)  29103K->22895K(31744K), 0.0009737 secs]
235.308: [GC (Allocation Failure)  29039K->22959K(31744K), 0.0008132 secs]
235.312: [GC (Allocation Failure)  29103K->23023K(31744K), 0.0009209 secs]
235.316: [GC (Allocation Failure)  29167K->22991K(31744K), 0.0008537 secs]
235.320: [GC (Allocation Failure)  29135K->23023K(31744K), 0.0008805 secs]
235.324: [GC (Allocation Failure)  29167K->23055K(31744K), 0.0009732 secs]
235.328: [GC (Allocation Failure)  29199K->23039K(31744K), 0.0012116 secs]
235.333: [GC (Allocation Failure)  29183K->23047K(31744K), 0.0008563 secs]
235.336: [GC (Allocation Failure)  29191K->23207K(31744K), 0.0009909 secs]
235.341: [GC (Allocation Failure)  29351K->23168K(31744K), 0.0009359 secs]
235.346: [GC (Allocation Failure)  29312K->23184K(31744K), 0.0012966 secs]
235.350: [GC (Allocation Failure)  29328K->23144K(31744K), 0.0010674 secs]
235.354: [GC (Allocation Failure)  29288K->23120K(31744K), 0.0009005 secs]
235.358: [GC (Allocation Failure)  29264K->23088K(31744K), 0.0009243 secs]
235.362: [GC (Allocation Failure)  29232K->23152K(31744K), 0.0011378 secs]
235.367: [GC (Allocation Failure)  29296K->23056K(31744K), 0.0011417 secs]
235.371: [GC (Allocation Failure)  29200K->23056K(31744K), 0.0009829 secs]
235.375: [GC (Allocation Failure)  29200K->23120K(31744K), 0.0008795 secs]
235.378: [GC (Allocation Failure)  29264K->23120K(31744K), 0.0009323 secs]
235.382: [GC (Allocation Failure)  29264K->23120K(31744K), 0.0008653 secs]
235.386: [GC (Allocation Failure)  29264K->23184K(31744K), 0.0008397 secs]
235.390: [GC (Allocation Failure)  29328K->23288K(31744K), 0.0009706 secs]
235.394: [GC (Allocation Failure)  29432K->23209K(31744K), 0.0011683 secs]
235.400: [GC (Allocation Failure)  29353K->23225K(31744K), 0.0010202 secs]
235.404: [GC (Allocation Failure)  29369K->23225K(31744K), 0.0008980 secs]
235.408: [GC (Allocation Failure)  29369K->23257K(31744K), 0.0008549 secs]
235.412: [GC (Allocation Failure)  29401K->23225K(31744K), 0.0009760 secs]
235.416: [GC (Allocation Failure)  29369K->23193K(31744K), 0.0008670 secs]
235.420: [GC (Allocation Failure)  29337K->23289K(31744K), 0.0010025 secs]
235.425: [GC (Allocation Failure)  29433K->23257K(31744K), 0.0014608 secs]
235.430: [GC (Allocation Failure)  29401K->23353K(31744K), 0.0014742 secs]
235.434: [GC (Allocation Failure)  29497K->23265K(31744K), 0.0011347 secs]
235.438: [GC (Allocation Failure)  29409K->23297K(31744K), 0.0011583 secs]
235.443: [GC (Allocation Failure)  29441K->23489K(31744K), 0.0012162 secs]
235.447: [GC (Allocation Failure)  29633K->23426K(31744K), 0.0011248 secs]
235.452: [GC (Allocation Failure)  29570K->23394K(31744K), 0.0010086 secs]
235.456: [GC (Allocation Failure)  29538K->23330K(31744K), 0.0009475 secs]
235.459: [GC (Allocation Failure)  29474K->23330K(31744K), 0.0008676 secs]
235.463: [GC (Allocation Failure)  29474K->23298K(31744K), 0.0011836 secs]
235.467: [GC (Allocation Failure)  29442K->23362K(31744K), 0.0010320 secs]
235.471: [GC (Allocation Failure)  29506K->23394K(31744K), 0.0008394 secs]
235.475: [GC (Allocation Failure)  29538K->23362K(31744K), 0.0008241 secs]
235.479: [GC (Allocation Failure)  29506K->23362K(31744K), 0.0008820 secs]
235.483: [GC (Allocation Failure)  29506K->23362K(31744K), 0.0008577 secs]
235.487: [GC (Allocation Failure)  29506K->23298K(31744K), 0.0008135 secs]
235.490: [GC (Allocation Failure)  29442K->23330K(31744K), 0.0008788 secs]
235.495: [GC (Allocation Failure)  29474K->23554K(31744K), 0.0012750 secs]
235.500: [GC (Allocation Failure)  29698K->23507K(31744K), 0.0008422 secs]
235.504: [GC (Allocation Failure)  29651K->23475K(31744K), 0.0009872 secs]
235.508: [GC (Allocation Failure)  29619K->23475K(31744K), 0.0008151 secs]
235.511: [GC (Allocation Failure)  29619K->23411K(31744K), 0.0008391 secs]
235.516: [GC (Allocation Failure)  29555K->23443K(31744K), 0.0010189 secs]
235.520: [GC (Allocation Failure)  29587K->23507K(31744K), 0.0009232 secs]
235.524: [GC (Allocation Failure)  29651K->23555K(31744K), 0.0012163 secs]
235.529: [GC (Allocation Failure)  29699K->23483K(31744K), 0.0012982 secs]
235.534: [GC (Allocation Failure)  29627K->23611K(31744K), 0.0011437 secs]
235.538: [GC (Allocation Failure)  29755K->23523K(31744K), 0.0009029 secs]
235.541: [GC (Allocation Failure)  29667K->23491K(31744K), 0.0009383 secs]
235.546: [GC (Allocation Failure)  29635K->23651K(31744K), 0.0020652 secs]
235.552: [GC (Allocation Failure)  29795K->23717K(31744K), 0.0015068 secs]
235.556: [GC (Allocation Failure)  29861K->23677K(31744K), 0.0010953 secs]
235.560: [GC (Allocation Failure)  29821K->23581K(31744K), 0.0010422 secs]
235.565: [GC (Allocation Failure)  29725K->23549K(31744K), 0.0009655 secs]
235.569: [GC (Allocation Failure)  29693K->23613K(31744K), 0.0009327 secs]
235.573: [GC (Allocation Failure)  29757K->23613K(31744K), 0.0010074 secs]
235.577: [GC (Allocation Failure)  29757K->23581K(31744K), 0.0009269 secs]
235.580: [GC (Allocation Failure)  29725K->23645K(31744K), 0.0010032 secs]
235.584: [GC (Allocation Failure)  29789K->23613K(31744K), 0.0009541 secs]
235.588: [GC (Allocation Failure)  29757K->23613K(31744K), 0.0008734 secs]
235.592: [GC (Allocation Failure)  29757K->23549K(31744K), 0.0008781 secs]
235.596: [GC (Allocation Failure)  29693K->23709K(31744K), 0.0008173 secs]
235.600: [GC (Allocation Failure)  29853K->23717K(31744K), 0.0010741 secs]
235.605: [GC (Allocation Failure)  29861K->23734K(31744K), 0.0011201 secs]
235.609: [GC (Allocation Failure)  29878K->23710K(31744K), 0.0010084 secs]
235.612: [GC (Allocation Failure)  29854K->23678K(31744K), 0.0012069 secs]
235.617: [GC (Allocation Failure)  29822K->23678K(31744K), 0.0009618 secs]
235.621: [GC (Allocation Failure)  29822K->23742K(31744K), 0.0009189 secs]
235.625: [GC (Allocation Failure)  29886K->23798K(31744K), 0.0011847 secs]
235.630: [GC (Allocation Failure)  29942K->23798K(31744K), 0.0011050 secs]
235.634: [GC (Allocation Failure)  29942K->23710K(31744K), 0.0009432 secs]
235.638: [GC (Allocation Failure)  29854K->23710K(31744K), 0.0008875 secs]
235.642: [GC (Allocation Failure)  29854K->23742K(31744K), 0.0009263 secs]
235.646: [GC (Allocation Failure)  29886K->23678K(31744K), 0.0008706 secs]
235.649: [GC (Allocation Failure)  29822K->23934K(31744K), 0.0008937 secs]
235.654: [GC (Allocation Failure)  30078K->23889K(31744K), 0.0009777 secs]
235.658: [GC (Allocation Failure)  30033K->23889K(31744K), 0.0009502 secs]
235.662: [GC (Allocation Failure)  30033K->23897K(31744K), 0.0012094 secs]
235.667: [GC (Allocation Failure)  30041K->23833K(31744K), 0.0010237 secs]
235.671: [GC (Allocation Failure)  29977K->23801K(31744K), 0.0009526 secs]
235.674: [GC (Allocation Failure)  29945K->23833K(31744K), 0.0009297 secs]
235.678: [GC (Allocation Failure)  29977K->23897K(31744K), 0.0009147 secs]
235.682: [GC (Allocation Failure)  30041K->23865K(31744K), 0.0009125 secs]
235.686: [GC (Allocation Failure)  30009K->23897K(31744K), 0.0008293 secs]
235.690: [GC (Allocation Failure)  30041K->23897K(31744K), 0.0008554 secs]
235.693: [GC (Allocation Failure)  30041K->23865K(31744K), 0.0008713 secs]
235.698: [GC (Allocation Failure)  30009K->23865K(31744K), 0.0008832 secs]
235.701: [GC (Allocation Failure)  30009K->24057K(31744K), 0.0008559 secs]
235.706: [GC (Allocation Failure)  30201K->23955K(31744K), 0.0012174 secs]
235.710: [GC (Allocation Failure)  30099K->23931K(31744K), 0.0009269 secs]
235.714: [GC (Allocation Failure)  30075K->23971K(31744K), 0.0010249 secs]
235.718: [GC (Allocation Failure)  30115K->23971K(31744K), 0.0009015 secs]
235.722: [GC (Allocation Failure)  30115K->24067K(31744K), 0.0009082 secs]
235.727: [GC (Allocation Failure)  30211K->24035K(31744K), 0.0013949 secs]
235.732: [GC (Allocation Failure)  30179K->24107K(31744K), 0.0012678 secs]
235.736: [GC (Allocation Failure)  30251K->23987K(31744K), 0.0011021 secs]
235.740: [GC (Allocation Failure)  30131K->24083K(31744K), 0.0009286 secs]
235.744: [GC (Allocation Failure)  30227K->24083K(31744K), 0.0009128 secs]
235.748: [GC (Allocation Failure)  30227K->24019K(31744K), 0.0011272 secs]
235.752: [GC (Allocation Failure)  30163K->24211K(31744K), 0.0008837 secs]
235.756: [GC (Allocation Failure)  30355K->24196K(31744K), 0.0012021 secs]
235.760: [GC (Allocation Failure)  30340K->24164K(31744K), 0.0009928 secs]
235.765: [GC (Allocation Failure)  30308K->24172K(31744K), 0.0009407 secs]
235.769: [GC (Allocation Failure)  30316K->24140K(31744K), 0.0008392 secs]
235.773: [GC (Allocation Failure)  30284K->24140K(31744K), 0.0011181 secs]
235.777: [GC (Allocation Failure)  30284K->24172K(31744K), 0.0009615 secs]
235.781: [GC (Allocation Failure)  30316K->24108K(31744K), 0.0009447 secs]
235.785: [GC (Allocation Failure)  30252K->24140K(31744K), 0.0008873 secs]
235.789: [GC (Allocation Failure)  30284K->24140K(31744K), 0.0008681 secs]
235.793: [GC (Allocation Failure)  30284K->24140K(31744K), 0.0008208 secs]
235.796: [GC (Allocation Failure)  30284K->24108K(31744K), 0.0008835 secs]
235.800: [GC (Allocation Failure)  30252K->24140K(31744K), 0.0008193 secs]
235.804: [GC (Allocation Failure)  30284K->24268K(31744K), 0.0009482 secs]
235.808: [GC (Allocation Failure)  30412K->24334K(31744K), 0.0010905 secs]
235.813: [GC (Allocation Failure)  30478K->24342K(31744K), 0.0011789 secs]
235.817: [GC (Allocation Failure)  30486K->24254K(31744K), 0.0008895 secs]
235.821: [GC (Allocation Failure)  30398K->24254K(31744K), 0.0009673 secs]
235.825: [GC (Allocation Failure)  30398K->24350K(31744K), 0.0010546 secs]
235.830: [GC (Allocation Failure)  30494K->24358K(31744K), 0.0013998 secs]
235.834: [GC (Allocation Failure)  30502K->24382K(31744K), 0.0010151 secs]
235.839: [GC (Allocation Failure)  30526K->24294K(31744K), 0.0009734 secs]
235.842: [GC (Allocation Failure)  30438K->24262K(31744K), 0.0008243 secs]
235.846: [GC (Allocation Failure)  30406K->24390K(31744K), 0.0019472 secs]
235.852: [GC (Allocation Failure)  30534K->24422K(31744K), 0.0012595 secs]
235.856: [GC (Allocation Failure)  30566K->24526K(31744K), 0.0011693 secs]
235.861: [GC (Allocation Failure)  30670K->24553K(31744K), 0.0016791 secs]
235.867: [GC (Allocation Failure)  30697K->24417K(31744K), 0.0015055 secs]
235.871: [GC (Allocation Failure)  30561K->24425K(31744K), 0.0011696 secs]
235.875: [GC (Allocation Failure)  30569K->24425K(31744K), 0.0009179 secs]
235.879: [GC (Allocation Failure)  30569K->24489K(31744K), 0.0010746 secs]
235.883: [GC (Allocation Failure)  30633K->24425K(31744K), 0.0009898 secs]
235.887: [GC (Allocation Failure)  30569K->24457K(31744K), 0.0011896 secs]
235.892: [GC (Allocation Failure)  30601K->24457K(31744K), 0.0011702 secs]
235.896: [GC (Allocation Failure)  30601K->24457K(31744K), 0.0010943 secs]
235.900: [GC (Allocation Failure)  30601K->24425K(31744K), 0.0009591 secs]
235.904: [GC (Allocation Failure)  30569K->24425K(31744K), 0.0009630 secs]
235.908: [GC (Allocation Failure)  30569K->24617K(31744K), 0.0009050 secs]
235.912: [GC (Allocation Failure)  30761K->24634K(31744K), 0.0017675 secs]
235.917: [GC (Allocation Failure)  30778K->24538K(31744K), 0.0009290 secs]
235.921: [GC (Allocation Failure)  30682K->24578K(31744K), 0.0008475 secs]
235.925: [GC (Allocation Failure)  30722K->24610K(31744K), 0.0012989 secs]
235.930: [GC (Allocation Failure)  30754K->24674K(31744K), 0.0016997 secs]
235.935: [GC (Allocation Failure)  30818K->24570K(31744K), 0.0010432 secs]
235.939: [GC (Allocation Failure)  30714K->24546K(31744K), 0.0009358 secs]
235.943: [GC (Allocation Failure)  30690K->24546K(31744K), 0.0010024 secs]
235.947: [GC (Allocation Failure)  30690K->24642K(31744K), 0.0011226 secs]
235.951: [GC (Allocation Failure)  30786K->24610K(31744K), 0.0008207 secs]
235.955: [GC (Allocation Failure)  30754K->24642K(31744K), 0.0009568 secs]
235.958: [GC (Allocation Failure)  30786K->24610K(31744K), 0.0009440 secs]
235.962: [GC (Allocation Failure)  30754K->24738K(31744K), 0.0011164 secs]
235.967: [GC (Allocation Failure)  30882K->24773K(31744K), 0.0009602 secs]
235.971: [GC (Allocation Failure)  30917K->24653K(31744K), 0.0009034 secs]
235.975: [GC (Allocation Failure)  30797K->24685K(31744K), 0.0009301 secs]
235.979: [GC (Allocation Failure)  30829K->24653K(31744K), 0.0011170 secs]
235.983: [GC (Allocation Failure)  30797K->24653K(31744K), 0.0010263 secs]
235.987: [GC (Allocation Failure)  30797K->24653K(31744K), 0.0008970 secs]
235.991: [GC (Allocation Failure)  30797K->24685K(31744K), 0.0008813 secs]
235.994: [GC (Allocation Failure)  30829K->24653K(31744K), 0.0013039 secs]
235.999: [GC (Allocation Failure)  30797K->24749K(31744K), 0.0008549 secs]
236.003: [GC (Allocation Failure)  30893K->24717K(31744K), 0.0008872 secs]
236.006: [GC (Allocation Failure)  30861K->24685K(31744K), 0.0010154 secs]
236.011: [GC (Allocation Failure)  30829K->24717K(31744K), 0.0010512 secs]
236.016: [GC (Allocation Failure)  30861K->24877K(31744K), 0.0014744 secs]
236.020: [GC (Allocation Failure)  31021K->24848K(31744K), 0.0011162 secs]
236.024: [GC (Allocation Failure)  30992K->24808K(31744K), 0.0010554 secs]
236.028: [GC (Allocation Failure)  30952K->24776K(31744K), 0.0012629 secs]
236.033: [GC (Allocation Failure)  30920K->24872K(31744K), 0.0012919 secs]
236.038: [GC (Allocation Failure)  31016K->24864K(31744K), 0.0013173 secs]
236.043: [GC (Allocation Failure)  31008K->24840K(31744K), 0.0012042 secs]
236.047: [GC (Allocation Failure)  30984K->24904K(31744K), 0.0013677 secs]
236.051: [GC (Allocation Failure)  31048K->24872K(31744K), 0.0009866 secs]
236.055: [GC (Allocation Failure)  31016K->24840K(31744K), 0.0009651 secs]
236.059: [GC (Allocation Failure)  30984K->24904K(31744K), 0.0008134 secs]
236.063: [GC (Allocation Failure)  31048K->24936K(31744K), 0.0008254 secs]
236.067: [GC (Allocation Failure)  31080K->25040K(31744K), 0.0010825 secs]
236.071: [GC (Allocation Failure)  31184K->25051K(31744K), 0.0010018 secs]
236.075: [GC (Allocation Failure)  31195K->25091K(31744K), 0.0008889 secs]
236.079: [GC (Allocation Failure)  31235K->24971K(31744K), 0.0011554 secs]
236.083: [GC (Allocation Failure)  31115K->25003K(31744K), 0.0008429 secs]
236.087: [GC (Allocation Failure)  31147K->25035K(31744K), 0.0009211 secs]
236.091: [GC (Allocation Failure)  31179K->24971K(31744K), 0.0008851 secs]
236.094: [GC (Allocation Failure)  31115K->25003K(31744K), 0.0009629 secs]
236.098: [GC (Allocation Failure)  31147K->25003K(31744K), 0.0008262 secs]
236.102: [GC (Allocation Failure)  31147K->25003K(31744K), 0.0008431 secs]
236.105: [GC (Allocation Failure)  31147K->24939K(31744K), 0.0009092 secs]
236.109: [GC (Allocation Failure)  31083K->24971K(31744K), 0.0007903 secs]
236.113: [GC (Allocation Failure)  31115K->24971K(31744K), 0.0008433 secs]
236.116: [GC (Allocation Failure)  31115K->25163K(31744K), 0.0008844 secs]
236.120: [GC (Allocation Failure)  31307K->25213K(31744K), 0.0010416 secs]
236.125: [GC (Allocation Failure)  31357K->25165K(31744K), 0.0009674 secs]
236.130: [GC (Allocation Failure)  31309K->25165K(31744K), 0.0016368 secs]
236.134: [GC (Allocation Failure)  31309K->25125K(31744K), 0.0010919 secs]
236.139: [GC (Allocation Failure)  31269K->25069K(31744K), 0.0009946 secs]
236.142: [GC (Allocation Failure)  31213K->25165K(31744K), 0.0009456 secs]
236.146: [GC (Allocation Failure)  31309K->25101K(31744K), 0.0012584 secs]
236.150: [GC (Allocation Failure)  31245K->25133K(31744K), 0.0010083 secs]
236.154: [GC (Allocation Failure)  31277K->25165K(31744K), 0.0009305 secs]
236.158: [GC (Allocation Failure)  31309K->25165K(31744K), 0.0009846 secs]
236.162: [GC (Allocation Failure)  31309K->25133K(31744K), 0.0008711 secs]
236.166: [GC (Allocation Failure)  31277K->25133K(31744K), 0.0009582 secs]
236.170: [GC (Allocation Failure)  31277K->25293K(31744K), 0.0008961 secs]
236.174: [GC (Allocation Failure)  31437K->25272K(33280K), 0.0009664 secs]
236.178: [GC (Allocation Failure)  31416K->25240K(33280K), 0.0009987 secs]
236.182: [GC (Allocation Failure)  31384K->25240K(33280K), 0.0009814 secs]
236.186: [GC (Allocation Failure)  31384K->25176K(33280K), 0.0008296 secs]
236.190: [GC (Allocation Failure)  31320K->25240K(33280K), 0.0008894 secs]
236.193: [GC (Allocation Failure)  31384K->25240K(33280K), 0.0009202 secs]
236.197: [GC (Allocation Failure)  31384K->25240K(33280K), 0.0009089 secs]
236.201: [GC (Allocation Failure)  31384K->25176K(33280K), 0.0009457 secs]
236.205: [GC (Allocation Failure)  31320K->25240K(33280K), 0.0008299 secs]
236.209: [GC (Allocation Failure)  31384K->25240K(33280K), 0.0009285 secs]
236.212: [GC (Allocation Failure)  31384K->25240K(33280K), 0.0010462 secs]
236.217: [GC (Allocation Failure)  31384K->25208K(33280K), 0.0009251 secs]
236.220: [GC (Allocation Failure)  31352K->25432K(33280K), 0.0009271 secs]
236.225: [GC (Allocation Failure)  31576K->25411K(33280K), 0.0013039 secs]
236.229: [GC (Allocation Failure)  31555K->25379K(33280K), 0.0016248 secs]
236.235: [GC (Allocation Failure)  31523K->25539K(33280K), 0.0012281 secs]
236.240: [GC (Allocation Failure)  31683K->25491K(33280K), 0.0010262 secs]
236.244: [GC (Allocation Failure)  31635K->25467K(33280K), 0.0009342 secs]
236.248: [GC (Allocation Failure)  31611K->25403K(33280K), 0.0009566 secs]
236.252: [GC (Allocation Failure)  31547K->25467K(33280K), 0.0009039 secs]
236.256: [GC (Allocation Failure)  31611K->25435K(33280K), 0.0010136 secs]
236.259: [GC (Allocation Failure)  31579K->25435K(33280K), 0.0009097 secs]
236.263: [GC (Allocation Failure)  31579K->25403K(33280K), 0.0010006 secs]
236.267: [GC (Allocation Failure)  31547K->25403K(33280K), 0.0007568 secs]
236.270: [GC (Allocation Failure)  31547K->25499K(33280K), 0.0008260 secs]
236.275: [GC (Allocation Failure)  31643K->25587K(33280K), 0.0013232 secs]
236.280: [GC (Allocation Failure)  31731K->25662K(33280K), 0.0012640 secs]
236.284: [GC (Allocation Failure)  31806K->25518K(33280K), 0.0010531 secs]
236.288: [GC (Allocation Failure)  31662K->25582K(33280K), 0.0010011 secs]
236.292: [GC (Allocation Failure)  31726K->25550K(33280K), 0.0010059 secs]
236.296: [GC (Allocation Failure)  31694K->25582K(33280K), 0.0010408 secs]
236.300: [GC (Allocation Failure)  31726K->25582K(33280K), 0.0008721 secs]
236.304: [GC (Allocation Failure)  31726K->25582K(33280K), 0.0009700 secs]
236.308: [GC (Allocation Failure)  31726K->25582K(33280K), 0.0009926 secs]
236.312: [GC (Allocation Failure)  31726K->25550K(33280K), 0.0011263 secs]
236.316: [GC (Allocation Failure)  31694K->25582K(33280K), 0.0009093 secs]
236.320: [GC (Allocation Failure)  31726K->25582K(33280K), 0.0009661 secs]
236.323: [GC (Allocation Failure)  31726K->25710K(33280K), 0.0010147 secs]
236.328: [GC (Allocation Failure)  31854K->25713K(33280K), 0.0016333 secs]
236.333: [GC (Allocation Failure)  31857K->25721K(33280K), 0.0018273 secs]
236.338: [GC (Allocation Failure)  31865K->25825K(33280K), 0.0013512 secs]
236.343: [GC (Allocation Failure)  31969K->25809K(33280K), 0.0012967 secs]
236.348: [GC (Allocation Failure)  31953K->25817K(33280K), 0.0013788 secs]
236.353: [GC (Allocation Failure)  31961K->25817K(33280K), 0.0011764 secs]
236.357: [GC (Allocation Failure)  31961K->25857K(33280K), 0.0008926 secs]
236.361: [GC (Allocation Failure)  32001K->25825K(33280K), 0.0009724 secs]
236.365: [GC (Allocation Failure)  31969K->25825K(33280K), 0.0009915 secs]
236.369: [GC (Allocation Failure)  31969K->25793K(33280K), 0.0009683 secs]
236.373: [GC (Allocation Failure)  31937K->25825K(33280K), 0.0010124 secs]
236.377: [GC (Allocation Failure)  31969K->25985K(33280K), 0.0009673 secs]
236.381: [GC (Allocation Failure)  32129K->25956K(33280K), 0.0009595 secs]
236.385: [GC (Allocation Failure)  32100K->26012K(33280K), 0.0009965 secs]
236.388: [GC (Allocation Failure)  32156K->25980K(33280K), 0.0008834 secs]
236.392: [GC (Allocation Failure)  32124K->25948K(33280K), 0.0007690 secs]
236.396: [GC (Allocation Failure)  32092K->25916K(33280K), 0.0011756 secs]
236.400: [GC (Allocation Failure)  32060K->25884K(33280K), 0.0008740 secs]
236.404: [GC (Allocation Failure)  32028K->25948K(33280K), 0.0010638 secs]
236.408: [GC (Allocation Failure)  32092K->25948K(33280K), 0.0010033 secs]
236.412: [GC (Allocation Failure)  32092K->25884K(33280K), 0.0010053 secs]
236.416: [GC (Allocation Failure)  32028K->25980K(33280K), 0.0008987 secs]
236.420: [GC (Allocation Failure)  32124K->25884K(33280K), 0.0009172 secs]
236.423: [GC (Allocation Failure)  32028K->25916K(33280K), 0.0009990 secs]
236.427: [GC (Allocation Failure)  32060K->26076K(33280K), 0.0009219 secs]
236.432: [GC (Allocation Failure)  32220K->26111K(33280K), 0.0013291 secs]
236.437: [GC (Allocation Failure)  32255K->26095K(33280K), 0.0010562 secs]
236.441: [GC (Allocation Failure)  32239K->26039K(33280K), 0.0009122 secs]
236.445: [GC (Allocation Failure)  32183K->26103K(33280K), 0.0009993 secs]
236.449: [GC (Allocation Failure)  32247K->26151K(33280K), 0.0009822 secs]
236.453: [GC (Allocation Failure)  32295K->26087K(33280K), 0.0009678 secs]
236.457: [GC (Allocation Failure)  32231K->26055K(33280K), 0.0009080 secs]
236.461: [GC (Allocation Failure)  32199K->26087K(33280K), 0.0010598 secs]
236.465: [GC (Allocation Failure)  32231K->26087K(33280K), 0.0009823 secs]
236.469: [GC (Allocation Failure)  32231K->26087K(33280K), 0.0009301 secs]
236.472: [GC (Allocation Failure)  32231K->26087K(33280K), 0.0009076 secs]
236.476: [GC (Allocation Failure)  32231K->26087K(33280K), 0.0008204 secs]
236.480: [GC (Allocation Failure)  32231K->26247K(33280K), 0.0010313 secs]
236.484: [GC (Allocation Failure)  32391K->26162K(33280K), 0.0011884 secs]
236.488: [GC (Allocation Failure)  32306K->26162K(33280K), 0.0011165 secs]
236.492: [GC (Allocation Failure)  32306K->26170K(33280K), 0.0009029 secs]
236.496: [GC (Allocation Failure)  32314K->26234K(33280K), 0.0012012 secs]
236.500: [GC (Allocation Failure)  32378K->26170K(33280K), 0.0009535 secs]
236.504: [GC (Allocation Failure)  32314K->26202K(33280K), 0.0008621 secs]
236.508: [GC (Allocation Failure)  32346K->26170K(33280K), 0.0008029 secs]
236.512: [GC (Allocation Failure)  32314K->26138K(33280K), 0.0010159 secs]
236.516: [GC (Allocation Failure)  32282K->26202K(33280K), 0.0008851 secs]
236.519: [GC (Allocation Failure)  32346K->26202K(33280K), 0.0009214 secs]
236.523: [GC (Allocation Failure)  32346K->26202K(33280K), 0.0010367 secs]
236.528: [GC (Allocation Failure)  32346K->26298K(33280K), 0.0010707 secs]
236.532: [GC (Allocation Failure)  32442K->26378K(33280K), 0.0010569 secs]
236.537: [GC (Allocation Failure)  32522K->26429K(33280K), 0.0013482 secs]
236.541: [GC (Allocation Failure)  32573K->26413K(33280K), 0.0009074 secs]
236.545: [GC (Allocation Failure)  32557K->26437K(33280K), 0.0010170 secs]
236.549: [GC (Allocation Failure)  32581K->26341K(33280K), 0.0009966 secs]
236.553: [GC (Allocation Failure)  32485K->26373K(33280K), 0.0010276 secs]
236.557: [GC (Allocation Failure)  32517K->26405K(33280K), 0.0010051 secs]
236.561: [GC (Allocation Failure)  32549K->26405K(33280K), 0.0010758 secs]
236.565: [GC (Allocation Failure)  32549K->26405K(33280K), 0.0009854 secs]
236.569: [GC (Allocation Failure)  32549K->26341K(33280K), 0.0008384 secs]
236.572: [GC (Allocation Failure)  32485K->26341K(33280K), 0.0009143 secs]
236.576: [GC (Allocation Failure)  32485K->26373K(33280K), 0.0009282 secs]
236.580: [GC (Allocation Failure)  32517K->26405K(33280K), 0.0009213 secs]
236.584: [GC (Allocation Failure)  32549K->26533K(33280K), 0.0008660 secs]
236.588: [GC (Allocation Failure)  32677K->26472K(33280K), 0.0009572 secs]
236.592: [GC (Allocation Failure)  32616K->26520K(33280K), 0.0010344 secs]
236.596: [GC (Allocation Failure)  32664K->26488K(33280K), 0.0010585 secs]
236.600: [GC (Allocation Failure)  32632K->26456K(33280K), 0.0009304 secs]
236.604: [GC (Allocation Failure)  32600K->26456K(33280K), 0.0008835 secs]
236.608: [GC (Allocation Failure)  32600K->26520K(33280K), 0.0008940 secs]
236.611: [GC (Allocation Failure)  32664K->26488K(33280K), 0.0009661 secs]
236.615: [GC (Allocation Failure)  32632K->26520K(33280K), 0.0008540 secs]
236.619: [GC (Allocation Failure)  32664K->26488K(33280K), 0.0008415 secs]
236.623: [GC (Allocation Failure)  32632K->26488K(33280K), 0.0008960 secs]
236.627: [GC (Allocation Failure)  32632K->26488K(33280K), 0.0008499 secs]
236.631: [GC (Allocation Failure)  32632K->26520K(33280K), 0.0010014 secs]
236.636: [GC (Allocation Failure)  32664K->26688K(33280K), 0.0010460 secs]
236.640: [GC (Allocation Failure)  32832K->26731K(33280K), 0.0012242 secs]
236.645: [GC (Allocation Failure)  32875K->26619K(33280K), 0.0009889 secs]
236.646: [Full GC (Ergonomics)  26619K->21327K(32256K), 0.0733153 secs]
236.723: [GC (Allocation Failure)  27471K->21615K(32256K), 0.0015865 secs]
236.728: [GC (Allocation Failure)  27759K->21545K(32256K), 0.0013553 secs]
236.733: [GC (Allocation Failure)  27689K->21593K(32256K), 0.0016880 secs]
236.738: [GC (Allocation Failure)  27737K->21633K(32256K), 0.0012427 secs]
236.743: [GC (Allocation Failure)  27777K->21593K(32256K), 0.0015066 secs]
236.748: [GC (Allocation Failure)  27737K->21633K(32256K), 0.0012596 secs]
236.752: [GC (Allocation Failure)  27777K->21569K(32256K), 0.0012577 secs]
236.757: [GC (Allocation Failure)  27713K->21569K(32256K), 0.0010741 secs]
236.761: [GC (Allocation Failure)  27713K->21505K(32256K), 0.0010588 secs]
236.765: [GC (Allocation Failure)  27649K->21537K(32256K), 0.0009334 secs]
236.768: [GC (Allocation Failure)  27681K->21569K(32256K), 0.0008086 secs]
236.772: [GC (GCLocker Initiated GC)  27714K->21730K(32256K), 0.0011392 secs]
236.777: [GC (Allocation Failure)  27878K->21768K(32256K), 0.0011469 secs]
236.781: [GC (Allocation Failure)  27912K->21704K(32256K), 0.0012381 secs]
236.786: [GC (Allocation Failure)  27848K->21728K(32256K), 0.0009673 secs]
236.790: [GC (Allocation Failure)  27872K->21744K(32256K), 0.0009397 secs]
236.794: [GC (Allocation Failure)  27888K->21712K(32256K), 0.0008816 secs]
236.798: [GC (Allocation Failure)  27856K->21712K(32256K), 0.0009359 secs]
236.802: [GC (Allocation Failure)  27856K->21744K(32256K), 0.0008171 secs]
236.805: [GC (Allocation Failure)  27888K->21744K(32256K), 0.0009647 secs]
236.809: [GC (Allocation Failure)  27888K->21712K(32256K), 0.0008262 secs]
236.813: [GC (Allocation Failure)  27856K->21712K(32256K), 0.0008282 secs]
236.817: [GC (Allocation Failure)  27856K->21744K(32256K), 0.0009781 secs]
236.821: [GC (Allocation Failure)  27888K->21712K(32256K), 0.0008994 secs]
236.825: [GC (Allocation Failure)  27856K->21936K(32256K), 0.0009800 secs]
236.829: [GC (Allocation Failure)  28080K->21947K(32256K), 0.0011234 secs]
236.834: [GC (Allocation Failure)  28091K->21851K(32256K), 0.0012117 secs]
236.839: [GC (Allocation Failure)  27995K->21995K(32256K), 0.0011108 secs]
236.843: [GC (Allocation Failure)  28139K->21987K(32256K), 0.0009794 secs]
236.847: [GC (Allocation Failure)  28131K->21931K(32256K), 0.0013227 secs]
236.852: [GC (Allocation Failure)  28075K->21931K(32256K), 0.0017660 secs]
236.857: [GC (Allocation Failure)  28075K->21931K(32256K), 0.0012578 secs]
236.861: [GC (Allocation Failure)  28075K->21907K(32256K), 0.0010939 secs]
236.866: [GC (Allocation Failure)  28051K->21971K(32256K), 0.0011581 secs]
236.870: [GC (Allocation Failure)  28115K->22003K(32256K), 0.0009985 secs]
236.874: [GC (GCLocker Initiated GC)  28147K->22099K(32256K), 0.0012585 secs]
236.879: [GC (Allocation Failure)  28246K->22119K(32256K), 0.0012846 secs]
236.884: [GC (Allocation Failure)  28263K->22071K(32256K), 0.0011139 secs]
236.888: [GC (Allocation Failure)  28215K->22095K(32256K), 0.0010153 secs]
236.892: [GC (Allocation Failure)  28239K->22063K(32256K), 0.0009584 secs]
236.896: [GC (Allocation Failure)  28207K->22095K(32256K), 0.0014423 secs]
236.901: [GC (Allocation Failure)  28239K->22095K(32256K), 0.0009222 secs]
236.905: [GC (Allocation Failure)  28239K->22127K(32256K), 0.0010764 secs]
236.909: [GC (Allocation Failure)  28271K->22063K(32256K), 0.0011137 secs]
236.913: [GC (Allocation Failure)  28207K->22127K(32256K), 0.0010454 secs]
236.917: [GC (Allocation Failure)  28271K->22095K(32256K), 0.0009839 secs]
236.920: [GC (Allocation Failure)  28239K->22095K(32256K), 0.0009899 secs]
236.924: [GC (Allocation Failure)  28239K->22127K(32256K), 0.0008635 secs]
236.929: [GC (Allocation Failure)  28271K->22271K(32256K), 0.0012205 secs]
236.934: [GC (Allocation Failure)  28415K->22274K(32256K), 0.0017586 secs]
236.939: [GC (Allocation Failure)  28418K->22322K(32256K), 0.0016792 secs]
236.944: [GC (Allocation Failure)  28466K->22314K(32256K), 0.0012240 secs]
236.949: [GC (Allocation Failure)  28458K->22258K(32256K), 0.0010657 secs]
236.953: [GC (Allocation Failure)  28402K->22226K(32256K), 0.0010438 secs]
236.957: [GC (Allocation Failure)  28370K->22226K(32256K), 0.0011077 secs]
236.961: [GC (Allocation Failure)  28370K->22290K(32256K), 0.0008205 secs]
236.965: [GC (Allocation Failure)  28434K->22258K(32256K), 0.0010822 secs]
236.969: [GC (Allocation Failure)  28402K->22258K(32256K), 0.0010484 secs]
236.972: [GC (Allocation Failure)  28402K->22226K(32256K), 0.0008977 secs]
236.976: [GC (Allocation Failure)  28370K->22258K(32256K), 0.0008973 secs]
236.979: [GC (Allocation Failure)  28402K->22386K(32256K), 0.0010448 secs]
236.984: [GC (Allocation Failure)  28530K->22429K(32256K), 0.0009822 secs]
236.988: [GC (Allocation Failure)  28573K->22525K(32256K), 0.0009928 secs]
236.992: [GC (Allocation Failure)  28669K->22365K(32256K), 0.0011006 secs]
236.996: [GC (Allocation Failure)  28509K->22301K(32256K), 0.0014391 secs]
237.001: [GC (Allocation Failure)  28445K->22333K(32256K), 0.0009518 secs]
237.005: [GC (Allocation Failure)  28477K->22333K(32256K), 0.0009492 secs]
237.009: [GC (Allocation Failure)  28477K->22365K(32256K), 0.0009567 secs]
237.013: [GC (Allocation Failure)  28509K->22365K(32256K), 0.0008411 secs]
237.016: [GC (Allocation Failure)  28509K->22301K(32256K), 0.0007913 secs]
237.020: [GC (Allocation Failure)  28445K->22365K(32256K), 0.0009625 secs]
237.024: [GC (Allocation Failure)  28509K->22333K(32256K), 0.0008876 secs]
237.027: [GC (Allocation Failure)  28477K->22461K(32256K), 0.0007689 secs]
237.031: [GC (Allocation Failure)  28605K->22549K(32256K), 0.0010108 secs]
237.035: [GC (Allocation Failure)  28693K->22454K(32256K), 0.0014780 secs]
237.041: [GC (Allocation Failure)  28598K->22478K(32256K), 0.0018796 secs]
237.047: [GC (Allocation Failure)  28622K->22574K(32256K), 0.0017103 secs]
237.051: [GC (Allocation Failure)  28718K->22478K(32256K), 0.0011448 secs]
237.055: [GC (Allocation Failure)  28622K->22454K(32256K), 0.0010210 secs]
237.059: [GC (Allocation Failure)  28598K->22486K(32256K), 0.0010841 secs]
237.064: [GC (Allocation Failure)  28629K->22518K(32256K), 0.0010004 secs]
237.068: [GC (Allocation Failure)  28662K->22518K(32256K), 0.0008813 secs]
237.071: [GC (Allocation Failure)  28662K->22518K(32256K), 0.0009024 secs]
237.075: [GC (Allocation Failure)  28662K->22550K(32256K), 0.0008994 secs]
237.079: [GC (Allocation Failure)  28694K->22646K(32256K), 0.0008884 secs]
237.084: [GC (Allocation Failure)  28790K->22655K(32256K), 0.0011698 secs]
237.089: [GC (Allocation Failure)  28799K->22567K(32256K), 0.0012388 secs]
237.093: [GC (Allocation Failure)  28711K->22575K(32256K), 0.0009243 secs]
237.097: [GC (Allocation Failure)  28719K->22575K(32256K), 0.0008934 secs]
237.101: [GC (Allocation Failure)  28719K->22639K(32256K), 0.0008396 secs]
237.104: [GC (Allocation Failure)  28783K->22575K(32256K), 0.0008791 secs]
237.108: [GC (Allocation Failure)  28719K->22607K(32256K), 0.0009375 secs]
237.112: [GC (Allocation Failure)  28751K->22639K(32256K), 0.0009130 secs]
237.116: [GC (Allocation Failure)  28783K->22607K(32256K), 0.0009289 secs]
237.120: [GC (Allocation Failure)  28751K->22575K(32256K), 0.0009358 secs]
237.123: [GC (Allocation Failure)  28719K->22607K(32256K), 0.0008862 secs]
237.127: [GC (Allocation Failure)  28751K->22607K(32256K), 0.0007904 secs]
237.131: [GC (Allocation Failure)  28751K->22735K(32256K), 0.0009005 secs]
237.136: [GC (Allocation Failure)  28879K->22785K(32256K), 0.0009593 secs]
237.140: [GC (Allocation Failure)  28929K->22793K(32256K), 0.0012085 secs]
237.144: [GC (Allocation Failure)  28937K->22689K(32256K), 0.0009821 secs]
237.149: [GC (Allocation Failure)  28833K->22833K(32256K), 0.0012571 secs]
237.154: [GC (Allocation Failure)  28977K->22833K(32256K), 0.0016503 secs]
237.159: [GC (Allocation Failure)  28977K->22785K(32256K), 0.0010356 secs]
237.163: [GC (Allocation Failure)  28929K->22793K(32256K), 0.0010546 secs]
237.168: [GC (Allocation Failure)  28937K->22793K(32256K), 0.0009086 secs]
237.171: [GC (Allocation Failure)  28937K->22825K(32256K), 0.0009724 secs]
237.175: [GC (Allocation Failure)  28969K->22761K(32256K), 0.0009458 secs]
237.180: [GC (Allocation Failure)  28905K->22793K(32256K), 0.0010643 secs]
237.184: [GC (Allocation Failure)  28937K->22921K(32256K), 0.0011542 secs]
237.188: [GC (Allocation Failure)  29065K->22947K(32256K), 0.0009667 secs]
237.192: [GC (Allocation Failure)  29091K->22915K(32256K), 0.0008932 secs]
237.196: [GC (Allocation Failure)  29059K->22883K(32256K), 0.0012503 secs]
237.200: [GC (Allocation Failure)  29027K->22883K(32256K), 0.0009118 secs]
237.204: [GC (Allocation Failure)  29027K->22915K(32256K), 0.0010713 secs]
237.208: [GC (Allocation Failure)  29059K->22883K(32256K), 0.0008548 secs]
237.212: [GC (Allocation Failure)  29027K->22883K(32256K), 0.0010922 secs]
237.216: [GC (Allocation Failure)  29027K->22883K(32256K), 0.0008382 secs]
237.219: [GC (Allocation Failure)  29027K->22883K(32256K), 0.0009295 secs]
237.223: [GC (Allocation Failure)  29027K->22915K(32256K), 0.0008456 secs]
237.227: [GC (Allocation Failure)  29059K->22851K(32256K), 0.0007294 secs]
237.230: [GC (Allocation Failure)  28995K->22819K(32256K), 0.0009640 secs]
237.234: [GC (Allocation Failure)  28963K->23011K(32256K), 0.0008406 secs]
237.239: [GC (Allocation Failure)  29155K->23043K(32256K), 0.0010487 secs]
237.244: [GC (Allocation Failure)  29187K->23045K(32256K), 0.0012868 secs]
237.248: [GC (Allocation Failure)  29189K->22989K(32256K), 0.0013916 secs]
237.252: [GC (Allocation Failure)  29133K->22997K(32256K), 0.0009135 secs]
237.256: [GC (Allocation Failure)  29141K->23093K(32256K), 0.0010054 secs]
237.260: [GC (Allocation Failure)  29237K->23029K(32256K), 0.0007871 secs]
237.264: [GC (Allocation Failure)  29173K->23045K(32256K), 0.0009658 secs]
237.268: [GC (Allocation Failure)  29189K->23013K(32256K), 0.0008554 secs]
237.271: [GC (Allocation Failure)  29157K->23077K(32256K), 0.0010514 secs]
237.275: [GC (Allocation Failure)  29221K->23077K(32256K), 0.0010135 secs]
237.279: [GC (Allocation Failure)  29221K->23045K(32256K), 0.0010082 secs]
237.283: [GC (Allocation Failure)  29189K->23045K(32256K), 0.0010486 secs]
237.287: [GC (Allocation Failure)  29189K->23173K(32256K), 0.0008149 secs]
237.291: [GC (Allocation Failure)  29317K->23229K(32256K), 0.0009996 secs]
237.295: [GC (Allocation Failure)  29373K->23231K(32256K), 0.0011775 secs]
237.300: [GC (Allocation Failure)  29375K->23207K(32256K), 0.0010293 secs]
237.304: [GC (Allocation Failure)  29351K->23175K(32256K), 0.0009240 secs]
237.308: [GC (Allocation Failure)  29319K->23143K(32256K), 0.0011486 secs]
237.312: [GC (Allocation Failure)  29287K->23175K(32256K), 0.0011846 secs]
237.316: [GC (Allocation Failure)  29319K->23207K(32256K), 0.0010094 secs]
237.320: [GC (Allocation Failure)  29351K->23175K(32256K), 0.0009258 secs]
237.324: [GC (Allocation Failure)  29319K->23111K(32256K), 0.0009766 secs]
237.327: [GC (Allocation Failure)  29255K->23143K(32256K), 0.0009357 secs]
237.331: [GC (Allocation Failure)  29287K->23175K(32256K), 0.0009223 secs]
237.336: [GC (Allocation Failure)  29319K->23239K(32256K), 0.0011913 secs]
237.341: [GC (Allocation Failure)  29383K->23359K(32256K), 0.0013249 secs]
237.346: [GC (Allocation Failure)  29503K->23312K(32256K), 0.0021971 secs]
237.351: [GC (Allocation Failure)  29456K->23320K(32256K), 0.0011467 secs]
237.355: [GC (Allocation Failure)  29464K->23328K(32256K), 0.0010279 secs]
237.359: [GC (Allocation Failure)  29472K->23328K(32256K), 0.0008427 secs]
237.363: [GC (Allocation Failure)  29472K->23328K(32256K), 0.0011761 secs]
237.367: [GC (Allocation Failure)  29472K->23296K(32256K), 0.0010099 secs]
237.371: [GC (Allocation Failure)  29440K->23232K(32256K), 0.0009391 secs]
237.374: [GC (Allocation Failure)  29376K->23264K(32256K), 0.0009505 secs]
237.378: [GC (Allocation Failure)  29408K->23264K(32256K), 0.0010778 secs]
237.382: [GC (Allocation Failure)  29408K->23328K(32256K), 0.0008866 secs]
237.386: [GC (Allocation Failure)  29472K->23296K(32256K), 0.0008428 secs]
237.390: [GC (Allocation Failure)  29440K->23264K(32256K), 0.0008172 secs]
237.393: [GC (Allocation Failure)  29408K->23456K(32256K), 0.0010564 secs]
237.398: [GC (Allocation Failure)  29600K->23465K(32256K), 0.0012178 secs]
237.402: [GC (Allocation Failure)  29609K->23433K(32256K), 0.0009344 secs]
237.406: [GC (Allocation Failure)  29577K->23369K(32256K), 0.0010418 secs]
237.410: [GC (Allocation Failure)  29513K->23369K(32256K), 0.0010000 secs]
237.415: [GC (Allocation Failure)  29513K->23401K(32256K), 0.0009035 secs]
237.419: [GC (Allocation Failure)  29545K->23337K(32256K), 0.0008360 secs]
237.422: [GC (Allocation Failure)  29481K->23369K(32256K), 0.0008520 secs]
237.426: [GC (Allocation Failure)  29513K->23401K(32256K), 0.0009882 secs]
237.429: [GC (Allocation Failure)  29545K->23337K(32256K), 0.0010591 secs]
237.434: [GC (Allocation Failure)  29481K->23433K(32256K), 0.0009317 secs]
237.438: [GC (Allocation Failure)  29577K->23465K(32256K), 0.0011462 secs]
237.443: [GC (GCLocker Initiated GC)  29609K->23593K(32256K), 0.0010738 secs]
237.448: [GC (Allocation Failure)  29741K->23648K(32256K), 0.0015374 secs]
237.452: [GC (Allocation Failure)  29792K->23544K(32256K), 0.0010647 secs]
237.456: [GC (Allocation Failure)  29688K->23552K(32256K), 0.0009421 secs]
237.460: [GC (Allocation Failure)  29696K->23488K(32256K), 0.0009610 secs]
237.464: [GC (Allocation Failure)  29632K->23584K(32256K), 0.0009627 secs]
237.468: [GC (Allocation Failure)  29728K->23552K(32256K), 0.0008539 secs]
237.471: [GC (Allocation Failure)  29696K->23584K(32256K), 0.0009845 secs]
237.475: [GC (Allocation Failure)  29728K->23584K(32256K), 0.0010035 secs]
237.479: [GC (Allocation Failure)  29728K->23488K(32256K), 0.0008084 secs]
237.483: [GC (Allocation Failure)  29632K->23520K(32256K), 0.0007721 secs]
237.486: [GC (Allocation Failure)  29664K->23552K(32256K), 0.0007980 secs]
237.490: [GC (Allocation Failure)  29696K->23520K(32256K), 0.0010281 secs]
237.494: [GC (Allocation Failure)  29664K->23680K(32256K), 0.0008765 secs]
237.498: [GC (Allocation Failure)  29824K->23688K(32256K), 0.0012474 secs]
237.502: [GC (Allocation Failure)  29832K->23611K(32256K), 0.0010074 secs]
237.506: [GC (Allocation Failure)  29755K->23651K(32256K), 0.0007707 secs]
237.510: [GC (Allocation Failure)  29795K->23747K(32256K), 0.0010171 secs]
237.515: [GC (Allocation Failure)  29891K->23795K(32256K), 0.0011568 secs]
237.519: [GC (Allocation Failure)  29939K->23683K(32256K), 0.0009763 secs]
237.523: [GC (Allocation Failure)  29827K->23723K(32256K), 0.0009455 secs]
237.526: [GC (Allocation Failure)  29867K->23755K(32256K), 0.0009675 secs]
237.531: [GC (Allocation Failure)  29899K->23691K(32256K), 0.0011598 secs]
237.535: [GC (Allocation Failure)  29835K->23787K(32256K), 0.0010160 secs]
237.539: [GC (Allocation Failure)  29931K->23739K(32256K), 0.0011406 secs]
237.543: [GC (Allocation Failure)  29883K->23867K(32256K), 0.0011120 secs]
237.548: [GC (Allocation Failure)  30011K->23955K(32256K), 0.0014506 secs]
237.553: [GC (Allocation Failure)  30099K->23934K(32256K), 0.0012724 secs]
237.557: [GC (Allocation Failure)  30078K->23974K(32256K), 0.0009892 secs]
237.561: [GC (Allocation Failure)  30118K->23878K(32256K), 0.0010852 secs]
237.565: [GC (Allocation Failure)  30022K->23910K(32256K), 0.0009000 secs]
237.569: [GC (Allocation Failure)  30054K->23942K(32256K), 0.0008380 secs]
237.572: [GC (Allocation Failure)  30086K->23910K(32256K), 0.0009307 secs]
237.577: [GC (Allocation Failure)  30054K->23942K(32256K), 0.0008998 secs]
237.580: [GC (Allocation Failure)  30086K->23910K(32256K), 0.0009159 secs]
237.584: [GC (Allocation Failure)  30054K->23878K(32256K), 0.0009003 secs]
237.588: [GC (Allocation Failure)  30022K->23942K(32256K), 0.0009012 secs]
237.592: [GC (Allocation Failure)  30086K->23958K(32256K), 0.0009014 secs]
237.595: [GC (Allocation Failure)  30102K->23894K(32256K), 0.0009979 secs]
237.600: [GC (Allocation Failure)  30038K->24086K(32256K), 0.0009845 secs]
237.604: [GC (Allocation Failure)  30230K->24056K(32256K), 0.0010002 secs]
237.608: [GC (Allocation Failure)  30200K->24032K(32256K), 0.0008174 secs]
237.612: [GC (Allocation Failure)  30176K->24032K(32256K), 0.0011178 secs]
237.616: [GC (Allocation Failure)  30176K->24000K(32256K), 0.0011785 secs]
237.621: [GC (Allocation Failure)  30144K->24000K(32256K), 0.0009159 secs]
237.624: [GC (Allocation Failure)  30144K->24032K(32256K), 0.0009387 secs]
237.628: [GC (Allocation Failure)  30176K->24032K(32256K), 0.0009378 secs]
237.632: [GC (Allocation Failure)  30176K->24032K(32256K), 0.0009434 secs]
237.636: [GC (Allocation Failure)  30176K->24128K(32256K), 0.0008474 secs]
237.640: [GC (Allocation Failure)  30272K->24128K(32256K), 0.0011132 secs]
237.645: [GC (Allocation Failure)  30272K->24088K(32256K), 0.0012323 secs]
237.649: [GC (Allocation Failure)  30232K->24256K(32256K), 0.0011167 secs]
237.654: [GC (Allocation Failure)  30400K->24322K(32256K), 0.0014895 secs]
237.658: [GC (Allocation Failure)  30466K->24162K(32256K), 0.0010938 secs]
237.662: [GC (Allocation Failure)  30306K->24170K(32256K), 0.0011863 secs]
237.666: [GC (Allocation Failure)  30314K->24170K(32256K), 0.0010239 secs]
237.670: [GC (Allocation Failure)  30314K->24170K(32256K), 0.0009070 secs]
237.674: [GC (Allocation Failure)  30314K->24234K(32256K), 0.0008552 secs]
237.678: [GC (Allocation Failure)  30378K->24202K(32256K), 0.0008282 secs]
237.682: [GC (Allocation Failure)  30346K->24202K(32256K), 0.0009062 secs]
237.686: [GC (Allocation Failure)  30346K->24234K(32256K), 0.0009095 secs]
237.689: [GC (Allocation Failure)  30378K->24202K(32256K), 0.0009486 secs]
237.693: [GC (Allocation Failure)  30346K->24202K(32256K), 0.0008474 secs]
237.697: [GC (Allocation Failure)  30346K->24234K(32256K), 0.0007690 secs]
237.700: [GC (Allocation Failure)  30378K->24362K(32256K), 0.0008406 secs]
237.705: [GC (Allocation Failure)  30506K->24364K(32256K), 0.0009405 secs]
237.709: [GC (Allocation Failure)  30508K->24268K(32256K), 0.0010691 secs]
237.713: [GC (Allocation Failure)  30412K->24308K(32256K), 0.0010805 secs]
237.717: [GC (Allocation Failure)  30452K->24276K(32256K), 0.0008930 secs]
237.721: [GC (Allocation Failure)  30420K->24276K(32256K), 0.0007353 secs]
237.725: [GC (Allocation Failure)  30420K->24308K(32256K), 0.0010264 secs]
237.728: [GC (Allocation Failure)  30452K->24308K(32256K), 0.0009471 secs]
237.732: [GC (Allocation Failure)  30452K->24276K(32256K), 0.0008990 secs]
237.736: [GC (Allocation Failure)  30420K->24340K(32256K), 0.0009231 secs]
237.741: [GC (Allocation Failure)  30484K->24396K(32256K), 0.0011724 secs]
237.745: [GC (Allocation Failure)  30540K->24428K(32256K), 0.0019097 secs]
237.750: [GC (Allocation Failure)  30572K->24484K(32256K), 0.0011812 secs]
237.755: [GC (Allocation Failure)  30628K->24524K(32256K), 0.0012078 secs]
237.759: [GC (Allocation Failure)  30668K->24541K(32256K), 0.0010605 secs]
237.763: [GC (Allocation Failure)  30685K->24509K(32256K), 0.0012922 secs]
237.768: [GC (Allocation Failure)  30653K->24445K(32256K), 0.0010313 secs]
237.771: [GC (Allocation Failure)  30589K->24509K(32256K), 0.0009480 secs]
237.775: [GC (Allocation Failure)  30653K->24445K(32256K), 0.0009073 secs]
237.779: [GC (Allocation Failure)  30589K->24413K(32256K), 0.0008566 secs]
237.783: [GC (Allocation Failure)  30557K->24413K(32256K), 0.0009092 secs]
237.786: [GC (Allocation Failure)  30557K->24509K(32256K), 0.0010388 secs]
237.791: [GC (Allocation Failure)  30653K->24573K(32256K), 0.0010621 secs]
237.795: [GC (Allocation Failure)  30717K->24581K(32256K), 0.0016901 secs]
237.800: [GC (Allocation Failure)  30725K->24493K(32256K), 0.0013654 secs]
237.805: [GC (Allocation Failure)  30637K->24685K(32256K), 0.0012603 secs]
237.809: [GC (Allocation Failure)  30829K->24688K(32256K), 0.0014998 secs]
237.814: [GC (Allocation Failure)  30832K->24648K(32256K), 0.0013005 secs]
237.818: [GC (Allocation Failure)  30792K->24688K(32256K), 0.0008960 secs]
237.822: [GC (Allocation Failure)  30832K->24688K(32256K), 0.0008995 secs]
237.825: [GC (Allocation Failure)  30832K->24656K(32256K), 0.0009619 secs]
237.829: [GC (Allocation Failure)  30800K->24624K(32256K), 0.0008743 secs]
237.833: [GC (Allocation Failure)  30768K->24624K(32256K), 0.0008569 secs]
237.836: [GC (Allocation Failure)  30768K->24656K(32256K), 0.0009404 secs]
237.841: [GC (Allocation Failure)  30800K->24752K(32256K), 0.0011911 secs]
237.845: [GC (Allocation Failure)  30896K->24784K(32256K), 0.0009695 secs]
237.849: [GC (Allocation Failure)  30928K->24776K(32256K), 0.0010145 secs]
237.853: [GC (Allocation Failure)  30920K->24720K(32256K), 0.0011245 secs]
237.858: [GC (Allocation Failure)  30864K->24848K(32256K), 0.0012547 secs]
237.862: [GC (Allocation Failure)  30992K->24851K(32256K), 0.0016107 secs]
237.867: [GC (Allocation Failure)  30995K->24755K(32256K), 0.0012765 secs]
237.872: [GC (Allocation Failure)  30899K->24883K(32256K), 0.0012064 secs]
237.876: [GC (Allocation Failure)  31027K->24835K(32256K), 0.0012880 secs]
237.880: [GC (Allocation Failure)  30979K->24803K(32256K), 0.0011403 secs]
237.884: [GC (Allocation Failure)  30947K->24835K(32256K), 0.0010677 secs]
237.888: [GC (Allocation Failure)  30979K->24771K(32256K), 0.0010131 secs]
237.892: [GC (Allocation Failure)  30915K->24835K(32256K), 0.0008656 secs]
237.897: [GC (Allocation Failure)  30979K->24803K(32256K), 0.0011577 secs]
237.901: [GC (Allocation Failure)  30947K->24835K(32256K), 0.0011044 secs]
237.905: [GC (Allocation Failure)  30979K->24803K(32256K), 0.0009571 secs]
237.909: [GC (Allocation Failure)  30947K->24995K(32256K), 0.0009633 secs]
237.914: [GC (Allocation Failure)  31139K->24965K(32256K), 0.0011668 secs]
237.918: [GC (Allocation Failure)  31109K->24965K(32256K), 0.0010482 secs]
237.922: [GC (Allocation Failure)  31109K->24965K(32256K), 0.0008291 secs]
237.925: [GC (Allocation Failure)  31109K->24901K(32256K), 0.0010014 secs]
237.929: [GC (Allocation Failure)  31045K->24901K(32256K), 0.0010191 secs]
237.933: [GC (Allocation Failure)  31045K->24901K(32256K), 0.0008985 secs]
237.937: [GC (Allocation Failure)  31045K->24997K(32256K), 0.0009600 secs]
237.941: [GC (Allocation Failure)  31141K->25029K(32256K), 0.0011849 secs]
237.946: [GC (Allocation Failure)  31173K->24989K(32256K), 0.0016041 secs]
237.950: [GC (Allocation Failure)  31133K->25045K(32256K), 0.0010107 secs]
237.954: [GC (Allocation Failure)  31189K->25053K(32256K), 0.0009621 secs]
237.958: [GC (Allocation Failure)  31197K->25149K(32256K), 0.0010555 secs]
237.963: [GC (Allocation Failure)  31293K->25167K(32256K), 0.0018157 secs]
237.968: [GC (Allocation Failure)  31311K->25079K(32256K), 0.0009234 secs]
237.971: [GC (Allocation Failure)  31223K->25119K(32256K), 0.0008874 secs]
237.975: [GC (Allocation Failure)  31263K->25279K(32256K), 0.0012509 secs]
237.980: [GC (Allocation Failure)  31423K->25215K(32256K), 0.0015562 secs]
237.985: [GC (Allocation Failure)  31359K->25167K(32256K), 0.0009845 secs]
237.988: [GC (Allocation Failure)  31311K->25303K(32256K), 0.0009381 secs]
237.992: [GC (Allocation Failure)  31447K->25111K(32256K), 0.0011560 secs]
237.996: [GC (Allocation Failure)  31255K->25175K(32256K), 0.0011183 secs]
238.001: [GC (Allocation Failure)  31319K->25143K(32256K), 0.0009987 secs]
238.004: [GC (Allocation Failure)  31287K->25111K(32256K), 0.0008591 secs]
238.008: [GC (Allocation Failure)  31255K->25111K(32256K), 0.0008553 secs]
238.012: [GC (Allocation Failure)  31255K->25271K(32256K), 0.0011947 secs]
238.016: [GC (Allocation Failure)  31415K->25362K(32256K), 0.0009817 secs]
238.020: [GC (Allocation Failure)  31506K->25242K(32256K), 0.0008960 secs]
238.024: [GC (Allocation Failure)  31386K->25306K(32256K), 0.0011021 secs]
238.028: [GC (Allocation Failure)  31450K->25306K(32256K), 0.0009369 secs]
238.031: [GC (Allocation Failure)  31450K->25274K(32256K), 0.0010257 secs]
238.036: [GC (Allocation Failure)  31418K->25306K(32256K), 0.0012218 secs]
238.040: [GC (Allocation Failure)  31450K->25402K(32256K), 0.0014590 secs]
238.046: [GC (Allocation Failure)  31546K->25386K(32256K), 0.0013486 secs]
238.051: [GC (Allocation Failure)  31530K->25426K(32256K), 0.0014049 secs]
238.055: [GC (Allocation Failure)  31570K->25418K(32256K), 0.0011250 secs]
238.059: [GC (Allocation Failure)  31562K->25426K(32256K), 0.0009804 secs]
238.063: [GC (Allocation Failure)  31570K->25554K(32256K), 0.0014952 secs]
238.068: [GC (Allocation Failure)  31698K->25526K(32256K), 0.0010450 secs]
238.072: [GC (Allocation Failure)  31670K->25526K(32256K), 0.0011342 secs]
238.076: [GC (Allocation Failure)  31670K->25486K(32256K), 0.0013599 secs]
238.081: [GC (Allocation Failure)  31630K->25518K(32256K), 0.0011056 secs]
238.085: [GC (Allocation Failure)  31662K->25518K(32256K), 0.0010603 secs]
238.089: [GC (Allocation Failure)  31662K->25486K(32256K), 0.0009104 secs]
238.092: [GC (Allocation Failure)  31630K->25454K(32256K), 0.0008459 secs]
238.096: [GC (Allocation Failure)  31598K->25518K(32256K), 0.0009812 secs]
238.100: [GC (Allocation Failure)  31662K->25486K(32256K), 0.0008351 secs]
238.104: [GC (Allocation Failure)  31630K->25518K(32256K), 0.0008616 secs]
238.107: [GC (Allocation Failure)  31662K->25518K(32256K), 0.0009490 secs]
238.111: [GC (Allocation Failure)  31662K->25518K(32256K), 0.0008136 secs]
238.115: [GC (Allocation Failure)  31662K->25646K(32256K), 0.0011982 secs]
238.119: [GC (Allocation Failure)  31790K->25655K(32256K), 0.0011118 secs]
238.123: [GC (Allocation Failure)  31799K->25527K(32256K), 0.0009408 secs]
238.127: [GC (Allocation Failure)  31671K->25591K(32256K), 0.0008496 secs]
238.131: [GC (Allocation Failure)  31735K->25527K(32256K), 0.0008616 secs]
238.135: [GC (Allocation Failure)  31671K->25559K(32256K), 0.0009897 secs]
238.139: [GC (Allocation Failure)  31703K->25655K(32256K), 0.0011503 secs]
238.144: [GC (Allocation Failure)  31799K->25687K(32256K), 0.0015664 secs]
238.149: [GC (Allocation Failure)  31831K->25647K(32256K), 0.0011767 secs]
238.150: [Full GC (Ergonomics)  25647K->21312K(31744K), 0.0732056 secs]
238.228: [GC (Allocation Failure)  27456K->21536K(31744K), 0.0016617 secs]
238.233: [GC (Allocation Failure)  27680K->21571K(31744K), 0.0012602 secs]
238.237: [GC (Allocation Failure)  27715K->21459K(31744K), 0.0008940 secs]
238.241: [GC (Allocation Failure)  27603K->21523K(31744K), 0.0019626 secs]
238.246: [GC (Allocation Failure)  27667K->21619K(31744K), 0.0014854 secs]
238.251: [GC (Allocation Failure)  27763K->21531K(31744K), 0.0013689 secs]
238.255: [GC (Allocation Failure)  27675K->21595K(31744K), 0.0010799 secs]
238.259: [GC (Allocation Failure)  27739K->21571K(31744K), 0.0011977 secs]
238.264: [GC (Allocation Failure)  27715K->21571K(31744K), 0.0011009 secs]
238.268: [GC (Allocation Failure)  27715K->21603K(31744K), 0.0010403 secs]
238.271: [GC (Allocation Failure)  27747K->21603K(31744K), 0.0009406 secs]
238.275: [GC (Allocation Failure)  27747K->21635K(31744K), 0.0011097 secs]
238.280: [GC (Allocation Failure)  27779K->21763K(31744K), 0.0011535 secs]
238.284: [GC (Allocation Failure)  27907K->21774K(31744K), 0.0010934 secs]
238.288: [GC (Allocation Failure)  27918K->21750K(31744K), 0.0009877 secs]
238.292: [GC (Allocation Failure)  27894K->21718K(31744K), 0.0010801 secs]
238.296: [GC (Allocation Failure)  27862K->21750K(31744K), 0.0012244 secs]
238.300: [GC (Allocation Failure)  27894K->21686K(31744K), 0.0008661 secs]
238.304: [GC (Allocation Failure)  27830K->21718K(31744K), 0.0011296 secs]
238.308: [GC (Allocation Failure)  27862K->21686K(31744K), 0.0011516 secs]
238.312: [GC (Allocation Failure)  27830K->21686K(31744K), 0.0010105 secs]
238.316: [GC (Allocation Failure)  27830K->21686K(31744K), 0.0008635 secs]
238.320: [GC (Allocation Failure)  27830K->21718K(31744K), 0.0009522 secs]
238.323: [GC (Allocation Failure)  27862K->21654K(31744K), 0.0010153 secs]
238.328: [GC (Allocation Failure)  27798K->21846K(31744K), 0.0012495 secs]
238.332: [GC (Allocation Failure)  27990K->21822K(31744K), 0.0012813 secs]
238.336: [GC (Allocation Failure)  27966K->21824K(31744K), 0.0011143 secs]
238.341: [GC (Allocation Failure)  27968K->21840K(31744K), 0.0012001 secs]
238.345: [GC (Allocation Failure)  27984K->21936K(31744K), 0.0022841 secs]
238.351: [GC (Allocation Failure)  28080K->21928K(31744K), 0.0012889 secs]
238.355: [GC (Allocation Failure)  28072K->21840K(31744K), 0.0011545 secs]
238.359: [GC (Allocation Failure)  27984K->21808K(31744K), 0.0011528 secs]
238.363: [GC (Allocation Failure)  27952K->21872K(31744K), 0.0015051 secs]
238.368: [GC (Allocation Failure)  28016K->21872K(31744K), 0.0011349 secs]
238.372: [GC (Allocation Failure)  28016K->21872K(31744K), 0.0011115 secs]
238.376: [GC (Allocation Failure)  28016K->21840K(31744K), 0.0009549 secs]
238.380: [GC (Allocation Failure)  27984K->21808K(31744K), 0.0015146 secs]
238.384: [GC (Allocation Failure)  27952K->22032K(31744K), 0.0011470 secs]
238.389: [GC (Allocation Failure)  28176K->22043K(31744K), 0.0010938 secs]
238.393: [GC (Allocation Failure)  28187K->22003K(31744K), 0.0010355 secs]
238.397: [GC (Allocation Failure)  28147K->21939K(31744K), 0.0013975 secs]
238.401: [GC (Allocation Failure)  28083K->21971K(31744K), 0.0011037 secs]
238.405: [GC (Allocation Failure)  28115K->21939K(31744K), 0.0011066 secs]
238.410: [GC (Allocation Failure)  28083K->21971K(31744K), 0.0011550 secs]
238.414: [GC (Allocation Failure)  28115K->21939K(31744K), 0.0012931 secs]
238.418: [GC (Allocation Failure)  28083K->21939K(31744K), 0.0009431 secs]
238.421: [GC (Allocation Failure)  28083K->21907K(31744K), 0.0008714 secs]
238.425: [GC (Allocation Failure)  28051K->21907K(31744K), 0.0010762 secs]
238.429: [GC (Allocation Failure)  28051K->21939K(31744K), 0.0013418 secs]
238.433: [GC (Allocation Failure)  28083K->22131K(31744K), 0.0012159 secs]
238.438: [GC (Allocation Failure)  28275K->22132K(31744K), 0.0010641 secs]
238.442: [GC (Allocation Failure)  28276K->22124K(31744K), 0.0015963 secs]
238.447: [GC (Allocation Failure)  28268K->22044K(31744K), 0.0016877 secs]
238.452: [GC (Allocation Failure)  28188K->22100K(31744K), 0.0011509 secs]
238.456: [GC (Allocation Failure)  28244K->22108K(31744K), 0.0014160 secs]
238.460: [GC (Allocation Failure)  28252K->22108K(31744K), 0.0011868 secs]
238.465: [GC (Allocation Failure)  28252K->22108K(31744K), 0.0012994 secs]
238.469: [GC (Allocation Failure)  28252K->22044K(31744K), 0.0008944 secs]
238.473: [GC (Allocation Failure)  28188K->22044K(31744K), 0.0011053 secs]
238.477: [GC (Allocation Failure)  28188K->22204K(31744K), 0.0013174 secs]
238.482: [GC (Allocation Failure)  28348K->22084K(31744K), 0.0012974 secs]
238.486: [GC (Allocation Failure)  28228K->22324K(31744K), 0.0012052 secs]
238.491: [GC (Allocation Failure)  28468K->22222K(31744K), 0.0013915 secs]
238.495: [GC (Allocation Failure)  28366K->22158K(31744K), 0.0013068 secs]
238.500: [GC (Allocation Failure)  28302K->22286K(31744K), 0.0011295 secs]
238.504: [GC (Allocation Failure)  28430K->22190K(31744K), 0.0011577 secs]
238.508: [GC (Allocation Failure)  28334K->22158K(31744K), 0.0010583 secs]
238.512: [GC (Allocation Failure)  28302K->22158K(31744K), 0.0011094 secs]
238.516: [GC (Allocation Failure)  28302K->22222K(31744K), 0.0009481 secs]
238.520: [GC (Allocation Failure)  28366K->22254K(31744K), 0.0008348 secs]
238.523: [GC (Allocation Failure)  28398K->22222K(31744K), 0.0010738 secs]
238.527: [GC (Allocation Failure)  28366K->22222K(31744K), 0.0008926 secs]
238.531: [GC (Allocation Failure)  28366K->22158K(31744K), 0.0011451 secs]
238.535: [GC (Allocation Failure)  28302K->22414K(31744K), 0.0010100 secs]
238.539: [GC (Allocation Failure)  28558K->22329K(31744K), 0.0010449 secs]
238.544: [GC (Allocation Failure)  28473K->22417K(31744K), 0.0015477 secs]
238.549: [GC (Allocation Failure)  28561K->22441K(31744K), 0.0014599 secs]
238.554: [GC (Allocation Failure)  28585K->22433K(31744K), 0.0014141 secs]
238.559: [GC (Allocation Failure)  28577K->22313K(31744K), 0.0011456 secs]
238.563: [GC (Allocation Failure)  28457K->22377K(31744K), 0.0015463 secs]
238.568: [GC (Allocation Failure)  28521K->22377K(31744K), 0.0012846 secs]
238.572: [GC (Allocation Failure)  28521K->22377K(31744K), 0.0013751 secs]
238.576: [GC (Allocation Failure)  28521K->22409K(31744K), 0.0010764 secs]
238.580: [GC (Allocation Failure)  28553K->22313K(31744K), 0.0011366 secs]
238.584: [GC (Allocation Failure)  28457K->22409K(31744K), 0.0010409 secs]
238.588: [GC (Allocation Failure)  28553K->22569K(31744K), 0.0010801 secs]
238.593: [GC (Allocation Failure)  28713K->22540K(31744K), 0.0012549 secs]
238.598: [GC (Allocation Failure)  28684K->22420K(31744K), 0.0013371 secs]
238.602: [GC (Allocation Failure)  28564K->22484K(31744K), 0.0010805 secs]
238.606: [GC (Allocation Failure)  28628K->22484K(31744K), 0.0010166 secs]
238.610: [GC (Allocation Failure)  28628K->22484K(31744K), 0.0009459 secs]
238.613: [GC (Allocation Failure)  28628K->22484K(31744K), 0.0011364 secs]
238.617: [GC (Allocation Failure)  28628K->22452K(31744K), 0.0012070 secs]
238.621: [GC (Allocation Failure)  28596K->22484K(31744K), 0.0010045 secs]
238.625: [GC (Allocation Failure)  28628K->22484K(31744K), 0.0009721 secs]
238.629: [GC (Allocation Failure)  28628K->22516K(31744K), 0.0011611 secs]
238.633: [GC (Allocation Failure)  28660K->22452K(31744K), 0.0008170 secs]
238.637: [GC (Allocation Failure)  28596K->22580K(31744K), 0.0008219 secs]
238.641: [GC (Allocation Failure)  28724K->22662K(31744K), 0.0009792 secs]
238.647: [GC (Allocation Failure)  28806K->22630K(31744K), 0.0018645 secs]
238.652: [GC (Allocation Failure)  28774K->22622K(31744K), 0.0015391 secs]
238.657: [GC (Allocation Failure)  28766K->22590K(31744K), 0.0010445 secs]
238.661: [GC (Allocation Failure)  28734K->22598K(31744K), 0.0009271 secs]
238.665: [GC (Allocation Failure)  28742K->22630K(31744K), 0.0011923 secs]
238.669: [GC (Allocation Failure)  28774K->22630K(31744K), 0.0009361 secs]
238.672: [GC (Allocation Failure)  28774K->22630K(31744K), 0.0010219 secs]
238.676: [GC (Allocation Failure)  28774K->22630K(31744K), 0.0009941 secs]
238.680: [GC (Allocation Failure)  28774K->22630K(31744K), 0.0010224 secs]
238.684: [GC (Allocation Failure)  28774K->22598K(31744K), 0.0008951 secs]
238.688: [GC (Allocation Failure)  28742K->22598K(31744K), 0.0009270 secs]
238.692: [GC (Allocation Failure)  28742K->22822K(31744K), 0.0010754 secs]
238.697: [GC (Allocation Failure)  28966K->22744K(31744K), 0.0011670 secs]
238.701: [GC (Allocation Failure)  28888K->22688K(31744K), 0.0008906 secs]
238.705: [GC (Allocation Failure)  28832K->22720K(31744K), 0.0009223 secs]
238.709: [GC (Allocation Failure)  28864K->22752K(31744K), 0.0010119 secs]
238.713: [GC (Allocation Failure)  28896K->22720K(31744K), 0.0010381 secs]
238.717: [GC (Allocation Failure)  28864K->22656K(31744K), 0.0009922 secs]
238.720: [GC (Allocation Failure)  28800K->22688K(31744K), 0.0009466 secs]
238.724: [GC (Allocation Failure)  28832K->22720K(31744K), 0.0007795 secs]
238.728: [GC (Allocation Failure)  28864K->22720K(31744K), 0.0008973 secs]
238.731: [GC (Allocation Failure)  28864K->22752K(31744K), 0.0008462 secs]
238.735: [GC (Allocation Failure)  28896K->22720K(31744K), 0.0008442 secs]
238.739: [GC (Allocation Failure)  28864K->22720K(31744K), 0.0009114 secs]
238.742: [GC (Allocation Failure)  28864K->22880K(31744K), 0.0008834 secs]
238.747: [GC (Allocation Failure)  29024K->22819K(31744K), 0.0015020 secs]
238.752: [GC (Allocation Failure)  28963K->22931K(31744K), 0.0014280 secs]
238.757: [GC (Allocation Failure)  29075K->22883K(31744K), 0.0016675 secs]
238.761: [GC (Allocation Failure)  29027K->22915K(31744K), 0.0012970 secs]
238.766: [GC (Allocation Failure)  29059K->22891K(31744K), 0.0011395 secs]
238.770: [GC (Allocation Failure)  29035K->22859K(31744K), 0.0013712 secs]
238.774: [GC (Allocation Failure)  29003K->22923K(31744K), 0.0010406 secs]
238.778: [GC (Allocation Failure)  29067K->22891K(31744K), 0.0010885 secs]
238.782: [GC (Allocation Failure)  29035K->22859K(31744K), 0.0010647 secs]
238.786: [GC (Allocation Failure)  29003K->22891K(31744K), 0.0009306 secs]
238.790: [GC (Allocation Failure)  29035K->22891K(31744K), 0.0009796 secs]
238.794: [GC (Allocation Failure)  29035K->23019K(31744K), 0.0011748 secs]
238.798: [GC (Allocation Failure)  29163K->23005K(31744K), 0.0012334 secs]
238.803: [GC (Allocation Failure)  29149K->22941K(31744K), 0.0011925 secs]
238.807: [GC (Allocation Failure)  29085K->22981K(31744K), 0.0009847 secs]
238.811: [GC (Allocation Failure)  29125K->23013K(31744K), 0.0010761 secs]
238.816: [GC (Allocation Failure)  29157K->22949K(31744K), 0.0008325 secs]
238.820: [GC (Allocation Failure)  29093K->23013K(31744K), 0.0009738 secs]
238.824: [GC (Allocation Failure)  29157K->22981K(31744K), 0.0009155 secs]
238.827: [GC (Allocation Failure)  29125K->22949K(31744K), 0.0007625 secs]
238.831: [GC (Allocation Failure)  29093K->23013K(31744K), 0.0007772 secs]
238.834: [GC (Allocation Failure)  29157K->22917K(31744K), 0.0008942 secs]
238.839: [GC (Allocation Failure)  29061K->22981K(31744K), 0.0009622 secs]
238.843: [GC (Allocation Failure)  29125K->22949K(31744K), 0.0008401 secs]
238.848: [GC (Allocation Failure)  29093K->23141K(31744K), 0.0011495 secs]
238.852: [GC (Allocation Failure)  29285K->23126K(31744K), 0.0016200 secs]
238.857: [GC (Allocation Failure)  29270K->23142K(31744K), 0.0010249 secs]
238.861: [GC (Allocation Failure)  29286K->23054K(31744K), 0.0010704 secs]
238.866: [GC (Allocation Failure)  29198K->23150K(31744K), 0.0013844 secs]
238.871: [GC (Allocation Failure)  29294K->23134K(31744K), 0.0010852 secs]
238.875: [GC (Allocation Failure)  29278K->23102K(31744K), 0.0011412 secs]
238.879: [GC (Allocation Failure)  29246K->23102K(31744K), 0.0009394 secs]
238.883: [GC (Allocation Failure)  29246K->23134K(31744K), 0.0010294 secs]
238.887: [GC (Allocation Failure)  29278K->23166K(31744K), 0.0009221 secs]
238.891: [GC (Allocation Failure)  29310K->23102K(31744K), 0.0009222 secs]
238.895: [GC (Allocation Failure)  29246K->23166K(31744K), 0.0011520 secs]
238.899: [GC (Allocation Failure)  29310K->23294K(31744K), 0.0012629 secs]
238.904: [GC (Allocation Failure)  29438K->23271K(31744K), 0.0010219 secs]
238.908: [GC (Allocation Failure)  29415K->23207K(31744K), 0.0008729 secs]
238.912: [GC (Allocation Failure)  29351K->23207K(31744K), 0.0011666 secs]
238.916: [GC (Allocation Failure)  29351K->23207K(31744K), 0.0008878 secs]
238.920: [GC (Allocation Failure)  29351K->23207K(31744K), 0.0010272 secs]
238.924: [GC (Allocation Failure)  29351K->23175K(31744K), 0.0007699 secs]
238.928: [GC (Allocation Failure)  29319K->23207K(31744K), 0.0009960 secs]
238.932: [GC (Allocation Failure)  29351K->23239K(31744K), 0.0009591 secs]
238.936: [GC (Allocation Failure)  29383K->23207K(31744K), 0.0009594 secs]
238.940: [GC (Allocation Failure)  29351K->23239K(31744K), 0.0008170 secs]
238.943: [GC (Allocation Failure)  29383K->23271K(31744K), 0.0009571 secs]
238.947: [GC (Allocation Failure)  29415K->23287K(31744K), 0.0010639 secs]
238.952: [GC (Allocation Failure)  29431K->23359K(31744K), 0.0013311 secs]
238.956: [GC (Allocation Failure)  29503K->23337K(31744K), 0.0011189 secs]
238.960: [GC (Allocation Failure)  29481K->23297K(31744K), 0.0013547 secs]
238.965: [GC (Allocation Failure)  29441K->23305K(31744K), 0.0011324 secs]
238.969: [GC (Allocation Failure)  29449K->23273K(31744K), 0.0009989 secs]
238.973: [GC (Allocation Failure)  29417K->23305K(31744K), 0.0009742 secs]
238.977: [GC (Allocation Failure)  29449K->23433K(31744K), 0.0011557 secs]
238.982: [GC (Allocation Failure)  29577K->23361K(31744K), 0.0010909 secs]
238.986: [GC (Allocation Failure)  29505K->23337K(31744K), 0.0008631 secs]
238.990: [GC (Allocation Failure)  29481K->23369K(31744K), 0.0011508 secs]
238.995: [GC (Allocation Failure)  29513K->23305K(31744K), 0.0011873 secs]
238.999: [GC (Allocation Failure)  29449K->23337K(31744K), 0.0009464 secs]
239.003: [GC (Allocation Failure)  29481K->23529K(31744K), 0.0012758 secs]
239.007: [GC (Allocation Failure)  29673K->23450K(31744K), 0.0009937 secs]
239.011: [GC (Allocation Failure)  29594K->23354K(31744K), 0.0010374 secs]
239.015: [GC (Allocation Failure)  29498K->23354K(31744K), 0.0009302 secs]
239.019: [GC (Allocation Failure)  29498K->23450K(31744K), 0.0009379 secs]
239.023: [GC (Allocation Failure)  29594K->23386K(31744K), 0.0009833 secs]
239.027: [GC (Allocation Failure)  29530K->23418K(31744K), 0.0008779 secs]
239.031: [GC (Allocation Failure)  29562K->23386K(31744K), 0.0008719 secs]
239.034: [GC (Allocation Failure)  29530K->23418K(31744K), 0.0008283 secs]
239.038: [GC (Allocation Failure)  29562K->23450K(31744K), 0.0010416 secs]
239.043: [GC (Allocation Failure)  29594K->23450K(31744K), 0.0012800 secs]
239.048: [GC (Allocation Failure)  29594K->23514K(31744K), 0.0017996 secs]
239.054: [GC (Allocation Failure)  29658K->23578K(31744K), 0.0016178 secs]
239.059: [GC (Allocation Failure)  29722K->23621K(31744K), 0.0015205 secs]
239.064: [GC (Allocation Failure)  29765K->23597K(31744K), 0.0012468 secs]
239.068: [GC (Allocation Failure)  29741K->23573K(31744K), 0.0010187 secs]
239.072: [GC (Allocation Failure)  29717K->23509K(31744K), 0.0010987 secs]
239.076: [GC (Allocation Failure)  29653K->23509K(31744K), 0.0010729 secs]
239.080: [GC (Allocation Failure)  29653K->23573K(31744K), 0.0010353 secs]
239.084: [GC (Allocation Failure)  29717K->23605K(31744K), 0.0009007 secs]
239.088: [GC (Allocation Failure)  29749K->23509K(31744K), 0.0008968 secs]
239.092: [GC (Allocation Failure)  29653K->23573K(31744K), 0.0009720 secs]
239.096: [GC (Allocation Failure)  29717K->23573K(31744K), 0.0008378 secs]
239.100: [GC (Allocation Failure)  29717K->23509K(31744K), 0.0008634 secs]
239.103: [GC (Allocation Failure)  29653K->23637K(31744K), 0.0008593 secs]
239.107: [GC (Allocation Failure)  29781K->23717K(31744K), 0.0009290 secs]
239.112: [GC (Allocation Failure)  29861K->23718K(31744K), 0.0011013 secs]
239.116: [GC (Allocation Failure)  29862K->23646K(31744K), 0.0009451 secs]
239.120: [GC (Allocation Failure)  29790K->23582K(31744K), 0.0009918 secs]
239.124: [GC (Allocation Failure)  29726K->23678K(31744K), 0.0009737 secs]
239.128: [GC (Allocation Failure)  29822K->23614K(31744K), 0.0008845 secs]
239.132: [GC (Allocation Failure)  29758K->23646K(31744K), 0.0009285 secs]
239.136: [GC (Allocation Failure)  29790K->23646K(31744K), 0.0008546 secs]
239.139: [GC (Allocation Failure)  29790K->23646K(31744K), 0.0009269 secs]
239.143: [GC (Allocation Failure)  29790K->23646K(31744K), 0.0009026 secs]
239.147: [GC (Allocation Failure)  29790K->23774K(31744K), 0.0010136 secs]
239.152: [GC (Allocation Failure)  29918K->23790K(31744K), 0.0011056 secs]
239.156: [GC (GCLocker Initiated GC)  29935K->23911K(31744K), 0.0011002 secs]
239.161: [GC (Allocation Failure)  30059K->23902K(31744K), 0.0014384 secs]
239.166: [GC (Allocation Failure)  30046K->23942K(31744K), 0.0011246 secs]
239.170: [GC (Allocation Failure)  30086K->23798K(31744K), 0.0008340 secs]
239.173: [GC (Allocation Failure)  29942K->23830K(31744K), 0.0010904 secs]
239.177: [GC (Allocation Failure)  29974K->23862K(31744K), 0.0008092 secs]
239.181: [GC (Allocation Failure)  30006K->23862K(31744K), 0.0008793 secs]
239.185: [GC (Allocation Failure)  30006K->23830K(31744K), 0.0008085 secs]
239.189: [GC (Allocation Failure)  29974K->23862K(31744K), 0.0008990 secs]
239.193: [GC (Allocation Failure)  30006K->23798K(31744K), 0.0008810 secs]
239.196: [GC (Allocation Failure)  29942K->23862K(31744K), 0.0009133 secs]
239.200: [GC (Allocation Failure)  30006K->23798K(31744K), 0.0007694 secs]
239.204: [GC (Allocation Failure)  29942K->23830K(31744K), 0.0010199 secs]
239.208: [GC (Allocation Failure)  29974K->23990K(31744K), 0.0012418 secs]
239.213: [GC (Allocation Failure)  30134K->24008K(31744K), 0.0014341 secs]
239.217: [GC (Allocation Failure)  30152K->24008K(31744K), 0.0009756 secs]
239.221: [GC (Allocation Failure)  30152K->23952K(31744K), 0.0008706 secs]
239.224: [GC (Allocation Failure)  30096K->23952K(31744K), 0.0009577 secs]
239.228: [GC (Allocation Failure)  30096K->23920K(31744K), 0.0010773 secs]
239.232: [GC (Allocation Failure)  30064K->23952K(31744K), 0.0009507 secs]
239.236: [GC (Allocation Failure)  30096K->23952K(31744K), 0.0009716 secs]
239.240: [GC (Allocation Failure)  30096K->23984K(31744K), 0.0009110 secs]
239.244: [GC (Allocation Failure)  30128K->23920K(31744K), 0.0008817 secs]
239.248: [GC (Allocation Failure)  30064K->24016K(31744K), 0.0010528 secs]
239.252: [GC (Allocation Failure)  30160K->24072K(31744K), 0.0010292 secs]
239.256: [GC (Allocation Failure)  30216K->24064K(31744K), 0.0011457 secs]
239.261: [GC (Allocation Failure)  30208K->24208K(31744K), 0.0011856 secs]
239.266: [GC (Allocation Failure)  30352K->24147K(31744K), 0.0010692 secs]
239.270: [GC (Allocation Failure)  30291K->24059K(31744K), 0.0009073 secs]
239.274: [GC (Allocation Failure)  30203K->24123K(31744K), 0.0009861 secs]
239.278: [GC (Allocation Failure)  30267K->24123K(31744K), 0.0009864 secs]
239.282: [GC (Allocation Failure)  30267K->24155K(31744K), 0.0009005 secs]
239.286: [GC (Allocation Failure)  30299K->24091K(31744K), 0.0009049 secs]
239.290: [GC (Allocation Failure)  30235K->24091K(31744K), 0.0009424 secs]
239.294: [GC (Allocation Failure)  30235K->24123K(31744K), 0.0009556 secs]
239.298: [GC (Allocation Failure)  30267K->24123K(31744K), 0.0009985 secs]
239.302: [GC (Allocation Failure)  30267K->24091K(31744K), 0.0009354 secs]
239.305: [GC (Allocation Failure)  30235K->24123K(31744K), 0.0009490 secs]
239.309: [GC (Allocation Failure)  30267K->24251K(31744K), 0.0008128 secs]
239.314: [GC (Allocation Failure)  30395K->24307K(31744K), 0.0011144 secs]
239.319: [GC (Allocation Failure)  30451K->24301K(31744K), 0.0011119 secs]
239.323: [GC (Allocation Failure)  30445K->24165K(31744K), 0.0011105 secs]
239.327: [GC (Allocation Failure)  30309K->24165K(31744K), 0.0011533 secs]
239.333: [GC (Allocation Failure)  30309K->24261K(31744K), 0.0014467 secs]
239.337: [GC (Allocation Failure)  30405K->24197K(31744K), 0.0014116 secs]
239.342: [GC (Allocation Failure)  30341K->24229K(31744K), 0.0012705 secs]
239.347: [GC (Allocation Failure)  30373K->24325K(31744K), 0.0015233 secs]
239.352: [GC (Allocation Failure)  30469K->24293K(31744K), 0.0018254 secs]
239.358: [GC (Allocation Failure)  30437K->24261K(31744K), 0.0010819 secs]
239.362: [GC (Allocation Failure)  30405K->24461K(31744K), 0.0023585 secs]
239.369: [GC (Allocation Failure)  30605K->24440K(31744K), 0.0013500 secs]
239.373: [GC (Allocation Failure)  30584K->24416K(31744K), 0.0012593 secs]
239.377: [GC (Allocation Failure)  30560K->24416K(31744K), 0.0009457 secs]
239.382: [GC (Allocation Failure)  30560K->24384K(31744K), 0.0010550 secs]
239.386: [GC (Allocation Failure)  30528K->24416K(31744K), 0.0010406 secs]
239.390: [GC (Allocation Failure)  30560K->24352K(31744K), 0.0010603 secs]
239.394: [GC (Allocation Failure)  30496K->24384K(31744K), 0.0012505 secs]
239.399: [GC (Allocation Failure)  30528K->24448K(31744K), 0.0011247 secs]
239.403: [GC (Allocation Failure)  30592K->24448K(31744K), 0.0011369 secs]
239.407: [GC (Allocation Failure)  30592K->24352K(31744K), 0.0008422 secs]
239.411: [GC (Allocation Failure)  30496K->24384K(31744K), 0.0010340 secs]
239.416: [GC (Allocation Failure)  30528K->24512K(31744K), 0.0013536 secs]
239.421: [GC (Allocation Failure)  30656K->24546K(31744K), 0.0013503 secs]
239.426: [GC (Allocation Failure)  30690K->24522K(31744K), 0.0013749 secs]
239.430: [GC (Allocation Failure)  30666K->24530K(31744K), 0.0014945 secs]
239.435: [GC (Allocation Failure)  30674K->24466K(31744K), 0.0011276 secs]
239.439: [GC (Allocation Failure)  30610K->24498K(31744K), 0.0009364 secs]
239.443: [GC (Allocation Failure)  30642K->24498K(31744K), 0.0009001 secs]
239.446: [GC (Allocation Failure)  30642K->24498K(31744K), 0.0008982 secs]
239.451: [GC (Allocation Failure)  30642K->24626K(31744K), 0.0012061 secs]
239.456: [GC (Allocation Failure)  30770K->24618K(31744K), 0.0011729 secs]
239.460: [GC (Allocation Failure)  30762K->24554K(31744K), 0.0011910 secs]
239.465: [GC (Allocation Failure)  30698K->24722K(31744K), 0.0010216 secs]
239.469: [GC (Allocation Failure)  30866K->24730K(31744K), 0.0011553 secs]
239.473: [GC (Allocation Failure)  30874K->24645K(31744K), 0.0010438 secs]
239.478: [GC (Allocation Failure)  30789K->24789K(31744K), 0.0013273 secs]
239.483: [GC (Allocation Failure)  30933K->24789K(31744K), 0.0010310 secs]
239.487: [GC (Allocation Failure)  30933K->24765K(31744K), 0.0008839 secs]
239.491: [GC (Allocation Failure)  30909K->24669K(31744K), 0.0011378 secs]
239.495: [GC (Allocation Failure)  30813K->24669K(31744K), 0.0011479 secs]
239.499: [GC (Allocation Failure)  30813K->24765K(31744K), 0.0009220 secs]
239.503: [GC (Allocation Failure)  30909K->24733K(31744K), 0.0009275 secs]
239.507: [GC (Allocation Failure)  30877K->24733K(31744K), 0.0008011 secs]
239.510: [GC (Allocation Failure)  30877K->24733K(31744K), 0.0009046 secs]
239.515: [GC (Allocation Failure)  30877K->24701K(31744K), 0.0009031 secs]
239.518: [GC (Allocation Failure)  30845K->24893K(31744K), 0.0010432 secs]
239.523: [GC (Allocation Failure)  31037K->24830K(31744K), 0.0011413 secs]
239.527: [GC (Allocation Failure)  30974K->24774K(31744K), 0.0012537 secs]
239.532: [GC (Allocation Failure)  30918K->24774K(31744K), 0.0010061 secs]
239.536: [GC (Allocation Failure)  30918K->24774K(31744K), 0.0010164 secs]
239.540: [GC (Allocation Failure)  30918K->24806K(31744K), 0.0008790 secs]
239.543: [GC (Allocation Failure)  30950K->24806K(31744K), 0.0010840 secs]
239.548: [GC (Allocation Failure)  30950K->24870K(31744K), 0.0009469 secs]
239.552: [GC (Allocation Failure)  31014K->24862K(31744K), 0.0013521 secs]
239.557: [GC (Allocation Failure)  31006K->24870K(31744K), 0.0011937 secs]
239.562: [GC (Allocation Failure)  31014K->24910K(31744K), 0.0013593 secs]
239.566: [GC (Allocation Failure)  31054K->24878K(31744K), 0.0010050 secs]
239.570: [GC (Allocation Failure)  31022K->25006K(31744K), 0.0011371 secs]
239.575: [GC (Allocation Failure)  31150K->25000K(31744K), 0.0011645 secs]
239.579: [GC (Allocation Failure)  31144K->24912K(31744K), 0.0012760 secs]
239.583: [GC (Allocation Failure)  31056K->24944K(31744K), 0.0010605 secs]
239.587: [GC (Allocation Failure)  31088K->24912K(31744K), 0.0010235 secs]
239.591: [GC (Allocation Failure)  31056K->24912K(31744K), 0.0009065 secs]
239.595: [GC (Allocation Failure)  31056K->24976K(31744K), 0.0009253 secs]
239.599: [GC (Allocation Failure)  31120K->25040K(31744K), 0.0008921 secs]
239.603: [GC (Allocation Failure)  31184K->24944K(31744K), 0.0009615 secs]
239.606: [GC (Allocation Failure)  31088K->24976K(31744K), 0.0009158 secs]
239.610: [GC (Allocation Failure)  31120K->25008K(31744K), 0.0010013 secs]
239.614: [GC (Allocation Failure)  31152K->24976K(31744K), 0.0008850 secs]
239.618: [GC (Allocation Failure)  31120K->25040K(31744K), 0.0010266 secs]
239.622: [GC (Allocation Failure)  31184K->25112K(31744K), 0.0010612 secs]
239.627: [GC (Allocation Failure)  31256K->25097K(31744K), 0.0009955 secs]
239.631: [GC (Allocation Failure)  31241K->25009K(31744K), 0.0009551 secs]
239.635: [GC (Allocation Failure)  31153K->25009K(31744K), 0.0009139 secs]
239.639: [GC (Allocation Failure)  31153K->25073K(31744K), 0.0009128 secs]
239.642: [GC (Allocation Failure)  31217K->25073K(31744K), 0.0008450 secs]
239.646: [GC (Allocation Failure)  31217K->25105K(31744K), 0.0010109 secs]
239.650: [GC (Allocation Failure)  31249K->25169K(31744K), 0.0009689 secs]
239.654: [GC (Allocation Failure)  31313K->25233K(31744K), 0.0011194 secs]
239.659: [GC (Allocation Failure)  31377K->25137K(31744K), 0.0009769 secs]
239.660: [Full GC (Ergonomics)  25137K->21303K(31744K), 0.0748188 secs]
239.738: [GC (Allocation Failure)  27447K->21527K(31744K), 0.0016354 secs]
239.743: [GC (Allocation Failure)  27671K->21530K(31744K), 0.0014167 secs]
239.748: [GC (Allocation Failure)  27674K->21434K(31744K), 0.0011390 secs]
239.752: [GC (Allocation Failure)  27578K->21530K(31744K), 0.0015681 secs]
239.757: [GC (Allocation Failure)  27674K->21578K(31744K), 0.0014191 secs]
239.762: [GC (Allocation Failure)  27722K->21514K(31744K), 0.0017527 secs]
239.767: [GC (Allocation Failure)  27658K->21490K(31744K), 0.0010860 secs]
239.771: [GC (Allocation Failure)  27634K->21522K(31744K), 0.0015167 secs]
239.776: [GC (Allocation Failure)  27666K->21522K(31744K), 0.0013086 secs]
239.781: [GC (Allocation Failure)  27666K->21490K(31744K), 0.0013402 secs]
239.786: [GC (Allocation Failure)  27634K->21618K(31744K), 0.0011355 secs]
239.790: [GC (Allocation Failure)  27762K->21690K(31744K), 0.0013809 secs]
239.795: [GC (Allocation Failure)  27834K->21765K(31744K), 0.0013986 secs]
239.799: [GC (Allocation Failure)  27909K->21685K(31744K), 0.0010989 secs]
239.803: [GC (Allocation Failure)  27829K->21653K(31744K), 0.0010645 secs]
239.807: [GC (Allocation Failure)  27797K->21685K(31744K), 0.0009185 secs]
239.811: [GC (Allocation Failure)  27829K->21621K(31744K), 0.0008397 secs]
239.815: [GC (Allocation Failure)  27765K->21685K(31744K), 0.0009058 secs]
239.819: [GC (Allocation Failure)  27829K->21717K(31744K), 0.0008631 secs]
239.822: [GC (Allocation Failure)  27861K->21621K(31744K), 0.0007554 secs]
239.826: [GC (Allocation Failure)  27765K->21717K(31744K), 0.0007753 secs]
239.829: [GC (Allocation Failure)  27861K->21621K(31744K), 0.0008721 secs]
239.833: [GC (Allocation Failure)  27765K->21717K(31744K), 0.0008425 secs]
239.837: [GC (Allocation Failure)  27861K->21621K(31744K), 0.0008378 secs]
239.841: [GC (Allocation Failure)  27765K->21813K(31744K), 0.0010048 secs]
239.845: [GC (Allocation Failure)  27957K->21783K(31744K), 0.0012630 secs]
239.849: [GC (Allocation Failure)  27927K->21839K(31744K), 0.0015847 secs]
239.855: [GC (Allocation Failure)  27983K->21943K(31744K), 0.0018536 secs]
239.860: [GC (Allocation Failure)  28087K->21839K(31744K), 0.0013416 secs]
239.865: [GC (Allocation Failure)  27983K->21815K(31744K), 0.0014449 secs]
239.870: [GC (Allocation Failure)  27959K->21879K(31744K), 0.0014354 secs]
239.875: [GC (Allocation Failure)  28023K->21847K(31744K), 0.0011707 secs]
239.879: [GC (Allocation Failure)  27991K->21847K(31744K), 0.0014261 secs]
239.884: [GC (Allocation Failure)  27991K->21815K(31744K), 0.0011259 secs]
239.888: [GC (Allocation Failure)  27959K->21783K(31744K), 0.0011589 secs]
239.893: [GC (Allocation Failure)  27927K->21975K(31744K), 0.0013887 secs]
239.899: [GC (Allocation Failure)  28119K->22000K(31744K), 0.0013805 secs]
239.903: [GC (Allocation Failure)  28144K->21976K(31744K), 0.0012809 secs]
239.908: [GC (Allocation Failure)  28120K->21912K(31744K), 0.0011393 secs]
239.913: [GC (Allocation Failure)  28056K->21944K(31744K), 0.0016612 secs]
239.918: [GC (Allocation Failure)  28088K->21912K(31744K), 0.0010959 secs]
239.922: [GC (Allocation Failure)  28056K->21944K(31744K), 0.0011511 secs]
239.926: [GC (Allocation Failure)  28088K->21880K(31744K), 0.0011895 secs]
239.931: [GC (Allocation Failure)  28024K->21976K(31744K), 0.0012248 secs]
239.935: [GC (Allocation Failure)  28120K->21912K(31744K), 0.0010624 secs]
239.939: [GC (Allocation Failure)  28056K->21912K(31744K), 0.0008777 secs]
239.943: [GC (Allocation Failure)  28056K->22104K(31744K), 0.0014688 secs]
239.948: [GC (Allocation Failure)  28248K->22089K(31744K), 0.0012093 secs]
239.953: [GC (Allocation Failure)  28233K->22081K(31744K), 0.0014002 secs]
239.958: [GC (Allocation Failure)  28225K->22145K(31744K), 0.0014963 secs]
239.963: [GC (Allocation Failure)  28289K->22169K(31744K), 0.0015029 secs]
239.968: [GC (Allocation Failure)  28313K->22081K(31744K), 0.0008949 secs]
239.972: [GC (Allocation Failure)  28225K->22081K(31744K), 0.0009081 secs]
239.975: [GC (Allocation Failure)  28225K->22145K(31744K), 0.0008781 secs]
239.980: [GC (Allocation Failure)  28289K->22145K(31744K), 0.0013297 secs]
239.984: [GC (Allocation Failure)  28289K->22145K(31744K), 0.0010502 secs]
239.988: [GC (Allocation Failure)  28289K->22121K(31744K), 0.0008014 secs]
239.993: [GC (Allocation Failure)  28265K->22185K(31744K), 0.0012849 secs]
239.998: [GC (Allocation Failure)  28329K->22257K(31744K), 0.0015068 secs]
240.003: [GC (Allocation Failure)  28401K->22291K(31744K), 0.0014667 secs]
240.007: [GC (Allocation Failure)  28435K->22299K(31744K), 0.0010446 secs]
240.011: [GC (Allocation Failure)  28443K->22203K(31744K), 0.0008870 secs]
240.015: [GC (Allocation Failure)  28347K->22203K(31744K), 0.0010163 secs]
240.019: [GC (Allocation Failure)  28347K->22235K(31744K), 0.0010744 secs]
240.024: [GC (Allocation Failure)  28379K->22203K(31744K), 0.0012412 secs]
240.029: [GC (Allocation Failure)  28347K->22171K(31744K), 0.0009803 secs]
240.033: [GC (Allocation Failure)  28315K->22267K(31744K), 0.0010108 secs]
240.037: [GC (Allocation Failure)  28411K->22235K(31744K), 0.0011863 secs]
240.041: [GC (Allocation Failure)  28379K->22203K(31744K), 0.0016648 secs]
240.047: [GC (Allocation Failure)  28347K->22363K(31744K), 0.0013164 secs]
240.051: [GC (Allocation Failure)  28507K->22406K(31744K), 0.0015160 secs]
240.056: [GC (Allocation Failure)  28550K->22342K(31744K), 0.0013766 secs]
240.061: [GC (Allocation Failure)  28486K->22406K(31744K), 0.0019706 secs]
240.067: [GC (Allocation Failure)  28550K->22438K(31744K), 0.0014952 secs]
240.072: [GC (Allocation Failure)  28582K->22494K(31744K), 0.0014881 secs]
240.076: [GC (Allocation Failure)  28638K->22406K(31744K), 0.0011239 secs]
240.081: [GC (Allocation Failure)  28550K->22374K(31744K), 0.0010987 secs]
240.085: [GC (Allocation Failure)  28518K->22374K(31744K), 0.0011596 secs]
240.089: [GC (Allocation Failure)  28518K->22374K(31744K), 0.0012937 secs]
240.093: [GC (Allocation Failure)  28518K->22406K(31744K), 0.0013264 secs]
240.098: [GC (Allocation Failure)  28550K->22502K(31744K), 0.0012244 secs]
240.102: [GC (Allocation Failure)  28646K->22558K(31744K), 0.0021173 secs]
240.108: [GC (Allocation Failure)  28702K->22497K(31744K), 0.0010484 secs]
240.112: [GC (Allocation Failure)  28641K->22529K(31744K), 0.0021570 secs]
240.117: [GC (Allocation Failure)  28673K->22497K(31744K), 0.0011423 secs]
240.121: [GC (Allocation Failure)  28641K->22529K(31744K), 0.0010419 secs]
240.125: [GC (Allocation Failure)  28673K->22497K(31744K), 0.0009978 secs]
240.129: [GC (Allocation Failure)  28641K->22529K(31744K), 0.0010759 secs]
240.133: [GC (Allocation Failure)  28673K->22529K(31744K), 0.0010115 secs]
240.137: [GC (Allocation Failure)  28673K->22529K(31744K), 0.0011124 secs]
240.141: [GC (Allocation Failure)  28673K->22529K(31744K), 0.0009371 secs]
240.145: [GC (Allocation Failure)  28673K->22497K(31744K), 0.0009500 secs]
240.149: [GC (Allocation Failure)  28641K->22497K(31744K), 0.0009961 secs]
240.153: [GC (Allocation Failure)  28641K->22689K(31744K), 0.0012846 secs]
240.158: [GC (Allocation Failure)  28833K->22668K(31744K), 0.0015401 secs]
240.162: [GC (Allocation Failure)  28812K->22604K(31744K), 0.0013164 secs]
240.167: [GC (Allocation Failure)  28748K->22676K(31744K), 0.0009696 secs]
240.170: [GC (Allocation Failure)  28820K->22612K(31744K), 0.0009594 secs]
240.174: [GC (Allocation Failure)  28756K->22580K(31744K), 0.0009529 secs]
240.178: [GC (Allocation Failure)  28724K->22644K(31744K), 0.0009557 secs]
240.182: [GC (Allocation Failure)  28788K->22612K(31744K), 0.0009089 secs]
240.186: [GC (Allocation Failure)  28756K->22644K(31744K), 0.0009715 secs]
240.189: [GC (Allocation Failure)  28788K->22644K(31744K), 0.0009548 secs]
240.193: [GC (Allocation Failure)  28788K->22644K(31744K), 0.0008456 secs]
240.197: [GC (Allocation Failure)  28788K->22644K(31744K), 0.0008184 secs]
240.201: [GC (Allocation Failure)  28788K->22644K(31744K), 0.0008295 secs]
240.204: [GC (Allocation Failure)  28788K->22772K(31744K), 0.0010109 secs]
240.209: [GC (Allocation Failure)  28916K->22767K(31744K), 0.0011069 secs]
240.213: [GC (Allocation Failure)  28911K->22663K(31744K), 0.0011806 secs]
240.217: [GC (Allocation Failure)  28807K->22727K(31744K), 0.0009896 secs]
240.221: [GC (Allocation Failure)  28871K->22727K(31744K), 0.0009351 secs]
240.225: [GC (Allocation Failure)  28871K->22695K(31744K), 0.0008378 secs]
240.228: [GC (Allocation Failure)  28839K->22759K(31744K), 0.0008682 secs]
240.232: [GC (Allocation Failure)  28903K->22663K(31744K), 0.0008768 secs]
240.236: [GC (Allocation Failure)  28807K->22727K(31744K), 0.0008531 secs]
240.240: [GC (Allocation Failure)  28871K->22727K(31744K), 0.0008130 secs]
240.243: [GC (Allocation Failure)  28871K->22695K(31744K), 0.0008555 secs]
240.247: [GC (Allocation Failure)  28839K->22663K(31744K), 0.0007791 secs]
240.251: [GC (Allocation Failure)  28807K->22759K(31744K), 0.0008276 secs]
240.255: [GC (Allocation Failure)  28903K->22823K(31744K), 0.0011363 secs]
240.259: [GC (Allocation Failure)  28967K->22898K(31744K), 0.0010963 secs]
240.264: [GC (Allocation Failure)  29042K->22818K(31744K), 0.0012613 secs]
240.268: [GC (Allocation Failure)  28962K->22794K(31744K), 0.0009710 secs]
240.272: [GC (Allocation Failure)  28938K->22826K(31744K), 0.0010326 secs]
240.276: [GC (Allocation Failure)  28970K->22890K(31744K), 0.0009737 secs]
240.280: [GC (Allocation Failure)  29034K->22858K(31744K), 0.0010617 secs]
240.284: [GC (Allocation Failure)  29002K->22826K(31744K), 0.0009761 secs]
240.288: [GC (Allocation Failure)  28970K->22858K(31744K), 0.0010478 secs]
240.292: [GC (Allocation Failure)  29002K->22826K(31744K), 0.0008848 secs]
240.295: [GC (Allocation Failure)  28970K->22890K(31744K), 0.0009473 secs]
240.299: [GC (Allocation Failure)  29034K->22826K(31744K), 0.0009882 secs]
240.303: [GC (Allocation Failure)  28970K->22826K(31744K), 0.0008662 secs]
240.307: [GC (Allocation Failure)  28970K->23018K(31744K), 0.0011661 secs]
240.311: [GC (Allocation Failure)  29162K->22949K(31744K), 0.0013494 secs]
240.316: [GC (Allocation Failure)  29093K->22981K(31744K), 0.0009998 secs]
240.320: [GC (Allocation Failure)  29125K->22917K(31744K), 0.0009576 secs]
240.324: [GC (Allocation Failure)  29061K->22949K(31744K), 0.0009013 secs]
240.328: [GC (Allocation Failure)  29093K->22949K(31744K), 0.0009546 secs]
240.332: [GC (Allocation Failure)  29093K->22981K(31744K), 0.0010073 secs]
240.336: [GC (Allocation Failure)  29125K->22981K(31744K), 0.0009323 secs]
240.339: [GC (Allocation Failure)  29125K->22949K(31744K), 0.0009813 secs]
240.343: [GC (Allocation Failure)  29093K->22949K(31744K), 0.0009994 secs]
240.347: [GC (Allocation Failure)  29093K->22949K(31744K), 0.0010302 secs]
240.351: [GC (Allocation Failure)  29093K->23013K(31744K), 0.0010210 secs]
240.356: [GC (Allocation Failure)  29157K->23045K(31744K), 0.0013145 secs]
240.361: [GC (Allocation Failure)  29189K->23101K(31744K), 0.0014246 secs]
240.366: [GC (Allocation Failure)  29245K->23176K(31744K), 0.0014038 secs]
240.370: [GC (Allocation Failure)  29320K->23184K(31744K), 0.0011073 secs]
240.374: [GC (Allocation Failure)  29328K->23064K(31744K), 0.0010344 secs]
240.378: [GC (Allocation Failure)  29208K->23032K(31744K), 0.0014420 secs]
240.383: [GC (Allocation Failure)  29176K->23064K(31744K), 0.0011286 secs]
240.387: [GC (Allocation Failure)  29208K->23032K(31744K), 0.0008246 secs]
240.391: [GC (Allocation Failure)  29176K->23096K(31744K), 0.0009313 secs]
240.394: [GC (Allocation Failure)  29240K->23096K(31744K), 0.0010422 secs]
240.399: [GC (Allocation Failure)  29240K->23128K(31744K), 0.0009465 secs]
240.403: [GC (Allocation Failure)  29272K->23128K(31744K), 0.0008123 secs]
240.406: [GC (Allocation Failure)  29272K->23128K(31744K), 0.0010018 secs]
240.410: [GC (Allocation Failure)  29272K->23224K(31744K), 0.0010494 secs]
240.416: [GC (Allocation Failure)  29368K->23177K(31744K), 0.0012632 secs]
240.420: [GC (Allocation Failure)  29321K->23217K(31744K), 0.0010582 secs]
240.424: [GC (Allocation Failure)  29361K->23129K(31744K), 0.0010508 secs]
240.428: [GC (Allocation Failure)  29273K->23193K(31744K), 0.0012729 secs]
240.433: [GC (Allocation Failure)  29337K->23161K(31744K), 0.0009954 secs]
240.437: [GC (Allocation Failure)  29305K->23193K(31744K), 0.0008819 secs]
240.440: [GC (Allocation Failure)  29337K->23225K(31744K), 0.0008369 secs]
240.444: [GC (Allocation Failure)  29369K->23225K(31744K), 0.0008694 secs]
240.448: [GC (Allocation Failure)  29369K->23225K(31744K), 0.0008510 secs]
240.452: [GC (Allocation Failure)  29369K->23193K(31744K), 0.0010397 secs]
240.456: [GC (Allocation Failure)  29337K->23257K(31744K), 0.0010590 secs]
240.461: [GC (Allocation Failure)  29401K->23273K(31744K), 0.0010996 secs]
240.466: [GC (Allocation Failure)  29417K->23401K(31744K), 0.0013392 secs]
240.470: [GC (Allocation Failure)  29545K->23316K(31744K), 0.0011560 secs]
240.475: [GC (Allocation Failure)  29460K->23340K(31744K), 0.0010512 secs]
240.479: [GC (Allocation Failure)  29484K->23412K(31744K), 0.0017461 secs]
240.484: [GC (Allocation Failure)  29556K->23356K(31744K), 0.0011038 secs]
240.488: [GC (Allocation Failure)  29500K->23364K(31744K), 0.0008787 secs]
240.491: [GC (Allocation Failure)  29508K->23364K(31744K), 0.0013529 secs]
240.496: [GC (Allocation Failure)  29508K->23428K(31744K), 0.0014131 secs]
240.500: [GC (Allocation Failure)  29572K->23364K(31744K), 0.0010581 secs]
240.504: [GC (Allocation Failure)  29508K->23428K(31744K), 0.0010505 secs]
240.508: [GC (Allocation Failure)  29572K->23428K(31744K), 0.0009727 secs]
240.512: [GC (Allocation Failure)  29572K->23396K(31744K), 0.0015255 secs]
240.517: [GC (Allocation Failure)  29540K->23556K(31744K), 0.0009751 secs]
240.521: [GC (Allocation Failure)  29700K->23558K(31744K), 0.0009535 secs]
240.525: [GC (Allocation Failure)  29702K->23438K(31744K), 0.0008141 secs]
240.529: [GC (Allocation Failure)  29582K->23438K(31744K), 0.0009868 secs]
240.533: [GC (Allocation Failure)  29582K->23502K(31744K), 0.0011362 secs]
240.537: [GC (Allocation Failure)  29646K->23470K(31744K), 0.0008602 secs]
240.541: [GC (Allocation Failure)  29614K->23534K(31744K), 0.0008988 secs]
240.545: [GC (Allocation Failure)  29678K->23502K(31744K), 0.0009524 secs]
240.549: [GC (Allocation Failure)  29646K->23470K(31744K), 0.0009136 secs]
240.552: [GC (Allocation Failure)  29614K->23470K(31744K), 0.0010164 secs]
240.557: [GC (Allocation Failure)  29614K->23534K(31744K), 0.0012457 secs]
240.562: [GC (Allocation Failure)  29678K->23590K(31744K), 0.0017230 secs]
240.567: [GC (Allocation Failure)  29734K->23710K(31744K), 0.0013881 secs]
240.572: [GC (Allocation Failure)  29854K->23672K(31744K), 0.0011503 secs]
240.576: [GC (Allocation Failure)  29816K->23592K(31744K), 0.0009503 secs]
240.580: [GC (Allocation Failure)  29736K->23656K(31744K), 0.0011324 secs]
240.584: [GC (Allocation Failure)  29800K->23656K(31744K), 0.0011260 secs]
240.588: [GC (Allocation Failure)  29800K->23656K(31744K), 0.0009556 secs]
240.592: [GC (Allocation Failure)  29800K->23624K(31744K), 0.0009372 secs]
240.596: [GC (Allocation Failure)  29768K->23656K(31744K), 0.0010689 secs]
240.600: [GC (Allocation Failure)  29800K->23656K(31744K), 0.0008797 secs]
240.604: [GC (Allocation Failure)  29800K->23624K(31744K), 0.0008734 secs]
240.608: [GC (Allocation Failure)  29768K->23688K(31744K), 0.0009251 secs]
240.612: [GC (Allocation Failure)  29832K->23592K(31744K), 0.0008176 secs]
240.615: [GC (Allocation Failure)  29736K->23624K(31744K), 0.0008858 secs]
240.620: [GC (Allocation Failure)  29768K->23784K(31744K), 0.0010792 secs]
240.624: [GC (Allocation Failure)  29928K->23793K(31744K), 0.0008908 secs]
240.628: [GC (Allocation Failure)  29937K->23673K(31744K), 0.0014172 secs]
240.632: [GC (Allocation Failure)  29817K->23769K(31744K), 0.0009206 secs]
240.636: [GC (Allocation Failure)  29913K->23737K(31744K), 0.0010141 secs]
240.640: [GC (Allocation Failure)  29881K->23705K(31744K), 0.0008925 secs]
240.644: [GC (Allocation Failure)  29849K->23673K(31744K), 0.0009280 secs]
240.648: [GC (Allocation Failure)  29817K->23737K(31744K), 0.0008618 secs]
240.652: [GC (Allocation Failure)  29881K->23769K(31744K), 0.0008846 secs]
240.656: [GC (Allocation Failure)  29913K->23801K(31744K), 0.0011086 secs]
240.661: [GC (Allocation Failure)  29945K->23793K(31744K), 0.0012343 secs]
240.666: [GC (Allocation Failure)  29937K->23857K(31744K), 0.0010750 secs]
240.670: [GC (Allocation Failure)  30001K->23993K(31744K), 0.0013185 secs]
240.675: [GC (Allocation Failure)  30137K->23949K(31744K), 0.0011630 secs]
240.679: [GC (Allocation Failure)  30093K->23973K(31744K), 0.0014949 secs]
240.684: [GC (Allocation Failure)  30117K->23997K(31744K), 0.0010418 secs]
240.688: [GC (Allocation Failure)  30141K->23965K(31744K), 0.0009342 secs]
240.691: [GC (Allocation Failure)  30109K->23933K(31744K), 0.0009858 secs]
240.695: [GC (Allocation Failure)  30077K->23965K(31744K), 0.0008576 secs]
240.699: [GC (Allocation Failure)  30109K->23965K(31744K), 0.0009329 secs]
240.703: [GC (Allocation Failure)  30109K->23933K(31744K), 0.0009055 secs]
240.707: [GC (Allocation Failure)  30077K->23965K(31744K), 0.0008107 secs]
240.711: [GC (Allocation Failure)  30109K->23997K(31744K), 0.0008305 secs]
240.714: [GC (Allocation Failure)  30141K->23965K(31744K), 0.0009265 secs]
240.718: [GC (Allocation Failure)  30109K->24093K(31744K), 0.0008272 secs]
240.722: [GC (Allocation Failure)  30237K->24141K(31744K), 0.0010580 secs]
240.727: [GC (Allocation Failure)  30285K->24104K(31744K), 0.0009059 secs]
240.731: [GC (Allocation Failure)  30248K->24080K(31744K), 0.0008518 secs]
240.735: [GC (Allocation Failure)  30224K->24080K(31744K), 0.0008993 secs]
240.739: [GC (Allocation Failure)  30224K->24080K(31744K), 0.0008996 secs]
240.742: [GC (Allocation Failure)  30224K->24048K(31744K), 0.0009155 secs]
240.746: [GC (Allocation Failure)  30192K->24080K(31744K), 0.0009068 secs]
240.750: [GC (Allocation Failure)  30224K->24080K(31744K), 0.0008618 secs]
240.754: [GC (Allocation Failure)  30224K->24080K(31744K), 0.0008735 secs]
240.758: [GC (Allocation Failure)  30224K->24176K(31744K), 0.0009190 secs]
240.762: [GC (Allocation Failure)  30320K->24144K(31744K), 0.0013276 secs]
240.766: [GC (Allocation Failure)  30288K->24200K(31744K), 0.0011876 secs]
240.771: [GC (Allocation Failure)  30344K->24280K(31744K), 0.0011653 secs]
240.775: [GC (Allocation Failure)  30424K->24320K(31744K), 0.0015700 secs]
240.780: [GC (Allocation Failure)  30464K->24355K(31744K), 0.0012005 secs]
240.785: [GC (Allocation Failure)  30499K->24267K(31744K), 0.0011362 secs]
240.789: [GC (Allocation Failure)  30411K->24299K(31744K), 0.0010406 secs]
240.793: [GC (Allocation Failure)  30443K->24299K(31744K), 0.0008648 secs]
240.797: [GC (Allocation Failure)  30443K->24331K(31744K), 0.0009008 secs]
240.801: [GC (Allocation Failure)  30475K->24299K(31744K), 0.0008329 secs]
240.804: [GC (Allocation Failure)  30443K->24299K(31744K), 0.0009011 secs]
240.808: [GC (Allocation Failure)  30443K->24299K(31744K), 0.0008971 secs]
240.812: [GC (Allocation Failure)  30443K->24299K(31744K), 0.0010483 secs]
240.816: [GC (Allocation Failure)  30443K->24299K(31744K), 0.0008953 secs]
240.820: [GC (Allocation Failure)  30443K->24331K(31744K), 0.0009092 secs]
240.824: [GC (Allocation Failure)  30475K->24459K(31744K), 0.0008338 secs]
240.829: [GC (Allocation Failure)  30603K->24461K(31744K), 0.0009808 secs]
240.833: [GC (Allocation Failure)  30605K->24373K(31744K), 0.0009201 secs]
240.837: [GC (Allocation Failure)  30517K->24445K(31744K), 0.0009733 secs]
240.841: [GC (Allocation Failure)  30589K->24445K(31744K), 0.0009205 secs]
240.845: [GC (Allocation Failure)  30589K->24349K(31744K), 0.0010418 secs]
240.849: [GC (Allocation Failure)  30493K->24349K(31744K), 0.0009229 secs]
240.853: [GC (Allocation Failure)  30493K->24349K(31744K), 0.0010148 secs]
240.857: [GC (Allocation Failure)  30493K->24445K(31744K), 0.0013713 secs]
240.861: [GC (Allocation Failure)  30589K->24533K(31744K), 0.0015179 secs]
240.867: [GC (Allocation Failure)  30677K->24501K(31744K), 0.0016065 secs]
240.872: [GC (Allocation Failure)  30645K->24453K(31744K), 0.0012235 secs]
240.876: [GC (Allocation Failure)  30597K->24653K(31744K), 0.0015186 secs]
240.882: [GC (Allocation Failure)  30797K->24575K(31744K), 0.0013708 secs]
240.886: [GC (Allocation Failure)  30719K->24511K(31744K), 0.0011427 secs]
240.890: [GC (Allocation Failure)  30655K->24607K(31744K), 0.0011323 secs]
240.894: [GC (Allocation Failure)  30751K->24543K(31744K), 0.0010381 secs]
240.898: [GC (Allocation Failure)  30687K->24543K(31744K), 0.0012112 secs]
240.903: [GC (Allocation Failure)  30687K->24543K(31744K), 0.0010852 secs]
240.907: [GC (Allocation Failure)  30687K->24575K(31744K), 0.0008829 secs]
240.910: [GC (Allocation Failure)  30719K->24511K(31744K), 0.0009671 secs]
240.915: [GC (Allocation Failure)  30655K->24543K(31744K), 0.0008648 secs]
240.918: [GC (Allocation Failure)  30687K->24543K(31744K), 0.0008040 secs]
240.922: [GC (Allocation Failure)  30687K->24607K(31744K), 0.0009602 secs]
240.926: [GC (Allocation Failure)  30751K->24767K(31744K), 0.0008383 secs]
240.930: [GC (Allocation Failure)  30911K->24698K(31744K), 0.0013186 secs]
240.935: [GC (Allocation Failure)  30842K->24730K(31744K), 0.0010469 secs]
240.939: [GC (Allocation Failure)  30874K->24738K(31744K), 0.0010166 secs]
240.943: [GC (Allocation Failure)  30882K->24762K(31744K), 0.0009230 secs]
240.948: [GC (Allocation Failure)  30906K->24762K(31744K), 0.0008928 secs]
240.951: [GC (Allocation Failure)  30906K->24698K(31744K), 0.0009883 secs]
240.955: [GC (Allocation Failure)  30842K->24698K(31744K), 0.0009223 secs]
240.959: [GC (Allocation Failure)  30842K->24794K(31744K), 0.0011852 secs]
240.964: [GC (Allocation Failure)  30938K->24850K(31744K), 0.0012881 secs]
240.969: [GC (Allocation Failure)  30994K->24770K(31744K), 0.0012731 secs]
240.973: [GC (Allocation Failure)  30914K->24866K(31744K), 0.0011558 secs]
240.977: [GC (Allocation Failure)  31010K->24978K(31744K), 0.0010703 secs]
240.982: [GC (Allocation Failure)  31122K->24955K(31744K), 0.0014882 secs]
240.987: [GC (Allocation Failure)  31099K->24867K(31744K), 0.0012294 secs]
240.991: [GC (Allocation Failure)  31011K->24971K(31744K), 0.0009111 secs]
240.996: [GC (Allocation Failure)  31115K->24907K(31744K), 0.0014268 secs]
241.000: [GC (Allocation Failure)  31051K->24907K(31744K), 0.0010118 secs]
241.004: [GC (Allocation Failure)  31051K->24939K(31744K), 0.0009924 secs]
241.008: [GC (Allocation Failure)  31083K->24875K(31744K), 0.0009528 secs]
241.012: [GC (Allocation Failure)  31019K->24875K(31744K), 0.0008883 secs]
241.016: [GC (Allocation Failure)  31019K->24875K(31744K), 0.0008560 secs]
241.019: [GC (Allocation Failure)  31019K->24875K(31744K), 0.0009045 secs]
241.023: [GC (Allocation Failure)  31019K->24875K(31744K), 0.0010369 secs]
241.027: [GC (Allocation Failure)  31019K->24971K(31744K), 0.0009748 secs]
241.031: [GC (Allocation Failure)  31115K->25059K(31744K), 0.0009824 secs]
241.036: [GC (Allocation Failure)  31203K->25093K(31744K), 0.0008751 secs]
241.041: [GC (Allocation Failure)  31237K->25069K(31744K), 0.0012040 secs]
241.045: [GC (Allocation Failure)  31213K->25037K(31744K), 0.0016434 secs]
241.050: [GC (Allocation Failure)  31181K->24973K(31744K), 0.0011212 secs]
241.054: [GC (Allocation Failure)  31117K->25005K(31744K), 0.0010056 secs]
241.059: [GC (Allocation Failure)  31149K->25101K(31744K), 0.0017843 secs]
241.066: [GC (Allocation Failure)  31245K->25197K(31744K), 0.0016856 secs]
241.071: [GC (Allocation Failure)  31341K->25117K(31744K), 0.0010407 secs]
241.075: [GC (Allocation Failure)  31261K->25157K(31744K), 0.0009435 secs]
241.079: [GC (Allocation Failure)  31301K->25061K(31744K), 0.0009314 secs]
241.083: [GC (Allocation Failure)  31205K->25221K(31744K), 0.0010311 secs]
241.088: [GC (Allocation Failure)  31365K->25288K(31744K), 0.0010775 secs]
241.089: [Full GC (Ergonomics)  25288K->21300K(31744K), 0.0742386 secs]
241.167: [GC (Allocation Failure)  27444K->21588K(31744K), 0.0016117 secs]
241.172: [GC (Allocation Failure)  27732K->21501K(31744K), 0.0014499 secs]
241.177: [GC (Allocation Failure)  27645K->21605K(31744K), 0.0013610 secs]
241.181: [GC (Allocation Failure)  27749K->21461K(31744K), 0.0012288 secs]
241.186: [GC (Allocation Failure)  27605K->21525K(31744K), 0.0009849 secs]
241.190: [GC (Allocation Failure)  27669K->21557K(31744K), 0.0008503 secs]
241.193: [GC (Allocation Failure)  27701K->21525K(31744K), 0.0011916 secs]
241.198: [GC (Allocation Failure)  27669K->21493K(31744K), 0.0010316 secs]
241.202: [GC (Allocation Failure)  27637K->21525K(31744K), 0.0008539 secs]
241.206: [GC (Allocation Failure)  27669K->21525K(31744K), 0.0008434 secs]
241.209: [GC (Allocation Failure)  27669K->21493K(31744K), 0.0009593 secs]
241.213: [GC (Allocation Failure)  27637K->21525K(31744K), 0.0009606 secs]
241.218: [GC (Allocation Failure)  27669K->21653K(31744K), 0.0009518 secs]
241.222: [GC (Allocation Failure)  27797K->21615K(31744K), 0.0011307 secs]
241.226: [GC (Allocation Failure)  27759K->21647K(31744K), 0.0008961 secs]
241.230: [GC (Allocation Failure)  27791K->21615K(31744K), 0.0009751 secs]
241.234: [GC (Allocation Failure)  27759K->21583K(31744K), 0.0008878 secs]
241.238: [GC (Allocation Failure)  27727K->21583K(31744K), 0.0008037 secs]
241.241: [GC (Allocation Failure)  27727K->21583K(31744K), 0.0009427 secs]
241.245: [GC (Allocation Failure)  27727K->21615K(31744K), 0.0010150 secs]
241.249: [GC (Allocation Failure)  27759K->21615K(31744K), 0.0009351 secs]
241.253: [GC (Allocation Failure)  27759K->21583K(31744K), 0.0009213 secs]
241.257: [GC (Allocation Failure)  27727K->21583K(31744K), 0.0011677 secs]
241.261: [GC (Allocation Failure)  27727K->21583K(31744K), 0.0009395 secs]
241.266: [GC (Allocation Failure)  27727K->21679K(31744K), 0.0010778 secs]
241.271: [GC (Allocation Failure)  27823K->21815K(31744K), 0.0013702 secs]
241.276: [GC (Allocation Failure)  27959K->21826K(31744K), 0.0012825 secs]
241.281: [GC (Allocation Failure)  27970K->21730K(31744K), 0.0011899 secs]
241.285: [GC (Allocation Failure)  27874K->21706K(31744K), 0.0009143 secs]
241.289: [GC (Allocation Failure)  27850K->21770K(31744K), 0.0009135 secs]
241.292: [GC (Allocation Failure)  27914K->21770K(31744K), 0.0009150 secs]
241.297: [GC (Allocation Failure)  27914K->21770K(31744K), 0.0009189 secs]
241.300: [GC (Allocation Failure)  27914K->21802K(31744K), 0.0008697 secs]
241.304: [GC (Allocation Failure)  27946K->21802K(31744K), 0.0009155 secs]
241.308: [GC (Allocation Failure)  27946K->21770K(31744K), 0.0008465 secs]
241.312: [GC (Allocation Failure)  27914K->21770K(31744K), 0.0007554 secs]
241.316: [GC (Allocation Failure)  27914K->21770K(31744K), 0.0009234 secs]
241.320: [GC (Allocation Failure)  27914K->21898K(31744K), 0.0011719 secs]
241.324: [GC (Allocation Failure)  28042K->21909K(31744K), 0.0010250 secs]
241.328: [GC (Allocation Failure)  28053K->21805K(31744K), 0.0010640 secs]
241.332: [GC (Allocation Failure)  27949K->21837K(31744K), 0.0010168 secs]
241.336: [GC (Allocation Failure)  27981K->21869K(31744K), 0.0009278 secs]
241.340: [GC (Allocation Failure)  28013K->21837K(31744K), 0.0008753 secs]
241.344: [GC (Allocation Failure)  27981K->21869K(31744K), 0.0008987 secs]
241.348: [GC (Allocation Failure)  28013K->21837K(31744K), 0.0008126 secs]
241.351: [GC (Allocation Failure)  27981K->21901K(31744K), 0.0010464 secs]
241.356: [GC (Allocation Failure)  28045K->21869K(31744K), 0.0008665 secs]
241.359: [GC (Allocation Failure)  28013K->21869K(31744K), 0.0009517 secs]
241.363: [GC (Allocation Failure)  28013K->21933K(31744K), 0.0011159 secs]
241.368: [GC (Allocation Failure)  28077K->22061K(31744K), 0.0010161 secs]
241.372: [GC (Allocation Failure)  28205K->22053K(31744K), 0.0014053 secs]
241.377: [GC (Allocation Failure)  28197K->22047K(31744K), 0.0011569 secs]
241.382: [GC (Allocation Failure)  28191K->21999K(31744K), 0.0009640 secs]
241.386: [GC (Allocation Failure)  28143K->22039K(31744K), 0.0008233 secs]
241.389: [GC (Allocation Failure)  28183K->22039K(31744K), 0.0009233 secs]
241.393: [GC (Allocation Failure)  28183K->22039K(31744K), 0.0010084 secs]
241.397: [GC (Allocation Failure)  28183K->22007K(31744K), 0.0008998 secs]
241.401: [GC (Allocation Failure)  28151K->22039K(31744K), 0.0009442 secs]
241.405: [GC (Allocation Failure)  28183K->21975K(31744K), 0.0010448 secs]
241.409: [GC (Allocation Failure)  28119K->22007K(31744K), 0.0009233 secs]
241.413: [GC (Allocation Failure)  28151K->22039K(31744K), 0.0011483 secs]
241.417: [GC (Allocation Failure)  28183K->22039K(31744K), 0.0008186 secs]
241.421: [GC (Allocation Failure)  28183K->22071K(31744K), 0.0008790 secs]
241.425: [GC (Allocation Failure)  28215K->22167K(31744K), 0.0010078 secs]
241.430: [GC (Allocation Failure)  28311K->22176K(31744K), 0.0010490 secs]
241.434: [GC (Allocation Failure)  28320K->22168K(31744K), 0.0010189 secs]
241.438: [GC (Allocation Failure)  28312K->22072K(31744K), 0.0009615 secs]
241.442: [GC (Allocation Failure)  28216K->22104K(31744K), 0.0010704 secs]
241.446: [GC (Allocation Failure)  28248K->22104K(31744K), 0.0010274 secs]
241.450: [GC (Allocation Failure)  28248K->22104K(31744K), 0.0007464 secs]
241.453: [GC (Allocation Failure)  28248K->22040K(31744K), 0.0009061 secs]
241.457: [GC (Allocation Failure)  28184K->22104K(31744K), 0.0009084 secs]
241.461: [GC (Allocation Failure)  28248K->22104K(31744K), 0.0007860 secs]
241.465: [GC (Allocation Failure)  28248K->22104K(31744K), 0.0008508 secs]
241.470: [GC (Allocation Failure)  28248K->22192K(31744K), 0.0011859 secs]
241.474: [GC (Allocation Failure)  28336K->22312K(31744K), 0.0010709 secs]
241.479: [GC (Allocation Failure)  28456K->22346K(31744K), 0.0013562 secs]
241.484: [GC (Allocation Failure)  28490K->22338K(31744K), 0.0011662 secs]
241.489: [GC (Allocation Failure)  28482K->22338K(31744K), 0.0011267 secs]
241.493: [GC (Allocation Failure)  28482K->22218K(31744K), 0.0010033 secs]
241.497: [GC (Allocation Failure)  28362K->22250K(31744K), 0.0010718 secs]
241.501: [GC (Allocation Failure)  28394K->22250K(31744K), 0.0010503 secs]
241.505: [GC (Allocation Failure)  28394K->22346K(31744K), 0.0009180 secs]
241.509: [GC (Allocation Failure)  28490K->22282K(31744K), 0.0008461 secs]
241.513: [GC (Allocation Failure)  28426K->22314K(31744K), 0.0008950 secs]
241.517: [GC (Allocation Failure)  28458K->22282K(31744K), 0.0008356 secs]
241.520: [GC (Allocation Failure)  28426K->22282K(31744K), 0.0008030 secs]
241.524: [GC (Allocation Failure)  28426K->22282K(31744K), 0.0008762 secs]
241.528: [GC (Allocation Failure)  28426K->22450K(31744K), 0.0010951 secs]
241.532: [GC (Allocation Failure)  28594K->22412K(31744K), 0.0013460 secs]
241.537: [GC (Allocation Failure)  28556K->22444K(31744K), 0.0009181 secs]
241.540: [GC (Allocation Failure)  28588K->22388K(31744K), 0.0011381 secs]
241.544: [GC (Allocation Failure)  28532K->22324K(31744K), 0.0010806 secs]
241.549: [GC (Allocation Failure)  28468K->22388K(31744K), 0.0009686 secs]
241.552: [GC (Allocation Failure)  28532K->22388K(31744K), 0.0008918 secs]
241.556: [GC (Allocation Failure)  28532K->22356K(31744K), 0.0009323 secs]
241.560: [GC (Allocation Failure)  28500K->22452K(31744K), 0.0008127 secs]
241.564: [GC (Allocation Failure)  28596K->22388K(31744K), 0.0008110 secs]
241.568: [GC (Allocation Failure)  28532K->22484K(31744K), 0.0008370 secs]
241.572: [GC (Allocation Failure)  28628K->22492K(31744K), 0.0010517 secs]
241.577: [GC (Allocation Failure)  28636K->22636K(31744K), 0.0012528 secs]
241.581: [GC (Allocation Failure)  28780K->22668K(31744K), 0.0013519 secs]
241.586: [GC (Allocation Failure)  28812K->22605K(31744K), 0.0010080 secs]
241.590: [GC (Allocation Failure)  28749K->22509K(31744K), 0.0010532 secs]
241.594: [GC (Allocation Failure)  28653K->22509K(31744K), 0.0009986 secs]
241.598: [GC (Allocation Failure)  28653K->22541K(31744K), 0.0009432 secs]
241.602: [GC (Allocation Failure)  28685K->22541K(31744K), 0.0010284 secs]
241.606: [GC (Allocation Failure)  28685K->22605K(31744K), 0.0009962 secs]
241.610: [GC (Allocation Failure)  28749K->22509K(31744K), 0.0008265 secs]
241.614: [GC (Allocation Failure)  28653K->22605K(31744K), 0.0008408 secs]
241.618: [GC (Allocation Failure)  28749K->22573K(31744K), 0.0008561 secs]
241.621: [GC (Allocation Failure)  28717K->22541K(31744K), 0.0009528 secs]
241.625: [GC (Allocation Failure)  28685K->22573K(31744K), 0.0008942 secs]
241.629: [GC (Allocation Failure)  28717K->22637K(31744K), 0.0009597 secs]
241.634: [GC (Allocation Failure)  28781K->22717K(31744K), 0.0009431 secs]
241.638: [GC (Allocation Failure)  28861K->22711K(31744K), 0.0009347 secs]
241.642: [GC (Allocation Failure)  28855K->22687K(31744K), 0.0008634 secs]
241.646: [GC (Allocation Failure)  28831K->22719K(31744K), 0.0012158 secs]
241.650: [GC (Allocation Failure)  28863K->22687K(31744K), 0.0010161 secs]
241.654: [GC (Allocation Failure)  28831K->22687K(31744K), 0.0008112 secs]
241.657: [GC (Allocation Failure)  28831K->22655K(31744K), 0.0008957 secs]
241.661: [GC (Allocation Failure)  28799K->22719K(31744K), 0.0009829 secs]
241.665: [GC (Allocation Failure)  28863K->22751K(31744K), 0.0013884 secs]
241.670: [GC (Allocation Failure)  28895K->22815K(31744K), 0.0012504 secs]
241.674: [GC (Allocation Failure)  28959K->22719K(31744K), 0.0010646 secs]
241.678: [GC (Allocation Failure)  28863K->22759K(31744K), 0.0013792 secs]
241.683: [GC (Allocation Failure)  28903K->22919K(31744K), 0.0016490 secs]
241.688: [GC (Allocation Failure)  29063K->22874K(31744K), 0.0011358 secs]
241.692: [GC (Allocation Failure)  29018K->22858K(31744K), 0.0009834 secs]
241.696: [GC (Allocation Failure)  29002K->22826K(31744K), 0.0011916 secs]
241.700: [GC (Allocation Failure)  28970K->22826K(31744K), 0.0008408 secs]
241.704: [GC (Allocation Failure)  28970K->22826K(31744K), 0.0009001 secs]
241.708: [GC (Allocation Failure)  28970K->22762K(31744K), 0.0008996 secs]
241.711: [GC (Allocation Failure)  28906K->22794K(31744K), 0.0009571 secs]
241.715: [GC (Allocation Failure)  28938K->22826K(31744K), 0.0009698 secs]
241.719: [GC (Allocation Failure)  28970K->22762K(31744K), 0.0009545 secs]
241.723: [GC (Allocation Failure)  28906K->22762K(31744K), 0.0008387 secs]
241.727: [GC (Allocation Failure)  28906K->22858K(31744K), 0.0009872 secs]
241.731: [GC (Allocation Failure)  29002K->22826K(31744K), 0.0009401 secs]
241.735: [GC (Allocation Failure)  28970K->22954K(31744K), 0.0011825 secs]
241.739: [GC (Allocation Failure)  29098K->22988K(31744K), 0.0011389 secs]
241.743: [GC (Allocation Failure)  29132K->22900K(31744K), 0.0010746 secs]
241.748: [GC (Allocation Failure)  29044K->22940K(31744K), 0.0009882 secs]
241.752: [GC (Allocation Failure)  29084K->22940K(31744K), 0.0009703 secs]
241.756: [GC (Allocation Failure)  29084K->22940K(31744K), 0.0008554 secs]
241.760: [GC (Allocation Failure)  29084K->22940K(31744K), 0.0008381 secs]
241.764: [GC (Allocation Failure)  29084K->22940K(31744K), 0.0008134 secs]
241.767: [GC (Allocation Failure)  29084K->22972K(31744K), 0.0008033 secs]
241.772: [GC (Allocation Failure)  29116K->23028K(31744K), 0.0022856 secs]
241.777: [GC (Allocation Failure)  29172K->23052K(31744K), 0.0011451 secs]
241.782: [GC (Allocation Failure)  29196K->23028K(31744K), 0.0010956 secs]
241.786: [GC (Allocation Failure)  29172K->23092K(31744K), 0.0014792 secs]
241.790: [GC (Allocation Failure)  29236K->23141K(31744K), 0.0012077 secs]
241.795: [GC (Allocation Failure)  29285K->23109K(31744K), 0.0011422 secs]
241.799: [GC (Allocation Failure)  29253K->23013K(31744K), 0.0009237 secs]
241.803: [GC (Allocation Failure)  29157K->23013K(31744K), 0.0009102 secs]
241.807: [GC (Allocation Failure)  29157K->23013K(31744K), 0.0008437 secs]
241.811: [GC (Allocation Failure)  29157K->23077K(31744K), 0.0010704 secs]
241.815: [GC (Allocation Failure)  29221K->23077K(31744K), 0.0010566 secs]
241.819: [GC (Allocation Failure)  29221K->23077K(31744K), 0.0008826 secs]
241.823: [GC (Allocation Failure)  29221K->23077K(31744K), 0.0009524 secs]
241.826: [GC (Allocation Failure)  29221K->23045K(31744K), 0.0009960 secs]
241.831: [GC (Allocation Failure)  29189K->23045K(31744K), 0.0008570 secs]
241.835: [GC (Allocation Failure)  29189K->23077K(31744K), 0.0008506 secs]
241.838: [GC (Allocation Failure)  29221K->23205K(31744K), 0.0011485 secs]
241.843: [GC (Allocation Failure)  29349K->23263K(31744K), 0.0009255 secs]
241.847: [GC (Allocation Failure)  29407K->23199K(31744K), 0.0010088 secs]
241.851: [GC (Allocation Failure)  29343K->23135K(31744K), 0.0009392 secs]
241.855: [GC (Allocation Failure)  29279K->23199K(31744K), 0.0009253 secs]
241.859: [GC (Allocation Failure)  29343K->23167K(31744K), 0.0010180 secs]
241.863: [GC (Allocation Failure)  29311K->23199K(31744K), 0.0010766 secs]
241.867: [GC (Allocation Failure)  29343K->23231K(31744K), 0.0013128 secs]
241.872: [GC (Allocation Failure)  29375K->23231K(31744K), 0.0013934 secs]
241.876: [GC (Allocation Failure)  29375K->23263K(31744K), 0.0017906 secs]
241.882: [GC (Allocation Failure)  29407K->23191K(31744K), 0.0011810 secs]
241.886: [GC (Allocation Failure)  29335K->23231K(31744K), 0.0011135 secs]
241.890: [GC (Allocation Failure)  29375K->23391K(31744K), 0.0011184 secs]
241.895: [GC (Allocation Failure)  29535K->23322K(31744K), 0.0016181 secs]
241.900: [GC (Allocation Failure)  29466K->23322K(31744K), 0.0012098 secs]
241.904: [GC (Allocation Failure)  29466K->23322K(31744K), 0.0011305 secs]
241.908: [GC (Allocation Failure)  29466K->23354K(31744K), 0.0008896 secs]
241.912: [GC (Allocation Failure)  29498K->23354K(31744K), 0.0010068 secs]
241.916: [GC (Allocation Failure)  29498K->23258K(31744K), 0.0008098 secs]
241.920: [GC (Allocation Failure)  29402K->23322K(31744K), 0.0008653 secs]
241.923: [GC (Allocation Failure)  29466K->23290K(31744K), 0.0009297 secs]
241.928: [GC (Allocation Failure)  29434K->23354K(31744K), 0.0009764 secs]
241.932: [GC (Allocation Failure)  29498K->23322K(31744K), 0.0010121 secs]
241.936: [GC (Allocation Failure)  29466K->23322K(31744K), 0.0008219 secs]
241.940: [GC (Allocation Failure)  29466K->23450K(31744K), 0.0010608 secs]
241.944: [GC (Allocation Failure)  29594K->23444K(31744K), 0.0011832 secs]
241.948: [GC (Allocation Failure)  29588K->23388K(31744K), 0.0010368 secs]
241.952: [GC (Allocation Failure)  29532K->23428K(31744K), 0.0008644 secs]
241.956: [GC (Allocation Failure)  29572K->23396K(31744K), 0.0008931 secs]
241.960: [GC (Allocation Failure)  29540K->23460K(31744K), 0.0009377 secs]
241.964: [GC (Allocation Failure)  29604K->23428K(31744K), 0.0009987 secs]
241.968: [GC (Allocation Failure)  29572K->23492K(31744K), 0.0009204 secs]
241.972: [GC (Allocation Failure)  29636K->23548K(31744K), 0.0011906 secs]
241.977: [GC (Allocation Failure)  29692K->23548K(31744K), 0.0009309 secs]
241.981: [GC (Allocation Failure)  29692K->23588K(31744K), 0.0010086 secs]
241.985: [GC (Allocation Failure)  29732K->23620K(31744K), 0.0010545 secs]
241.989: [GC (Allocation Failure)  29764K->23644K(31744K), 0.0009889 secs]
241.994: [GC (Allocation Failure)  29788K->23756K(31744K), 0.0017090 secs]
242.000: [GC (Allocation Failure)  29900K->23694K(31744K), 0.0012583 secs]
242.004: [GC (Allocation Failure)  29838K->23638K(31744K), 0.0010853 secs]
242.008: [GC (Allocation Failure)  29782K->23670K(31744K), 0.0008350 secs]
242.012: [GC (Allocation Failure)  29814K->23606K(31744K), 0.0009253 secs]
242.016: [GC (Allocation Failure)  29750K->23670K(31744K), 0.0009084 secs]
242.020: [GC (Allocation Failure)  29814K->23638K(31744K), 0.0011139 secs]
242.024: [GC (Allocation Failure)  29782K->23670K(31744K), 0.0009681 secs]
242.028: [GC (Allocation Failure)  29814K->23702K(31744K), 0.0009654 secs]
242.032: [GC (Allocation Failure)  29846K->23702K(31744K), 0.0008698 secs]
242.036: [GC (Allocation Failure)  29846K->23606K(31744K), 0.0008485 secs]
242.040: [GC (Allocation Failure)  29750K->23670K(31744K), 0.0012213 secs]
242.045: [GC (Allocation Failure)  29814K->23798K(31744K), 0.0014771 secs]
242.049: [GC (Allocation Failure)  29942K->23791K(31744K), 0.0013869 secs]
242.054: [GC (Allocation Failure)  29935K->23703K(31744K), 0.0009722 secs]
242.058: [GC (Allocation Failure)  29847K->23767K(31744K), 0.0009893 secs]
242.062: [GC (Allocation Failure)  29911K->23799K(31744K), 0.0014092 secs]
242.066: [GC (Allocation Failure)  29943K->23735K(31744K), 0.0010741 secs]
242.070: [GC (Allocation Failure)  29879K->23863K(31744K), 0.0010236 secs]
242.075: [GC (Allocation Failure)  30007K->23871K(31744K), 0.0013670 secs]
242.079: [GC (Allocation Failure)  30015K->23903K(31744K), 0.0014118 secs]
242.084: [GC (Allocation Failure)  30047K->23879K(31744K), 0.0013138 secs]
242.088: [GC (Allocation Failure)  30023K->23879K(31744K), 0.0010420 secs]
242.092: [GC (Allocation Failure)  30023K->23847K(31744K), 0.0012632 secs]
242.097: [GC (Allocation Failure)  29991K->23975K(31744K), 0.0013686 secs]
242.102: [GC (Allocation Failure)  30119K->24042K(31744K), 0.0012212 secs]
242.106: [GC (Allocation Failure)  30186K->24026K(31744K), 0.0011594 secs]
242.110: [GC (Allocation Failure)  30170K->23962K(31744K), 0.0009616 secs]
242.115: [GC (Allocation Failure)  30106K->23994K(31744K), 0.0012424 secs]
242.119: [GC (Allocation Failure)  30138K->23962K(31744K), 0.0011677 secs]
242.123: [GC (Allocation Failure)  30106K->23962K(31744K), 0.0012829 secs]
242.128: [GC (Allocation Failure)  30106K->23930K(31744K), 0.0009182 secs]
242.132: [GC (Allocation Failure)  30074K->23930K(31744K), 0.0009970 secs]
242.136: [GC (Allocation Failure)  30074K->23994K(31744K), 0.0008886 secs]
242.140: [GC (Allocation Failure)  30138K->23930K(31744K), 0.0009465 secs]
242.144: [GC (Allocation Failure)  30074K->23930K(31744K), 0.0008830 secs]
242.148: [GC (Allocation Failure)  30074K->24122K(31744K), 0.0016382 secs]
242.153: [GC (Allocation Failure)  30266K->24075K(31744K), 0.0009949 secs]
242.157: [GC (Allocation Failure)  30219K->24027K(31744K), 0.0008948 secs]
242.161: [GC (Allocation Failure)  30171K->24091K(31744K), 0.0012492 secs]
242.166: [GC (Allocation Failure)  30235K->24059K(31744K), 0.0012099 secs]
242.170: [GC (Allocation Failure)  30203K->24091K(31744K), 0.0014402 secs]
242.175: [GC (Allocation Failure)  30235K->24195K(31744K), 0.0017291 secs]
242.181: [GC (Allocation Failure)  30339K->24163K(31744K), 0.0014592 secs]
242.185: [GC (Allocation Failure)  30307K->24139K(31744K), 0.0011445 secs]
242.189: [GC (Allocation Failure)  30283K->24139K(31744K), 0.0012911 secs]
242.194: [GC (Allocation Failure)  30283K->24139K(31744K), 0.0012482 secs]
242.198: [GC (Allocation Failure)  30283K->24331K(31744K), 0.0011224 secs]
242.203: [GC (Allocation Failure)  30475K->24334K(31744K), 0.0015614 secs]
243.176: [GC (Allocation Failure)  30478K->24430K(31744K), 0.0013842 secs]
248.745: [GC (Allocation Failure)  30574K->24918K(31744K), 0.0020893 secs]
254.004: [GC (Allocation Failure)  31062K->25526K(32256K), 0.0023178 secs]
259.230: [GC (Allocation Failure)  31670K->25574K(32256K), 0.0020962 secs]
265.309: [GC (Allocation Failure)  31718K->25558K(32768K), 0.0024366 secs]
265.314: [GC (Allocation Failure)  31702K->24910K(32768K), 0.0012946 secs]
265.318: [GC (Allocation Failure)  31054K->24934K(32768K), 0.0012820 secs]
265.323: [GC (Allocation Failure)  31078K->24974K(32768K), 0.0009077 secs]
265.327: [GC (Allocation Failure)  31118K->24902K(32768K), 0.0010303 secs]
265.331: [GC (Allocation Failure)  31046K->24974K(32768K), 0.0009504 secs]
265.335: [GC (Allocation Failure)  31118K->24910K(31744K), 0.0011530 secs]
265.339: [GC (Allocation Failure)  31054K->24974K(32256K), 0.0010304 secs]
265.343: [GC (Allocation Failure)  31118K->25054K(32256K), 0.0020970 secs]
265.349: [GC (Allocation Failure)  31198K->25209K(32256K), 0.0012836 secs]
265.354: [GC (Allocation Failure)  31353K->25177K(32256K), 0.0016593 secs]
265.356: [Full GC (Ergonomics)  25177K->21497K(32768K), 0.0788143 secs]
265.439: [GC (Allocation Failure)  27641K->21753K(32768K), 0.0018160 secs]
265.444: [GC (Allocation Failure)  27897K->21785K(32768K), 0.0022330 secs]
265.450: [GC (Allocation Failure)  27929K->21845K(32768K), 0.0012858 secs]
265.454: [GC (Allocation Failure)  27989K->21765K(32768K), 0.0013638 secs]
265.459: [GC (Allocation Failure)  27909K->21797K(32768K), 0.0011065 secs]
265.463: [GC (Allocation Failure)  27941K->21741K(32768K), 0.0011065 secs]
265.467: [GC (Allocation Failure)  27885K->21773K(32768K), 0.0010870 secs]
265.471: [GC (Allocation Failure)  27917K->21773K(32768K), 0.0009478 secs]
265.475: [GC (Allocation Failure)  27917K->21773K(32768K), 0.0007790 secs]
265.479: [GC (Allocation Failure)  27917K->21709K(32768K), 0.0008749 secs]
265.483: [GC (Allocation Failure)  27853K->21773K(32768K), 0.0008878 secs]
265.486: [GC (Allocation Failure)  27917K->21773K(32768K), 0.0008611 secs]
265.490: [GC (Allocation Failure)  27917K->21773K(32768K), 0.0008775 secs]
265.494: [GC (Allocation Failure)  27917K->21741K(32256K), 0.0009950 secs]
265.498: [GC (Allocation Failure)  27885K->21901K(32256K), 0.0009965 secs]
265.502: [GC (Allocation Failure)  28045K->21968K(32256K), 0.0013615 secs]
265.507: [GC (Allocation Failure)  28112K->22019K(32256K), 0.0014199 secs]
265.512: [GC (Allocation Failure)  28163K->21931K(32256K), 0.0012660 secs]
265.516: [GC (Allocation Failure)  28075K->21971K(32256K), 0.0010849 secs]
265.520: [GC (Allocation Failure)  28115K->22035K(32256K), 0.0009368 secs]
265.524: [GC (Allocation Failure)  28179K->22003K(32256K), 0.0008849 secs]
265.528: [GC (Allocation Failure)  28147K->21939K(32256K), 0.0010127 secs]
265.532: [GC (Allocation Failure)  28083K->22003K(32256K), 0.0010057 secs]
265.536: [GC (Allocation Failure)  28147K->22099K(32256K), 0.0013585 secs]
265.541: [GC (Allocation Failure)  28243K->22155K(32256K), 0.0009504 secs]
265.546: [GC (Allocation Failure)  28299K->22131K(32256K), 0.0011670 secs]
265.550: [GC (Allocation Failure)  28275K->22147K(32256K), 0.0009108 secs]
265.554: [GC (Allocation Failure)  28291K->22187K(32256K), 0.0011579 secs]
265.559: [GC (Allocation Failure)  28331K->22299K(32256K), 0.0012619 secs]
265.564: [GC (Allocation Failure)  28443K->22338K(32256K), 0.0013422 secs]
265.569: [GC (Allocation Failure)  28482K->22394K(32256K), 0.0011512 secs]
265.574: [GC (Allocation Failure)  28538K->22426K(32256K), 0.0015162 secs]
265.579: [GC (Allocation Failure)  28570K->22563K(32256K), 0.0013420 secs]
265.584: [GC (Allocation Failure)  28707K->22549K(32256K), 0.0012417 secs]
265.589: [GC (Allocation Failure)  28693K->22597K(32256K), 0.0012407 secs]
265.595: [GC (Allocation Failure)  28741K->22637K(32256K), 0.0015958 secs]
266.806: [GC (Allocation Failure)  28781K->22717K(32256K), 0.0016590 secs]
266.811: [GC (Allocation Failure)  28861K->22717K(32256K), 0.0015143 secs]
266.815: [GC (Allocation Failure)  28861K->22629K(32256K), 0.0010700 secs]
266.819: [GC (Allocation Failure)  28773K->22661K(32256K), 0.0009793 secs]
266.823: [GC (Allocation Failure)  28805K->22597K(32256K), 0.0010272 secs]
266.827: [GC (Allocation Failure)  28741K->22693K(32256K), 0.0008883 secs]
266.831: [GC (Allocation Failure)  28837K->22661K(32256K), 0.0008887 secs]
266.835: [GC (Allocation Failure)  28805K->22629K(32256K), 0.0009611 secs]
266.839: [GC (Allocation Failure)  28773K->22613K(32256K), 0.0008473 secs]
266.844: [GC (Allocation Failure)  28757K->22741K(32256K), 0.0010710 secs]
266.848: [GC (Allocation Failure)  28885K->22733K(32256K), 0.0011898 secs]
266.853: [GC (Allocation Failure)  28877K->22741K(32256K), 0.0009639 secs]
266.856: [GC (Allocation Failure)  28885K->22717K(32256K), 0.0010491 secs]
266.860: [GC (Allocation Failure)  28861K->22653K(32256K), 0.0009714 secs]
266.864: [GC (Allocation Failure)  28797K->22653K(32256K), 0.0009256 secs]
266.868: [GC (Allocation Failure)  28797K->22653K(32256K), 0.0011517 secs]
266.873: [GC (Allocation Failure)  28797K->22717K(32256K), 0.0009782 secs]
266.877: [GC (Allocation Failure)  28861K->22717K(32256K), 0.0011278 secs]
266.881: [GC (Allocation Failure)  28861K->22749K(32256K), 0.0010506 secs]
266.885: [GC (Allocation Failure)  28893K->22749K(32256K), 0.0009132 secs]
266.889: [GC (Allocation Failure)  28893K->22669K(32256K), 0.0008492 secs]
266.893: [GC (Allocation Failure)  28813K->22733K(32256K), 0.0009408 secs]
266.897: [GC (Allocation Failure)  28877K->22733K(32256K), 0.0010934 secs]
266.901: [GC (Allocation Failure)  28877K->22797K(32256K), 0.0009760 secs]
266.905: [GC (Allocation Failure)  28941K->22733K(32256K), 0.0009114 secs]
266.909: [GC (Allocation Failure)  28877K->22701K(32256K), 0.0008636 secs]
266.913: [GC (Allocation Failure)  28845K->22701K(32256K), 0.0012723 secs]
266.917: [GC (Allocation Failure)  28845K->22733K(32256K), 0.0008604 secs]
266.921: [GC (Allocation Failure)  28877K->22733K(32256K), 0.0009123 secs]
266.925: [GC (Allocation Failure)  28877K->22669K(32256K), 0.0009285 secs]
266.929: [GC (Allocation Failure)  28813K->22733K(32256K), 0.0008694 secs]
266.933: [GC (Allocation Failure)  28877K->22733K(32256K), 0.0009284 secs]
266.937: [GC (Allocation Failure)  28877K->22765K(32256K), 0.0009257 secs]
266.941: [GC (Allocation Failure)  28909K->22813K(32256K), 0.0010286 secs]
266.945: [GC (Allocation Failure)  28957K->22837K(32256K), 0.0012152 secs]
266.950: [GC (Allocation Failure)  28981K->22773K(32256K), 0.0010019 secs]
266.954: [GC (Allocation Failure)  28917K->22813K(32256K), 0.0010970 secs]
266.959: [GC (Allocation Failure)  28957K->22821K(32256K), 0.0008555 secs]
266.962: [GC (Allocation Failure)  28965K->22789K(32256K), 0.0008929 secs]
266.966: [GC (Allocation Failure)  28933K->22821K(32256K), 0.0009948 secs]
266.970: [GC (Allocation Failure)  28965K->22821K(32256K), 0.0008590 secs]
266.974: [GC (Allocation Failure)  28965K->22821K(32256K), 0.0009115 secs]
266.978: [GC (Allocation Failure)  28965K->22789K(32256K), 0.0009787 secs]
266.982: [GC (Allocation Failure)  28933K->22757K(32256K), 0.0013515 secs]
266.987: [GC (Allocation Failure)  28901K->22853K(32256K), 0.0011176 secs]
266.992: [GC (Allocation Failure)  28997K->22773K(32256K), 0.0014159 secs]
266.997: [GC (Allocation Failure)  28917K->22837K(32256K), 0.0009724 secs]
267.001: [GC (Allocation Failure)  28981K->22837K(32256K), 0.0010201 secs]
267.004: [GC (Allocation Failure)  28981K->22805K(32256K), 0.0008980 secs]
267.008: [GC (Allocation Failure)  28949K->22837K(32256K), 0.0007796 secs]
267.012: [GC (Allocation Failure)  28981K->22805K(32256K), 0.0008939 secs]
267.016: [GC (Allocation Failure)  28949K->22837K(32256K), 0.0009332 secs]
267.020: [GC (Allocation Failure)  28981K->22965K(32256K), 0.0010935 secs]
267.024: [GC (Allocation Failure)  29109K->22837K(32256K), 0.0009922 secs]
267.028: [GC (Allocation Failure)  28981K->22837K(32256K), 0.0009212 secs]
267.032: [GC (Allocation Failure)  28981K->22773K(32256K), 0.0008791 secs]
267.036: [GC (Allocation Failure)  28917K->22837K(32256K), 0.0010843 secs]
267.041: [GC (Allocation Failure)  28981K->22901K(32256K), 0.0018887 secs]
267.046: [GC (Allocation Failure)  29045K->22829K(32256K), 0.0016042 secs]
267.051: [GC (Allocation Failure)  28973K->22957K(32256K), 0.0016312 secs]
267.056: [GC (Allocation Failure)  29101K->22965K(32256K), 0.0011036 secs]
267.060: [GC (Allocation Failure)  29109K->22941K(32256K), 0.0009923 secs]
267.064: [GC (Allocation Failure)  29085K->22909K(32256K), 0.0008621 secs]
267.068: [GC (Allocation Failure)  29053K->22877K(32256K), 0.0009550 secs]
267.072: [GC (Allocation Failure)  29021K->22941K(32256K), 0.0009245 secs]
267.076: [GC (Allocation Failure)  29085K->22877K(32256K), 0.0009680 secs]
267.079: [GC (Allocation Failure)  29021K->22941K(32256K), 0.0009637 secs]
267.084: [GC (Allocation Failure)  29085K->22941K(32256K), 0.0009873 secs]
267.088: [GC (Allocation Failure)  29085K->22909K(32256K), 0.0009911 secs]
267.092: [GC (Allocation Failure)  29053K->22917K(32256K), 0.0009319 secs]
267.095: [GC (Allocation Failure)  29061K->22885K(32256K), 0.0011137 secs]
267.099: [GC (Allocation Failure)  29029K->22853K(32256K), 0.0008972 secs]
267.103: [GC (Allocation Failure)  28997K->22917K(32256K), 0.0008820 secs]
267.107: [GC (Allocation Failure)  29061K->22885K(32256K), 0.0010088 secs]
267.111: [GC (Allocation Failure)  29029K->22949K(32256K), 0.0009105 secs]
267.115: [GC (Allocation Failure)  29093K->22949K(32256K), 0.0008542 secs]
267.119: [GC (Allocation Failure)  29093K->22885K(32256K), 0.0008632 secs]
267.122: [GC (Allocation Failure)  29029K->22917K(32256K), 0.0009461 secs]
267.126: [GC (Allocation Failure)  29061K->22917K(32256K), 0.0010043 secs]
267.131: [GC (Allocation Failure)  29061K->22917K(32256K), 0.0008779 secs]
267.135: [GC (Allocation Failure)  29061K->22917K(32256K), 0.0008711 secs]
267.138: [GC (Allocation Failure)  29061K->22981K(32256K), 0.0008520 secs]
267.142: [GC (Allocation Failure)  29125K->22997K(32256K), 0.0010690 secs]
267.147: [GC (Allocation Failure)  29141K->23093K(32256K), 0.0015137 secs]
267.152: [GC (Allocation Failure)  29237K->22957K(32256K), 0.0011048 secs]
267.156: [GC (Allocation Failure)  29101K->23029K(32256K), 0.0008516 secs]
267.160: [GC (Allocation Failure)  29173K->22997K(32256K), 0.0008847 secs]
267.164: [GC (Allocation Failure)  29141K->22965K(32256K), 0.0008657 secs]
267.168: [GC (Allocation Failure)  29109K->23029K(32256K), 0.0009257 secs]
268.865: [GC (Allocation Failure)  29173K->23125K(32256K), 0.0012194 secs]
268.871: [GC (Allocation Failure)  29269K->23173K(32256K), 0.0018829 secs]
268.876: [GC (Allocation Failure)  29317K->23197K(32256K), 0.0024824 secs]
268.882: [GC (Allocation Failure)  29341K->23189K(32256K), 0.0016005 secs]
268.887: [GC (Allocation Failure)  29333K->23101K(32256K), 0.0011712 secs]
268.892: [GC (Allocation Failure)  29245K->23133K(32256K), 0.0011608 secs]
268.896: [GC (Allocation Failure)  29277K->23133K(32256K), 0.0011150 secs]
268.901: [GC (Allocation Failure)  29277K->23165K(32256K), 0.0010334 secs]
268.905: [GC (Allocation Failure)  29309K->23197K(32256K), 0.0011455 secs]
268.909: [GC (Allocation Failure)  29341K->23213K(32256K), 0.0009638 secs]
268.914: [GC (Allocation Failure)  29357K->23181K(32256K), 0.0009841 secs]
268.918: [GC (Allocation Failure)  29325K->23149K(32256K), 0.0009609 secs]
268.922: [GC (Allocation Failure)  29293K->23181K(32256K), 0.0009789 secs]
268.926: [GC (Allocation Failure)  29325K->23149K(32256K), 0.0008613 secs]
268.930: [GC (Allocation Failure)  29293K->23181K(32256K), 0.0009635 secs]
268.934: [GC (Allocation Failure)  29325K->23181K(32256K), 0.0010737 secs]
268.938: [GC (Allocation Failure)  29325K->23181K(32256K), 0.0009573 secs]
268.942: [GC (Allocation Failure)  29325K->23181K(32256K), 0.0010909 secs]
268.946: [GC (Allocation Failure)  29325K->23181K(32256K), 0.0008722 secs]
268.950: [GC (Allocation Failure)  29325K->23277K(32256K), 0.0009418 secs]
268.955: [GC (Allocation Failure)  29421K->23237K(32256K), 0.0010335 secs]
268.959: [GC (Allocation Failure)  29381K->23237K(32256K), 0.0012424 secs]
268.964: [GC (Allocation Failure)  29381K->23245K(32256K), 0.0010805 secs]
268.968: [GC (Allocation Failure)  29389K->23253K(32256K), 0.0011390 secs]
268.972: [GC (Allocation Failure)  29397K->23221K(32256K), 0.0009258 secs]
268.976: [GC (Allocation Failure)  29365K->23189K(32256K), 0.0009770 secs]
268.980: [GC (Allocation Failure)  29333K->23253K(32256K), 0.0008603 secs]
268.984: [GC (Allocation Failure)  29397K->23253K(32256K), 0.0008624 secs]
268.988: [GC (Allocation Failure)  29397K->23221K(32256K), 0.0008660 secs]
268.991: [GC (Allocation Failure)  29365K->23285K(32256K), 0.0009334 secs]
268.995: [GC (Allocation Failure)  29429K->23253K(32256K), 0.0009410 secs]
268.999: [GC (Allocation Failure)  29397K->23189K(32256K), 0.0008587 secs]
269.003: [GC (Allocation Failure)  29333K->23221K(32256K), 0.0009166 secs]
269.007: [GC (Allocation Failure)  29365K->23285K(32256K), 0.0009142 secs]
269.011: [GC (Allocation Failure)  29429K->23301K(32256K), 0.0011682 secs]
269.015: [GC (Allocation Failure)  29445K->23205K(32256K), 0.0008941 secs]
269.019: [GC (Allocation Failure)  29349K->23237K(32256K), 0.0008855 secs]
269.024: [GC (Allocation Failure)  29381K->23269K(32256K), 0.0012750 secs]
269.028: [GC (Allocation Failure)  29413K->23301K(32256K), 0.0010483 secs]
269.032: [GC (Allocation Failure)  29445K->23205K(32256K), 0.0010989 secs]
269.037: [GC (Allocation Failure)  29349K->23269K(32256K), 0.0012679 secs]
269.042: [GC (Allocation Failure)  29413K->23269K(32256K), 0.0015160 secs]
269.047: [GC (Allocation Failure)  29413K->23237K(32256K), 0.0012051 secs]
269.052: [GC (Allocation Failure)  29381K->23333K(32256K), 0.0020045 secs]
269.058: [GC (Allocation Failure)  29477K->23381K(32256K), 0.0019522 secs]
269.063: [GC (Allocation Failure)  29525K->23301K(32256K), 0.0011406 secs]
269.067: [GC (Allocation Failure)  29445K->23245K(32256K), 0.0010792 secs]
269.071: [GC (Allocation Failure)  29389K->23341K(32256K), 0.0013511 secs]
269.076: [GC (Allocation Failure)  29485K->23277K(32256K), 0.0010366 secs]
269.080: [GC (Allocation Failure)  29421K->23309K(32256K), 0.0010591 secs]
269.084: [GC (Allocation Failure)  29453K->23341K(32256K), 0.0010418 secs]
269.088: [GC (Allocation Failure)  29485K->23341K(32256K), 0.0013195 secs]
269.093: [GC (Allocation Failure)  29485K->23309K(32256K), 0.0011134 secs]
269.097: [GC (Allocation Failure)  29453K->23277K(32256K), 0.0009669 secs]
269.101: [GC (Allocation Failure)  29421K->23277K(32256K), 0.0008837 secs]
269.105: [GC (Allocation Failure)  29421K->23309K(32256K), 0.0011196 secs]
269.109: [GC (Allocation Failure)  29453K->23317K(32256K), 0.0009508 secs]
269.113: [GC (Allocation Failure)  29461K->23317K(32256K), 0.0008646 secs]
269.117: [GC (Allocation Failure)  29461K->23317K(32256K), 0.0009122 secs]
269.121: [GC (Allocation Failure)  29461K->23285K(32256K), 0.0009875 secs]
269.125: [GC (Allocation Failure)  29429K->23317K(32256K), 0.0009115 secs]
269.129: [GC (Allocation Failure)  29461K->23253K(32256K), 0.0010632 secs]
269.133: [GC (Allocation Failure)  29397K->23253K(32256K), 0.0009853 secs]
269.137: [GC (Allocation Failure)  29397K->23253K(32256K), 0.0009945 secs]
269.141: [GC (Allocation Failure)  29397K->23253K(32256K), 0.0008810 secs]
269.144: [GC (Allocation Failure)  29397K->23285K(32256K), 0.0010252 secs]
269.148: [GC (Allocation Failure)  29429K->23317K(32256K), 0.0009845 secs]
269.153: [GC (Allocation Failure)  29461K->23413K(32256K), 0.0014244 secs]
269.159: [GC (Allocation Failure)  29557K->23453K(32256K), 0.0012006 secs]
269.164: [GC (Allocation Failure)  29597K->23421K(32256K), 0.0013707 secs]
269.168: [GC (Allocation Failure)  29565K->23397K(32256K), 0.0010659 secs]
269.172: [GC (Allocation Failure)  29541K->23397K(32256K), 0.0011347 secs]
269.176: [GC (Allocation Failure)  29541K->23397K(32256K), 0.0009651 secs]
269.180: [GC (Allocation Failure)  29541K->23397K(32256K), 0.0011315 secs]
269.185: [GC (Allocation Failure)  29541K->23365K(32256K), 0.0009349 secs]
269.188: [GC (Allocation Failure)  29509K->23429K(32256K), 0.0009293 secs]
269.193: [GC (Allocation Failure)  29573K->23429K(32256K), 0.0011074 secs]
269.197: [GC (Allocation Failure)  29573K->23365K(32256K), 0.0009394 secs]
269.201: [GC (Allocation Failure)  29509K->23333K(32256K), 0.0009557 secs]
269.205: [GC (Allocation Failure)  29477K->23397K(32256K), 0.0009724 secs]
269.209: [GC (Allocation Failure)  29541K->23429K(32256K), 0.0009602 secs]
269.213: [GC (Allocation Failure)  29573K->23413K(32256K), 0.0010171 secs]
269.217: [GC (Allocation Failure)  29557K->23413K(32256K), 0.0008824 secs]
269.221: [GC (Allocation Failure)  29557K->23413K(32256K), 0.0010112 secs]
269.225: [GC (Allocation Failure)  29557K->23445K(32256K), 0.0010227 secs]
269.229: [GC (Allocation Failure)  29589K->23413K(32256K), 0.0008707 secs]
269.233: [GC (Allocation Failure)  29557K->23477K(32256K), 0.0009702 secs]
269.237: [GC (Allocation Failure)  29621K->23381K(32256K), 0.0010340 secs]
269.241: [GC (Allocation Failure)  29525K->23445K(32256K), 0.0009899 secs]
269.246: [GC (Allocation Failure)  29589K->23381K(32256K), 0.0011483 secs]
269.250: [GC (Allocation Failure)  29525K->23477K(32256K), 0.0013183 secs]
269.255: [GC (Allocation Failure)  29621K->23485K(32256K), 0.0013172 secs]
269.260: [GC (Allocation Failure)  29629K->23501K(32256K), 0.0014118 secs]
269.265: [GC (Allocation Failure)  29645K->23389K(32256K), 0.0011374 secs]
269.269: [GC (Allocation Failure)  29533K->23485K(32256K), 0.0009533 secs]
269.273: [GC (Allocation Failure)  29629K->23453K(32256K), 0.0012414 secs]
269.277: [GC (Allocation Failure)  29597K->23517K(32256K), 0.0013920 secs]
269.282: [GC (Allocation Failure)  29661K->23421K(32256K), 0.0010377 secs]
269.286: [GC (Allocation Failure)  29565K->23421K(32256K), 0.0010699 secs]
269.290: [GC (Allocation Failure)  29565K->23421K(32256K), 0.0010366 secs]
269.294: [GC (Allocation Failure)  29565K->23421K(32256K), 0.0012069 secs]
269.299: [GC (Allocation Failure)  29565K->23421K(32256K), 0.0008812 secs]
269.302: [GC (Allocation Failure)  29565K->23453K(32256K), 0.0013444 secs]
269.307: [GC (Allocation Failure)  29597K->23453K(32256K), 0.0009942 secs]
269.311: [GC (Allocation Failure)  29597K->23437K(32256K), 0.0011636 secs]
269.315: [GC (Allocation Failure)  29581K->23437K(32256K), 0.0011664 secs]
269.319: [GC (Allocation Failure)  29581K->23501K(32256K), 0.0012124 secs]
269.324: [GC (Allocation Failure)  29645K->23501K(32256K), 0.0010363 secs]
269.328: [GC (Allocation Failure)  29645K->23501K(32256K), 0.0012499 secs]
269.332: [GC (Allocation Failure)  29645K->23469K(32256K), 0.0009785 secs]
269.336: [GC (Allocation Failure)  29613K->23437K(32256K), 0.0010730 secs]
270.523: [GC (Allocation Failure)  29581K->23581K(32256K), 0.0018174 secs]
270.529: [GC (Allocation Failure)  29725K->23661K(32256K), 0.0016467 secs]
270.533: [GC (Allocation Failure)  29805K->23541K(32256K), 0.0013311 secs]
270.537: [GC (Allocation Failure)  29685K->23573K(32256K), 0.0014281 secs]
270.542: [GC (Allocation Failure)  29717K->23573K(32256K), 0.0014295 secs]
270.546: [GC (Allocation Failure)  29717K->23573K(32256K), 0.0014998 secs]
270.551: [GC (Allocation Failure)  29717K->23605K(32256K), 0.0012209 secs]
270.555: [GC (Allocation Failure)  29749K->23669K(32256K), 0.0015899 secs]
270.560: [GC (Allocation Failure)  29813K->23669K(32256K), 0.0019106 secs]
270.566: [GC (Allocation Failure)  29813K->23653K(32256K), 0.0012904 secs]
270.570: [GC (Allocation Failure)  29797K->23629K(32256K), 0.0011897 secs]
270.575: [GC (Allocation Failure)  29773K->23669K(32256K), 0.0011906 secs]
270.579: [GC (Allocation Failure)  29813K->23637K(32256K), 0.0015107 secs]
270.583: [GC (Allocation Failure)  29781K->23669K(32256K), 0.0013196 secs]
270.588: [GC (Allocation Failure)  29813K->23637K(32256K), 0.0013140 secs]
270.592: [GC (Allocation Failure)  29781K->23669K(32256K), 0.0011468 secs]
270.596: [GC (Allocation Failure)  29813K->23701K(32256K), 0.0014092 secs]
270.601: [GC (Allocation Failure)  29845K->23669K(32256K), 0.0012629 secs]
270.605: [GC (Allocation Failure)  29813K->23669K(32256K), 0.0013601 secs]
270.609: [GC (Allocation Failure)  29813K->23637K(32256K), 0.0014141 secs]
270.613: [GC (Allocation Failure)  29781K->23605K(32256K), 0.0011767 secs]
270.618: [GC (Allocation Failure)  29749K->23701K(32256K), 0.0012974 secs]
270.622: [GC (Allocation Failure)  29845K->23709K(32256K), 0.0012367 secs]
270.626: [GC (Allocation Failure)  29853K->23645K(32256K), 0.0011627 secs]
270.631: [GC (Allocation Failure)  29789K->23645K(32256K), 0.0013792 secs]
270.635: [GC (Allocation Failure)  29789K->23645K(32256K), 0.0011525 secs]
270.639: [GC (Allocation Failure)  29789K->23645K(32256K), 0.0013374 secs]
270.643: [GC (Allocation Failure)  29789K->23645K(32256K), 0.0013368 secs]
270.648: [GC (Allocation Failure)  29789K->23645K(32256K), 0.0012757 secs]
270.652: [GC (Allocation Failure)  29789K->23645K(32256K), 0.0012461 secs]
270.656: [GC (Allocation Failure)  29789K->23741K(32256K), 0.0017245 secs]
270.662: [GC (Allocation Failure)  29885K->23781K(32256K), 0.0019872 secs]
270.667: [GC (Allocation Failure)  29925K->23733K(32256K), 0.0012911 secs]
270.671: [GC (Allocation Failure)  29877K->23709K(32256K), 0.0013748 secs]
270.676: [GC (Allocation Failure)  29853K->23749K(32256K), 0.0016925 secs]
270.681: [GC (Allocation Failure)  29893K->23685K(32256K), 0.0012838 secs]
270.685: [GC (Allocation Failure)  29829K->23717K(32256K), 0.0012530 secs]
270.689: [GC (Allocation Failure)  29861K->23685K(32256K), 0.0012148 secs]
270.694: [GC (Allocation Failure)  29829K->23717K(32256K), 0.0014058 secs]
270.698: [GC (Allocation Failure)  29861K->23717K(32256K), 0.0012242 secs]
270.702: [GC (Allocation Failure)  29861K->23749K(32256K), 0.0012637 secs]
270.706: [GC (Allocation Failure)  29893K->23717K(32256K), 0.0012333 secs]
270.711: [GC (Allocation Failure)  29861K->23749K(32256K), 0.0014856 secs]
270.715: [GC (Allocation Failure)  29893K->23717K(32256K), 0.0011686 secs]
270.719: [GC (Allocation Failure)  29861K->23717K(32256K), 0.0012539 secs]
270.724: [GC (Allocation Failure)  29861K->23765K(32256K), 0.0012299 secs]
270.728: [GC (Allocation Failure)  29909K->23765K(32256K), 0.0015635 secs]
270.733: [GC (Allocation Failure)  29909K->23733K(32256K), 0.0012667 secs]
270.737: [GC (Allocation Failure)  29877K->23733K(32256K), 0.0013142 secs]
270.742: [GC (Allocation Failure)  29877K->23765K(32256K), 0.0011633 secs]
270.746: [GC (Allocation Failure)  29909K->23733K(32256K), 0.0013151 secs]
270.750: [GC (Allocation Failure)  29877K->23765K(32256K), 0.0012894 secs]
270.755: [GC (Allocation Failure)  29909K->23829K(32256K), 0.0018647 secs]
270.760: [GC (Allocation Failure)  29973K->23821K(32256K), 0.0014277 secs]
270.765: [GC (Allocation Failure)  29965K->23805K(32256K), 0.0013078 secs]
270.769: [GC (Allocation Failure)  29949K->23845K(32256K), 0.0012381 secs]
270.774: [GC (Allocation Failure)  29989K->23829K(32256K), 0.0013631 secs]
270.779: [GC (Allocation Failure)  29973K->23797K(32256K), 0.0019951 secs]
270.784: [GC (Allocation Failure)  29941K->23797K(32256K), 0.0013967 secs]
270.788: [GC (Allocation Failure)  29941K->23797K(32256K), 0.0012616 secs]
270.792: [GC (Allocation Failure)  29941K->23797K(32256K), 0.0014904 secs]
270.797: [GC (Allocation Failure)  29941K->23765K(32256K), 0.0012559 secs]
270.801: [GC (Allocation Failure)  29909K->23829K(32256K), 0.0011087 secs]
270.805: [GC (Allocation Failure)  29973K->23765K(32256K), 0.0012182 secs]
270.810: [GC (Allocation Failure)  29909K->23765K(32256K), 0.0013066 secs]
270.814: [GC (Allocation Failure)  29909K->23765K(32256K), 0.0011692 secs]
270.818: [GC (Allocation Failure)  29909K->23829K(32256K), 0.0011620 secs]
270.822: [GC (Allocation Failure)  29973K->23829K(32256K), 0.0011604 secs]
270.826: [GC (Allocation Failure)  29973K->23813K(32256K), 0.0012126 secs]
270.831: [GC (Allocation Failure)  29957K->23781K(32256K), 0.0012072 secs]
270.835: [GC (Allocation Failure)  29925K->23813K(32256K), 0.0011620 secs]
270.839: [GC (Allocation Failure)  29957K->23845K(32256K), 0.0012645 secs]
270.843: [GC (Allocation Failure)  29989K->23813K(32256K), 0.0011150 secs]
270.847: [GC (Allocation Failure)  29957K->23813K(32256K), 0.0010811 secs]
270.851: [GC (Allocation Failure)  29957K->23845K(32256K), 0.0011934 secs]
270.855: [GC (Allocation Failure)  29989K->23813K(32256K), 0.0008712 secs]
270.860: [GC (Allocation Failure)  29957K->23909K(32256K), 0.0013634 secs]
270.865: [GC (Allocation Failure)  30053K->23861K(32256K), 0.0014828 secs]
270.870: [GC (Allocation Failure)  30005K->23909K(32256K), 0.0015133 secs]
270.874: [GC (Allocation Failure)  30053K->23885K(32256K), 0.0012698 secs]
270.879: [GC (Allocation Failure)  30029K->23893K(32256K), 0.0016203 secs]
270.884: [GC (Allocation Failure)  30037K->23861K(32256K), 0.0013671 secs]
270.888: [GC (Allocation Failure)  30005K->23861K(32256K), 0.0012958 secs]
270.892: [GC (Allocation Failure)  30005K->23861K(32256K), 0.0012554 secs]
270.897: [GC (Allocation Failure)  30005K->23861K(32256K), 0.0011985 secs]
270.901: [GC (Allocation Failure)  30005K->23893K(32256K), 0.0012072 secs]
270.905: [GC (Allocation Failure)  30037K->23893K(32256K), 0.0012349 secs]
270.909: [GC (Allocation Failure)  30037K->23861K(32256K), 0.0012709 secs]
270.914: [GC (Allocation Failure)  30005K->23893K(32256K), 0.0011149 secs]
270.918: [GC (Allocation Failure)  30037K->23861K(32256K), 0.0011277 secs]
270.922: [GC (Allocation Failure)  30005K->23893K(32256K), 0.0010873 secs]
270.926: [GC (Allocation Failure)  30037K->23909K(32256K), 0.0014598 secs]
270.931: [GC (Allocation Failure)  30053K->23877K(32256K), 0.0012791 secs]
270.935: [GC (Allocation Failure)  30021K->23845K(32256K), 0.0011302 secs]
270.939: [GC (Allocation Failure)  29989K->23909K(32256K), 0.0010575 secs]
270.943: [GC (Allocation Failure)  30053K->23909K(32256K), 0.0013792 secs]
270.947: [GC (Allocation Failure)  30053K->23845K(32256K), 0.0011766 secs]
270.951: [GC (Allocation Failure)  29989K->23909K(32256K), 0.0010762 secs]
270.955: [GC (Allocation Failure)  30053K->23877K(32256K), 0.0011261 secs]
270.960: [GC (Allocation Failure)  30021K->24005K(32256K), 0.0013037 secs]
270.965: [GC (Allocation Failure)  30149K->24053K(32256K), 0.0015552 secs]
270.970: [GC (Allocation Failure)  30197K->24077K(32256K), 0.0013004 secs]
270.974: [GC (Allocation Failure)  30221K->24021K(32256K), 0.0011045 secs]
270.979: [GC (Allocation Failure)  30165K->23997K(32256K), 0.0012951 secs]
270.983: [GC (Allocation Failure)  30141K->23965K(32256K), 0.0012597 secs]
270.987: [GC (Allocation Failure)  30109K->23965K(32256K), 0.0012902 secs]
270.991: [GC (Allocation Failure)  30109K->23965K(32256K), 0.0012946 secs]
270.996: [GC (Allocation Failure)  30109K->23933K(32256K), 0.0012786 secs]
271.000: [GC (Allocation Failure)  30077K->23965K(32256K), 0.0012258 secs]
271.004: [GC (Allocation Failure)  30109K->23965K(32256K), 0.0011999 secs]
271.008: [GC (Allocation Failure)  30109K->23997K(32256K), 0.0012421 secs]
271.012: [GC (Allocation Failure)  30141K->23965K(32256K), 0.0011786 secs]
271.017: [GC (Allocation Failure)  30109K->24093K(32256K), 0.0012701 secs]
271.021: [GC (Allocation Failure)  30237K->24101K(32256K), 0.0012745 secs]
271.026: [GC (Allocation Failure)  30245K->24173K(32256K), 0.0009668 secs]
271.030: [GC (Allocation Failure)  30317K->24029K(32256K), 0.0011969 secs]
271.035: [GC (Allocation Failure)  30173K->24029K(32256K), 0.0012167 secs]
271.039: [GC (Allocation Failure)  30173K->24061K(32256K), 0.0014617 secs]
271.044: [GC (Allocation Failure)  30205K->24061K(32256K), 0.0013449 secs]
271.048: [GC (Allocation Failure)  30205K->23997K(32256K), 0.0011974 secs]
271.053: [GC (Allocation Failure)  30141K->24029K(32256K), 0.0012338 secs]
271.057: [GC (Allocation Failure)  30173K->24093K(32256K), 0.0012846 secs]
271.061: [GC (Allocation Failure)  30237K->24093K(32256K), 0.0015174 secs]
271.066: [GC (Allocation Failure)  30237K->24109K(32256K), 0.0011627 secs]
271.070: [GC (Allocation Failure)  30253K->24165K(32256K), 0.0013518 secs]
271.075: [GC (Allocation Failure)  30309K->24141K(32256K), 0.0014151 secs]
271.080: [GC (Allocation Failure)  30285K->24157K(32256K), 0.0013149 secs]
271.084: [GC (Allocation Failure)  30301K->24061K(32256K), 0.0012777 secs]
271.088: [GC (Allocation Failure)  30205K->24093K(32256K), 0.0011371 secs]
271.092: [GC (Allocation Failure)  30237K->24125K(32256K), 0.0011451 secs]
271.096: [GC (Allocation Failure)  30269K->24157K(32256K), 0.0011387 secs]
271.100: [GC (Allocation Failure)  30301K->24093K(32256K), 0.0010669 secs]
271.104: [GC (Allocation Failure)  30237K->23997K(32256K), 0.0011721 secs]
271.108: [GC (Allocation Failure)  30141K->24125K(32256K), 0.0012056 secs]
271.112: [GC (Allocation Failure)  30269K->24157K(32256K), 0.0011997 secs]
271.116: [GC (Allocation Failure)  30301K->24061K(32256K), 0.0012434 secs]
271.121: [GC (Allocation Failure)  30205K->24093K(32256K), 0.0012705 secs]
271.125: [GC (Allocation Failure)  30237K->24093K(32256K), 0.0012157 secs]
271.129: [GC (Allocation Failure)  30237K->24125K(32256K), 0.0011555 secs]
271.134: [GC (Allocation Failure)  30269K->24109K(32256K), 0.0011991 secs]
271.138: [GC (Allocation Failure)  30253K->24141K(32256K), 0.0011807 secs]
271.652: [GC (Allocation Failure)  30285K->24277K(32256K), 0.0015392 secs]
271.657: [GC (Allocation Failure)  30421K->24229K(32256K), 0.0013649 secs]
271.661: [GC (Allocation Failure)  30373K->24261K(32256K), 0.0017872 secs]
271.667: [GC (Allocation Failure)  30405K->24317K(32256K), 0.0016997 secs]
271.672: [GC (Allocation Failure)  30461K->24277K(32256K), 0.0014215 secs]
271.676: [GC (Allocation Failure)  30421K->24285K(32256K), 0.0015047 secs]
271.681: [GC (Allocation Failure)  30429K->24285K(32256K), 0.0011599 secs]
271.685: [GC (Allocation Failure)  30429K->24269K(32256K), 0.0011305 secs]
271.689: [GC (Allocation Failure)  30413K->24269K(32256K), 0.0009943 secs]
271.693: [GC (Allocation Failure)  30413K->24237K(32256K), 0.0012859 secs]
271.697: [GC (Allocation Failure)  30381K->24301K(32256K), 0.0012659 secs]
271.701: [GC (Allocation Failure)  30445K->24333K(32256K), 0.0011464 secs]
271.705: [GC (Allocation Failure)  30477K->24301K(32256K), 0.0011300 secs]
271.709: [GC (Allocation Failure)  30445K->24269K(32256K), 0.0010920 secs]
271.713: [GC (Allocation Failure)  30413K->24269K(32256K), 0.0009272 secs]
271.717: [GC (Allocation Failure)  30413K->24269K(32256K), 0.0011213 secs]
271.721: [GC (Allocation Failure)  30413K->24237K(32256K), 0.0011881 secs]
271.725: [GC (Allocation Failure)  30381K->24269K(32256K), 0.0012275 secs]
271.729: [GC (Allocation Failure)  30413K->24333K(32256K), 0.0011229 secs]
271.733: [GC (Allocation Failure)  30477K->24301K(32256K), 0.0011436 secs]
271.737: [GC (Allocation Failure)  30445K->24277K(32256K), 0.0010908 secs]
271.741: [GC (Allocation Failure)  30421K->24309K(32256K), 0.0011550 secs]
271.745: [GC (Allocation Failure)  30453K->24309K(32256K), 0.0011100 secs]
271.749: [GC (Allocation Failure)  30453K->24277K(32256K), 0.0011778 secs]
271.753: [GC (Allocation Failure)  30421K->24309K(32256K), 0.0012332 secs]
271.757: [GC (Allocation Failure)  30453K->24341K(32256K), 0.0010880 secs]
271.761: [GC (Allocation Failure)  30485K->24309K(32256K), 0.0011284 secs]
271.765: [GC (Allocation Failure)  30453K->24397K(32256K), 0.0012613 secs]
271.770: [GC (Allocation Failure)  30541K->24389K(32256K), 0.0015208 secs]
271.775: [GC (Allocation Failure)  30533K->24429K(32256K), 0.0013449 secs]
271.780: [GC (Allocation Failure)  30573K->24429K(32256K), 0.0014083 secs]
271.784: [GC (Allocation Failure)  30573K->24405K(32256K), 0.0012886 secs]
271.788: [GC (Allocation Failure)  30549K->24453K(32256K), 0.0011156 secs]
271.792: [GC (Allocation Failure)  30597K->24389K(32256K), 0.0013195 secs]
271.797: [GC (Allocation Failure)  30533K->24421K(32256K), 0.0012318 secs]
271.801: [GC (Allocation Failure)  30565K->24453K(32256K), 0.0011167 secs]
271.805: [GC (Allocation Failure)  30597K->24421K(32256K), 0.0013102 secs]
271.809: [GC (Allocation Failure)  30565K->24357K(32256K), 0.0013496 secs]
271.814: [GC (Allocation Failure)  30501K->24389K(32256K), 0.0012184 secs]
271.818: [GC (Allocation Failure)  30533K->24453K(32256K), 0.0011258 secs]
271.822: [GC (Allocation Failure)  30597K->24389K(32256K), 0.0012725 secs]
271.826: [GC (Allocation Failure)  30533K->24389K(32256K), 0.0011894 secs]
271.830: [GC (Allocation Failure)  30533K->24421K(32256K), 0.0012408 secs]
271.834: [GC (Allocation Failure)  30565K->24453K(32256K), 0.0011290 secs]
271.838: [GC (Allocation Failure)  30597K->24437K(32256K), 0.0011147 secs]
271.842: [GC (Allocation Failure)  30581K->24405K(32256K), 0.0011889 secs]
271.846: [GC (Allocation Failure)  30549K->24405K(32256K), 0.0010856 secs]
271.850: [GC (Allocation Failure)  30549K->24437K(32256K), 0.0010808 secs]
271.854: [GC (Allocation Failure)  30581K->24405K(32256K), 0.0011174 secs]
271.858: [GC (Allocation Failure)  30549K->24373K(32256K), 0.0011890 secs]
271.863: [GC (Allocation Failure)  30517K->24469K(32256K), 0.0014150 secs]
271.868: [GC (Allocation Failure)  30613K->24421K(32256K), 0.0017591 secs]
271.873: [GC (Allocation Failure)  30565K->24509K(32256K), 0.0013317 secs]
271.878: [GC (Allocation Failure)  30653K->24421K(32256K), 0.0014239 secs]
271.882: [GC (Allocation Failure)  30565K->24485K(32256K), 0.0014298 secs]
271.887: [GC (Allocation Failure)  30629K->24501K(32256K), 0.0012544 secs]
271.891: [GC (Allocation Failure)  30645K->24437K(32256K), 0.0012775 secs]
271.896: [GC (Allocation Failure)  30581K->24469K(32256K), 0.0013054 secs]
271.900: [GC (Allocation Failure)  30613K->24501K(32256K), 0.0013041 secs]
271.905: [GC (Allocation Failure)  30645K->24469K(32256K), 0.0011677 secs]
271.909: [GC (Allocation Failure)  30613K->24437K(32256K), 0.0011791 secs]
271.913: [GC (Allocation Failure)  30581K->24469K(32256K), 0.0012047 secs]
271.917: [GC (Allocation Failure)  30613K->24469K(32256K), 0.0011596 secs]
271.921: [GC (Allocation Failure)  30613K->24437K(32256K), 0.0010695 secs]
271.925: [GC (Allocation Failure)  30581K->24469K(32256K), 0.0013478 secs]
271.930: [GC (Allocation Failure)  30613K->24469K(32256K), 0.0011950 secs]
271.934: [GC (Allocation Failure)  30613K->24501K(32256K), 0.0012419 secs]
271.939: [GC (Allocation Failure)  30645K->24477K(32256K), 0.0010799 secs]
271.942: [GC (Allocation Failure)  30621K->24477K(32256K), 0.0010915 secs]
271.946: [GC (Allocation Failure)  30621K->24509K(32256K), 0.0011001 secs]
271.950: [GC (Allocation Failure)  30653K->24477K(32256K), 0.0010591 secs]
271.954: [GC (Allocation Failure)  30621K->24509K(32256K), 0.0010967 secs]
271.958: [GC (Allocation Failure)  30653K->24509K(32256K), 0.0011157 secs]
271.962: [GC (Allocation Failure)  30653K->24605K(32256K), 0.0011770 secs]
271.967: [GC (Allocation Failure)  30749K->24565K(32256K), 0.0011972 secs]
271.971: [GC (Allocation Failure)  30709K->24597K(32256K), 0.0015920 secs]
271.976: [GC (Allocation Failure)  30741K->24589K(32256K), 0.0015168 secs]
271.981: [GC (Allocation Failure)  30733K->24565K(32256K), 0.0012131 secs]
271.985: [GC (Allocation Failure)  30709K->24501K(32256K), 0.0013422 secs]
271.989: [GC (Allocation Failure)  30645K->24517K(32256K), 0.0010607 secs]
271.993: [GC (Allocation Failure)  30661K->24549K(32256K), 0.0012315 secs]
271.997: [GC (Allocation Failure)  30693K->24581K(32256K), 0.0011882 secs]
272.001: [GC (Allocation Failure)  30725K->24549K(32256K), 0.0010223 secs]
272.005: [GC (Allocation Failure)  30693K->24517K(32256K), 0.0011942 secs]
272.009: [GC (Allocation Failure)  30661K->24549K(32256K), 0.0010864 secs]
272.013: [GC (Allocation Failure)  30693K->24517K(32256K), 0.0011301 secs]
272.017: [GC (Allocation Failure)  30661K->24549K(32256K), 0.0011306 secs]
272.021: [GC (Allocation Failure)  30693K->24549K(32256K), 0.0012039 secs]
272.026: [GC (Allocation Failure)  30693K->24709K(32256K), 0.0010620 secs]
272.030: [GC (Allocation Failure)  30853K->24549K(32256K), 0.0012627 secs]
272.034: [GC (Allocation Failure)  30693K->24549K(32256K), 0.0011773 secs]
272.039: [GC (Allocation Failure)  30693K->24565K(32256K), 0.0014292 secs]
272.044: [GC (Allocation Failure)  30709K->24565K(32256K), 0.0012707 secs]
272.048: [GC (Allocation Failure)  30709K->24597K(32256K), 0.0013355 secs]
272.052: [GC (Allocation Failure)  30741K->24597K(32256K), 0.0015892 secs]
272.057: [GC (Allocation Failure)  30741K->24565K(32256K), 0.0013914 secs]
272.061: [GC (Allocation Failure)  30709K->24533K(32256K), 0.0012218 secs]
272.065: [GC (Allocation Failure)  30677K->24693K(32256K), 0.0013992 secs]
272.070: [GC (Allocation Failure)  30837K->24629K(32256K), 0.0014284 secs]
272.075: [GC (Allocation Failure)  30773K->24717K(32256K), 0.0013221 secs]
272.079: [GC (Allocation Failure)  30861K->24629K(32256K), 0.0012268 secs]
272.083: [GC (Allocation Failure)  30773K->24661K(32256K), 0.0011341 secs]
272.087: [GC (Allocation Failure)  30805K->24693K(32256K), 0.0013611 secs]
272.091: [GC (Allocation Failure)  30837K->24709K(32256K), 0.0011315 secs]
272.095: [GC (Allocation Failure)  30853K->24645K(32256K), 0.0012591 secs]
272.100: [GC (Allocation Failure)  30789K->24677K(32256K), 0.0012128 secs]
272.104: [GC (Allocation Failure)  30821K->24645K(32256K), 0.0011934 secs]
272.108: [GC (Allocation Failure)  30789K->24709K(32256K), 0.0011673 secs]
272.112: [GC (Allocation Failure)  30853K->24677K(32256K), 0.0011877 secs]
272.116: [GC (Allocation Failure)  30821K->24645K(32256K), 0.0010842 secs]
272.120: [GC (Allocation Failure)  30789K->24645K(32256K), 0.0011766 secs]
272.124: [GC (Allocation Failure)  30789K->24613K(32256K), 0.0012310 secs]
272.128: [GC (Allocation Failure)  30757K->24645K(32256K), 0.0010448 secs]
272.132: [GC (Allocation Failure)  30789K->24677K(32256K), 0.0010920 secs]
272.136: [GC (Allocation Failure)  30821K->24645K(32256K), 0.0008300 secs]
272.140: [GC (Allocation Failure)  30789K->24693K(32256K), 0.0011194 secs]
272.144: [GC (Allocation Failure)  30837K->24757K(32256K), 0.0012069 secs]
272.149: [GC (Allocation Failure)  30901K->24813K(32256K), 0.0014746 secs]
272.154: [GC (Allocation Failure)  30957K->24741K(32256K), 0.0012471 secs]
272.158: [GC (Allocation Failure)  30885K->24749K(32256K), 0.0012159 secs]
272.163: [GC (Allocation Failure)  30893K->24717K(32256K), 0.0013026 secs]
272.167: [GC (Allocation Failure)  30861K->24813K(32256K), 0.0014770 secs]
272.172: [GC (Allocation Failure)  30957K->24813K(32256K), 0.0014219 secs]
272.177: [GC (Allocation Failure)  30957K->24765K(32256K), 0.0016891 secs]
272.182: [GC (Allocation Failure)  30909K->24773K(32256K), 0.0012562 secs]
272.186: [GC (Allocation Failure)  30917K->24805K(32256K), 0.0012367 secs]
272.190: [GC (Allocation Failure)  30949K->24853K(32256K), 0.0011676 secs]
272.194: [GC (Allocation Failure)  30997K->24789K(32256K), 0.0011908 secs]
272.198: [GC (Allocation Failure)  30933K->24821K(32256K), 0.0011300 secs]
272.202: [GC (Allocation Failure)  30965K->24757K(32256K), 0.0011697 secs]
272.206: [GC (Allocation Failure)  30901K->24853K(32256K), 0.0010860 secs]
272.210: [GC (Allocation Failure)  30997K->24789K(32256K), 0.0011267 secs]
272.214: [GC (Allocation Failure)  30933K->24757K(32256K), 0.0011119 secs]
272.218: [GC (Allocation Failure)  30901K->24757K(32256K), 0.0011413 secs]
272.222: [GC (Allocation Failure)  30901K->24821K(32256K), 0.0011936 secs]
272.227: [GC (Allocation Failure)  30965K->24789K(32256K), 0.0011440 secs]
272.231: [GC (Allocation Failure)  30933K->24757K(32256K), 0.0012371 secs]
272.235: [GC (Allocation Failure)  30901K->24789K(32256K), 0.0010977 secs]
272.239: [GC (Allocation Failure)  30933K->24821K(32256K), 0.0011972 secs]
272.243: [GC (Allocation Failure)  30965K->24805K(32256K), 0.0011615 secs]
272.247: [GC (Allocation Failure)  30949K->24869K(32256K), 0.0010724 secs]
272.251: [GC (Allocation Failure)  31013K->24805K(32256K), 0.0010701 secs]
272.255: [GC (Allocation Failure)  30949K->24837K(32256K), 0.0011874 secs]
272.259: [GC (Allocation Failure)  30981K->24869K(32256K), 0.0012049 secs]
272.263: [GC (Allocation Failure)  31013K->24773K(32256K), 0.0011831 secs]
272.268: [GC (Allocation Failure)  30917K->24901K(32256K), 0.0010635 secs]
272.272: [GC (Allocation Failure)  31045K->24885K(32256K), 0.0017420 secs]
272.277: [GC (Allocation Failure)  31029K->24917K(32256K), 0.0014716 secs]
272.282: [GC (Allocation Failure)  31061K->24893K(32256K), 0.0013165 secs]
272.286: [GC (Allocation Failure)  31037K->24861K(32256K), 0.0011517 secs]
272.290: [GC (Allocation Failure)  31005K->24861K(32256K), 0.0013152 secs]
272.294: [GC (Allocation Failure)  31005K->24909K(32256K), 0.0010913 secs]
272.298: [GC (Allocation Failure)  31053K->24845K(32256K), 0.0012433 secs]
272.302: [GC (Allocation Failure)  30989K->24845K(32256K), 0.0013279 secs]
272.306: [GC (Allocation Failure)  30989K->24877K(32256K), 0.0012517 secs]
272.310: [GC (Allocation Failure)  31021K->24909K(32256K), 0.0010986 secs]
272.314: [GC (Allocation Failure)  31053K->24941K(32256K), 0.0012521 secs]
272.319: [GC (Allocation Failure)  31085K->24941K(32256K), 0.0012045 secs]
272.323: [GC (Allocation Failure)  31085K->24909K(32256K), 0.0011147 secs]
272.327: [GC (Allocation Failure)  31053K->24941K(32256K), 0.0012442 secs]
272.331: [GC (Allocation Failure)  31085K->24909K(32256K), 0.0011703 secs]
272.335: [GC (Allocation Failure)  31053K->24941K(32256K), 0.0012773 secs]
272.339: [GC (Allocation Failure)  31085K->24941K(32256K), 0.0010881 secs]
272.343: [GC (Allocation Failure)  31085K->24925K(32256K), 0.0011864 secs]
272.347: [GC (Allocation Failure)  31069K->24893K(32256K), 0.0012063 secs]
272.352: [GC (Allocation Failure)  31037K->24925K(32256K), 0.0011312 secs]
272.356: [GC (Allocation Failure)  31069K->24925K(32256K), 0.0011651 secs]
272.360: [GC (Allocation Failure)  31069K->24861K(32256K), 0.0011091 secs]
272.364: [GC (Allocation Failure)  31005K->24893K(32256K), 0.0011822 secs]
272.368: [GC (Allocation Failure)  31037K->24957K(32256K), 0.0011078 secs]
272.373: [GC (Allocation Failure)  31101K->25053K(32256K), 0.0013774 secs]
272.377: [GC (Allocation Failure)  31197K->25005K(32256K), 0.0013924 secs]
272.381: [GC (Allocation Failure)  31149K->24949K(32256K), 0.0012898 secs]
272.386: [GC (Allocation Failure)  31093K->24917K(32256K), 0.0011748 secs]
272.390: [GC (Allocation Failure)  31061K->25013K(32256K), 0.0010807 secs]
272.394: [GC (Allocation Failure)  31157K->24965K(32256K), 0.0010911 secs]
272.398: [GC (Allocation Failure)  31109K->24997K(32256K), 0.0010777 secs]
272.402: [GC (Allocation Failure)  31141K->24965K(32256K), 0.0012356 secs]
272.406: [GC (Allocation Failure)  31109K->24965K(32256K), 0.0010742 secs]
272.410: [GC (Allocation Failure)  31109K->24965K(32256K), 0.0011241 secs]
272.414: [GC (Allocation Failure)  31109K->24965K(32256K), 0.0011145 secs]
272.418: [GC (Allocation Failure)  31109K->24965K(32256K), 0.0010942 secs]
272.422: [GC (Allocation Failure)  31109K->24965K(32256K), 0.0011617 secs]
272.426: [GC (Allocation Failure)  31109K->24997K(32256K), 0.0010734 secs]
272.430: [GC (Allocation Failure)  31141K->24997K(32256K), 0.0011832 secs]
272.434: [GC (Allocation Failure)  31141K->24965K(32256K), 0.0012250 secs]
272.438: [GC (Allocation Failure)  31109K->25029K(32256K), 0.0010571 secs]
272.442: [GC (Allocation Failure)  31173K->25013K(32256K), 0.0011535 secs]
272.446: [GC (Allocation Failure)  31157K->24981K(32256K), 0.0010934 secs]
272.450: [GC (Allocation Failure)  31125K->24981K(32256K), 0.0010781 secs]
272.454: [GC (Allocation Failure)  31125K->25045K(32256K), 0.0011046 secs]
272.458: [GC (Allocation Failure)  31189K->24981K(32256K), 0.0010734 secs]
272.462: [GC (Allocation Failure)  31125K->25013K(32256K), 0.0012199 secs]
272.466: [GC (Allocation Failure)  31157K->25109K(32256K), 0.0011602 secs]
272.470: [GC (Allocation Failure)  31253K->25053K(32256K), 0.0012487 secs]
272.475: [GC (Allocation Failure)  31197K->25085K(32256K), 0.0014931 secs]
272.480: [GC (Allocation Failure)  31229K->25069K(32256K), 0.0012682 secs]
272.484: [GC (Allocation Failure)  31213K->25077K(32256K), 0.0012482 secs]
272.488: [GC (Allocation Failure)  31221K->25077K(32256K), 0.0011082 secs]
272.492: [GC (Allocation Failure)  31221K->25077K(32256K), 0.0010974 secs]
272.496: [GC (Allocation Failure)  31221K->25061K(32256K), 0.0013704 secs]
272.500: [GC (Allocation Failure)  31205K->25061K(32256K), 0.0012910 secs]
272.505: [GC (Allocation Failure)  31205K->25061K(32256K), 0.0014218 secs]
272.509: [GC (Allocation Failure)  31205K->25061K(32256K), 0.0011835 secs]
272.513: [GC (Allocation Failure)  31205K->25093K(32256K), 0.0012076 secs]
272.517: [GC (Allocation Failure)  31237K->25093K(32256K), 0.0011932 secs]
272.521: [GC (Allocation Failure)  31237K->25093K(32256K), 0.0012337 secs]
272.525: [GC (Allocation Failure)  31237K->25061K(32256K), 0.0011001 secs]
272.530: [GC (Allocation Failure)  31205K->25061K(32256K), 0.0012116 secs]
272.534: [GC (Allocation Failure)  31205K->25093K(32256K), 0.0011857 secs]
272.538: [GC (Allocation Failure)  31237K->25061K(32256K), 0.0011695 secs]
272.542: [GC (Allocation Failure)  31205K->25093K(32256K), 0.0011651 secs]
272.546: [GC (Allocation Failure)  31237K->25077K(32256K), 0.0011757 secs]
272.550: [GC (Allocation Failure)  31221K->25045K(32256K), 0.0012081 secs]
272.554: [GC (Allocation Failure)  31189K->25077K(32256K), 0.0011707 secs]
272.558: [GC (Allocation Failure)  31221K->25109K(32256K), 0.0011637 secs]
272.563: [GC (Allocation Failure)  31253K->25109K(32256K), 0.0012018 secs]
272.567: [GC (Allocation Failure)  31253K->25109K(32256K), 0.0008779 secs]
272.572: [GC (Allocation Failure)  31253K->25197K(32256K), 0.0013611 secs]
272.576: [GC (Allocation Failure)  31341K->25149K(32256K), 0.0015739 secs]
272.581: [GC (Allocation Failure)  31293K->25157K(32256K), 0.0011871 secs]
272.585: [GC (Allocation Failure)  31301K->25157K(32256K), 0.0012325 secs]
272.589: [GC (Allocation Failure)  31301K->25125K(32256K), 0.0013030 secs]
272.593: [GC (Allocation Failure)  31269K->25189K(32256K), 0.0012105 secs]
272.598: [GC (Allocation Failure)  31333K->25101K(32256K), 0.0012922 secs]
272.602: [GC (Allocation Failure)  31245K->25133K(32256K), 0.0013293 secs]
272.606: [GC (Allocation Failure)  31277K->25133K(32256K), 0.0009421 secs]
272.610: [GC (Allocation Failure)  31277K->25165K(32256K), 0.0012348 secs]
272.614: [GC (Allocation Failure)  31309K->25165K(32256K), 0.0011716 secs]
272.618: [GC (Allocation Failure)  31309K->25133K(32256K), 0.0012070 secs]
272.622: [GC (Allocation Failure)  31277K->25133K(32256K), 0.0012456 secs]
272.626: [GC (Allocation Failure)  31277K->25165K(32256K), 0.0011388 secs]
272.630: [GC (Allocation Failure)  31309K->25133K(32256K), 0.0012427 secs]
272.634: [GC (Allocation Failure)  31277K->25165K(32256K), 0.0012075 secs]
272.639: [GC (Allocation Failure)  31309K->25101K(32256K), 0.0011943 secs]
272.643: [GC (Allocation Failure)  31245K->25165K(32256K), 0.0012353 secs]
272.647: [GC (Allocation Failure)  31309K->25181K(32256K), 0.0013440 secs]
272.652: [GC (Allocation Failure)  31325K->25253K(32256K), 0.0012611 secs]
272.656: [GC (Allocation Failure)  31397K->25261K(32256K), 0.0011209 secs]
272.660: [GC (Allocation Failure)  31405K->25133K(32256K), 0.0014360 secs]
272.665: [GC (Allocation Failure)  31277K->25197K(32256K), 0.0012848 secs]
272.670: [GC (Allocation Failure)  31341K->25293K(32256K), 0.0014628 secs]
272.674: [GC (Allocation Failure)  31437K->25261K(32256K), 0.0013702 secs]
272.679: [GC (Allocation Failure)  31405K->25317K(32256K), 0.0014557 secs]
272.684: [GC (Allocation Failure)  31461K->25293K(32256K), 0.0013043 secs]
272.688: [GC (Allocation Failure)  31437K->25261K(32256K), 0.0011059 secs]
272.692: [GC (Allocation Failure)  31405K->25293K(32256K), 0.0011112 secs]
272.696: [GC (Allocation Failure)  31437K->25277K(32256K), 0.0010842 secs]
272.700: [GC (Allocation Failure)  31421K->25277K(32256K), 0.0010271 secs]
272.704: [GC (Allocation Failure)  31421K->25245K(32256K), 0.0010931 secs]
272.708: [GC (Allocation Failure)  31389K->25245K(32256K), 0.0011744 secs]
272.712: [GC (Allocation Failure)  31389K->25277K(32256K), 0.0011881 secs]
272.716: [GC (Allocation Failure)  31421K->25309K(32256K), 0.0010642 secs]
272.720: [GC (Allocation Failure)  31453K->25341K(32256K), 0.0011448 secs]
272.725: [GC (Allocation Failure)  31485K->25309K(32256K), 0.0011613 secs]
272.729: [GC (Allocation Failure)  31453K->25245K(32256K), 0.0011707 secs]
272.733: [GC (Allocation Failure)  31389K->25341K(32256K), 0.0011647 secs]
272.737: [GC (Allocation Failure)  31485K->25277K(32256K), 0.0011107 secs]
272.741: [GC (Allocation Failure)  31421K->25277K(32256K), 0.0010622 secs]
272.745: [GC (Allocation Failure)  31421K->25373K(32256K), 0.0008920 secs]
272.749: [GC (Allocation Failure)  31517K->25285K(32256K), 0.0011245 secs]
272.752: [GC (Allocation Failure)  31429K->25349K(32256K), 0.0012293 secs]
272.757: [GC (Allocation Failure)  31493K->25253K(32256K), 0.0011377 secs]
272.761: [GC (Allocation Failure)  31397K->25317K(32256K), 0.0011761 secs]
272.765: [GC (Allocation Failure)  31461K->25285K(32256K), 0.0011216 secs]
272.769: [GC (Allocation Failure)  31429K->25381K(32256K), 0.0016763 secs]
272.775: [GC (Allocation Failure)  31525K->25413K(32256K), 0.0015840 secs]
272.779: [GC (Allocation Failure)  31557K->25445K(32256K), 0.0011591 secs]
272.783: [GC (Allocation Failure)  31589K->25389K(32256K), 0.0012001 secs]
272.788: [GC (Allocation Failure)  31533K->25389K(32256K), 0.0013076 secs]
272.791: [GC (Allocation Failure)  31533K->25357K(32256K), 0.0009593 secs]
272.795: [GC (Allocation Failure)  31501K->25389K(32256K), 0.0011969 secs]
272.800: [GC (Allocation Failure)  31533K->25405K(32256K), 0.0011087 secs]
272.804: [GC (Allocation Failure)  31549K->25405K(32256K), 0.0011115 secs]
272.808: [GC (Allocation Failure)  31549K->25405K(32256K), 0.0011022 secs]
272.812: [GC (Allocation Failure)  31549K->25373K(32256K), 0.0012821 secs]
272.816: [GC (Allocation Failure)  31517K->25405K(32256K), 0.0011281 secs]
272.820: [GC (Allocation Failure)  31549K->25373K(32256K), 0.0010134 secs]
272.824: [GC (Allocation Failure)  31517K->25405K(32256K), 0.0011190 secs]
272.828: [GC (Allocation Failure)  31549K->25373K(32256K), 0.0011107 secs]
272.832: [GC (Allocation Failure)  31517K->25373K(32256K), 0.0011472 secs]
272.836: [GC (Allocation Failure)  31517K->25373K(32256K), 0.0011315 secs]
272.840: [GC (Allocation Failure)  31517K->25405K(32256K), 0.0011829 secs]
272.844: [GC (Allocation Failure)  31549K->25405K(32256K), 0.0010947 secs]
272.848: [GC (Allocation Failure)  31549K->25421K(32256K), 0.0011637 secs]
272.852: [GC (Allocation Failure)  31565K->25453K(32256K), 0.0010616 secs]
272.856: [GC (Allocation Failure)  31597K->25421K(32256K), 0.0010956 secs]
272.860: [GC (Allocation Failure)  31565K->25357K(32256K), 0.0011122 secs]
272.865: [GC (Allocation Failure)  31501K->25357K(32256K), 0.0011017 secs]
272.870: [GC (Allocation Failure)  31501K->25453K(32256K), 0.0013607 secs]
272.875: [GC (Allocation Failure)  31597K->25477K(32256K), 0.0014992 secs]
272.880: [GC (Allocation Failure)  31621K->25469K(32256K), 0.0015946 secs]
272.884: [GC (Allocation Failure)  31613K->25445K(32256K), 0.0014030 secs]
272.889: [GC (Allocation Failure)  31589K->25477K(32256K), 0.0013672 secs]
272.893: [GC (Allocation Failure)  31621K->25477K(32256K), 0.0013878 secs]
272.897: [GC (Allocation Failure)  31621K->25445K(32256K), 0.0011421 secs]
272.901: [GC (Allocation Failure)  31589K->25461K(32256K), 0.0012569 secs]
272.905: [GC (Allocation Failure)  31605K->25429K(32256K), 0.0011861 secs]
272.910: [GC (Allocation Failure)  31573K->25525K(32256K), 0.0013180 secs]
272.914: [GC (Allocation Failure)  31669K->25429K(32256K), 0.0011791 secs]
272.918: [GC (Allocation Failure)  31573K->25461K(32256K), 0.0011180 secs]
272.922: [GC (Allocation Failure)  31605K->25493K(32256K), 0.0011227 secs]
272.926: [GC (Allocation Failure)  31637K->25501K(32256K), 0.0012120 secs]
272.930: [GC (Allocation Failure)  31645K->25469K(32256K), 0.0014536 secs]
272.935: [GC (Allocation Failure)  31613K->25437K(32256K), 0.0011819 secs]
272.939: [GC (Allocation Failure)  31581K->25469K(32256K), 0.0011531 secs]
272.943: [GC (Allocation Failure)  31613K->25469K(32256K), 0.0012520 secs]
272.947: [GC (Allocation Failure)  31613K->25693K(32256K), 0.0011729 secs]
272.952: [GC (Allocation Failure)  31837K->25607K(32256K), 0.0014716 secs]
272.957: [GC (Allocation Failure)  31751K->25695K(32256K), 0.0012429 secs]
272.961: [GC (Allocation Failure)  31839K->25615K(32256K), 0.0014232 secs]
272.966: [GC (Allocation Failure)  31759K->25591K(32256K), 0.0010713 secs]
272.969: [GC (Allocation Failure)  31735K->25751K(32256K), 0.0009898 secs]
272.974: [GC (Allocation Failure)  31895K->25727K(32256K), 0.0010457 secs]
272.975: [Full GC (Ergonomics)  25727K->21256K(31744K), 0.0776000 secs]
273.058: [GC (Allocation Failure)  27400K->21512K(31744K), 0.0018034 secs]
273.063: [GC (Allocation Failure)  27656K->21465K(31744K), 0.0015714 secs]
273.068: [GC (Allocation Failure)  27609K->21529K(31744K), 0.0012302 secs]
273.073: [GC (Allocation Failure)  27673K->21561K(31744K), 0.0012095 secs]
273.077: [GC (Allocation Failure)  27705K->21513K(31744K), 0.0015497 secs]
273.082: [GC (Allocation Failure)  27657K->21529K(31744K), 0.0010667 secs]
273.086: [GC (Allocation Failure)  27673K->21505K(31744K), 0.0010693 secs]
273.090: [GC (Allocation Failure)  27649K->21537K(31744K), 0.0009163 secs]
273.094: [GC (Allocation Failure)  27681K->21505K(31744K), 0.0010312 secs]
273.098: [GC (Allocation Failure)  27649K->21473K(31744K), 0.0009195 secs]
273.101: [GC (Allocation Failure)  27617K->21505K(31744K), 0.0008262 secs]
273.105: [GC (Allocation Failure)  27649K->21569K(31744K), 0.0008593 secs]
273.109: [GC (Allocation Failure)  27713K->21633K(31744K), 0.0009902 secs]
273.113: [GC (Allocation Failure)  27777K->21740K(31744K), 0.0009836 secs]
273.117: [GC (Allocation Failure)  27884K->21692K(31744K), 0.0009098 secs]
273.121: [GC (Allocation Failure)  27836K->21628K(31744K), 0.0008725 secs]
273.124: [GC (Allocation Failure)  27772K->21628K(31744K), 0.0008402 secs]
273.128: [GC (Allocation Failure)  27772K->21596K(31744K), 0.0010240 secs]
273.132: [GC (Allocation Failure)  27740K->21692K(31744K), 0.0009952 secs]
273.136: [GC (Allocation Failure)  27836K->21596K(31744K), 0.0008098 secs]
273.139: [GC (Allocation Failure)  27740K->21564K(31744K), 0.0008420 secs]
273.143: [GC (Allocation Failure)  27708K->21596K(31744K), 0.0007920 secs]
273.147: [GC (Allocation Failure)  27740K->21692K(31744K), 0.0008770 secs]
273.151: [GC (Allocation Failure)  27836K->21628K(31744K), 0.0011063 secs]
273.155: [GC (Allocation Failure)  27772K->21668K(31744K), 0.0008820 secs]
273.159: [GC (Allocation Failure)  27812K->21860K(31744K), 0.0014402 secs]
273.164: [GC (Allocation Failure)  28004K->21822K(31744K), 0.0011189 secs]
273.168: [GC (Allocation Failure)  27966K->21766K(31744K), 0.0010916 secs]
273.172: [GC (Allocation Failure)  27910K->21862K(31744K), 0.0015769 secs]
273.178: [GC (Allocation Failure)  28006K->21822K(31744K), 0.0018507 secs]
273.183: [GC (Allocation Failure)  27966K->21886K(31744K), 0.0011460 secs]
273.187: [GC (Allocation Failure)  28030K->21798K(31744K), 0.0009615 secs]
273.191: [GC (Allocation Failure)  27942K->21830K(31744K), 0.0009142 secs]
273.194: [GC (Allocation Failure)  27974K->21862K(31744K), 0.0011938 secs]
273.199: [GC (Allocation Failure)  28006K->21798K(31744K), 0.0008972 secs]
273.202: [GC (Allocation Failure)  27942K->21798K(31744K), 0.0008518 secs]
273.206: [GC (Allocation Failure)  27942K->21862K(31744K), 0.0008574 secs]
273.210: [GC (Allocation Failure)  28006K->21990K(31744K), 0.0011349 secs]
273.215: [GC (Allocation Failure)  28134K->22016K(31744K), 0.0015991 secs]
273.220: [GC (Allocation Failure)  28160K->21904K(31744K), 0.0013057 secs]
273.224: [GC (Allocation Failure)  28048K->21944K(31744K), 0.0011742 secs]
273.229: [GC (Allocation Failure)  28088K->21944K(31744K), 0.0012938 secs]
273.233: [GC (Allocation Failure)  28088K->21912K(31744K), 0.0010616 secs]
273.237: [GC (Allocation Failure)  28056K->21912K(31744K), 0.0012190 secs]
273.242: [GC (Allocation Failure)  28056K->21912K(31744K), 0.0009811 secs]
273.246: [GC (Allocation Failure)  28056K->21912K(31744K), 0.0011351 secs]
273.250: [GC (Allocation Failure)  28056K->21880K(31744K), 0.0009761 secs]
273.253: [GC (Allocation Failure)  28024K->21880K(31744K), 0.0010083 secs]
273.258: [GC (Allocation Failure)  28024K->21880K(31744K), 0.0010483 secs]
273.262: [GC (Allocation Failure)  28024K->22072K(31744K), 0.0012180 secs]
273.267: [GC (Allocation Failure)  28216K->22090K(31744K), 0.0010477 secs]
273.271: [GC (Allocation Failure)  28234K->22050K(31744K), 0.0014232 secs]
273.276: [GC (Allocation Failure)  28194K->22090K(31744K), 0.0019785 secs]
273.282: [GC (Allocation Failure)  28234K->22082K(31744K), 0.0015341 secs]
273.287: [GC (Allocation Failure)  28226K->22050K(31744K), 0.0011313 secs]
273.291: [GC (Allocation Failure)  28194K->22026K(31744K), 0.0011810 secs]
273.295: [GC (Allocation Failure)  28170K->22026K(31744K), 0.0013512 secs]
273.300: [GC (Allocation Failure)  28170K->22058K(31744K), 0.0011141 secs]
273.304: [GC (Allocation Failure)  28202K->22026K(31744K), 0.0011592 secs]
273.308: [GC (Allocation Failure)  28170K->22058K(31744K), 0.0010029 secs]
273.312: [GC (Allocation Failure)  28202K->22218K(31744K), 0.0011809 secs]
273.316: [GC (Allocation Failure)  28362K->22156K(31744K), 0.0013064 secs]
273.321: [GC (Allocation Failure)  28300K->22132K(31744K), 0.0010455 secs]
273.325: [GC (Allocation Failure)  28276K->22204K(31744K), 0.0010922 secs]
273.329: [GC (Allocation Failure)  28348K->22108K(31744K), 0.0012051 secs]
273.334: [GC (Allocation Failure)  28252K->22172K(31744K), 0.0011378 secs]
273.338: [GC (Allocation Failure)  28316K->22108K(31744K), 0.0010555 secs]
273.342: [GC (Allocation Failure)  28252K->22140K(31744K), 0.0010662 secs]
273.346: [GC (Allocation Failure)  28284K->22172K(31744K), 0.0009441 secs]
273.350: [GC (Allocation Failure)  28316K->22172K(31744K), 0.0009412 secs]
273.354: [GC (Allocation Failure)  28316K->22204K(31744K), 0.0010412 secs]
273.358: [GC (Allocation Failure)  28348K->22140K(31744K), 0.0010189 secs]
273.362: [GC (Allocation Failure)  28284K->22268K(31744K), 0.0009781 secs]
273.366: [GC (Allocation Failure)  28412K->22276K(31744K), 0.0011261 secs]
273.370: [GC (Allocation Failure)  28420K->22325K(31744K), 0.0010649 secs]
273.375: [GC (Allocation Failure)  28469K->22341K(31744K), 0.0013890 secs]
273.380: [GC (Allocation Failure)  28485K->22341K(31744K), 0.0015773 secs]
273.386: [GC (Allocation Failure)  28485K->22373K(31744K), 0.0011623 secs]
273.390: [GC (Allocation Failure)  28517K->22349K(31744K), 0.0011173 secs]
273.395: [GC (Allocation Failure)  28493K->22285K(31744K), 0.0015200 secs]
273.399: [GC (Allocation Failure)  28429K->22285K(31744K), 0.0011259 secs]
273.403: [GC (Allocation Failure)  28429K->22349K(31744K), 0.0012441 secs]
273.408: [GC (Allocation Failure)  28493K->22381K(31744K), 0.0009882 secs]
273.412: [GC (Allocation Failure)  28525K->22349K(31744K), 0.0012688 secs]
273.416: [GC (Allocation Failure)  28493K->22445K(31744K), 0.0012604 secs]
273.421: [GC (Allocation Failure)  28589K->22496K(31744K), 0.0011616 secs]
273.425: [GC (Allocation Failure)  28640K->22512K(31744K), 0.0010208 secs]
273.430: [GC (Allocation Failure)  28656K->22448K(31744K), 0.0012503 secs]
273.434: [GC (Allocation Failure)  28592K->22416K(31744K), 0.0010750 secs]
273.438: [GC (Allocation Failure)  28560K->22384K(31744K), 0.0010717 secs]
273.442: [GC (Allocation Failure)  28528K->22416K(31744K), 0.0009602 secs]
273.447: [GC (Allocation Failure)  28560K->22480K(31744K), 0.0010503 secs]
273.451: [GC (Allocation Failure)  28624K->22416K(31744K), 0.0009922 secs]
273.455: [GC (Allocation Failure)  28560K->22416K(31744K), 0.0011060 secs]
273.459: [GC (Allocation Failure)  28560K->22448K(31744K), 0.0009361 secs]
273.463: [GC (Allocation Failure)  28592K->22448K(31744K), 0.0010261 secs]
273.467: [GC (Allocation Failure)  28592K->22608K(31744K), 0.0012645 secs]
273.472: [GC (Allocation Failure)  28752K->22618K(31744K), 0.0014440 secs]
273.477: [GC (Allocation Failure)  28762K->22642K(31744K), 0.0018602 secs]
273.483: [GC (Allocation Failure)  28786K->22650K(31744K), 0.0016904 secs]
273.488: [GC (Allocation Failure)  28794K->22546K(31744K), 0.0013652 secs]
273.492: [GC (Allocation Failure)  28690K->22554K(31744K), 0.0014089 secs]
273.497: [GC (Allocation Failure)  28698K->22586K(31744K), 0.0012614 secs]
273.502: [GC (Allocation Failure)  28730K->22522K(31744K), 0.0012295 secs]
273.506: [GC (Allocation Failure)  28666K->22618K(31744K), 0.0010096 secs]
273.510: [GC (Allocation Failure)  28762K->22554K(31744K), 0.0011926 secs]
273.514: [GC (Allocation Failure)  28698K->22554K(31744K), 0.0009008 secs]
273.518: [GC (Allocation Failure)  28698K->22746K(31744K), 0.0010621 secs]
273.523: [GC (Allocation Failure)  28890K->22772K(31744K), 0.0013343 secs]
273.528: [GC (Allocation Failure)  28916K->22708K(31744K), 0.0014492 secs]
273.532: [GC (Allocation Failure)  28852K->22676K(31744K), 0.0010855 secs]
273.537: [GC (Allocation Failure)  28820K->22612K(31744K), 0.0011749 secs]
273.541: [GC (Allocation Failure)  28756K->22676K(31744K), 0.0009318 secs]
273.545: [GC (Allocation Failure)  28820K->22644K(31744K), 0.0014122 secs]
273.549: [GC (Allocation Failure)  28788K->22612K(31744K), 0.0009465 secs]
273.553: [GC (Allocation Failure)  28756K->22644K(31744K), 0.0014144 secs]
273.557: [GC (Allocation Failure)  28788K->22676K(31744K), 0.0010622 secs]
273.561: [GC (Allocation Failure)  28820K->22708K(31744K), 0.0012771 secs]
273.566: [GC (Allocation Failure)  28852K->22612K(31744K), 0.0010118 secs]
273.570: [GC (Allocation Failure)  28756K->22836K(31744K), 0.0010671 secs]
273.574: [GC (Allocation Failure)  28980K->22749K(31744K), 0.0011940 secs]
273.579: [GC (Allocation Failure)  28893K->22805K(31744K), 0.0012333 secs]
273.583: [GC (Allocation Failure)  28949K->22821K(31744K), 0.0013120 secs]
273.588: [GC (Allocation Failure)  28965K->22781K(31744K), 0.0015719 secs]
273.593: [GC (Allocation Failure)  28925K->22861K(31744K), 0.0016951 secs]
273.598: [GC (Allocation Failure)  29005K->22805K(31744K), 0.0011576 secs]
273.602: [GC (Allocation Failure)  28949K->22741K(31744K), 0.0011384 secs]
273.606: [GC (Allocation Failure)  28885K->22805K(31744K), 0.0011530 secs]
273.610: [GC (Allocation Failure)  28949K->22837K(31744K), 0.0012766 secs]
273.615: [GC (Allocation Failure)  28981K->22805K(31744K), 0.0011616 secs]
273.619: [GC (Allocation Failure)  28949K->22773K(31744K), 0.0011023 secs]
273.623: [GC (Allocation Failure)  28917K->22965K(31744K), 0.0013412 secs]
273.628: [GC (Allocation Failure)  29109K->22951K(31744K), 0.0015471 secs]
273.633: [GC (Allocation Failure)  29095K->22895K(31744K), 0.0010682 secs]
273.637: [GC (Allocation Failure)  29039K->22863K(31744K), 0.0011486 secs]
273.641: [GC (Allocation Failure)  29007K->22831K(31744K), 0.0010012 secs]
273.645: [GC (Allocation Failure)  28975K->22863K(31744K), 0.0011321 secs]
273.649: [GC (Allocation Failure)  29007K->22991K(31744K), 0.0013719 secs]
273.654: [GC (Allocation Failure)  29135K->22911K(31744K), 0.0013264 secs]
273.659: [GC (Allocation Failure)  29055K->22983K(31744K), 0.0011150 secs]
273.664: [GC (Allocation Failure)  29127K->22887K(31744K), 0.0014281 secs]
273.668: [GC (Allocation Failure)  29031K->22951K(31744K), 0.0011101 secs]
273.672: [GC (Allocation Failure)  29095K->23079K(31744K), 0.0013303 secs]
273.677: [GC (Allocation Failure)  29223K->23088K(31744K), 0.0020029 secs]
273.682: [GC (Allocation Failure)  29232K->23128K(31744K), 0.0017423 secs]
273.687: [GC (Allocation Failure)  29272K->23120K(31744K), 0.0016385 secs]
273.692: [GC (Allocation Failure)  29264K->23112K(31744K), 0.0011197 secs]
273.696: [GC (Allocation Failure)  29256K->23056K(31744K), 0.0010927 secs]
273.700: [GC (Allocation Failure)  29200K->23056K(31744K), 0.0009661 secs]
273.704: [GC (Allocation Failure)  29200K->23120K(31744K), 0.0009276 secs]
273.708: [GC (Allocation Failure)  29264K->23056K(31744K), 0.0008190 secs]
273.712: [GC (Allocation Failure)  29200K->23056K(31744K), 0.0009553 secs]
273.716: [GC (Allocation Failure)  29200K->23120K(31744K), 0.0009670 secs]
273.720: [GC (Allocation Failure)  29264K->23120K(31744K), 0.0009044 secs]
273.724: [GC (Allocation Failure)  29264K->23216K(31744K), 0.0011346 secs]
273.729: [GC (Allocation Failure)  29360K->23219K(31744K), 0.0013749 secs]
273.733: [GC (Allocation Failure)  29363K->23195K(31744K), 0.0010862 secs]
273.737: [GC (Allocation Failure)  29339K->23203K(31744K), 0.0009603 secs]
273.741: [GC (Allocation Failure)  29347K->23139K(31744K), 0.0009078 secs]
273.745: [GC (Allocation Failure)  29283K->23235K(31744K), 0.0010712 secs]
273.749: [GC (Allocation Failure)  29379K->23267K(31744K), 0.0009138 secs]
273.753: [GC (Allocation Failure)  29411K->23171K(31744K), 0.0008073 secs]
273.756: [GC (Allocation Failure)  29315K->23171K(31744K), 0.0009173 secs]
273.760: [GC (Allocation Failure)  29315K->23235K(31744K), 0.0009563 secs]
273.764: [GC (Allocation Failure)  29379K->23203K(31744K), 0.0009440 secs]
273.768: [GC (Allocation Failure)  29347K->23203K(31744K), 0.0008443 secs]
273.771: [GC (Allocation Failure)  29347K->23171K(31744K), 0.0009098 secs]
273.776: [GC (Allocation Failure)  29315K->23299K(31744K), 0.0012214 secs]
273.781: [GC (Allocation Failure)  29443K->23438K(31744K), 0.0013817 secs]
273.785: [GC (Allocation Failure)  29582K->23294K(31744K), 0.0016855 secs]
273.790: [GC (Allocation Failure)  29438K->23358K(31744K), 0.0011973 secs]
273.794: [GC (Allocation Failure)  29502K->23302K(31744K), 0.0013617 secs]
273.798: [GC (Allocation Failure)  29446K->23302K(31744K), 0.0010141 secs]
273.802: [GC (Allocation Failure)  29446K->23302K(31744K), 0.0010730 secs]
273.806: [GC (Allocation Failure)  29446K->23366K(31744K), 0.0009255 secs]
273.810: [GC (Allocation Failure)  29510K->23302K(31744K), 0.0008001 secs]
273.814: [GC (Allocation Failure)  29446K->23302K(31744K), 0.0008200 secs]
273.818: [GC (Allocation Failure)  29446K->23334K(31744K), 0.0010625 secs]
273.822: [GC (Allocation Failure)  29478K->23334K(31744K), 0.0009169 secs]
273.825: [GC (Allocation Failure)  29478K->23398K(31744K), 0.0007898 secs]
273.830: [GC (Allocation Failure)  29542K->23550K(31744K), 0.0009168 secs]
273.834: [GC (Allocation Failure)  29694K->23503K(31744K), 0.0009351 secs]
273.838: [GC (Allocation Failure)  29647K->23479K(31744K), 0.0008968 secs]
273.842: [GC (Allocation Failure)  29623K->23479K(31744K), 0.0008176 secs]
273.846: [GC (Allocation Failure)  29623K->23447K(31744K), 0.0008353 secs]
273.850: [GC (Allocation Failure)  29591K->23479K(31744K), 0.0008940 secs]
273.854: [GC (Allocation Failure)  29623K->23415K(31744K), 0.0008564 secs]
273.857: [GC (Allocation Failure)  29559K->23447K(31744K), 0.0008980 secs]
273.861: [GC (Allocation Failure)  29591K->23383K(31744K), 0.0008240 secs]
273.865: [GC (Allocation Failure)  29527K->23447K(31744K), 0.0007822 secs]
273.869: [GC (Allocation Failure)  29591K->23447K(31744K), 0.0011017 secs]
273.874: [GC (Allocation Failure)  29591K->23447K(31744K), 0.0011260 secs]
273.878: [GC (Allocation Failure)  29591K->23511K(31744K), 0.0014225 secs]
273.885: [GC (Allocation Failure)  29655K->23623K(31744K), 0.0018928 secs]
273.890: [GC (Allocation Failure)  29767K->23562K(31744K), 0.0014225 secs]
273.895: [GC (Allocation Failure)  29706K->23538K(31744K), 0.0015564 secs]
273.899: [GC (Allocation Failure)  29682K->23570K(31744K), 0.0013407 secs]
273.904: [GC (Allocation Failure)  29714K->23570K(31744K), 0.0012534 secs]
273.908: [GC (Allocation Failure)  29714K->23538K(31744K), 0.0009133 secs]
273.912: [GC (Allocation Failure)  29682K->23570K(31744K), 0.0011926 secs]
273.916: [GC (Allocation Failure)  29714K->23570K(31744K), 0.0009868 secs]
273.920: [GC (Allocation Failure)  29714K->23506K(31744K), 0.0009903 secs]
273.924: [GC (Allocation Failure)  29650K->23506K(31744K), 0.0009012 secs]
273.928: [GC (Allocation Failure)  29650K->23602K(31744K), 0.0010890 secs]
273.932: [GC (Allocation Failure)  29746K->23602K(31744K), 0.0010581 secs]
273.936: [GC (Allocation Failure)  29746K->23746K(31744K), 0.0011982 secs]
273.941: [GC (Allocation Failure)  29890K->23748K(31744K), 0.0010478 secs]
273.945: [GC (Allocation Failure)  29892K->23628K(31744K), 0.0010453 secs]
275.853: [GC (Allocation Failure)  29772K->23916K(31744K), 0.0017221 secs]
275.858: [GC (Allocation Failure)  30060K->23812K(31744K), 0.0013338 secs]
275.863: [GC (Allocation Failure)  29956K->23860K(31744K), 0.0014374 secs]
275.867: [GC (Allocation Failure)  30004K->23948K(31744K), 0.0011824 secs]
275.871: [GC (Allocation Failure)  30092K->24028K(31744K), 0.0011715 secs]
275.876: [GC (Allocation Failure)  30172K->24028K(31744K), 0.0011129 secs]
275.880: [GC (Allocation Failure)  30172K->23972K(31744K), 0.0010993 secs]
275.884: [GC (Allocation Failure)  30116K->24020K(31744K), 0.0012392 secs]
275.888: [GC (Allocation Failure)  30164K->24108K(31744K), 0.0011637 secs]
280.556: [GC (Allocation Failure)  30252K->24404K(31744K), 0.0018604 secs]
280.562: [GC (Allocation Failure)  30548K->24228K(31744K), 0.0016992 secs]
280.566: [GC (Allocation Failure)  30372K->24244K(31744K), 0.0012582 secs]
280.570: [GC (Allocation Failure)  30388K->24212K(31744K), 0.0013731 secs]
280.575: [GC (Allocation Failure)  30356K->24180K(31744K), 0.0012557 secs]
280.579: [GC (Allocation Failure)  30324K->24180K(31744K), 0.0011807 secs]
280.583: [GC (Allocation Failure)  30324K->24212K(31744K), 0.0012866 secs]
280.587: [GC (Allocation Failure)  30356K->24180K(31744K), 0.0013092 secs]
280.591: [GC (Allocation Failure)  30324K->24212K(31744K), 0.0011367 secs]
280.595: [GC (Allocation Failure)  30356K->24212K(31744K), 0.0012373 secs]
280.599: [GC (Allocation Failure)  30356K->24276K(31744K), 0.0011199 secs]
280.604: [GC (Allocation Failure)  30420K->24284K(31744K), 0.0013946 secs]
280.609: [GC (Allocation Failure)  30428K->24236K(31744K), 0.0015192 secs]
280.615: [GC (GCLocker Initiated GC)  30380K->24364K(31744K), 0.0013330 secs]
280.620: [GC (Allocation Failure)  30513K->24483K(31744K), 0.0016572 secs]
280.625: [GC (Allocation Failure)  30627K->24451K(31744K), 0.0015668 secs]
280.631: [GC (Allocation Failure)  30595K->24580K(31744K), 0.0020680 secs]
280.636: [GC (GCLocker Initiated GC)  30724K->24645K(31744K), 0.0014061 secs]
280.641: [GC (Allocation Failure)  30793K->24553K(31744K), 0.0014039 secs]
280.646: [GC (Allocation Failure)  30697K->24650K(31744K), 0.0013876 secs]
280.651: [GC (Allocation Failure)  30794K->24722K(31744K), 0.0012427 secs]
280.655: [GC (Allocation Failure)  30866K->24722K(31744K), 0.0013130 secs]
280.660: [GC (Allocation Failure)  30866K->24698K(31744K), 0.0014522 secs]
280.664: [GC (Allocation Failure)  30842K->24666K(31744K), 0.0012936 secs]
280.668: [GC (Allocation Failure)  30810K->24666K(31744K), 0.0009694 secs]
280.672: [GC (Allocation Failure)  30810K->24666K(31744K), 0.0012410 secs]
280.676: [GC (Allocation Failure)  30810K->24698K(31744K), 0.0011879 secs]
280.680: [GC (Allocation Failure)  30842K->24698K(31744K), 0.0010859 secs]
280.684: [GC (Allocation Failure)  30842K->24666K(31744K), 0.0012630 secs]
280.688: [GC (Allocation Failure)  30810K->24666K(31744K), 0.0012239 secs]
280.693: [GC (Allocation Failure)  30810K->24674K(31744K), 0.0010660 secs]
280.697: [GC (Allocation Failure)  30818K->24674K(31744K), 0.0011042 secs]
280.701: [GC (Allocation Failure)  30818K->24674K(31744K), 0.0011649 secs]
280.705: [GC (Allocation Failure)  30818K->24738K(31744K), 0.0011139 secs]
280.710: [GC (Allocation Failure)  30882K->24826K(31744K), 0.0016875 secs]
280.715: [GC (Allocation Failure)  30970K->24730K(31744K), 0.0012467 secs]
280.720: [GC (Allocation Failure)  30874K->24826K(31744K), 0.0012044 secs]
280.724: [GC (Allocation Failure)  30970K->24738K(31744K), 0.0012193 secs]
280.728: [GC (Allocation Failure)  30882K->24738K(31744K), 0.0012693 secs]
280.733: [GC (Allocation Failure)  30882K->24706K(31744K), 0.0011903 secs]
280.737: [GC (Allocation Failure)  30850K->24738K(31744K), 0.0010710 secs]
280.741: [GC (Allocation Failure)  30882K->24770K(31744K), 0.0011240 secs]
280.745: [GC (Allocation Failure)  30914K->24786K(31744K), 0.0011781 secs]
280.749: [GC (Allocation Failure)  30930K->24690K(31744K), 0.0011964 secs]
280.753: [GC (Allocation Failure)  30834K->24754K(31744K), 0.0011533 secs]
280.757: [GC (Allocation Failure)  30898K->24722K(31744K), 0.0010531 secs]
280.761: [GC (Allocation Failure)  30866K->24786K(31744K), 0.0011466 secs]
280.765: [GC (Allocation Failure)  30930K->24818K(31744K), 0.0010616 secs]
280.769: [GC (Allocation Failure)  30962K->24754K(31744K), 0.0010887 secs]
280.773: [GC (Allocation Failure)  30898K->24754K(31744K), 0.0011423 secs]
280.777: [GC (Allocation Failure)  30898K->24754K(31744K), 0.0014567 secs]
280.781: [GC (Allocation Failure)  30898K->24754K(31744K), 0.0012831 secs]
280.785: [GC (Allocation Failure)  30898K->24786K(31744K), 0.0012611 secs]
280.790: [GC (Allocation Failure)  30930K->24754K(31744K), 0.0012236 secs]
280.794: [GC (Allocation Failure)  30898K->24770K(31744K), 0.0011883 secs]
280.798: [GC (Allocation Failure)  30914K->24802K(31744K), 0.0012072 secs]
280.802: [GC (Allocation Failure)  30946K->24770K(31744K), 0.0011084 secs]
280.807: [GC (Allocation Failure)  30914K->24866K(31744K), 0.0012703 secs]
280.812: [GC (Allocation Failure)  31010K->24898K(31744K), 0.0013339 secs]
280.817: [GC (Allocation Failure)  31042K->24834K(31744K), 0.0013517 secs]
280.821: [GC (Allocation Failure)  30978K->24898K(31744K), 0.0012093 secs]
280.825: [GC (Allocation Failure)  31042K->24874K(31744K), 0.0012069 secs]
280.830: [GC (Allocation Failure)  31018K->24906K(31744K), 0.0013047 secs]
280.834: [GC (Allocation Failure)  31050K->24842K(31744K), 0.0014263 secs]
280.838: [GC (Allocation Failure)  30986K->24874K(31744K), 0.0011523 secs]
280.842: [GC (Allocation Failure)  31018K->24874K(31744K), 0.0012342 secs]
280.847: [GC (Allocation Failure)  31018K->24890K(31744K), 0.0011793 secs]
280.851: [GC (Allocation Failure)  31034K->24890K(31744K), 0.0011332 secs]
280.855: [GC (Allocation Failure)  31034K->24858K(31744K), 0.0012323 secs]
280.859: [GC (Allocation Failure)  31002K->24890K(31744K), 0.0012601 secs]
280.863: [GC (Allocation Failure)  31034K->24858K(31744K), 0.0011128 secs]
280.867: [GC (Allocation Failure)  31002K->24858K(31744K), 0.0010744 secs]
280.871: [GC (Allocation Failure)  31002K->24890K(31744K), 0.0012432 secs]
280.876: [GC (Allocation Failure)  31034K->24858K(31744K), 0.0012720 secs]
280.880: [GC (Allocation Failure)  31002K->24890K(31744K), 0.0011887 secs]
280.884: [GC (Allocation Failure)  31034K->24890K(31744K), 0.0012172 secs]
280.888: [GC (Allocation Failure)  31034K->24858K(31744K), 0.0011390 secs]
280.892: [GC (Allocation Failure)  31002K->24890K(31744K), 0.0015603 secs]
280.897: [GC (Allocation Failure)  31034K->24834K(31744K), 0.0013207 secs]
280.901: [GC (Allocation Failure)  30978K->24866K(31744K), 0.0012651 secs]
280.906: [GC (Allocation Failure)  31010K->24930K(31744K), 0.0013363 secs]
280.911: [GC (Allocation Failure)  31074K->24922K(31744K), 0.0014395 secs]
280.917: [GC (Allocation Failure)  31066K->24914K(31744K), 0.0013471 secs]
280.921: [GC (Allocation Failure)  31058K->24978K(31744K), 0.0013127 secs]
280.926: [GC (Allocation Failure)  31122K->24954K(31744K), 0.0017654 secs]
280.931: [GC (Allocation Failure)  31098K->24922K(31744K), 0.0013927 secs]
280.935: [GC (Allocation Failure)  31066K->24922K(31744K), 0.0012026 secs]
280.939: [GC (Allocation Failure)  31066K->24954K(31744K), 0.0011375 secs]
280.943: [GC (Allocation Failure)  31098K->24922K(31744K), 0.0012467 secs]
280.947: [GC (Allocation Failure)  31066K->24938K(31744K), 0.0012918 secs]
280.951: [GC (Allocation Failure)  31082K->24938K(31744K), 0.0011344 secs]
280.955: [GC (Allocation Failure)  31082K->24938K(31744K), 0.0011664 secs]
280.959: [GC (Allocation Failure)  31082K->24938K(31744K), 0.0008818 secs]
280.963: [GC (Allocation Failure)  31082K->24938K(31744K), 0.0011527 secs]
280.967: [GC (Allocation Failure)  31082K->24970K(31744K), 0.0012459 secs]
280.971: [GC (Allocation Failure)  31114K->24938K(31744K), 0.0010644 secs]
280.975: [GC (Allocation Failure)  31082K->24938K(31744K), 0.0011516 secs]
280.979: [GC (Allocation Failure)  31082K->24970K(31744K), 0.0011786 secs]
280.983: [GC (Allocation Failure)  31114K->24938K(31744K), 0.0011814 secs]
280.987: [GC (Allocation Failure)  31082K->24938K(31744K), 0.0011435 secs]
280.991: [GC (Allocation Failure)  31082K->25002K(31744K), 0.0010964 secs]
280.995: [GC (Allocation Failure)  31146K->24938K(31744K), 0.0011399 secs]
280.999: [GC (Allocation Failure)  31082K->24954K(31744K), 0.0011976 secs]
281.004: [GC (Allocation Failure)  31098K->24986K(31744K), 0.0012492 secs]
281.009: [GC (Allocation Failure)  31130K->25018K(31744K), 0.0018739 secs]
281.014: [GC (Allocation Failure)  31162K->24970K(31744K), 0.0026374 secs]
281.020: [GC (Allocation Failure)  31114K->25034K(31744K), 0.0012973 secs]
281.025: [GC (Allocation Failure)  31178K->25042K(31744K), 0.0013044 secs]
281.029: [GC (Allocation Failure)  31186K->25042K(31744K), 0.0014402 secs]
281.034: [GC (Allocation Failure)  31186K->25010K(31744K), 0.0013186 secs]
281.039: [GC (Allocation Failure)  31154K->25010K(31744K), 0.0014417 secs]
281.043: [GC (Allocation Failure)  31154K->25042K(31744K), 0.0015293 secs]
281.048: [GC (Allocation Failure)  31186K->25114K(31744K), 0.0013935 secs]
281.053: [GC (Allocation Failure)  31258K->25082K(31744K), 0.0012019 secs]
281.057: [GC (Allocation Failure)  31226K->25058K(31744K), 0.0014959 secs]
281.061: [GC (Allocation Failure)  31202K->25026K(31744K), 0.0013177 secs]
281.066: [GC (Allocation Failure)  31170K->25058K(31744K), 0.0013204 secs]
281.070: [GC (Allocation Failure)  31202K->25090K(31744K), 0.0011522 secs]
281.074: [GC (Allocation Failure)  31234K->25090K(31744K), 0.0012875 secs]
281.078: [GC (Allocation Failure)  31234K->25058K(31744K), 0.0011705 secs]
281.082: [GC (Allocation Failure)  31202K->25058K(31744K), 0.0011438 secs]
281.087: [GC (Allocation Failure)  31202K->25058K(31744K), 0.0012980 secs]
281.091: [GC (Allocation Failure)  31202K->25026K(31744K), 0.0013551 secs]
281.095: [GC (Allocation Failure)  31170K->25090K(31744K), 0.0012368 secs]
281.099: [GC (Allocation Failure)  31234K->25170K(31744K), 0.0011521 secs]
281.104: [GC (Allocation Failure)  31314K->25106K(31744K), 0.0010401 secs]
281.108: [GC (Allocation Failure)  31250K->25138K(31744K), 0.0013128 secs]
281.113: [GC (Allocation Failure)  31282K->25194K(31744K), 0.0013691 secs]
281.117: [GC (Allocation Failure)  31338K->25218K(31744K), 0.0012525 secs]
281.119: [Full GC (Ergonomics)  25218K->21363K(32256K), 0.0763429 secs]
281.198: [GC (Allocation Failure)  27507K->21555K(32256K), 0.0016803 secs]
281.203: [GC (Allocation Failure)  27699K->21579K(32256K), 0.0012300 secs]
281.208: [GC (Allocation Failure)  27723K->21579K(32256K), 0.0017491 secs]
281.213: [GC (Allocation Failure)  27723K->21675K(32256K), 0.0015195 secs]
281.218: [GC (Allocation Failure)  27819K->21603K(32256K), 0.0014651 secs]
281.222: [GC (Allocation Failure)  27747K->21603K(32256K), 0.0013474 secs]
281.226: [GC (Allocation Failure)  27747K->21611K(32256K), 0.0014182 secs]
281.231: [GC (Allocation Failure)  27755K->21579K(32256K), 0.0013649 secs]
281.235: [GC (Allocation Failure)  27723K->21611K(32256K), 0.0012131 secs]
281.239: [GC (Allocation Failure)  27755K->21579K(32256K), 0.0015128 secs]
281.243: [GC (Allocation Failure)  27723K->21611K(32256K), 0.0010676 secs]
281.247: [GC (Allocation Failure)  27755K->21651K(32256K), 0.0010814 secs]
281.251: [GC (Allocation Failure)  27795K->21603K(32256K), 0.0011459 secs]
281.255: [GC (Allocation Failure)  27747K->21635K(32256K), 0.0010826 secs]
281.259: [GC (Allocation Failure)  27779K->21643K(32256K), 0.0013043 secs]
281.264: [GC (Allocation Failure)  27787K->21611K(32256K), 0.0012444 secs]
281.268: [GC (Allocation Failure)  27755K->21643K(32256K), 0.0011830 secs]
281.272: [GC (Allocation Failure)  27787K->21643K(32256K), 0.0011436 secs]
281.276: [GC (Allocation Failure)  27787K->21611K(32256K), 0.0011809 secs]
281.280: [GC (Allocation Failure)  27755K->21611K(32256K), 0.0012214 secs]
281.284: [GC (Allocation Failure)  27755K->21579K(32256K), 0.0011434 secs]
281.288: [GC (Allocation Failure)  27723K->21611K(32256K), 0.0011315 secs]
281.292: [GC (Allocation Failure)  27755K->21643K(32256K), 0.0011476 secs]
281.296: [GC (Allocation Failure)  27787K->21675K(32256K), 0.0011072 secs]
281.300: [GC (Allocation Failure)  27819K->21675K(32256K), 0.0011135 secs]
281.304: [GC (Allocation Failure)  27819K->21595K(32256K), 0.0011071 secs]
281.309: [GC (Allocation Failure)  27739K->21723K(32256K), 0.0013642 secs]
281.314: [GC (Allocation Failure)  27867K->21715K(32256K), 0.0014578 secs]
281.318: [GC (Allocation Failure)  27859K->21739K(32256K), 0.0012818 secs]
281.322: [GC (Allocation Failure)  27883K->21651K(32256K), 0.0011698 secs]
281.327: [GC (Allocation Failure)  27795K->21683K(32256K), 0.0013057 secs]
281.331: [GC (Allocation Failure)  27827K->21683K(32256K), 0.0012434 secs]
281.335: [GC (Allocation Failure)  27827K->21651K(32256K), 0.0012445 secs]
281.339: [GC (Allocation Failure)  27795K->21715K(32256K), 0.0012064 secs]
281.343: [GC (Allocation Failure)  27859K->21715K(32256K), 0.0008999 secs]
281.347: [GC (Allocation Failure)  27859K->21683K(32256K), 0.0010912 secs]
281.351: [GC (Allocation Failure)  27827K->21683K(32256K), 0.0011728 secs]
281.355: [GC (Allocation Failure)  27827K->21699K(32256K), 0.0013085 secs]
281.360: [GC (Allocation Failure)  27843K->21699K(32256K), 0.0012113 secs]
281.364: [GC (Allocation Failure)  27843K->21699K(32256K), 0.0011655 secs]
281.368: [GC (Allocation Failure)  27843K->21731K(32256K), 0.0012441 secs]
281.372: [GC (Allocation Failure)  27875K->21699K(32256K), 0.0011396 secs]
281.376: [GC (Allocation Failure)  27843K->21731K(32256K), 0.0011143 secs]
281.380: [GC (Allocation Failure)  27875K->21731K(32256K), 0.0010571 secs]
281.384: [GC (Allocation Failure)  27875K->21763K(32256K), 0.0011758 secs]
281.388: [GC (Allocation Failure)  27907K->21731K(32256K), 0.0010162 secs]
281.391: [GC (Allocation Failure)  27875K->21699K(32256K), 0.0010974 secs]
281.396: [GC (Allocation Failure)  27843K->21731K(32256K), 0.0010666 secs]
281.400: [GC (Allocation Failure)  27875K->21699K(32256K), 0.0012607 secs]
281.404: [GC (Allocation Failure)  27843K->21699K(32256K), 0.0011967 secs]
281.408: [GC (Allocation Failure)  27843K->21811K(32256K), 0.0010573 secs]
281.412: [GC (Allocation Failure)  27955K->21771K(32256K), 0.0013788 secs]
281.417: [GC (Allocation Failure)  27915K->21811K(32256K), 0.0014064 secs]
281.421: [GC (Allocation Failure)  27955K->21843K(32256K), 0.0013210 secs]
281.425: [GC (Allocation Failure)  27987K->21787K(32256K), 0.0012826 secs]
281.430: [GC (Allocation Failure)  27931K->21883K(32256K), 0.0012435 secs]
281.435: [GC (Allocation Failure)  28027K->21787K(32256K), 0.0012617 secs]
281.439: [GC (Allocation Failure)  27931K->21851K(32256K), 0.0011937 secs]
281.443: [GC (Allocation Failure)  27995K->21787K(32256K), 0.0011662 secs]
281.447: [GC (Allocation Failure)  27931K->21819K(32256K), 0.0010730 secs]
281.451: [GC (Allocation Failure)  27963K->21867K(32256K), 0.0011860 secs]
281.455: [GC (Allocation Failure)  28011K->21827K(32256K), 0.0011303 secs]
281.459: [GC (Allocation Failure)  27971K->21867K(32256K), 0.0012187 secs]
281.463: [GC (Allocation Failure)  28011K->21867K(32256K), 0.0008784 secs]
281.467: [GC (Allocation Failure)  28011K->21835K(32256K), 0.0011002 secs]
281.471: [GC (Allocation Failure)  27979K->21803K(32256K), 0.0010823 secs]
281.475: [GC (Allocation Failure)  27947K->21835K(32256K), 0.0011008 secs]
281.479: [GC (Allocation Failure)  27979K->21835K(32256K), 0.0012311 secs]
281.483: [GC (Allocation Failure)  27979K->21835K(32256K), 0.0013233 secs]
281.488: [GC (Allocation Failure)  27979K->21867K(32256K), 0.0010894 secs]
281.491: [GC (Allocation Failure)  28011K->21835K(32256K), 0.0010933 secs]
281.496: [GC (Allocation Failure)  27979K->21739K(32256K), 0.0011509 secs]
281.500: [GC (Allocation Failure)  27883K->21835K(32256K), 0.0011841 secs]
281.504: [GC (Allocation Failure)  27979K->21835K(32256K), 0.0011634 secs]
281.508: [GC (Allocation Failure)  27979K->21947K(32256K), 0.0011818 secs]
281.512: [GC (Allocation Failure)  28091K->21971K(32256K), 0.0013981 secs]
281.517: [GC (Allocation Failure)  28115K->21947K(32256K), 0.0013515 secs]
281.522: [GC (Allocation Failure)  28091K->21947K(32256K), 0.0011947 secs]
281.526: [GC (Allocation Failure)  28091K->22051K(32256K), 0.0013981 secs]
281.530: [GC (Allocation Failure)  28195K->21947K(32256K), 0.0012505 secs]
281.535: [GC (Allocation Failure)  28091K->21947K(32256K), 0.0011535 secs]
281.539: [GC (Allocation Failure)  28091K->21915K(32256K), 0.0011812 secs]
281.543: [GC (Allocation Failure)  28059K->21979K(32256K), 0.0011964 secs]
281.547: [GC (Allocation Failure)  28123K->22051K(32256K), 0.0012725 secs]
281.551: [GC (Allocation Failure)  28195K->21995K(32256K), 0.0012872 secs]
281.555: [GC (Allocation Failure)  28139K->22027K(32256K), 0.0012628 secs]
281.560: [GC (Allocation Failure)  28171K->22011K(32256K), 0.0012693 secs]
281.564: [GC (Allocation Failure)  28155K->21947K(32256K), 0.0009639 secs]
281.568: [GC (Allocation Failure)  28091K->22011K(32256K), 0.0010740 secs]
281.572: [GC (Allocation Failure)  28155K->22043K(32256K), 0.0011930 secs]
281.576: [GC (Allocation Failure)  28187K->21979K(32256K), 0.0011632 secs]
281.580: [GC (Allocation Failure)  28123K->22011K(32256K), 0.0010987 secs]
281.584: [GC (Allocation Failure)  28155K->22011K(32256K), 0.0011659 secs]
281.588: [GC (Allocation Failure)  28155K->22011K(32256K), 0.0011832 secs]
281.593: [GC (Allocation Failure)  28155K->22011K(32256K), 0.0011164 secs]
281.597: [GC (Allocation Failure)  28155K->22011K(32256K), 0.0012766 secs]
281.601: [GC (Allocation Failure)  28155K->22011K(32256K), 0.0009639 secs]
281.605: [GC (Allocation Failure)  28155K->22043K(32256K), 0.0011444 secs]
281.609: [GC (Allocation Failure)  28187K->22147K(32256K), 0.0011501 secs]
281.614: [GC (Allocation Failure)  28291K->22139K(32256K), 0.0012189 secs]
281.618: [GC (Allocation Failure)  28283K->22091K(32256K), 0.0013141 secs]
284.146: [GC (Allocation Failure)  28235K->22251K(32256K), 0.0017630 secs]
284.151: [GC (Allocation Failure)  28395K->22299K(32256K), 0.0012538 secs]
284.155: [GC (Allocation Failure)  28443K->22243K(32256K), 0.0011083 secs]
284.159: [GC (Allocation Failure)  28387K->22243K(32256K), 0.0014821 secs]
284.164: [GC (Allocation Failure)  28387K->22275K(32256K), 0.0011513 secs]
284.168: [GC (Allocation Failure)  28419K->22243K(32256K), 0.0009997 secs]
284.172: [GC (Allocation Failure)  28387K->22243K(32256K), 0.0008888 secs]
284.176: [GC (Allocation Failure)  28387K->22275K(32256K), 0.0010483 secs]
284.180: [GC (Allocation Failure)  28419K->22291K(32256K), 0.0009701 secs]
284.184: [GC (Allocation Failure)  28435K->22267K(32256K), 0.0008777 secs]
284.188: [GC (Allocation Failure)  28411K->22267K(32256K), 0.0008765 secs]
284.192: [GC (Allocation Failure)  28411K->22299K(32256K), 0.0012092 secs]
284.196: [GC (Allocation Failure)  28443K->22267K(32256K), 0.0008918 secs]
284.200: [GC (Allocation Failure)  28411K->22235K(32256K), 0.0008840 secs]
284.204: [GC (Allocation Failure)  28379K->22203K(32256K), 0.0008875 secs]
284.208: [GC (Allocation Failure)  28347K->22203K(32256K), 0.0008855 secs]
284.212: [GC (Allocation Failure)  28347K->22203K(32256K), 0.0010015 secs]
284.216: [GC (Allocation Failure)  28347K->22267K(32256K), 0.0009386 secs]
284.220: [GC (Allocation Failure)  28411K->22331K(32256K), 0.0010927 secs]
284.226: [GC (Allocation Failure)  28475K->22355K(32256K), 0.0017140 secs]
284.230: [GC (Allocation Failure)  28499K->22427K(32256K), 0.0011697 secs]
284.235: [GC (Allocation Failure)  28571K->22507K(32256K), 0.0015514 secs]
284.240: [GC (Allocation Failure)  28651K->22589K(32256K), 0.0011635 secs]
284.245: [GC (Allocation Failure)  28733K->22461K(32256K), 0.0013024 secs]
284.250: [GC (Allocation Failure)  28605K->22493K(32256K), 0.0010400 secs]
284.254: [GC (Allocation Failure)  28637K->22509K(32256K), 0.0013276 secs]
284.259: [GC (Allocation Failure)  28653K->22421K(32256K), 0.0009243 secs]
284.263: [GC (Allocation Failure)  28565K->22421K(32256K), 0.0010899 secs]
284.267: [GC (Allocation Failure)  28565K->22485K(32256K), 0.0009416 secs]
284.271: [GC (Allocation Failure)  28629K->22453K(32256K), 0.0015044 secs]
284.276: [GC (Allocation Failure)  28597K->22453K(32256K), 0.0010502 secs]
284.280: [GC (Allocation Failure)  28597K->22549K(32256K), 0.0009007 secs]
284.284: [GC (Allocation Failure)  28693K->22517K(32256K), 0.0008932 secs]
284.288: [GC (Allocation Failure)  28661K->22645K(32256K), 0.0009189 secs]
284.292: [GC (Allocation Failure)  28789K->22677K(32256K), 0.0014118 secs]
284.297: [GC (Allocation Failure)  28821K->22736K(32256K), 0.0010968 secs]
284.301: [GC (Allocation Failure)  28880K->22760K(32256K), 0.0014347 secs]
284.306: [GC (Allocation Failure)  28904K->22664K(32256K), 0.0012187 secs]
284.310: [GC (Allocation Failure)  28808K->22672K(32256K), 0.0012008 secs]
284.314: [GC (Allocation Failure)  28816K->22672K(32256K), 0.0010460 secs]
284.319: [GC (Allocation Failure)  28816K->22800K(32256K), 0.0009779 secs]
284.323: [GC (Allocation Failure)  28944K->22760K(32256K), 0.0011200 secs]
284.327: [GC (Allocation Failure)  28904K->22808K(32256K), 0.0018021 secs]
284.332: [GC (Allocation Failure)  28952K->22744K(32256K), 0.0011640 secs]
284.337: [GC (Allocation Failure)  28888K->22848K(32256K), 0.0010664 secs]
284.341: [GC (Allocation Failure)  28992K->22784K(32256K), 0.0010728 secs]
284.345: [GC (Allocation Failure)  28928K->22816K(32256K), 0.0012255 secs]
284.349: [GC (Allocation Failure)  28960K->22928K(32256K), 0.0012212 secs]
284.354: [GC (Allocation Failure)  29072K->23026K(32256K), 0.0015397 secs]
284.359: [GC (Allocation Failure)  29170K->23069K(32256K), 0.0011334 secs]
284.363: [GC (Allocation Failure)  29213K->22893K(32256K), 0.0011886 secs]
284.367: [GC (Allocation Failure)  29037K->22925K(32256K), 0.0011007 secs]
284.371: [GC (Allocation Failure)  29069K->22893K(32256K), 0.0008831 secs]
284.375: [GC (Allocation Failure)  29037K->22957K(32256K), 0.0010833 secs]
284.379: [GC (Allocation Failure)  29101K->22957K(32256K), 0.0009790 secs]
284.383: [GC (Allocation Failure)  29101K->22989K(32256K), 0.0008871 secs]
284.387: [GC (Allocation Failure)  29133K->22957K(32256K), 0.0008766 secs]
284.391: [GC (Allocation Failure)  29101K->22957K(32256K), 0.0008796 secs]
284.395: [GC (Allocation Failure)  29101K->22957K(32256K), 0.0008594 secs]
284.398: [GC (Allocation Failure)  29101K->22925K(32256K), 0.0009336 secs]
284.402: [GC (Allocation Failure)  29069K->23053K(32256K), 0.0007810 secs]
284.406: [GC (Allocation Failure)  29197K->23165K(32256K), 0.0011521 secs]
284.411: [GC (Allocation Failure)  29309K->23191K(32256K), 0.0013077 secs]
284.416: [GC (Allocation Failure)  29335K->23193K(32256K), 0.0012019 secs]
284.421: [GC (Allocation Failure)  29337K->23209K(32256K), 0.0012745 secs]
284.426: [GC (Allocation Failure)  29353K->23313K(32256K), 0.0015450 secs]
284.431: [GC (Allocation Failure)  29457K->23265K(32256K), 0.0015931 secs]
284.436: [GC (Allocation Failure)  29409K->23193K(32256K), 0.0010776 secs]
284.440: [GC (Allocation Failure)  29337K->23233K(32256K), 0.0008485 secs]
284.444: [GC (Allocation Failure)  29377K->23233K(32256K), 0.0011822 secs]
284.448: [GC (Allocation Failure)  29377K->23169K(32256K), 0.0009141 secs]
284.452: [GC (Allocation Failure)  29313K->23201K(32256K), 0.0010923 secs]
284.456: [GC (Allocation Failure)  29345K->23265K(32256K), 0.0009276 secs]
284.460: [GC (Allocation Failure)  29409K->23297K(32256K), 0.0011048 secs]
284.465: [GC (Allocation Failure)  29441K->23433K(32256K), 0.0013254 secs]
284.470: [GC (Allocation Failure)  29577K->23445K(32256K), 0.0014719 secs]
284.474: [GC (Allocation Failure)  29589K->23485K(32256K), 0.0011110 secs]
284.479: [GC (Allocation Failure)  29629K->23397K(32256K), 0.0010172 secs]
284.483: [GC (Allocation Failure)  29541K->23429K(32256K), 0.0011139 secs]
284.487: [GC (Allocation Failure)  29573K->23333K(32256K), 0.0009277 secs]
284.491: [GC (Allocation Failure)  29477K->23365K(32256K), 0.0009101 secs]
284.495: [GC (Allocation Failure)  29509K->23397K(32256K), 0.0010517 secs]
284.499: [GC (Allocation Failure)  29541K->23365K(32256K), 0.0008486 secs]
284.503: [GC (Allocation Failure)  29509K->23397K(32256K), 0.0009582 secs]
284.507: [GC (Allocation Failure)  29541K->23397K(32256K), 0.0009013 secs]
284.511: [GC (Allocation Failure)  29541K->23397K(32256K), 0.0010572 secs]
284.515: [GC (Allocation Failure)  29541K->23461K(32256K), 0.0008412 secs]
284.519: [GC (Allocation Failure)  29605K->23533K(32256K), 0.0011770 secs]
284.524: [GC (Allocation Failure)  29677K->23623K(32256K), 0.0014177 secs]
284.529: [GC (Allocation Failure)  29767K->23657K(32256K), 0.0014156 secs]
284.534: [GC (Allocation Failure)  29801K->23593K(32256K), 0.0012747 secs]
284.538: [GC (Allocation Failure)  29737K->23569K(32256K), 0.0009642 secs]
284.542: [GC (Allocation Failure)  29713K->23505K(32256K), 0.0012565 secs]
284.547: [GC (Allocation Failure)  29649K->23537K(32256K), 0.0010560 secs]
284.551: [GC (Allocation Failure)  29681K->23569K(32256K), 0.0010109 secs]
284.555: [GC (Allocation Failure)  29713K->23537K(32256K), 0.0011634 secs]
284.559: [GC (Allocation Failure)  29681K->23505K(32256K), 0.0008959 secs]
284.563: [GC (Allocation Failure)  29649K->23569K(32256K), 0.0009695 secs]
284.567: [GC (Allocation Failure)  29713K->23601K(32256K), 0.0008796 secs]
284.571: [GC (Allocation Failure)  29745K->23537K(32256K), 0.0009029 secs]
284.574: [GC (Allocation Failure)  29681K->23665K(32256K), 0.0009664 secs]
284.579: [GC (Allocation Failure)  29809K->23761K(32256K), 0.0013852 secs]
284.584: [GC (Allocation Failure)  29905K->23781K(32256K), 0.0013031 secs]
284.588: [GC (Allocation Failure)  29925K->23829K(32256K), 0.0012636 secs]
284.593: [GC (Allocation Failure)  29973K->23741K(32256K), 0.0014641 secs]
284.597: [GC (Allocation Failure)  29885K->23717K(32256K), 0.0011062 secs]
284.601: [GC (Allocation Failure)  29861K->23717K(32256K), 0.0010165 secs]
284.605: [GC (Allocation Failure)  29861K->23717K(32256K), 0.0009972 secs]
284.609: [GC (Allocation Failure)  29861K->23749K(32256K), 0.0010894 secs]
284.614: [GC (Allocation Failure)  29893K->23781K(32256K), 0.0010152 secs]
284.618: [GC (Allocation Failure)  29925K->23749K(32256K), 0.0010313 secs]
284.622: [GC (Allocation Failure)  29893K->23813K(32256K), 0.0012213 secs]
284.626: [GC (Allocation Failure)  29957K->23869K(32256K), 0.0013095 secs]
284.631: [GC (Allocation Failure)  30013K->23933K(32256K), 0.0010827 secs]
284.636: [GC (Allocation Failure)  30077K->23981K(32256K), 0.0014739 secs]
284.641: [GC (Allocation Failure)  30125K->24070K(32256K), 0.0015525 secs]
284.646: [GC (Allocation Failure)  30214K->24081K(32256K), 0.0012167 secs]
284.651: [GC (Allocation Failure)  30225K->24041K(32256K), 0.0010581 secs]
284.655: [GC (Allocation Failure)  30185K->23985K(32256K), 0.0009473 secs]
284.659: [GC (Allocation Failure)  30129K->24017K(32256K), 0.0009280 secs]
284.663: [GC (Allocation Failure)  30161K->24017K(32256K), 0.0009790 secs]
284.667: [GC (Allocation Failure)  30161K->24049K(32256K), 0.0010282 secs]
284.671: [GC (Allocation Failure)  30193K->24017K(32256K), 0.0010362 secs]
284.675: [GC (Allocation Failure)  30161K->24049K(32256K), 0.0009798 secs]
284.679: [GC (Allocation Failure)  30193K->24017K(32256K), 0.0009693 secs]
284.683: [GC (Allocation Failure)  30161K->23985K(32256K), 0.0008831 secs]
284.687: [GC (Allocation Failure)  30129K->23985K(32256K), 0.0009208 secs]
284.690: [GC (Allocation Failure)  30129K->24113K(32256K), 0.0009266 secs]
284.694: [GC (Allocation Failure)  30257K->24153K(32256K), 0.0011562 secs]
284.699: [GC (Allocation Failure)  30297K->24243K(32256K), 0.0013016 secs]
284.703: [GC (Allocation Failure)  30387K->24318K(32256K), 0.0012155 secs]
284.708: [GC (Allocation Failure)  30462K->24166K(32256K), 0.0009062 secs]
284.712: [GC (Allocation Failure)  30310K->24198K(32256K), 0.0011188 secs]
284.716: [GC (Allocation Failure)  30342K->24230K(32256K), 0.0009755 secs]
284.720: [GC (Allocation Failure)  30374K->24230K(32256K), 0.0008707 secs]
284.724: [GC (Allocation Failure)  30374K->24294K(32256K), 0.0013635 secs]
284.729: [GC (Allocation Failure)  30438K->24366K(32256K), 0.0014460 secs]
284.734: [GC (Allocation Failure)  30510K->24358K(32256K), 0.0013970 secs]
284.738: [GC (Allocation Failure)  30502K->24302K(32256K), 0.0010742 secs]
284.742: [GC (Allocation Failure)  30446K->24238K(32256K), 0.0021026 secs]
284.747: [GC (Allocation Failure)  30382K->24398K(32256K), 0.0010860 secs]
284.751: [GC (Allocation Failure)  30542K->24494K(32256K), 0.0016259 secs]
284.756: [GC (Allocation Failure)  30638K->24577K(32256K), 0.0015848 secs]
284.761: [GC (Allocation Failure)  30721K->24562K(32256K), 0.0015799 secs]
284.766: [GC (Allocation Failure)  30706K->24506K(32256K), 0.0011019 secs]
284.770: [GC (Allocation Failure)  30650K->24538K(32256K), 0.0007977 secs]
284.774: [GC (Allocation Failure)  30682K->24538K(32256K), 0.0010260 secs]
284.779: [GC (Allocation Failure)  30682K->24506K(32256K), 0.0009539 secs]
284.783: [GC (Allocation Failure)  30650K->24506K(32256K), 0.0009961 secs]
284.787: [GC (Allocation Failure)  30650K->24506K(32256K), 0.0010393 secs]
284.791: [GC (Allocation Failure)  30650K->24474K(32256K), 0.0008905 secs]
284.795: [GC (Allocation Failure)  30618K->24506K(32256K), 0.0009038 secs]
284.799: [GC (Allocation Failure)  30650K->24506K(32256K), 0.0008695 secs]
284.802: [GC (Allocation Failure)  30650K->24506K(32256K), 0.0009659 secs]
284.806: [GC (Allocation Failure)  30650K->24602K(32256K), 0.0009856 secs]
284.811: [GC (Allocation Failure)  30746K->24722K(32256K), 0.0011513 secs]
284.816: [GC (Allocation Failure)  30866K->24724K(32256K), 0.0013527 secs]
284.821: [GC (Allocation Failure)  30868K->24604K(32256K), 0.0011144 secs]
284.825: [GC (Allocation Failure)  30748K->24748K(32256K), 0.0011733 secs]
284.830: [GC (Allocation Failure)  30892K->24732K(32256K), 0.0016173 secs]
284.835: [GC (Allocation Failure)  30876K->24700K(32256K), 0.0012347 secs]
284.839: [GC (Allocation Failure)  30844K->24644K(32256K), 0.0009936 secs]
284.843: [GC (Allocation Failure)  30788K->24740K(32256K), 0.0013657 secs]
284.847: [GC (Allocation Failure)  30884K->24740K(32256K), 0.0009917 secs]
284.851: [GC (Allocation Failure)  30884K->24740K(32256K), 0.0008718 secs]
284.855: [GC (Allocation Failure)  30884K->24716K(32256K), 0.0008872 secs]
284.859: [GC (Allocation Failure)  30860K->24684K(32256K), 0.0009252 secs]
284.863: [GC (Allocation Failure)  30828K->24812K(32256K), 0.0009304 secs]
284.868: [GC (Allocation Failure)  30956K->24828K(32256K), 0.0016759 secs]
284.873: [GC (Allocation Failure)  30972K->24928K(32256K), 0.0016175 secs]
284.879: [GC (Allocation Failure)  31072K->25019K(32256K), 0.0014162 secs]
284.883: [GC (Allocation Failure)  31163K->24995K(32256K), 0.0014382 secs]
284.888: [GC (Allocation Failure)  31139K->25059K(32256K), 0.0013772 secs]
284.893: [GC (Allocation Failure)  31203K->25059K(32256K), 0.0019915 secs]
284.898: [GC (Allocation Failure)  31203K->25011K(32256K), 0.0016729 secs]
284.903: [GC (Allocation Failure)  31155K->25019K(32256K), 0.0010850 secs]
284.907: [GC (Allocation Failure)  31163K->25019K(32256K), 0.0011426 secs]
284.911: [GC (Allocation Failure)  31163K->24987K(32256K), 0.0013056 secs]
284.916: [GC (Allocation Failure)  31131K->24987K(32256K), 0.0011155 secs]
284.920: [GC (Allocation Failure)  31130K->25051K(32256K), 0.0009859 secs]
284.924: [GC (Allocation Failure)  31195K->25051K(32256K), 0.0013050 secs]
284.930: [GC (Allocation Failure)  31195K->25115K(32256K), 0.0013196 secs]
284.934: [GC (Allocation Failure)  31259K->25219K(32256K), 0.0016543 secs]
284.939: [GC (Allocation Failure)  31363K->25375K(32256K), 0.0017168 secs]
284.944: [GC (Allocation Failure)  31519K->25330K(32256K), 0.0017044 secs]
284.949: [GC (Allocation Failure)  31474K->25250K(32256K), 0.0010427 secs]
284.953: [GC (Allocation Failure)  31394K->25314K(32256K), 0.0008678 secs]
284.957: [GC (Allocation Failure)  31458K->25314K(32256K), 0.0010778 secs]
284.961: [GC (Allocation Failure)  31458K->25250K(32256K), 0.0010073 secs]
284.965: [GC (Allocation Failure)  31394K->25282K(32256K), 0.0010789 secs]
284.969: [GC (Allocation Failure)  31426K->25282K(32256K), 0.0009205 secs]
284.973: [GC (Allocation Failure)  31426K->25346K(32256K), 0.0009772 secs]
284.977: [GC (Allocation Failure)  31490K->25314K(32256K), 0.0009273 secs]
284.981: [GC (Allocation Failure)  31458K->25274K(32256K), 0.0008787 secs]
284.984: [GC (Allocation Failure)  31418K->25306K(32256K), 0.0009112 secs]
284.988: [GC (Allocation Failure)  31450K->25450K(32256K), 0.0008380 secs]
284.992: [GC (Allocation Failure)  31594K->25546K(32256K), 0.0014018 secs]
284.997: [GC (Allocation Failure)  31690K->25620K(32256K), 0.0014063 secs]
285.002: [GC (Allocation Failure)  31764K->25664K(32256K), 0.0016776 secs]
285.007: [GC (Allocation Failure)  31808K->25722K(32256K), 0.0010592 secs]
285.008: [Full GC (Ergonomics)  25722K->21406K(32256K), 0.0778526 secs]
285.090: [GC (Allocation Failure)  27550K->21630K(32256K), 0.0018792 secs]
285.096: [GC (Allocation Failure)  27774K->21694K(32256K), 0.0013118 secs]
285.100: [GC (Allocation Failure)  27838K->21678K(32256K), 0.0012309 secs]
285.104: [GC (Allocation Failure)  27822K->21726K(32256K), 0.0013874 secs]
285.109: [GC (Allocation Failure)  27870K->21758K(32256K), 0.0014171 secs]
285.114: [GC (Allocation Failure)  27902K->21782K(32256K), 0.0010060 secs]
285.118: [GC (Allocation Failure)  27926K->21654K(32256K), 0.0009374 secs]
285.122: [GC (Allocation Failure)  27798K->21654K(32256K), 0.0009527 secs]
285.126: [GC (Allocation Failure)  27798K->21654K(32256K), 0.0012628 secs]
285.130: [GC (Allocation Failure)  27798K->21782K(32256K), 0.0009951 secs]
285.134: [GC (Allocation Failure)  27926K->21790K(32256K), 0.0014751 secs]
285.139: [GC (Allocation Failure)  27934K->21702K(32256K), 0.0012190 secs]
285.145: [GC (Allocation Failure)  27846K->21758K(32256K), 0.0018054 secs]
285.149: [GC (Allocation Failure)  27902K->21790K(32256K), 0.0013153 secs]
285.154: [GC (Allocation Failure)  27934K->21734K(32256K), 0.0010155 secs]
285.158: [GC (Allocation Failure)  27878K->21798K(32256K), 0.0009086 secs]
285.162: [GC (Allocation Failure)  27942K->21702K(32256K), 0.0009661 secs]
285.166: [GC (Allocation Failure)  27846K->21766K(32256K), 0.0008565 secs]
285.170: [GC (Allocation Failure)  27910K->21766K(32256K), 0.0008782 secs]
285.173: [GC (Allocation Failure)  27910K->21734K(32256K), 0.0009003 secs]
285.177: [GC (Allocation Failure)  27878K->21734K(32256K), 0.0008199 secs]
285.180: [GC (Allocation Failure)  27878K->21766K(32256K), 0.0008776 secs]
285.184: [GC (Allocation Failure)  27910K->21734K(32256K), 0.0008373 secs]
285.189: [GC (Allocation Failure)  27878K->21862K(32256K), 0.0009371 secs]
285.193: [GC (Allocation Failure)  28006K->21854K(32256K), 0.0015069 secs]
285.198: [GC (Allocation Failure)  27998K->21830K(32256K), 0.0013649 secs]
285.202: [GC (Allocation Failure)  27974K->21830K(32256K), 0.0009682 secs]
285.206: [GC (Allocation Failure)  27974K->21838K(32256K), 0.0008219 secs]
285.209: [GC (Allocation Failure)  27982K->21838K(32256K), 0.0008633 secs]
285.213: [GC (Allocation Failure)  27982K->21838K(32256K), 0.0011365 secs]
285.217: [GC (Allocation Failure)  27982K->21886K(32256K), 0.0010168 secs]
285.221: [GC (Allocation Failure)  28030K->21862K(32256K), 0.0010913 secs]
285.225: [GC (Allocation Failure)  28006K->21862K(32256K), 0.0009074 secs]
285.229: [GC (Allocation Failure)  28006K->21862K(32256K), 0.0008554 secs]
285.233: [GC (Allocation Failure)  28006K->21862K(32256K), 0.0008362 secs]
285.237: [GC (Allocation Failure)  28006K->21830K(32256K), 0.0009732 secs]
285.241: [GC (Allocation Failure)  27974K->21878K(32256K), 0.0008822 secs]
285.245: [GC (Allocation Failure)  28022K->21910K(32256K), 0.0009460 secs]
285.249: [GC (Allocation Failure)  28054K->21878K(32256K), 0.0008860 secs]
285.253: [GC (Allocation Failure)  28022K->21910K(32256K), 0.0010557 secs]
285.257: [GC (Allocation Failure)  28054K->21854K(32256K), 0.0008707 secs]
285.260: [GC (Allocation Failure)  27998K->21822K(32256K), 0.0008133 secs]
285.264: [GC (Allocation Failure)  27966K->21886K(32256K), 0.0008221 secs]
285.268: [GC (Allocation Failure)  28030K->21918K(32256K), 0.0009074 secs]
285.272: [GC (Allocation Failure)  28062K->21950K(32256K), 0.0009269 secs]
285.276: [GC (Allocation Failure)  28094K->21838K(32256K), 0.0011471 secs]
285.280: [GC (Allocation Failure)  27982K->21870K(32256K), 0.0011134 secs]
285.284: [GC (Allocation Failure)  28014K->21902K(32256K), 0.0010435 secs]
285.289: [GC (Allocation Failure)  28046K->21934K(32256K), 0.0015503 secs]
285.294: [GC (Allocation Failure)  28078K->22070K(32256K), 0.0014321 secs]
285.298: [GC (Allocation Failure)  28214K->21990K(32256K), 0.0009634 secs]
285.302: [GC (Allocation Failure)  28134K->21966K(32256K), 0.0008976 secs]
285.306: [GC (Allocation Failure)  28110K->21902K(32256K), 0.0009639 secs]
285.311: [GC (Allocation Failure)  28046K->21902K(32256K), 0.0010971 secs]
285.315: [GC (Allocation Failure)  28046K->21934K(32256K), 0.0009832 secs]
285.319: [GC (Allocation Failure)  28078K->21902K(32256K), 0.0011180 secs]
285.323: [GC (Allocation Failure)  28046K->21934K(32256K), 0.0009662 secs]
285.327: [GC (Allocation Failure)  28078K->21902K(32256K), 0.0010074 secs]
285.331: [GC (Allocation Failure)  28046K->21966K(32256K), 0.0008362 secs]
285.335: [GC (Allocation Failure)  28110K->21998K(32256K), 0.0008931 secs]
285.339: [GC (Allocation Failure)  28142K->21998K(32256K), 0.0009945 secs]
285.343: [GC (Allocation Failure)  28142K->22038K(32256K), 0.0013830 secs]
285.347: [GC (Allocation Failure)  28182K->21974K(32256K), 0.0010363 secs]
285.351: [GC (Allocation Failure)  28118K->21942K(32256K), 0.0008680 secs]
285.354: [GC (Allocation Failure)  28086K->22006K(32256K), 0.0008715 secs]
285.358: [GC (Allocation Failure)  28150K->21974K(32256K), 0.0008958 secs]
285.362: [GC (Allocation Failure)  28118K->21942K(32256K), 0.0008693 secs]
285.366: [GC (Allocation Failure)  28086K->21974K(32256K), 0.0007854 secs]
285.370: [GC (Allocation Failure)  28118K->22014K(32256K), 0.0008930 secs]
285.373: [GC (Allocation Failure)  28158K->21982K(32256K), 0.0007591 secs]
285.377: [GC (Allocation Failure)  28126K->22022K(32256K), 0.0008245 secs]
285.381: [GC (Allocation Failure)  28166K->21990K(32256K), 0.0009047 secs]
285.385: [GC (Allocation Failure)  28134K->22054K(32256K), 0.0008821 secs]
285.389: [GC (Allocation Failure)  28198K->22142K(32256K), 0.0008197 secs]
285.393: [GC (Allocation Failure)  28286K->22150K(32256K), 0.0016835 secs]
285.398: [GC (Allocation Failure)  28294K->22094K(32256K), 0.0013189 secs]
285.402: [GC (Allocation Failure)  28238K->22094K(32256K), 0.0012477 secs]
285.407: [GC (Allocation Failure)  28238K->22070K(32256K), 0.0010523 secs]
285.410: [GC (Allocation Failure)  28214K->22110K(32256K), 0.0009356 secs]
285.414: [GC (Allocation Failure)  28254K->22110K(32256K), 0.0009707 secs]
285.418: [GC (Allocation Failure)  28254K->22174K(32256K), 0.0009807 secs]
285.422: [GC (Allocation Failure)  28318K->22118K(32256K), 0.0009509 secs]
285.426: [GC (Allocation Failure)  28262K->22126K(32256K), 0.0011950 secs]
285.430: [GC (Allocation Failure)  28270K->22158K(32256K), 0.0008703 secs]
285.433: [GC (Allocation Failure)  28302K->22134K(32256K), 0.0007765 secs]
285.437: [GC (Allocation Failure)  28278K->22134K(32256K), 0.0008358 secs]
285.441: [GC (Allocation Failure)  28278K->22166K(32256K), 0.0009000 secs]
285.445: [GC (Allocation Failure)  28310K->22150K(32256K), 0.0008662 secs]
285.449: [GC (Allocation Failure)  28294K->22150K(32256K), 0.0008287 secs]
285.453: [GC (Allocation Failure)  28294K->22182K(32256K), 0.0010930 secs]
285.457: [GC (Allocation Failure)  28326K->22158K(32256K), 0.0008768 secs]
285.460: [GC (Allocation Failure)  28302K->22158K(32256K), 0.0008811 secs]
285.464: [GC (Allocation Failure)  28302K->22158K(32256K), 0.0009396 secs]
285.468: [GC (Allocation Failure)  28302K->22126K(32256K), 0.0009088 secs]
285.472: [GC (Allocation Failure)  28270K->22126K(32256K), 0.0008274 secs]
285.476: [GC (Allocation Failure)  28270K->22126K(32256K), 0.0009685 secs]
285.480: [GC (Allocation Failure)  28270K->22190K(32256K), 0.0008723 secs]
285.484: [GC (Allocation Failure)  28334K->22094K(32256K), 0.0010163 secs]
285.488: [GC (Allocation Failure)  28238K->22286K(32256K), 0.0009906 secs]
285.492: [GC (Allocation Failure)  28430K->22318K(32256K), 0.0009889 secs]
285.496: [GC (Allocation Failure)  28462K->22310K(32256K), 0.0016202 secs]
285.501: [GC (Allocation Failure)  28454K->22198K(32256K), 0.0011317 secs]
285.505: [GC (Allocation Failure)  28342K->22174K(32256K), 0.0010684 secs]
285.509: [GC (Allocation Failure)  28318K->22238K(32256K), 0.0011916 secs]
285.513: [GC (Allocation Failure)  28382K->22270K(32256K), 0.0009618 secs]
285.517: [GC (Allocation Failure)  28414K->22238K(32256K), 0.0009019 secs]
285.521: [GC (Allocation Failure)  28382K->22286K(32256K), 0.0009932 secs]
285.525: [GC (Allocation Failure)  28430K->22270K(32256K), 0.0009895 secs]
285.529: [GC (Allocation Failure)  28414K->22302K(32256K), 0.0009330 secs]
285.533: [GC (Allocation Failure)  28446K->22270K(32256K), 0.0008292 secs]
285.537: [GC (Allocation Failure)  28414K->22222K(32256K), 0.0010371 secs]
285.541: [GC (Allocation Failure)  28366K->22358K(32256K), 0.0008917 secs]
285.544: [GC (Allocation Failure)  28502K->22254K(32256K), 0.0009335 secs]
285.548: [GC (Allocation Failure)  28398K->22286K(32256K), 0.0009400 secs]
285.552: [GC (Allocation Failure)  28430K->22286K(32256K), 0.0011652 secs]
285.557: [GC (Allocation Failure)  28430K->22350K(32256K), 0.0008628 secs]
285.561: [GC (Allocation Failure)  28494K->22318K(32256K), 0.0009416 secs]
285.564: [GC (Allocation Failure)  28462K->22294K(32256K), 0.0010087 secs]
285.568: [GC (Allocation Failure)  28438K->22294K(32256K), 0.0008845 secs]
285.572: [GC (Allocation Failure)  28438K->22294K(32256K), 0.0008689 secs]
285.576: [GC (Allocation Failure)  28438K->22326K(32256K), 0.0008703 secs]
285.580: [GC (Allocation Failure)  28470K->22294K(32256K), 0.0008765 secs]
285.584: [GC (Allocation Failure)  28438K->22262K(32256K), 0.0008543 secs]
285.588: [GC (Allocation Failure)  28406K->22294K(32256K), 0.0009603 secs]
285.592: [GC (Allocation Failure)  28438K->22454K(32256K), 0.0011602 secs]
285.597: [GC (Allocation Failure)  28598K->22494K(32256K), 0.0009874 secs]
285.601: [GC (Allocation Failure)  28638K->22526K(32256K), 0.0010341 secs]
285.605: [GC (Allocation Failure)  28670K->22438K(32256K), 0.0010173 secs]
285.609: [GC (Allocation Failure)  28582K->22406K(32256K), 0.0011823 secs]
285.614: [GC (Allocation Failure)  28550K->22406K(32256K), 0.0011869 secs]
285.618: [GC (Allocation Failure)  28550K->22406K(32256K), 0.0009954 secs]
285.622: [GC (Allocation Failure)  28550K->22374K(32256K), 0.0008938 secs]
285.626: [GC (Allocation Failure)  28518K->22438K(32256K), 0.0009533 secs]
285.630: [GC (Allocation Failure)  28582K->22406K(32256K), 0.0008750 secs]
285.635: [GC (Allocation Failure)  28550K->22438K(32256K), 0.0011821 secs]
285.639: [GC (Allocation Failure)  28582K->22462K(32256K), 0.0009886 secs]
285.643: [GC (Allocation Failure)  28606K->22470K(32256K), 0.0013501 secs]
285.647: [GC (Allocation Failure)  28614K->22454K(32256K), 0.0009128 secs]
285.651: [GC (Allocation Failure)  28598K->22486K(32256K), 0.0009258 secs]
285.655: [GC (Allocation Failure)  28630K->22390K(32256K), 0.0008264 secs]
285.659: [GC (Allocation Failure)  28534K->22422K(32256K), 0.0008883 secs]
285.663: [GC (Allocation Failure)  28566K->22486K(32256K), 0.0009677 secs]
285.667: [GC (Allocation Failure)  28630K->22454K(32256K), 0.0009051 secs]
285.670: [GC (Allocation Failure)  28598K->22422K(32256K), 0.0007833 secs]
285.674: [GC (Allocation Failure)  28566K->22470K(32256K), 0.0007805 secs]
285.678: [GC (Allocation Failure)  28614K->22470K(32256K), 0.0008855 secs]
285.681: [GC (Allocation Failure)  28614K->22438K(32256K), 0.0008970 secs]
285.685: [GC (Allocation Failure)  28582K->22406K(32256K), 0.0008379 secs]
285.689: [GC (Allocation Failure)  28550K->22566K(32256K), 0.0010320 secs]
285.694: [GC (Allocation Failure)  28710K->22598K(32256K), 0.0011335 secs]
285.698: [GC (Allocation Failure)  28742K->22614K(32256K), 0.0013773 secs]
285.702: [GC (Allocation Failure)  28758K->22550K(32256K), 0.0009953 secs]
285.706: [GC (Allocation Failure)  28694K->22558K(32256K), 0.0009511 secs]
285.710: [GC (Allocation Failure)  28702K->22526K(32256K), 0.0011080 secs]
285.714: [GC (Allocation Failure)  28670K->22526K(32256K), 0.0010255 secs]
285.718: [GC (Allocation Failure)  28670K->22566K(32256K), 0.0011848 secs]
285.722: [GC (Allocation Failure)  28710K->22566K(32256K), 0.0009905 secs]
285.726: [GC (Allocation Failure)  28710K->22566K(32256K), 0.0009989 secs]
285.730: [GC (Allocation Failure)  28710K->22598K(32256K), 0.0008833 secs]
285.733: [GC (Allocation Failure)  28742K->22574K(32256K), 0.0008221 secs]
285.737: [GC (Allocation Failure)  28718K->22606K(32256K), 0.0008586 secs]
285.741: [GC (Allocation Failure)  28750K->22574K(32256K), 0.0008817 secs]
285.744: [GC (Allocation Failure)  28718K->22646K(32256K), 0.0009472 secs]
285.748: [GC (Allocation Failure)  28790K->22622K(32256K), 0.0008223 secs]
285.752: [GC (Allocation Failure)  28766K->22558K(32256K), 0.0009157 secs]
285.756: [GC (Allocation Failure)  28702K->22622K(32256K), 0.0008862 secs]
285.759: [GC (Allocation Failure)  28766K->22558K(32256K), 0.0007705 secs]
285.763: [GC (Allocation Failure)  28702K->22590K(32256K), 0.0009032 secs]
285.767: [GC (Allocation Failure)  28734K->22622K(32256K), 0.0009026 secs]
285.770: [GC (Allocation Failure)  28766K->22590K(32256K), 0.0007495 secs]
285.774: [GC (Allocation Failure)  28734K->22654K(32256K), 0.0009346 secs]
285.778: [GC (Allocation Failure)  28798K->22630K(32256K), 0.0010008 secs]
285.782: [GC (Allocation Failure)  28774K->22598K(32256K), 0.0009394 secs]
285.786: [GC (Allocation Failure)  28742K->22606K(32256K), 0.0008866 secs]
285.790: [GC (Allocation Failure)  28750K->22734K(32256K), 0.0010017 secs]
285.794: [GC (Allocation Failure)  28878K->22734K(32256K), 0.0015035 secs]
285.799: [GC (Allocation Failure)  28878K->22662K(32256K), 0.0011955 secs]
285.803: [GC (Allocation Failure)  28806K->22630K(32256K), 0.0009758 secs]
285.807: [GC (Allocation Failure)  28774K->22606K(32256K), 0.0011184 secs]
285.812: [GC (Allocation Failure)  28750K->22638K(32256K), 0.0010769 secs]
285.816: [GC (Allocation Failure)  28782K->22638K(32256K), 0.0010884 secs]
285.820: [GC (Allocation Failure)  28782K->22670K(32256K), 0.0008749 secs]
285.823: [GC (Allocation Failure)  28814K->22702K(32256K), 0.0009494 secs]
285.827: [GC (Allocation Failure)  28846K->22702K(32256K), 0.0011126 secs]
285.831: [GC (Allocation Failure)  28846K->22702K(32256K), 0.0009146 secs]
285.835: [GC (Allocation Failure)  28846K->22670K(32256K), 0.0009756 secs]
285.839: [GC (Allocation Failure)  28814K->22638K(32256K), 0.0009695 secs]
285.842: [GC (Allocation Failure)  28782K->22670K(32256K), 0.0008973 secs]
285.846: [GC (Allocation Failure)  28814K->22638K(32256K), 0.0009612 secs]
285.850: [GC (Allocation Failure)  28782K->22686K(32256K), 0.0008383 secs]
285.853: [GC (Allocation Failure)  28830K->22686K(32256K), 0.0008616 secs]
285.857: [GC (Allocation Failure)  28830K->22702K(32256K), 0.0009690 secs]
285.861: [GC (Allocation Failure)  28846K->22638K(32256K), 0.0009170 secs]
285.865: [GC (Allocation Failure)  28782K->22702K(32256K), 0.0008712 secs]
285.868: [GC (Allocation Failure)  28846K->22702K(32256K), 0.0008871 secs]
285.872: [GC (Allocation Failure)  28846K->22702K(32256K), 0.0009812 secs]
285.876: [GC (Allocation Failure)  28846K->22646K(32256K), 0.0010099 secs]
285.880: [GC (Allocation Failure)  28790K->22782K(32256K), 0.0009204 secs]
285.884: [GC (Allocation Failure)  28926K->22750K(32256K), 0.0009746 secs]
285.888: [GC (Allocation Failure)  28894K->22718K(32256K), 0.0008825 secs]
285.891: [GC (Allocation Failure)  28862K->22750K(32256K), 0.0009359 secs]
285.896: [GC (Allocation Failure)  28894K->22894K(32256K), 0.0013454 secs]
285.901: [GC (Allocation Failure)  29038K->22822K(32256K), 0.0013366 secs]
285.906: [GC (Allocation Failure)  28966K->22830K(32256K), 0.0012607 secs]
285.910: [GC (Allocation Failure)  28974K->22814K(32256K), 0.0015161 secs]
285.914: [GC (Allocation Failure)  28958K->22750K(32256K), 0.0011480 secs]
285.918: [GC (Allocation Failure)  28894K->22750K(32256K), 0.0009905 secs]
285.922: [GC (Allocation Failure)  28894K->22854K(32256K), 0.0010865 secs]
285.926: [GC (Allocation Failure)  28998K->22830K(32256K), 0.0010023 secs]
285.930: [GC (Allocation Failure)  28974K->22894K(32256K), 0.0010117 secs]
285.934: [GC (Allocation Failure)  29038K->22870K(32256K), 0.0009566 secs]
285.938: [GC (Allocation Failure)  29014K->22806K(32256K), 0.0009797 secs]
285.942: [GC (Allocation Failure)  28950K->22806K(32256K), 0.0010152 secs]
285.946: [GC (Allocation Failure)  28950K->22838K(32256K), 0.0009305 secs]
285.950: [GC (Allocation Failure)  28982K->22886K(32256K), 0.0008866 secs]
285.953: [GC (Allocation Failure)  29030K->22798K(32256K), 0.0008976 secs]
285.957: [GC (Allocation Failure)  28942K->22862K(32256K), 0.0008852 secs]
285.961: [GC (Allocation Failure)  29006K->22830K(32256K), 0.0009284 secs]
285.965: [GC (Allocation Failure)  28974K->22830K(32256K), 0.0009176 secs]
285.968: [GC (Allocation Failure)  28974K->22862K(32256K), 0.0008296 secs]
285.972: [GC (Allocation Failure)  29006K->22862K(32256K), 0.0008850 secs]
285.976: [GC (Allocation Failure)  29006K->22798K(32256K), 0.0008179 secs]
285.979: [GC (Allocation Failure)  28942K->22830K(32256K), 0.0008131 secs]
285.983: [GC (Allocation Failure)  28974K->22862K(32256K), 0.0007890 secs]
285.987: [GC (Allocation Failure)  29006K->22894K(32256K), 0.0008549 secs]
285.991: [GC (Allocation Failure)  29038K->22966K(32256K), 0.0009965 secs]
285.995: [GC (Allocation Failure)  29110K->23014K(32256K), 0.0010574 secs]
286.000: [GC (Allocation Failure)  29158K->22894K(32256K), 0.0014738 secs]
286.004: [GC (Allocation Failure)  29038K->22990K(32256K), 0.0010483 secs]
286.008: [GC (Allocation Failure)  29134K->22998K(32256K), 0.0008957 secs]
286.012: [GC (Allocation Failure)  29142K->22974K(32256K), 0.0012543 secs]
286.016: [GC (Allocation Failure)  29118K->22942K(32256K), 0.0009704 secs]
286.020: [GC (Allocation Failure)  29086K->22974K(32256K), 0.0009443 secs]
286.024: [GC (Allocation Failure)  29118K->22974K(32256K), 0.0008836 secs]
286.028: [GC (Allocation Failure)  29118K->22942K(32256K), 0.0009683 secs]
286.032: [GC (Allocation Failure)  29086K->22974K(32256K), 0.0009321 secs]
286.036: [GC (Allocation Failure)  29118K->23014K(32256K), 0.0010391 secs]
286.040: [GC (Allocation Failure)  29158K->22982K(32256K), 0.0012554 secs]
286.044: [GC (Allocation Failure)  29126K->22982K(32256K), 0.0013141 secs]
286.048: [GC (Allocation Failure)  29126K->22998K(32256K), 0.0009486 secs]
286.052: [GC (Allocation Failure)  29142K->22974K(32256K), 0.0010727 secs]
286.056: [GC (Allocation Failure)  29118K->23006K(32256K), 0.0010498 secs]
286.060: [GC (Allocation Failure)  29150K->23070K(32256K), 0.0010115 secs]
286.065: [GC (Allocation Failure)  29214K->23038K(32256K), 0.0011749 secs]
286.069: [GC (Allocation Failure)  29182K->23038K(32256K), 0.0012328 secs]
286.073: [GC (Allocation Failure)  29182K->23006K(32256K), 0.0009496 secs]
286.077: [GC (Allocation Failure)  29150K->22942K(32256K), 0.0009019 secs]
286.080: [GC (Allocation Failure)  29086K->22974K(32256K), 0.0008122 secs]
286.084: [GC (Allocation Failure)  29118K->23006K(32256K), 0.0009207 secs]
286.088: [GC (Allocation Failure)  29150K->23038K(32256K), 0.0008362 secs]
286.092: [GC (Allocation Failure)  29182K->23110K(32256K), 0.0012117 secs]
286.096: [GC (Allocation Failure)  29254K->23134K(32256K), 0.0011002 secs]
286.100: [GC (Allocation Failure)  29278K->23150K(32256K), 0.0011799 secs]
286.105: [GC (Allocation Failure)  29294K->23070K(32256K), 0.0010137 secs]
286.108: [GC (Allocation Failure)  29214K->23102K(32256K), 0.0008935 secs]
286.113: [GC (Allocation Failure)  29246K->23102K(32256K), 0.0010469 secs]
286.117: [GC (Allocation Failure)  29246K->23070K(32256K), 0.0010053 secs]
286.121: [GC (Allocation Failure)  29214K->23070K(32256K), 0.0010357 secs]
286.125: [GC (Allocation Failure)  29214K->23102K(32256K), 0.0008765 secs]
286.129: [GC (Allocation Failure)  29246K->23174K(32256K), 0.0011518 secs]
286.133: [GC (Allocation Failure)  29318K->23190K(32256K), 0.0013164 secs]
286.138: [GC (Allocation Failure)  29334K->23190K(32256K), 0.0010436 secs]
286.142: [GC (Allocation Failure)  29334K->23262K(32256K), 0.0017194 secs]
286.147: [GC (Allocation Failure)  29406K->23206K(32256K), 0.0009590 secs]
286.151: [GC (Allocation Failure)  29350K->23190K(32256K), 0.0008982 secs]
286.155: [GC (Allocation Failure)  29334K->23158K(32256K), 0.0009838 secs]
286.159: [GC (Allocation Failure)  29302K->23190K(32256K), 0.0009441 secs]
286.163: [GC (Allocation Failure)  29334K->23158K(32256K), 0.0009411 secs]
289.083: [GC (Allocation Failure)  29302K->23446K(32256K), 0.0016467 secs]
289.088: [GC (Allocation Failure)  29590K->23398K(32256K), 0.0012360 secs]
289.092: [GC (Allocation Failure)  29542K->23382K(32256K), 0.0015103 secs]
289.097: [GC (Allocation Failure)  29526K->23430K(32256K), 0.0011646 secs]
289.101: [GC (Allocation Failure)  29574K->23454K(32256K), 0.0009629 secs]
289.106: [GC (Allocation Failure)  29598K->23478K(32256K), 0.0014132 secs]
289.111: [GC (Allocation Failure)  29622K->23518K(32256K), 0.0015890 secs]
289.116: [GC (Allocation Failure)  29662K->23542K(32256K), 0.0011844 secs]
289.120: [GC (Allocation Failure)  29686K->23662K(32256K), 0.0014310 secs]
289.125: [GC (Allocation Failure)  29806K->23695K(32256K), 0.0020018 secs]
289.131: [GC (Allocation Failure)  29839K->23815K(32256K), 0.0015074 secs]
289.136: [GC (Allocation Failure)  29959K->23799K(32256K), 0.0017725 secs]
289.142: [GC (Allocation Failure)  29943K->23833K(32256K), 0.0020091 secs]
289.148: [GC (Allocation Failure)  29977K->23986K(32256K), 0.0015240 secs]
290.091: [GC (Allocation Failure)  30130K->24010K(32256K), 0.0016934 secs]
290.096: [GC (Allocation Failure)  30154K->23962K(32256K), 0.0013049 secs]
290.100: [GC (Allocation Failure)  30106K->23938K(32256K), 0.0010022 secs]
290.104: [GC (Allocation Failure)  30082K->23906K(32256K), 0.0009609 secs]
290.108: [GC (Allocation Failure)  30050K->24010K(32256K), 0.0010162 secs]
290.113: [GC (Allocation Failure)  30154K->24066K(32256K), 0.0012487 secs]
290.118: [GC (Allocation Failure)  30210K->23954K(32256K), 0.0013237 secs]
290.122: [GC (Allocation Failure)  30098K->23962K(32256K), 0.0010016 secs]
290.126: [GC (Allocation Failure)  30106K->23994K(32256K), 0.0013369 secs]
290.131: [GC (Allocation Failure)  30138K->24002K(32256K), 0.0010290 secs]
290.135: [GC (Allocation Failure)  30146K->24066K(32256K), 0.0010168 secs]
290.138: [GC (Allocation Failure)  30210K->24034K(32256K), 0.0008638 secs]
290.142: [GC (Allocation Failure)  30178K->23970K(32256K), 0.0009327 secs]
290.146: [GC (Allocation Failure)  30114K->23970K(32256K), 0.0009491 secs]
290.150: [GC (Allocation Failure)  30114K->24002K(32256K), 0.0009553 secs]
290.154: [GC (Allocation Failure)  30146K->24002K(32256K), 0.0008986 secs]
290.158: [GC (Allocation Failure)  30146K->24210K(32256K), 0.0008399 secs]
290.162: [GC (Allocation Failure)  30354K->24213K(32256K), 0.0018049 secs]
290.167: [GC (Allocation Failure)  30357K->24245K(32256K), 0.0011975 secs]
290.172: [GC (Allocation Failure)  30389K->24285K(32256K), 0.0013394 secs]
292.420: [GC (Allocation Failure)  30429K->24429K(32256K), 0.0017847 secs]
292.425: [GC (Allocation Failure)  30573K->24477K(32256K), 0.0014316 secs]
292.430: [GC (Allocation Failure)  30621K->24341K(32256K), 0.0011548 secs]
292.434: [GC (Allocation Failure)  30485K->24437K(32256K), 0.0010791 secs]
292.438: [GC (Allocation Failure)  30581K->24405K(32256K), 0.0008386 secs]
292.442: [GC (Allocation Failure)  30549K->24373K(32256K), 0.0012980 secs]
292.446: [GC (Allocation Failure)  30517K->24341K(32256K), 0.0008754 secs]
292.450: [GC (Allocation Failure)  30485K->24373K(32256K), 0.0009301 secs]
292.454: [GC (Allocation Failure)  30517K->24405K(32256K), 0.0009047 secs]
292.458: [GC (Allocation Failure)  30549K->24373K(32256K), 0.0009022 secs]
292.461: [GC (Allocation Failure)  30517K->24373K(32256K), 0.0009513 secs]
292.465: [GC (Allocation Failure)  30517K->24373K(32256K), 0.0009513 secs]
292.469: [GC (Allocation Failure)  30517K->24341K(32256K), 0.0008999 secs]
292.473: [GC (Allocation Failure)  30485K->24341K(32256K), 0.0008615 secs]
292.477: [GC (Allocation Failure)  30485K->24389K(32256K), 0.0008908 secs]
292.481: [GC (Allocation Failure)  30533K->24421K(32256K), 0.0008309 secs]
292.485: [GC (Allocation Failure)  30565K->24325K(32256K), 0.0008953 secs]
292.488: [GC (Allocation Failure)  30469K->24357K(32256K), 0.0008355 secs]
292.492: [GC (Allocation Failure)  30501K->24389K(32256K), 0.0011410 secs]
292.496: [GC (Allocation Failure)  30533K->24357K(32256K), 0.0008175 secs]
292.500: [GC (Allocation Failure)  30501K->24325K(32256K), 0.0008836 secs]
292.504: [GC (Allocation Failure)  30469K->24325K(32256K), 0.0010822 secs]
292.508: [GC (Allocation Failure)  30469K->24421K(32256K), 0.0009391 secs]
292.512: [GC (Allocation Failure)  30565K->24357K(32256K), 0.0007967 secs]
292.516: [GC (Allocation Failure)  30501K->24485K(32256K), 0.0012149 secs]
292.520: [GC (Allocation Failure)  30629K->24445K(32256K), 0.0015794 secs]
292.525: [GC (Allocation Failure)  30589K->24525K(32256K), 0.0011470 secs]
292.530: [GC (Allocation Failure)  30669K->24485K(32256K), 0.0011174 secs]
292.534: [GC (Allocation Failure)  30629K->24453K(32256K), 0.0010369 secs]
292.538: [GC (Allocation Failure)  30597K->24421K(32256K), 0.0010392 secs]
292.542: [GC (Allocation Failure)  30565K->24453K(32256K), 0.0011024 secs]
292.546: [GC (Allocation Failure)  30597K->24453K(32256K), 0.0008330 secs]
292.550: [GC (Allocation Failure)  30597K->24421K(32256K), 0.0009134 secs]
292.554: [GC (Allocation Failure)  30565K->24453K(32256K), 0.0008000 secs]
292.557: [GC (Allocation Failure)  30597K->24421K(32256K), 0.0008899 secs]
292.562: [GC (Allocation Failure)  30565K->24485K(32256K), 0.0008693 secs]
292.565: [GC (Allocation Failure)  30629K->24453K(32256K), 0.0008372 secs]
292.569: [GC (Allocation Failure)  30597K->24421K(32256K), 0.0008401 secs]
292.573: [GC (Allocation Failure)  30565K->24453K(32256K), 0.0008507 secs]
292.577: [GC (Allocation Failure)  30597K->24485K(32256K), 0.0008786 secs]
292.581: [GC (Allocation Failure)  30629K->24501K(32256K), 0.0008558 secs]
292.584: [GC (Allocation Failure)  30645K->24501K(32256K), 0.0008709 secs]
292.588: [GC (Allocation Failure)  30645K->24469K(32256K), 0.0008778 secs]
292.592: [GC (Allocation Failure)  30613K->24405K(32256K), 0.0008688 secs]
292.596: [GC (Allocation Failure)  30549K->24437K(32256K), 0.0008372 secs]
292.600: [GC (Allocation Failure)  30581K->24437K(32256K), 0.0009162 secs]
292.604: [GC (Allocation Failure)  30581K->24437K(32256K), 0.0008231 secs]
292.608: [GC (Allocation Failure)  30581K->24469K(32256K), 0.0009068 secs]
292.612: [GC (Allocation Failure)  30613K->24469K(32256K), 0.0009835 secs]
292.616: [GC (Allocation Failure)  30613K->24565K(32256K), 0.0008863 secs]
292.621: [GC (Allocation Failure)  30709K->24485K(32256K), 0.0013327 secs]
292.625: [GC (Allocation Failure)  30629K->24525K(32256K), 0.0013003 secs]
292.630: [GC (Allocation Failure)  30669K->24509K(32256K), 0.0011412 secs]
292.634: [GC (Allocation Failure)  30653K->24477K(32256K), 0.0009818 secs]
292.638: [GC (Allocation Failure)  30621K->24509K(32256K), 0.0010585 secs]
292.642: [GC (Allocation Failure)  30653K->24445K(32256K), 0.0010117 secs]
292.646: [GC (Allocation Failure)  30589K->24541K(32256K), 0.0007981 secs]
292.650: [GC (Allocation Failure)  30685K->24509K(32256K), 0.0009271 secs]
292.654: [GC (Allocation Failure)  30653K->24509K(32256K), 0.0009412 secs]
292.658: [GC (Allocation Failure)  30653K->24541K(32256K), 0.0009926 secs]
292.662: [GC (Allocation Failure)  30685K->24509K(32256K), 0.0008945 secs]
292.666: [GC (Allocation Failure)  30653K->24509K(32256K), 0.0009992 secs]
292.670: [GC (Allocation Failure)  30653K->24477K(32256K), 0.0009316 secs]
292.674: [GC (Allocation Failure)  30621K->24477K(32256K), 0.0008635 secs]
292.678: [GC (Allocation Failure)  30621K->24509K(32256K), 0.0009126 secs]
292.682: [GC (Allocation Failure)  30653K->24549K(32256K), 0.0008645 secs]
292.685: [GC (Allocation Failure)  30693K->24485K(32256K), 0.0008008 secs]
292.689: [GC (Allocation Failure)  30629K->24485K(32256K), 0.0009371 secs]
292.693: [GC (Allocation Failure)  30629K->24517K(32256K), 0.0008359 secs]
292.697: [GC (Allocation Failure)  30661K->24581K(32256K), 0.0008970 secs]
292.701: [GC (Allocation Failure)  30725K->24517K(32256K), 0.0008117 secs]
292.704: [GC (Allocation Failure)  30661K->24517K(32256K), 0.0009235 secs]
292.708: [GC (Allocation Failure)  30661K->24517K(32256K), 0.0008520 secs]
292.712: [GC (Allocation Failure)  30661K->24517K(32256K), 0.0009771 secs]
292.716: [GC (Allocation Failure)  30661K->24517K(32256K), 0.0009050 secs]
292.721: [GC (Allocation Failure)  30661K->24549K(32256K), 0.0008668 secs]
292.725: [GC (Allocation Failure)  30693K->24653K(32256K), 0.0014172 secs]
292.731: [GC (Allocation Failure)  30797K->24613K(32256K), 0.0010681 secs]
292.735: [GC (Allocation Failure)  30757K->24637K(32256K), 0.0008817 secs]
292.738: [GC (Allocation Failure)  30781K->24637K(32256K), 0.0009840 secs]
292.743: [GC (Allocation Failure)  30781K->24605K(32256K), 0.0014574 secs]
292.747: [GC (Allocation Failure)  30749K->24605K(32256K), 0.0010330 secs]
292.752: [GC (Allocation Failure)  30749K->24637K(32256K), 0.0012014 secs]
292.756: [GC (Allocation Failure)  30781K->24605K(32256K), 0.0011710 secs]
292.760: [GC (Allocation Failure)  30749K->24573K(32256K), 0.0011476 secs]
292.764: [GC (Allocation Failure)  30717K->24605K(32256K), 0.0010314 secs]
292.768: [GC (Allocation Failure)  30749K->24573K(32256K), 0.0009828 secs]
292.772: [GC (Allocation Failure)  30717K->24573K(32256K), 0.0011075 secs]
292.776: [GC (Allocation Failure)  30717K->24541K(32256K), 0.0012174 secs]
292.781: [GC (Allocation Failure)  30685K->24637K(32256K), 0.0012215 secs]
292.786: [GC (Allocation Failure)  30781K->24621K(32256K), 0.0011413 secs]
292.791: [GC (Allocation Failure)  30765K->24621K(32256K), 0.0010233 secs]
292.795: [GC (Allocation Failure)  30765K->24621K(32256K), 0.0012511 secs]
292.799: [GC (Allocation Failure)  30765K->24621K(32256K), 0.0010916 secs]
292.803: [GC (Allocation Failure)  30765K->24621K(32256K), 0.0010807 secs]
292.808: [GC (Allocation Failure)  30765K->24589K(32256K), 0.0011776 secs]
292.813: [GC (Allocation Failure)  30733K->24589K(32256K), 0.0011279 secs]
292.817: [GC (Allocation Failure)  30733K->24653K(32256K), 0.0009944 secs]
292.821: [GC (Allocation Failure)  30797K->24685K(32256K), 0.0013585 secs]
292.826: [GC (Allocation Failure)  30829K->24717K(32256K), 0.0022482 secs]
292.831: [GC (Allocation Failure)  30861K->24709K(32256K), 0.0013349 secs]
292.836: [GC (Allocation Failure)  30853K->24693K(32256K), 0.0014757 secs]
292.841: [GC (Allocation Failure)  30837K->24629K(32256K), 0.0010614 secs]
292.845: [GC (Allocation Failure)  30773K->24661K(32256K), 0.0014324 secs]
292.850: [GC (Allocation Failure)  30805K->24725K(32256K), 0.0010638 secs]
292.854: [GC (Allocation Failure)  30869K->24693K(32256K), 0.0012126 secs]
292.858: [GC (Allocation Failure)  30837K->24661K(32256K), 0.0009464 secs]
292.862: [GC (Allocation Failure)  30805K->24693K(32256K), 0.0011243 secs]
292.866: [GC (Allocation Failure)  30837K->24629K(32256K), 0.0009668 secs]
292.870: [GC (Allocation Failure)  30773K->24725K(32256K), 0.0010693 secs]
292.874: [GC (Allocation Failure)  30869K->24693K(32256K), 0.0010902 secs]
292.879: [GC (Allocation Failure)  30837K->24693K(32256K), 0.0011446 secs]
292.883: [GC (Allocation Failure)  30837K->24741K(32256K), 0.0010829 secs]
292.888: [GC (Allocation Failure)  30885K->24709K(32256K), 0.0014067 secs]
292.892: [GC (Allocation Failure)  30853K->24709K(32256K), 0.0012437 secs]
292.897: [GC (Allocation Failure)  30853K->24709K(32256K), 0.0014395 secs]
292.902: [GC (Allocation Failure)  30853K->24741K(32256K), 0.0013772 secs]
292.907: [GC (Allocation Failure)  30885K->24821K(32256K), 0.0017609 secs]
292.912: [GC (Allocation Failure)  30965K->24805K(32256K), 0.0013947 secs]
292.917: [GC (Allocation Failure)  30949K->24781K(32256K), 0.0011263 secs]
292.921: [GC (Allocation Failure)  30925K->24845K(32256K), 0.0017651 secs]
292.927: [GC (Allocation Failure)  30989K->24949K(32256K), 0.0021276 secs]
292.934: [GC (Allocation Failure)  31093K->24901K(32256K), 0.0015860 secs]
292.938: [GC (Allocation Failure)  31045K->24789K(32256K), 0.0013485 secs]
292.943: [GC (Allocation Failure)  30933K->24789K(32256K), 0.0019356 secs]
292.948: [GC (Allocation Failure)  30933K->24853K(32256K), 0.0012577 secs]
292.952: [GC (Allocation Failure)  30997K->24821K(32256K), 0.0011707 secs]
292.957: [GC (Allocation Failure)  30965K->24853K(32256K), 0.0010301 secs]
292.961: [GC (Allocation Failure)  30997K->24853K(32256K), 0.0014118 secs]
292.965: [GC (Allocation Failure)  30997K->24821K(32256K), 0.0010618 secs]
292.969: [GC (Allocation Failure)  30965K->24821K(32256K), 0.0009229 secs]
292.973: [GC (Allocation Failure)  30965K->24853K(32256K), 0.0009325 secs]
292.977: [GC (Allocation Failure)  30997K->24853K(32256K), 0.0011514 secs]
292.982: [GC (Allocation Failure)  30997K->24885K(32256K), 0.0009508 secs]
292.986: [GC (Allocation Failure)  31029K->24901K(32256K), 0.0009690 secs]
292.990: [GC (Allocation Failure)  31045K->24901K(32256K), 0.0009114 secs]
292.994: [GC (Allocation Failure)  31045K->24869K(32256K), 0.0010350 secs]
292.998: [GC (Allocation Failure)  31013K->24805K(32256K), 0.0009069 secs]
293.002: [GC (Allocation Failure)  30949K->24837K(32256K), 0.0010089 secs]
293.006: [GC (Allocation Failure)  30981K->24805K(32256K), 0.0010132 secs]
293.010: [GC (Allocation Failure)  30949K->24869K(32256K), 0.0013119 secs]
293.015: [GC (Allocation Failure)  31013K->24901K(32256K), 0.0009962 secs]
293.019: [GC (Allocation Failure)  31045K->24901K(32256K), 0.0009909 secs]
293.023: [GC (Allocation Failure)  31045K->24933K(32256K), 0.0014059 secs]
293.029: [GC (Allocation Failure)  31077K->25005K(32256K), 0.0016524 secs]
293.033: [GC (Allocation Failure)  31149K->24925K(32256K), 0.0013032 secs]
293.037: [GC (Allocation Failure)  31069K->24885K(32256K), 0.0013594 secs]
293.043: [GC (Allocation Failure)  31029K->24949K(32256K), 0.0021703 secs]
293.048: [GC (Allocation Failure)  31093K->24917K(32256K), 0.0015040 secs]
293.052: [GC (Allocation Failure)  31061K->24885K(32256K), 0.0012757 secs]
293.057: [GC (Allocation Failure)  31029K->24981K(32256K), 0.0012063 secs]
293.062: [GC (Allocation Failure)  31125K->24981K(32256K), 0.0014654 secs]
293.066: [GC (Allocation Failure)  31125K->24981K(32256K), 0.0010742 secs]
293.071: [GC (Allocation Failure)  31125K->25013K(32256K), 0.0013020 secs]
293.076: [GC (Allocation Failure)  31157K->24965K(32256K), 0.0014012 secs]
293.080: [GC (Allocation Failure)  31109K->24997K(32256K), 0.0011607 secs]
293.085: [GC (Allocation Failure)  31141K->24933K(32256K), 0.0009858 secs]
293.089: [GC (Allocation Failure)  31077K->24949K(32256K), 0.0011122 secs]
293.094: [GC (Allocation Failure)  31093K->24981K(32256K), 0.0012278 secs]
293.098: [GC (Allocation Failure)  31125K->24981K(32256K), 0.0009743 secs]
293.102: [GC (Allocation Failure)  31125K->24949K(32256K), 0.0007836 secs]
293.106: [GC (Allocation Failure)  31093K->25013K(32256K), 0.0010306 secs]
293.110: [GC (Allocation Failure)  31157K->24949K(32256K), 0.0012923 secs]
293.115: [GC (Allocation Failure)  31093K->24949K(32256K), 0.0010179 secs]
293.119: [GC (Allocation Failure)  31093K->24949K(32256K), 0.0009311 secs]
293.124: [GC (Allocation Failure)  31093K->25045K(32256K), 0.0013089 secs]
293.130: [GC (Allocation Failure)  31189K->25077K(32256K), 0.0013175 secs]
293.135: [GC (Allocation Failure)  31221K->25101K(32256K), 0.0010434 secs]
293.139: [GC (Allocation Failure)  31245K->25053K(32256K), 0.0012492 secs]
293.143: [GC (Allocation Failure)  31197K->25053K(32256K), 0.0015492 secs]
293.148: [GC (Allocation Failure)  31197K->25053K(32256K), 0.0011668 secs]
293.152: [GC (Allocation Failure)  31197K->25053K(32256K), 0.0010866 secs]
293.156: [GC (Allocation Failure)  31197K->25021K(32256K), 0.0010179 secs]
293.161: [GC (Allocation Failure)  31165K->25053K(32256K), 0.0010688 secs]
293.165: [GC (Allocation Failure)  31197K->25053K(32256K), 0.0010696 secs]
293.169: [GC (Allocation Failure)  31197K->24989K(32256K), 0.0009557 secs]
293.173: [GC (Allocation Failure)  31133K->25021K(32256K), 0.0009479 secs]
293.177: [GC (Allocation Failure)  31165K->25021K(32256K), 0.0009488 secs]
293.181: [GC (Allocation Failure)  31165K->25021K(32256K), 0.0008953 secs]
293.185: [GC (Allocation Failure)  31165K->25085K(32256K), 0.0008822 secs]
293.188: [GC (Allocation Failure)  31229K->25005K(32256K), 0.0007912 secs]
293.192: [GC (Allocation Failure)  31149K->25037K(32256K), 0.0013440 secs]
293.197: [GC (Allocation Failure)  31181K->25005K(32256K), 0.0013928 secs]
293.201: [GC (Allocation Failure)  31149K->25005K(32256K), 0.0013407 secs]
293.206: [GC (Allocation Failure)  31149K->25069K(32256K), 0.0011024 secs]
293.210: [GC (Allocation Failure)  31213K->25069K(32256K), 0.0013030 secs]
293.215: [GC (Allocation Failure)  31213K->25069K(32256K), 0.0012315 secs]
293.219: [GC (Allocation Failure)  31213K->25069K(32256K), 0.0009380 secs]
293.223: [GC (Allocation Failure)  31213K->25165K(32256K), 0.0014116 secs]
293.228: [GC (Allocation Failure)  31309K->25173K(32256K), 0.0018961 secs]
293.233: [GC (Allocation Failure)  31317K->25157K(32256K), 0.0011955 secs]
293.238: [GC (Allocation Failure)  31301K->25133K(32256K), 0.0010683 secs]
293.242: [GC (Allocation Failure)  31277K->25181K(32256K), 0.0012987 secs]
293.247: [GC (Allocation Failure)  31325K->25149K(32256K), 0.0009659 secs]
293.251: [GC (Allocation Failure)  31293K->25085K(32256K), 0.0008692 secs]
293.255: [GC (Allocation Failure)  31229K->25149K(32256K), 0.0011384 secs]
293.259: [GC (Allocation Failure)  31293K->25181K(32256K), 0.0010823 secs]
293.263: [GC (Allocation Failure)  31325K->25149K(32256K), 0.0010454 secs]
293.267: [GC (Allocation Failure)  31293K->25149K(32256K), 0.0009173 secs]
293.271: [GC (Allocation Failure)  31293K->25117K(32256K), 0.0008734 secs]
293.275: [GC (Allocation Failure)  31261K->25181K(32256K), 0.0009330 secs]
293.278: [GC (Allocation Failure)  31325K->25117K(32256K), 0.0008356 secs]
293.282: [GC (Allocation Failure)  31261K->25181K(32256K), 0.0010523 secs]
293.286: [GC (Allocation Failure)  31325K->25213K(32256K), 0.0008556 secs]
293.290: [GC (Allocation Failure)  31357K->25101K(32256K), 0.0008736 secs]
293.294: [GC (Allocation Failure)  31245K->25165K(32256K), 0.0010617 secs]
293.298: [GC (Allocation Failure)  31309K->25165K(32256K), 0.0008331 secs]
293.301: [GC (Allocation Failure)  31309K->25197K(32256K), 0.0008121 secs]
293.305: [GC (Allocation Failure)  31341K->25133K(32256K), 0.0008785 secs]
293.309: [GC (Allocation Failure)  31277K->25133K(32256K), 0.0008929 secs]
293.313: [GC (Allocation Failure)  31277K->25133K(32256K), 0.0009028 secs]
293.317: [GC (Allocation Failure)  31277K->25133K(32256K), 0.0008421 secs]
293.320: [GC (Allocation Failure)  31277K->25165K(32256K), 0.0007966 secs]
293.324: [GC (Allocation Failure)  31309K->25229K(32256K), 0.0011940 secs]
293.329: [GC (Allocation Failure)  31373K->25261K(32256K), 0.0009479 secs]
293.334: [GC (Allocation Failure)  31405K->25213K(32256K), 0.0014040 secs]
293.338: [GC (Allocation Failure)  31357K->25285K(32256K), 0.0010666 secs]
293.342: [GC (Allocation Failure)  31429K->25237K(32256K), 0.0012246 secs]
293.346: [GC (Allocation Failure)  31381K->25237K(32256K), 0.0010052 secs]
293.350: [GC (Allocation Failure)  31381K->25269K(32256K), 0.0008457 secs]
293.354: [GC (Allocation Failure)  31413K->25205K(32256K), 0.0009121 secs]
293.358: [GC (Allocation Failure)  31349K->25205K(32256K), 0.0010263 secs]
293.362: [GC (Allocation Failure)  31349K->25205K(32256K), 0.0010230 secs]
293.366: [GC (Allocation Failure)  31349K->25269K(32256K), 0.0009928 secs]
293.370: [GC (Allocation Failure)  31413K->25205K(32256K), 0.0010603 secs]
293.374: [GC (Allocation Failure)  31349K->25205K(32256K), 0.0009886 secs]
293.378: [GC (Allocation Failure)  31349K->25173K(32256K), 0.0009581 secs]
293.382: [GC (Allocation Failure)  31317K->25205K(32256K), 0.0008828 secs]
293.386: [GC (Allocation Failure)  31349K->25269K(32256K), 0.0008931 secs]
293.389: [GC (Allocation Failure)  31413K->25245K(32256K), 0.0008670 secs]
293.393: [GC (Allocation Failure)  31389K->25245K(32256K), 0.0010461 secs]
293.397: [GC (Allocation Failure)  31389K->25245K(32256K), 0.0008686 secs]
293.401: [GC (Allocation Failure)  31389K->25245K(32256K), 0.0009320 secs]
293.405: [GC (Allocation Failure)  31389K->25309K(32256K), 0.0010595 secs]
293.410: [GC (Allocation Failure)  31453K->25341K(32256K), 0.0010675 secs]
293.414: [GC (Allocation Failure)  31485K->25317K(32256K), 0.0008889 secs]
293.418: [GC (Allocation Failure)  31461K->25317K(32256K), 0.0008188 secs]
293.422: [GC (Allocation Failure)  31461K->25285K(32256K), 0.0010215 secs]
293.426: [GC (Allocation Failure)  31429K->25317K(32256K), 0.0009820 secs]
293.430: [GC (Allocation Failure)  31461K->25389K(32256K), 0.0014782 secs]
293.435: [GC (Allocation Failure)  31533K->25309K(32256K), 0.0010987 secs]
293.439: [GC (Allocation Failure)  31453K->25413K(32256K), 0.0009907 secs]
293.443: [GC (Allocation Failure)  31557K->25301K(32256K), 0.0015397 secs]
293.447: [GC (Allocation Failure)  31445K->25365K(32256K), 0.0010577 secs]
293.451: [GC (Allocation Failure)  31509K->25397K(32256K), 0.0008640 secs]
293.455: [GC (Allocation Failure)  31541K->25333K(32256K), 0.0009717 secs]
293.459: [GC (Allocation Failure)  31477K->25365K(32256K), 0.0009953 secs]
293.463: [GC (Allocation Failure)  31509K->25365K(32256K), 0.0009806 secs]
293.467: [GC (Allocation Failure)  31509K->25365K(32256K), 0.0009640 secs]
293.471: [GC (Allocation Failure)  31509K->25333K(32256K), 0.0008781 secs]
293.475: [GC (Allocation Failure)  31477K->25333K(32256K), 0.0008323 secs]
293.479: [GC (Allocation Failure)  31477K->25365K(32256K), 0.0009617 secs]
293.482: [GC (Allocation Failure)  31509K->25397K(32256K), 0.0009702 secs]
293.486: [GC (Allocation Failure)  31541K->25397K(32256K), 0.0009523 secs]
293.490: [GC (Allocation Failure)  31541K->25397K(32256K), 0.0008401 secs]
293.493: [GC (Allocation Failure)  31541K->25373K(32256K), 0.0008979 secs]
293.497: [GC (Allocation Failure)  31517K->25437K(32256K), 0.0009528 secs]
293.501: [GC (Allocation Failure)  31581K->25373K(32256K), 0.0008087 secs]
293.504: [GC (Allocation Failure)  31517K->25405K(32256K), 0.0009377 secs]
293.508: [GC (Allocation Failure)  31549K->25373K(32256K), 0.0009254 secs]
293.512: [GC (Allocation Failure)  31517K->25341K(32256K), 0.0009213 secs]
293.516: [GC (Allocation Failure)  31485K->25405K(32256K), 0.0009634 secs]
293.520: [GC (Allocation Failure)  31549K->25373K(32256K), 0.0009151 secs]
293.523: [GC (Allocation Failure)  31517K->25341K(32256K), 0.0010361 secs]
293.528: [GC (Allocation Failure)  31485K->25469K(32256K), 0.0012713 secs]
293.533: [GC (Allocation Failure)  31613K->25437K(32256K), 0.0013003 secs]
293.537: [GC (Allocation Failure)  31581K->25397K(32256K), 0.0010027 secs]
293.541: [GC (Allocation Failure)  31541K->25469K(32256K), 0.0008926 secs]
293.545: [GC (Allocation Failure)  31613K->25421K(32256K), 0.0012426 secs]
293.549: [GC (Allocation Failure)  31565K->25453K(32256K), 0.0010180 secs]
293.553: [GC (Allocation Failure)  31597K->25453K(32256K), 0.0011564 secs]
293.558: [GC (Allocation Failure)  31597K->25453K(32256K), 0.0009758 secs]
293.562: [GC (Allocation Failure)  31597K->25421K(32256K), 0.0009150 secs]
293.565: [GC (Allocation Failure)  31565K->25453K(32256K), 0.0008500 secs]
293.569: [GC (Allocation Failure)  31597K->25421K(32256K), 0.0010759 secs]
293.573: [GC (Allocation Failure)  31565K->25517K(32256K), 0.0009877 secs]
293.577: [GC (Allocation Failure)  31661K->25421K(32256K), 0.0008748 secs]
293.581: [GC (Allocation Failure)  31565K->25421K(32256K), 0.0008675 secs]
293.584: [GC (Allocation Failure)  31565K->25389K(32256K), 0.0009386 secs]
293.589: [GC (Allocation Failure)  31533K->25485K(32256K), 0.0008637 secs]
293.592: [GC (Allocation Failure)  31629K->25485K(32256K), 0.0008921 secs]
293.596: [GC (Allocation Failure)  31629K->25469K(32256K), 0.0009513 secs]
293.600: [GC (Allocation Failure)  31613K->25469K(32256K), 0.0008833 secs]
293.604: [GC (Allocation Failure)  31613K->25469K(32256K), 0.0009674 secs]
293.608: [GC (Allocation Failure)  31613K->25469K(32256K), 0.0009161 secs]
293.612: [GC (Allocation Failure)  31613K->25469K(32256K), 0.0008626 secs]
293.616: [GC (Allocation Failure)  31613K->25501K(32256K), 0.0011621 secs]
293.620: [GC (Allocation Failure)  31645K->25437K(32256K), 0.0010132 secs]
293.624: [GC (Allocation Failure)  31581K->25437K(32256K), 0.0008030 secs]
293.628: [GC (Allocation Failure)  31581K->25533K(32256K), 0.0010442 secs]
293.632: [GC (Allocation Failure)  31677K->25613K(32256K), 0.0011055 secs]
293.637: [GC (Allocation Failure)  31757K->25501K(32256K), 0.0011528 secs]
293.641: [GC (Allocation Failure)  31645K->25573K(32256K), 0.0010091 secs]
293.645: [GC (Allocation Failure)  31717K->25493K(32256K), 0.0009674 secs]
293.649: [GC (Allocation Failure)  31637K->25557K(32256K), 0.0009434 secs]
293.653: [GC (Allocation Failure)  31701K->25557K(32256K), 0.0009545 secs]
293.657: [GC (Allocation Failure)  31701K->25557K(32256K), 0.0007626 secs]
293.661: [GC (Allocation Failure)  31701K->25557K(32256K), 0.0009405 secs]
293.665: [GC (Allocation Failure)  31701K->25525K(32256K), 0.0009674 secs]
293.669: [GC (Allocation Failure)  31669K->25525K(32256K), 0.0008661 secs]
293.674: [GC (Allocation Failure)  31669K->25589K(32256K), 0.0010016 secs]
293.678: [GC (Allocation Failure)  31733K->25557K(32256K), 0.0009335 secs]
293.682: [GC (Allocation Failure)  31701K->25525K(32256K), 0.0008818 secs]
293.685: [GC (Allocation Failure)  31669K->25525K(32256K), 0.0008933 secs]
293.689: [GC (Allocation Failure)  31669K->25557K(32256K), 0.0009075 secs]
293.693: [GC (Allocation Failure)  31701K->25557K(32256K), 0.0009159 secs]
293.697: [GC (Allocation Failure)  31701K->25509K(32256K), 0.0009410 secs]
293.700: [GC (Allocation Failure)  31653K->25573K(32256K), 0.0009374 secs]
293.704: [GC (Allocation Failure)  31717K->25573K(32256K), 0.0009785 secs]
293.708: [GC (Allocation Failure)  31717K->25573K(32256K), 0.0009635 secs]
293.712: [GC (Allocation Failure)  31717K->25605K(32256K), 0.0012157 secs]
293.716: [GC (Allocation Failure)  31749K->25605K(32256K), 0.0010144 secs]
293.720: [GC (Allocation Failure)  31749K->25541K(32256K), 0.0009837 secs]
293.724: [GC (Allocation Failure)  31685K->25573K(32256K), 0.0009071 secs]
293.728: [GC (Allocation Failure)  31717K->25637K(32256K), 0.0011026 secs]
293.733: [GC (Allocation Failure)  31781K->25653K(32256K), 0.0013752 secs]
293.737: [GC (Allocation Failure)  31797K->25645K(32256K), 0.0011218 secs]
293.741: [GC (Allocation Failure)  31789K->25621K(32256K), 0.0009457 secs]
293.745: [GC (Allocation Failure)  31765K->25653K(32256K), 0.0009557 secs]
293.749: [GC (Allocation Failure)  31797K->25629K(32256K), 0.0009544 secs]
293.753: [GC (Allocation Failure)  31773K->25565K(32256K), 0.0008875 secs]
293.757: [GC (Allocation Failure)  31709K->25629K(32256K), 0.0008744 secs]
293.761: [GC (Allocation Failure)  31773K->25661K(32256K), 0.0008827 secs]
293.765: [GC (Allocation Failure)  31805K->25629K(32256K), 0.0008667 secs]
293.768: [GC (Allocation Failure)  31773K->25565K(32256K), 0.0007932 secs]
293.772: [GC (Allocation Failure)  31709K->25629K(32256K), 0.0009958 secs]
293.777: [GC (Allocation Failure)  31773K->25597K(32256K), 0.0011042 secs]
293.781: [GC (Allocation Failure)  31741K->25597K(32256K), 0.0009401 secs]
293.785: [GC (Allocation Failure)  31741K->25661K(32256K), 0.0009373 secs]
293.789: [GC (Allocation Failure)  31805K->25565K(32256K), 0.0009398 secs]
293.792: [GC (Allocation Failure)  31709K->25597K(32256K), 0.0009461 secs]
293.796: [GC (Allocation Failure)  31741K->25637K(32256K), 0.0008574 secs]
293.800: [GC (Allocation Failure)  31781K->25669K(32256K), 0.0008645 secs]
293.804: [GC (Allocation Failure)  31813K->25637K(32256K), 0.0010166 secs]
293.808: [GC (Allocation Failure)  31781K->25669K(32256K), 0.0008417 secs]
293.812: [GC (Allocation Failure)  31813K->25637K(32256K), 0.0009206 secs]
293.816: [GC (Allocation Failure)  31781K->25669K(32256K), 0.0008632 secs]
293.819: [GC (Allocation Failure)  31813K->25637K(32256K), 0.0009308 secs]
293.823: [GC (Allocation Failure)  31781K->25573K(32256K), 0.0010654 secs]
293.828: [GC (Allocation Failure)  31717K->25669K(32256K), 0.0009130 secs]
293.832: [GC (Allocation Failure)  31813K->25733K(32256K), 0.0013173 secs]
293.837: [GC (Allocation Failure)  31877K->25693K(32256K), 0.0009488 secs]
293.838: [Full GC (Ergonomics)  25693K->21241K(31744K), 0.0773945 secs]
293.919: [GC (Allocation Failure)  27385K->21401K(31744K), 0.0017392 secs]
293.925: [GC (Allocation Failure)  27545K->21449K(31744K), 0.0015676 secs]
293.931: [GC (Allocation Failure)  27593K->21409K(31744K), 0.0021187 secs]
293.937: [GC (Allocation Failure)  27553K->21489K(31744K), 0.0017156 secs]
293.943: [GC (Allocation Failure)  27633K->21473K(31744K), 0.0021070 secs]
293.948: [GC (Allocation Failure)  27617K->21417K(31744K), 0.0014664 secs]
293.952: [GC (Allocation Failure)  27561K->21417K(31744K), 0.0014305 secs]
293.956: [GC (Allocation Failure)  27561K->21449K(31744K), 0.0010579 secs]
293.961: [GC (Allocation Failure)  27593K->21417K(31744K), 0.0017808 secs]
293.967: [GC (Allocation Failure)  27561K->21513K(31744K), 0.0012075 secs]
293.971: [GC (Allocation Failure)  27657K->21545K(31744K), 0.0010118 secs]
293.975: [GC (Allocation Failure)  27689K->21505K(31744K), 0.0013933 secs]
293.980: [GC (Allocation Failure)  27649K->21577K(31744K), 0.0012880 secs]
293.984: [GC (Allocation Failure)  27721K->21625K(31744K), 0.0011615 secs]
293.988: [GC (Allocation Failure)  27769K->21609K(31744K), 0.0010836 secs]
293.993: [GC (Allocation Failure)  27753K->21545K(31744K), 0.0015811 secs]
293.997: [GC (Allocation Failure)  27689K->21657K(31744K), 0.0010239 secs]
294.001: [GC (Allocation Failure)  27801K->21625K(31744K), 0.0010213 secs]
294.005: [GC (Allocation Failure)  27769K->21657K(31744K), 0.0009217 secs]
294.009: [GC (Allocation Failure)  27801K->21657K(31744K), 0.0012433 secs]
294.013: [GC (Allocation Failure)  27801K->21657K(31744K), 0.0010885 secs]
294.017: [GC (Allocation Failure)  27801K->21657K(31744K), 0.0010110 secs]
294.021: [GC (Allocation Failure)  27801K->21689K(31744K), 0.0010963 secs]
294.026: [GC (Allocation Failure)  27833K->21697K(31744K), 0.0011963 secs]
294.030: [GC (Allocation Failure)  27841K->21649K(31744K), 0.0013279 secs]
294.035: [GC (Allocation Failure)  27793K->21657K(31744K), 0.0014660 secs]
294.041: [GC (Allocation Failure)  27801K->21689K(31744K), 0.0025496 secs]
294.048: [GC (Allocation Failure)  27833K->21777K(31744K), 0.0015590 secs]
294.053: [GC (Allocation Failure)  27921K->21841K(31744K), 0.0014051 secs]
294.057: [GC (Allocation Failure)  27985K->21769K(31744K), 0.0013226 secs]
294.062: [GC (Allocation Failure)  27913K->21737K(31744K), 0.0013817 secs]
294.067: [GC (Allocation Failure)  27881K->21737K(31744K), 0.0015956 secs]
294.073: [GC (Allocation Failure)  27881K->21769K(31744K), 0.0020862 secs]
294.079: [GC (Allocation Failure)  27913K->21817K(31744K), 0.0014157 secs]
294.084: [GC (Allocation Failure)  27961K->21785K(31744K), 0.0013841 secs]
294.088: [GC (Allocation Failure)  27929K->21753K(31744K), 0.0012976 secs]
294.093: [GC (Allocation Failure)  27897K->21785K(31744K), 0.0013561 secs]
294.097: [GC (Allocation Failure)  27929K->21785K(31744K), 0.0011688 secs]
294.102: [GC (Allocation Failure)  27929K->21753K(31744K), 0.0012514 secs]
294.107: [GC (Allocation Failure)  27897K->21785K(31744K), 0.0014262 secs]
294.113: [GC (Allocation Failure)  27929K->21785K(31744K), 0.0013404 secs]
294.118: [GC (Allocation Failure)  27929K->21785K(31744K), 0.0018432 secs]
294.124: [GC (Allocation Failure)  27929K->21785K(31744K), 0.0015556 secs]
294.129: [GC (Allocation Failure)  27929K->21825K(31744K), 0.0016068 secs]
294.134: [GC (Allocation Failure)  27969K->21833K(31744K), 0.0016209 secs]
294.139: [GC (Allocation Failure)  27977K->21897K(31744K), 0.0016863 secs]
294.145: [GC (Allocation Failure)  28041K->21841K(31744K), 0.0016404 secs]
294.151: [GC (Allocation Failure)  27985K->21785K(31744K), 0.0014060 secs]
294.155: [GC (Allocation Failure)  27929K->21849K(31744K), 0.0011849 secs]
294.159: [GC (Allocation Failure)  27993K->21881K(31744K), 0.0012472 secs]
294.164: [GC (Allocation Failure)  28025K->21817K(31744K), 0.0011063 secs]
294.168: [GC (Allocation Failure)  27961K->21913K(31744K), 0.0010610 secs]
294.172: [GC (Allocation Failure)  28057K->21897K(31744K), 0.0009757 secs]
294.176: [GC (Allocation Failure)  28041K->21977K(31744K), 0.0008764 secs]
294.180: [GC (Allocation Failure)  28121K->21849K(31744K), 0.0008855 secs]
294.183: [GC (Allocation Failure)  27993K->21881K(31744K), 0.0008944 secs]
294.187: [GC (Allocation Failure)  28025K->21913K(31744K), 0.0008270 secs]
294.191: [GC (Allocation Failure)  28057K->21881K(31744K), 0.0010122 secs]
294.195: [GC (Allocation Failure)  28025K->21881K(31744K), 0.0009709 secs]
294.199: [GC (Allocation Failure)  28025K->21913K(31744K), 0.0011141 secs]
294.203: [GC (Allocation Failure)  28057K->21849K(31744K), 0.0011410 secs]
294.207: [GC (Allocation Failure)  27993K->21849K(31744K), 0.0010129 secs]
294.212: [GC (Allocation Failure)  27993K->21849K(31744K), 0.0013684 secs]
294.216: [GC (Allocation Failure)  27993K->21881K(31744K), 0.0011748 secs]
294.221: [GC (Allocation Failure)  28025K->21913K(31744K), 0.0014329 secs]
294.225: [GC (Allocation Failure)  28057K->21881K(31744K), 0.0010862 secs]
294.229: [GC (Allocation Failure)  28025K->21953K(31744K), 0.0011911 secs]
294.234: [GC (Allocation Failure)  28097K->22017K(31744K), 0.0013497 secs]
294.238: [GC (Allocation Failure)  28161K->21977K(31744K), 0.0011705 secs]
294.242: [GC (Allocation Failure)  28121K->21921K(31744K), 0.0012646 secs]
294.247: [GC (Allocation Failure)  28065K->21953K(31744K), 0.0010660 secs]
294.251: [GC (Allocation Failure)  28097K->21921K(31744K), 0.0009721 secs]
294.255: [GC (Allocation Failure)  28065K->21921K(31744K), 0.0009172 secs]
294.258: [GC (Allocation Failure)  28065K->21921K(31744K), 0.0009655 secs]
294.262: [GC (Allocation Failure)  28065K->21953K(31744K), 0.0009261 secs]
294.266: [GC (Allocation Failure)  28097K->21921K(31744K), 0.0007820 secs]
294.269: [GC (Allocation Failure)  28065K->21953K(31744K), 0.0009033 secs]
294.273: [GC (Allocation Failure)  28097K->22017K(31744K), 0.0008511 secs]
294.277: [GC (Allocation Failure)  28161K->21969K(31744K), 0.0009591 secs]
294.281: [GC (Allocation Failure)  28113K->21969K(31744K), 0.0008067 secs]
294.284: [GC (Allocation Failure)  28113K->21969K(31744K), 0.0009137 secs]
294.288: [GC (Allocation Failure)  28113K->21905K(31744K), 0.0008449 secs]
294.291: [GC (Allocation Failure)  28049K->21969K(31744K), 0.0008789 secs]
294.295: [GC (Allocation Failure)  28113K->21937K(31744K), 0.0009592 secs]
294.299: [GC (Allocation Failure)  28081K->21969K(31744K), 0.0007495 secs]
294.303: [GC (Allocation Failure)  28113K->21969K(31744K), 0.0008422 secs]
294.306: [GC (Allocation Failure)  28113K->21905K(31744K), 0.0009943 secs]
294.310: [GC (Allocation Failure)  28049K->21969K(31744K), 0.0008074 secs]
294.314: [GC (Allocation Failure)  28113K->21969K(31744K), 0.0009155 secs]
294.318: [GC (Allocation Failure)  28113K->21905K(31744K), 0.0009152 secs]
294.322: [GC (Allocation Failure)  28049K->21937K(31744K), 0.0007797 secs]
294.325: [GC (Allocation Failure)  28081K->21969K(31744K), 0.0009286 secs]
294.329: [GC (Allocation Failure)  28113K->22009K(31744K), 0.0009832 secs]
294.334: [GC (Allocation Failure)  28153K->22033K(31744K), 0.0011207 secs]
294.338: [GC (Allocation Failure)  28177K->22041K(31744K), 0.0010471 secs]
294.342: [GC (Allocation Failure)  28185K->22017K(31744K), 0.0012514 secs]
294.346: [GC (Allocation Failure)  28161K->22017K(31744K), 0.0010488 secs]
294.350: [GC (Allocation Failure)  28161K->22017K(31744K), 0.0009433 secs]
294.354: [GC (Allocation Failure)  28161K->22049K(31744K), 0.0011079 secs]
294.358: [GC (Allocation Failure)  28193K->22017K(31744K), 0.0009911 secs]
294.362: [GC (Allocation Failure)  28161K->22017K(31744K), 0.0009395 secs]
294.366: [GC (Allocation Failure)  28161K->22017K(31744K), 0.0010250 secs]
294.370: [GC (Allocation Failure)  28161K->21985K(31744K), 0.0010053 secs]
294.374: [GC (Allocation Failure)  28129K->22017K(31744K), 0.0009203 secs]
294.378: [GC (Allocation Failure)  28161K->22033K(31744K), 0.0009375 secs]
294.381: [GC (Allocation Failure)  28177K->22065K(31744K), 0.0008898 secs]
294.385: [GC (Allocation Failure)  28209K->22065K(31744K), 0.0009198 secs]
294.389: [GC (Allocation Failure)  28209K->21969K(31744K), 0.0007990 secs]
294.392: [GC (Allocation Failure)  28113K->22033K(31744K), 0.0008753 secs]
294.396: [GC (Allocation Failure)  28177K->22065K(31744K), 0.0008757 secs]
294.400: [GC (Allocation Failure)  28209K->22001K(31744K), 0.0008771 secs]
294.403: [GC (Allocation Failure)  28145K->21969K(31744K), 0.0008608 secs]
294.407: [GC (Allocation Failure)  28113K->22033K(31744K), 0.0009316 secs]
294.411: [GC (Allocation Failure)  28177K->22033K(31744K), 0.0008128 secs]
294.415: [GC (Allocation Failure)  28177K->22033K(31744K), 0.0009476 secs]
294.419: [GC (Allocation Failure)  28177K->22065K(31744K), 0.0012782 secs]
294.424: [GC (Allocation Failure)  28209K->22105K(31744K), 0.0008400 secs]
294.428: [GC (Allocation Failure)  28249K->22121K(31744K), 0.0010676 secs]
294.432: [GC (Allocation Failure)  28265K->22153K(31744K), 0.0011891 secs]
294.437: [GC (Allocation Failure)  28297K->22233K(31744K), 0.0013142 secs]
294.441: [GC (Allocation Failure)  28377K->22121K(31744K), 0.0010786 secs]
294.445: [GC (Allocation Failure)  28265K->22129K(31744K), 0.0010619 secs]
294.449: [GC (Allocation Failure)  28273K->22129K(31744K), 0.0010477 secs]
294.453: [GC (Allocation Failure)  28273K->22097K(31744K), 0.0008943 secs]
294.457: [GC (Allocation Failure)  28241K->22129K(31744K), 0.0008954 secs]
294.460: [GC (Allocation Failure)  28273K->22161K(31744K), 0.0010419 secs]
294.464: [GC (Allocation Failure)  28305K->22161K(31744K), 0.0010316 secs]
294.468: [GC (Allocation Failure)  28305K->22097K(31744K), 0.0008592 secs]
294.472: [GC (Allocation Failure)  28241K->22193K(31744K), 0.0009591 secs]
294.476: [GC (Allocation Failure)  28337K->22161K(31744K), 0.0008301 secs]
294.480: [GC (Allocation Failure)  28305K->22209K(31744K), 0.0009193 secs]
294.483: [GC (Allocation Failure)  28353K->22177K(31744K), 0.0008184 secs]
294.487: [GC (Allocation Failure)  28321K->22145K(31744K), 0.0007773 secs]
294.490: [GC (Allocation Failure)  28289K->22209K(31744K), 0.0008962 secs]
294.494: [GC (Allocation Failure)  28353K->22209K(31744K), 0.0010368 secs]
294.498: [GC (Allocation Failure)  28353K->22177K(31744K), 0.0008547 secs]
294.501: [GC (Allocation Failure)  28321K->22145K(31744K), 0.0008193 secs]
294.505: [GC (Allocation Failure)  28289K->22177K(31744K), 0.0007841 secs]
294.509: [GC (Allocation Failure)  28321K->22177K(31744K), 0.0009942 secs]
294.513: [GC (Allocation Failure)  28321K->22177K(31744K), 0.0009117 secs]
294.516: [GC (Allocation Failure)  28321K->22177K(31744K), 0.0008520 secs]
294.520: [GC (Allocation Failure)  28321K->22145K(31744K), 0.0008058 secs]
294.523: [GC (Allocation Failure)  28289K->22145K(31744K), 0.0009840 secs]
294.528: [GC (Allocation Failure)  28289K->22209K(31744K), 0.0008575 secs]
294.532: [GC (Allocation Failure)  28353K->22281K(31744K), 0.0009325 secs]
294.536: [GC (Allocation Failure)  28425K->22241K(31744K), 0.0011309 secs]
294.541: [GC (Allocation Failure)  28385K->22201K(31744K), 0.0011189 secs]
294.545: [GC (Allocation Failure)  28345K->22177K(31744K), 0.0009853 secs]
294.549: [GC (Allocation Failure)  28321K->22241K(31744K), 0.0009596 secs]
294.553: [GC (Allocation Failure)  28385K->22209K(31744K), 0.0009623 secs]
294.557: [GC (Allocation Failure)  28353K->22241K(31744K), 0.0009417 secs]
294.561: [GC (Allocation Failure)  28385K->22241K(31744K), 0.0008289 secs]
294.564: [GC (Allocation Failure)  28385K->22209K(31744K), 0.0008980 secs]
294.568: [GC (Allocation Failure)  28353K->22209K(31744K), 0.0009231 secs]
294.572: [GC (Allocation Failure)  28353K->22273K(31744K), 0.0008663 secs]
294.576: [GC (Allocation Failure)  28417K->22241K(31744K), 0.0011179 secs]
294.580: [GC (Allocation Failure)  28385K->22193K(31744K), 0.0008886 secs]
294.584: [GC (Allocation Failure)  28337K->22289K(31744K), 0.0009475 secs]
294.588: [GC (Allocation Failure)  28433K->22257K(31744K), 0.0010005 secs]
294.591: [GC (Allocation Failure)  28401K->22257K(31744K), 0.0011729 secs]
294.595: [GC (Allocation Failure)  28401K->22225K(31744K), 0.0010473 secs]
294.599: [GC (Allocation Failure)  28369K->22257K(31744K), 0.0009704 secs]
294.603: [GC (Allocation Failure)  28401K->22257K(31744K), 0.0009544 secs]
294.607: [GC (Allocation Failure)  28401K->22257K(31744K), 0.0009545 secs]
294.611: [GC (Allocation Failure)  28401K->22257K(31744K), 0.0009780 secs]
294.615: [GC (Allocation Failure)  28401K->22257K(31744K), 0.0012403 secs]
294.619: [GC (Allocation Failure)  28401K->22225K(31744K), 0.0010495 secs]
294.623: [GC (Allocation Failure)  28369K->22257K(31744K), 0.0009588 secs]
294.626: [GC (Allocation Failure)  28401K->22257K(31744K), 0.0011930 secs]
294.631: [GC (Allocation Failure)  28401K->22353K(31744K), 0.0010164 secs]
294.635: [GC (Allocation Failure)  28497K->22449K(31744K), 0.0014000 secs]
294.639: [GC (Allocation Failure)  28593K->22361K(31744K), 0.0016063 secs]
294.644: [GC (Allocation Failure)  28505K->22345K(31744K), 0.0011953 secs]
294.648: [GC (Allocation Failure)  28489K->22257K(31744K), 0.0012748 secs]
294.653: [GC (Allocation Failure)  28401K->22289K(31744K), 0.0011500 secs]
294.657: [GC (Allocation Failure)  28433K->22321K(31744K), 0.0009949 secs]
294.660: [GC (Allocation Failure)  28465K->22321K(31744K), 0.0012442 secs]
294.665: [GC (Allocation Failure)  28465K->22321K(31744K), 0.0010661 secs]
294.669: [GC (Allocation Failure)  28465K->22321K(31744K), 0.0011026 secs]
294.673: [GC (Allocation Failure)  28465K->22321K(31744K), 0.0010336 secs]
294.676: [GC (Allocation Failure)  28465K->22321K(31744K), 0.0010312 secs]
294.680: [GC (Allocation Failure)  28465K->22289K(31744K), 0.0011325 secs]
294.685: [GC (Allocation Failure)  28433K->22297K(31744K), 0.0009418 secs]
294.688: [GC (Allocation Failure)  28441K->22329K(31744K), 0.0008554 secs]
294.692: [GC (Allocation Failure)  28473K->22329K(31744K), 0.0009867 secs]
294.696: [GC (Allocation Failure)  28473K->22329K(31744K), 0.0009871 secs]
294.700: [GC (Allocation Failure)  28473K->22297K(31744K), 0.0010052 secs]
294.704: [GC (Allocation Failure)  28441K->22329K(31744K), 0.0008914 secs]
294.707: [GC (Allocation Failure)  28473K->22361K(31744K), 0.0009081 secs]
294.712: [GC (Allocation Failure)  28505K->22329K(31744K), 0.0011963 secs]
294.716: [GC (Allocation Failure)  28473K->22329K(31744K), 0.0009502 secs]
294.719: [GC (Allocation Failure)  28473K->22361K(31744K), 0.0009780 secs]
294.723: [GC (Allocation Failure)  28505K->22329K(31744K), 0.0009005 secs]
294.727: [GC (Allocation Failure)  28473K->22361K(31744K), 0.0009209 secs]
294.731: [GC (Allocation Failure)  28505K->22329K(31744K), 0.0008795 secs]
294.735: [GC (Allocation Failure)  28473K->22409K(31744K), 0.0011183 secs]
294.739: [GC (Allocation Failure)  28553K->22433K(31744K), 0.0015107 secs]
294.745: [GC (Allocation Failure)  28577K->22385K(31744K), 0.0020362 secs]
294.750: [GC (Allocation Failure)  28529K->22353K(31744K), 0.0013721 secs]
294.755: [GC (Allocation Failure)  28497K->22393K(31744K), 0.0011623 secs]
294.759: [GC (Allocation Failure)  28537K->22393K(31744K), 0.0018600 secs]
294.764: [GC (Allocation Failure)  28537K->22425K(31744K), 0.0013087 secs]
294.768: [GC (Allocation Failure)  28569K->22361K(31744K), 0.0012631 secs]
294.772: [GC (Allocation Failure)  28505K->22393K(31744K), 0.0016991 secs]
294.777: [GC (Allocation Failure)  28537K->22361K(31744K), 0.0014316 secs]
294.781: [GC (Allocation Failure)  28505K->22393K(31744K), 0.0011736 secs]
294.785: [GC (Allocation Failure)  28537K->22441K(31744K), 0.0010343 secs]
294.789: [GC (Allocation Failure)  28585K->22377K(31744K), 0.0009520 secs]
294.794: [GC (Allocation Failure)  28521K->22377K(31744K), 0.0012902 secs]
294.798: [GC (Allocation Failure)  28521K->22441K(31744K), 0.0010349 secs]
294.802: [GC (Allocation Failure)  28585K->22409K(31744K), 0.0011113 secs]
294.806: [GC (Allocation Failure)  28553K->22377K(31744K), 0.0011389 secs]
294.810: [GC (Allocation Failure)  28521K->22377K(31744K), 0.0010590 secs]
294.814: [GC (Allocation Failure)  28521K->22441K(31744K), 0.0009676 secs]
294.818: [GC (Allocation Failure)  28585K->22409K(31744K), 0.0009915 secs]
294.821: [GC (Allocation Failure)  28553K->22345K(31744K), 0.0010371 secs]
294.825: [GC (Allocation Failure)  28489K->22377K(31744K), 0.0010901 secs]
294.829: [GC (Allocation Failure)  28521K->22345K(31744K), 0.0010327 secs]
294.834: [GC (Allocation Failure)  28489K->22473K(31744K), 0.0014763 secs]
294.839: [GC (Allocation Failure)  28617K->22473K(31744K), 0.0017461 secs]
294.844: [GC (Allocation Failure)  28617K->22457K(31744K), 0.0012126 secs]
294.848: [GC (Allocation Failure)  28601K->22465K(31744K), 0.0012869 secs]
294.853: [GC (Allocation Failure)  28609K->22465K(31744K), 0.0009290 secs]
294.856: [GC (Allocation Failure)  28609K->22433K(31744K), 0.0009992 secs]
294.860: [GC (Allocation Failure)  28577K->22401K(31744K), 0.0010177 secs]
294.865: [GC (Allocation Failure)  28545K->22401K(31744K), 0.0011671 secs]
294.869: [GC (Allocation Failure)  28545K->22465K(31744K), 0.0011083 secs]
294.873: [GC (Allocation Failure)  28609K->22465K(31744K), 0.0015414 secs]
294.877: [GC (Allocation Failure)  28609K->22465K(31744K), 0.0013358 secs]
294.881: [GC (Allocation Failure)  28609K->22465K(31744K), 0.0011872 secs]
294.886: [GC (Allocation Failure)  28609K->22497K(31744K), 0.0011096 secs]
294.890: [GC (Allocation Failure)  28641K->22481K(31744K), 0.0012392 secs]
294.894: [GC (Allocation Failure)  28625K->22449K(31744K), 0.0011302 secs]
294.898: [GC (Allocation Failure)  28593K->22449K(31744K), 0.0015617 secs]
294.903: [GC (Allocation Failure)  28593K->22449K(31744K), 0.0013282 secs]
294.907: [GC (Allocation Failure)  28593K->22513K(31744K), 0.0013662 secs]
294.912: [GC (Allocation Failure)  28657K->22513K(31744K), 0.0015217 secs]
294.916: [GC (Allocation Failure)  28657K->22481K(31744K), 0.0010855 secs]
294.921: [GC (Allocation Failure)  28625K->22513K(31744K), 0.0017402 secs]
294.927: [GC (Allocation Failure)  28657K->22569K(31744K), 0.0015332 secs]
294.931: [GC (Allocation Failure)  28713K->22513K(31744K), 0.0014260 secs]
294.937: [GC (Allocation Failure)  28657K->22577K(31744K), 0.0014083 secs]
294.941: [GC (Allocation Failure)  28721K->22569K(31744K), 0.0022973 secs]
294.947: [GC (Allocation Failure)  28713K->22593K(31744K), 0.0013488 secs]
294.951: [GC (Allocation Failure)  28737K->22505K(31744K), 0.0012553 secs]
294.956: [GC (Allocation Failure)  28649K->22569K(31744K), 0.0010733 secs]
294.959: [GC (Allocation Failure)  28713K->22537K(31744K), 0.0014248 secs]
294.964: [GC (Allocation Failure)  28681K->22537K(31744K), 0.0011681 secs]
294.968: [GC (Allocation Failure)  28681K->22537K(31744K), 0.0009736 secs]
294.972: [GC (Allocation Failure)  28681K->22601K(31744K), 0.0009305 secs]
294.975: [GC (Allocation Failure)  28745K->22537K(31744K), 0.0009777 secs]
294.979: [GC (Allocation Failure)  28681K->22601K(31744K), 0.0010020 secs]
294.983: [GC (Allocation Failure)  28745K->22537K(31744K), 0.0011159 secs]
294.987: [GC (Allocation Failure)  28681K->22569K(31744K), 0.0009903 secs]
294.991: [GC (Allocation Failure)  28713K->22553K(31744K), 0.0010269 secs]
294.995: [GC (Allocation Failure)  28697K->22553K(31744K), 0.0009561 secs]
294.998: [GC (Allocation Failure)  28697K->22521K(31744K), 0.0008083 secs]
295.002: [GC (Allocation Failure)  28665K->22617K(31744K), 0.0009238 secs]
295.006: [GC (Allocation Failure)  28761K->22681K(31744K), 0.0010350 secs]
295.010: [GC (Allocation Failure)  28825K->22753K(31744K), 0.0010161 secs]
295.014: [GC (Allocation Failure)  28897K->22729K(31744K), 0.0009855 secs]
295.018: [GC (Allocation Failure)  28873K->22697K(31744K), 0.0009353 secs]
295.021: [GC (Allocation Failure)  28841K->22737K(31744K), 0.0010211 secs]
295.025: [GC (Allocation Failure)  28881K->22761K(31744K), 0.0012195 secs]
295.029: [GC (Allocation Failure)  28905K->22761K(31744K), 0.0009196 secs]
295.033: [GC (Allocation Failure)  28905K->22801K(31744K), 0.0012159 secs]
295.038: [GC (Allocation Failure)  28945K->22737K(31744K), 0.0015995 secs]
295.045: [GC (Allocation Failure)  28881K->22825K(31744K), 0.0019644 secs]
295.051: [GC (Allocation Failure)  28969K->22857K(31744K), 0.0015373 secs]
295.056: [GC (Allocation Failure)  29001K->22881K(31744K), 0.0013153 secs]
295.060: [GC (Allocation Failure)  29025K->22921K(31744K), 0.0013752 secs]
295.064: [GC (Allocation Failure)  29065K->22881K(31744K), 0.0011438 secs]
295.069: [GC (Allocation Failure)  29025K->22953K(31744K), 0.0010313 secs]
295.073: [GC (Allocation Failure)  29097K->22977K(31744K), 0.0012198 secs]
295.078: [GC (Allocation Failure)  29121K->22977K(31744K), 0.0012224 secs]
295.082: [GC (Allocation Failure)  29121K->23025K(31744K), 0.0011355 secs]
295.086: [GC (Allocation Failure)  29169K->23033K(31744K), 0.0012053 secs]
295.090: [GC (Allocation Failure)  29177K->23025K(31744K), 0.0009946 secs]
295.094: [GC (Allocation Failure)  29169K->23033K(31744K), 0.0010388 secs]
295.098: [GC (Allocation Failure)  29177K->23065K(31744K), 0.0009092 secs]
295.101: [GC (Allocation Failure)  29209K->23001K(31744K), 0.0009720 secs]
295.105: [GC (Allocation Failure)  29145K->23001K(31744K), 0.0010489 secs]
295.109: [GC (Allocation Failure)  29145K->22937K(31744K), 0.0011888 secs]
295.113: [GC (Allocation Failure)  29081K->23041K(31744K), 0.0010148 secs]
295.117: [GC (Allocation Failure)  29185K->23009K(31744K), 0.0008886 secs]
295.121: [GC (Allocation Failure)  29153K->23057K(31744K), 0.0010491 secs]
295.124: [GC (Allocation Failure)  29201K->23097K(31744K), 0.0010915 secs]
295.129: [GC (Allocation Failure)  29241K->23057K(31744K), 0.0009779 secs]
295.132: [GC (Allocation Failure)  29201K->23121K(31744K), 0.0009285 secs]
295.136: [GC (Allocation Failure)  29265K->23209K(31744K), 0.0011387 secs]
295.141: [GC (Allocation Failure)  29353K->23185K(31744K), 0.0014068 secs]
295.147: [GC (Allocation Failure)  29329K->23257K(31744K), 0.0012378 secs]
295.151: [GC (Allocation Failure)  29401K->23257K(31744K), 0.0012939 secs]
295.155: [GC (Allocation Failure)  29401K->23273K(31744K), 0.0010170 secs]
295.159: [GC (Allocation Failure)  29417K->23177K(31744K), 0.0012116 secs]
295.163: [GC (Allocation Failure)  29321K->23177K(31744K), 0.0009844 secs]
295.167: [GC (Allocation Failure)  29321K->23217K(31744K), 0.0009814 secs]
295.171: [GC (Allocation Failure)  29361K->23201K(31744K), 0.0011277 secs]
295.175: [GC (Allocation Failure)  29345K->23273K(31744K), 0.0009883 secs]
295.178: [GC (Allocation Failure)  29417K->23249K(31744K), 0.0009743 secs]
295.183: [GC (Allocation Failure)  29393K->23265K(31744K), 0.0010375 secs]
295.186: [GC (Allocation Failure)  29409K->23305K(31744K), 0.0008734 secs]
295.190: [GC (Allocation Failure)  29449K->23361K(31744K), 0.0009512 secs]
295.194: [GC (Allocation Failure)  29505K->23361K(31744K), 0.0011278 secs]
295.198: [GC (Allocation Failure)  29505K->23361K(31744K), 0.0011159 secs]
295.202: [GC (Allocation Failure)  29505K->23329K(31744K), 0.0010706 secs]
295.206: [GC (Allocation Failure)  29473K->23289K(31744K), 0.0008820 secs]
295.210: [GC (Allocation Failure)  29433K->23321K(31744K), 0.0008839 secs]
295.213: [GC (Allocation Failure)  29465K->23385K(31744K), 0.0009521 secs]
295.217: [GC (Allocation Failure)  29529K->23297K(31744K), 0.0008640 secs]
295.221: [GC (Allocation Failure)  29441K->23361K(31744K), 0.0007802 secs]
295.224: [GC (Allocation Failure)  29505K->23361K(31744K), 0.0007654 secs]
295.228: [GC (Allocation Failure)  29505K->23393K(31744K), 0.0008801 secs]
295.232: [GC (Allocation Failure)  29537K->23393K(31744K), 0.0008531 secs]
295.236: [GC (Allocation Failure)  29537K->23449K(31744K), 0.0010904 secs]
295.240: [GC (Allocation Failure)  29593K->23489K(31744K), 0.0012424 secs]
295.245: [GC (Allocation Failure)  29633K->23505K(31744K), 0.0012783 secs]
295.250: [GC (Allocation Failure)  29649K->23537K(31744K), 0.0009716 secs]
295.253: [GC (Allocation Failure)  29681K->23513K(31744K), 0.0010139 secs]
295.257: [GC (Allocation Failure)  29657K->23489K(31744K), 0.0009373 secs]
295.262: [GC (Allocation Failure)  29633K->23601K(31744K), 0.0011044 secs]
295.265: [GC (Allocation Failure)  29745K->23521K(31744K), 0.0011071 secs]
295.269: [GC (Allocation Failure)  29665K->23521K(31744K), 0.0009982 secs]
295.273: [GC (Allocation Failure)  29665K->23497K(31744K), 0.0010289 secs]
295.278: [GC (Allocation Failure)  29641K->23593K(31744K), 0.0009472 secs]
295.282: [GC (Allocation Failure)  29737K->23537K(31744K), 0.0010826 secs]
295.286: [GC (Allocation Failure)  29681K->23585K(31744K), 0.0008871 secs]
295.289: [GC (Allocation Failure)  29729K->23649K(31744K), 0.0010402 secs]
295.294: [GC (Allocation Failure)  29793K->23601K(31744K), 0.0011215 secs]
295.298: [GC (Allocation Failure)  29745K->23665K(31744K), 0.0008912 secs]
295.301: [GC (Allocation Failure)  29809K->23649K(31744K), 0.0008997 secs]
295.305: [GC (Allocation Failure)  29793K->23593K(31744K), 0.0009945 secs]
295.309: [GC (Allocation Failure)  29737K->23657K(31744K), 0.0011306 secs]
295.314: [GC (Allocation Failure)  29801K->23689K(31744K), 0.0009125 secs]
295.317: [GC (Allocation Failure)  29833K->23705K(31744K), 0.0008690 secs]
295.321: [GC (Allocation Failure)  29849K->23713K(31744K), 0.0009372 secs]
295.325: [GC (Allocation Failure)  29857K->23721K(31744K), 0.0012789 secs]
295.330: [GC (Allocation Failure)  29865K->23705K(31744K), 0.0010952 secs]
295.334: [GC (Allocation Failure)  29849K->23769K(31744K), 0.0010218 secs]
295.339: [GC (Allocation Failure)  29913K->23649K(31744K), 0.0012094 secs]
295.344: [GC (Allocation Failure)  29793K->23745K(31744K), 0.0016963 secs]
295.349: [GC (Allocation Failure)  29889K->23793K(31744K), 0.0011818 secs]
295.353: [GC (Allocation Failure)  29937K->23769K(31744K), 0.0011238 secs]
295.357: [GC (Allocation Failure)  29913K->23673K(31744K), 0.0011893 secs]
295.362: [GC (Allocation Failure)  29817K->23737K(31744K), 0.0012209 secs]
295.366: [GC (Allocation Failure)  29881K->23705K(31744K), 0.0010100 secs]
295.370: [GC (Allocation Failure)  29849K->23673K(31744K), 0.0011441 secs]
295.374: [GC (Allocation Failure)  29817K->23737K(31744K), 0.0010710 secs]
295.378: [GC (Allocation Failure)  29881K->23705K(31744K), 0.0010487 secs]
295.382: [GC (Allocation Failure)  29849K->23673K(31744K), 0.0008944 secs]
295.386: [GC (Allocation Failure)  29817K->23737K(31744K), 0.0008406 secs]
295.389: [GC (Allocation Failure)  29881K->23769K(31744K), 0.0008229 secs]
295.393: [GC (Allocation Failure)  29913K->23769K(31744K), 0.0008579 secs]
295.397: [GC (Allocation Failure)  29913K->23777K(31744K), 0.0009230 secs]
295.401: [GC (Allocation Failure)  29921K->23713K(31744K), 0.0010073 secs]
295.405: [GC (Allocation Failure)  29857K->23745K(31744K), 0.0009772 secs]
295.409: [GC (Allocation Failure)  29889K->23681K(31744K), 0.0008159 secs]
295.413: [GC (Allocation Failure)  29825K->23745K(31744K), 0.0009375 secs]
295.417: [GC (Allocation Failure)  29889K->23841K(31744K), 0.0011600 secs]
295.422: [GC (Allocation Failure)  29985K->23889K(31744K), 0.0014460 secs]
295.427: [GC (Allocation Failure)  30033K->23809K(31744K), 0.0014874 secs]
295.432: [GC (Allocation Failure)  29953K->23825K(31744K), 0.0012023 secs]
295.436: [GC (Allocation Failure)  29969K->23921K(31744K), 0.0010834 secs]
295.442: [GC (Allocation Failure)  30065K->23897K(31744K), 0.0012836 secs]
295.447: [GC (Allocation Failure)  30041K->23889K(31744K), 0.0015284 secs]
295.451: [GC (Allocation Failure)  30033K->23945K(31744K), 0.0010792 secs]
295.455: [GC (Allocation Failure)  30089K->23881K(31744K), 0.0009149 secs]
295.459: [GC (Allocation Failure)  30025K->23881K(31744K), 0.0012269 secs]
295.463: [GC (Allocation Failure)  30025K->23881K(31744K), 0.0010011 secs]
295.467: [GC (Allocation Failure)  30025K->23945K(31744K), 0.0009095 secs]
295.471: [GC (Allocation Failure)  30089K->23913K(31744K), 0.0010325 secs]
295.475: [GC (Allocation Failure)  30057K->23881K(31744K), 0.0010577 secs]
295.479: [GC (Allocation Failure)  30025K->23881K(31744K), 0.0009575 secs]
295.483: [GC (Allocation Failure)  30025K->23945K(31744K), 0.0009998 secs]
295.487: [GC (Allocation Failure)  30089K->23913K(31744K), 0.0008715 secs]
295.491: [GC (Allocation Failure)  30057K->23913K(31744K), 0.0009275 secs]
295.495: [GC (Allocation Failure)  30057K->23945K(31744K), 0.0010023 secs]
295.499: [GC (Allocation Failure)  30089K->23929K(31744K), 0.0009744 secs]
295.503: [GC (Allocation Failure)  30073K->23929K(31744K), 0.0010839 secs]
295.507: [GC (Allocation Failure)  30073K->23897K(31744K), 0.0008163 secs]
295.510: [GC (Allocation Failure)  30041K->23929K(31744K), 0.0008346 secs]
295.514: [GC (Allocation Failure)  30073K->23865K(31744K), 0.0008965 secs]
295.518: [GC (Allocation Failure)  30009K->23929K(31744K), 0.0008785 secs]
295.522: [GC (Allocation Failure)  30073K->23897K(31744K), 0.0008684 secs]
295.526: [GC (Allocation Failure)  30041K->23865K(31744K), 0.0008204 secs]
295.530: [GC (Allocation Failure)  30009K->23929K(31744K), 0.0009106 secs]
295.534: [GC (Allocation Failure)  30073K->23929K(31744K), 0.0010584 secs]
295.539: [GC (Allocation Failure)  30073K->24057K(31744K), 0.0011843 secs]
295.544: [GC (Allocation Failure)  30201K->24025K(31744K), 0.0012718 secs]
295.549: [GC (Allocation Failure)  30169K->23977K(31744K), 0.0010222 secs]
295.553: [GC (Allocation Failure)  30121K->23953K(31744K), 0.0010257 secs]
295.557: [GC (Allocation Failure)  30097K->24017K(31744K), 0.0009275 secs]
295.561: [GC (Allocation Failure)  30161K->23985K(31744K), 0.0009293 secs]
295.565: [GC (Allocation Failure)  30129K->23985K(31744K), 0.0009116 secs]
295.568: [GC (Allocation Failure)  30129K->23985K(31744K), 0.0010065 secs]
295.572: [GC (Allocation Failure)  30129K->23953K(31744K), 0.0010204 secs]
295.576: [GC (Allocation Failure)  30097K->24017K(31744K), 0.0010472 secs]
295.580: [GC (Allocation Failure)  30161K->23953K(31744K), 0.0008921 secs]
295.584: [GC (Allocation Failure)  30097K->23985K(31744K), 0.0012154 secs]
295.588: [GC (Allocation Failure)  30129K->23921K(31744K), 0.0008998 secs]
295.592: [GC (Allocation Failure)  30065K->23953K(31744K), 0.0010003 secs]
295.596: [GC (Allocation Failure)  30097K->24017K(31744K), 0.0010002 secs]
295.600: [GC (Allocation Failure)  30161K->24001K(31744K), 0.0009214 secs]
295.605: [GC (Allocation Failure)  30145K->24001K(31744K), 0.0010845 secs]
295.609: [GC (Allocation Failure)  30145K->24001K(31744K), 0.0009977 secs]
295.613: [GC (Allocation Failure)  30145K->23969K(31744K), 0.0008629 secs]
295.616: [GC (Allocation Failure)  30113K->24033K(31744K), 0.0008871 secs]
295.620: [GC (Allocation Failure)  30177K->24001K(31744K), 0.0007950 secs]
295.624: [GC (Allocation Failure)  30145K->24001K(31744K), 0.0008475 secs]
295.627: [GC (Allocation Failure)  30145K->24001K(31744K), 0.0009009 secs]
295.631: [GC (Allocation Failure)  30145K->24033K(31744K), 0.0009403 secs]
295.635: [GC (Allocation Failure)  30177K->24033K(31744K), 0.0008660 secs]
295.639: [GC (Allocation Failure)  30177K->24097K(31744K), 0.0011000 secs]
295.644: [GC (Allocation Failure)  30241K->24097K(31744K), 0.0014458 secs]
295.648: [GC (Allocation Failure)  30241K->24049K(31744K), 0.0010412 secs]
295.652: [GC (Allocation Failure)  30193K->24073K(31744K), 0.0010261 secs]
295.656: [GC (Allocation Failure)  30217K->24009K(31744K), 0.0010424 secs]
295.660: [GC (Allocation Failure)  30153K->24041K(31744K), 0.0012741 secs]
295.665: [GC (Allocation Failure)  30185K->24105K(31744K), 0.0010144 secs]
295.669: [GC (Allocation Failure)  30249K->24073K(31744K), 0.0010087 secs]
295.672: [GC (Allocation Failure)  30217K->24073K(31744K), 0.0008356 secs]
295.676: [GC (Allocation Failure)  30217K->24073K(31744K), 0.0009501 secs]
295.680: [GC (Allocation Failure)  30217K->24041K(31744K), 0.0008180 secs]
295.684: [GC (Allocation Failure)  30185K->24041K(31744K), 0.0008408 secs]
295.687: [GC (Allocation Failure)  30185K->24073K(31744K), 0.0008718 secs]
295.691: [GC (Allocation Failure)  30217K->24073K(31744K), 0.0009543 secs]
295.695: [GC (Allocation Failure)  30217K->24073K(31744K), 0.0009741 secs]
295.699: [GC (Allocation Failure)  30217K->24121K(31744K), 0.0008547 secs]
295.703: [GC (Allocation Failure)  30265K->24025K(31744K), 0.0009058 secs]
295.707: [GC (Allocation Failure)  30169K->24025K(31744K), 0.0008438 secs]
295.710: [GC (Allocation Failure)  30169K->24089K(31744K), 0.0009697 secs]
295.715: [GC (Allocation Failure)  30233K->24121K(31744K), 0.0008915 secs]
295.718: [GC (Allocation Failure)  30265K->24089K(31744K), 0.0009345 secs]
295.722: [GC (Allocation Failure)  30233K->24057K(31744K), 0.0008489 secs]
295.726: [GC (Allocation Failure)  30201K->24089K(31744K), 0.0009087 secs]
295.730: [GC (Allocation Failure)  30233K->24089K(31744K), 0.0008382 secs]
295.734: [GC (Allocation Failure)  30233K->24057K(31744K), 0.0007949 secs]
295.737: [GC (Allocation Failure)  30201K->24185K(31744K), 0.0009425 secs]
295.741: [GC (Allocation Failure)  30329K->24129K(31744K), 0.0014578 secs]
295.747: [GC (Allocation Failure)  30273K->24225K(31744K), 0.0014899 secs]
295.751: [GC (Allocation Failure)  30369K->24161K(31744K), 0.0012237 secs]
295.756: [GC (Allocation Failure)  30305K->24105K(31744K), 0.0009707 secs]
295.759: [GC (Allocation Failure)  30249K->24201K(31744K), 0.0012574 secs]
295.764: [GC (Allocation Failure)  30345K->24105K(31744K), 0.0009446 secs]
295.768: [GC (Allocation Failure)  30249K->24137K(31744K), 0.0009009 secs]
295.771: [GC (Allocation Failure)  30281K->24137K(31744K), 0.0009095 secs]
295.775: [GC (Allocation Failure)  30281K->24137K(31744K), 0.0010108 secs]
295.779: [GC (Allocation Failure)  30281K->24201K(31744K), 0.0009906 secs]
295.783: [GC (Allocation Failure)  30345K->24137K(31744K), 0.0010034 secs]
295.787: [GC (Allocation Failure)  30281K->24201K(31744K), 0.0009109 secs]
295.791: [GC (Allocation Failure)  30345K->24105K(31744K), 0.0008541 secs]
295.794: [GC (Allocation Failure)  30249K->24201K(31744K), 0.0009042 secs]
295.798: [GC (Allocation Failure)  30345K->24201K(31744K), 0.0009049 secs]
295.802: [GC (Allocation Failure)  30345K->24153K(31744K), 0.0010263 secs]
295.806: [GC (Allocation Failure)  30297K->24185K(31744K), 0.0009760 secs]
295.810: [GC (Allocation Failure)  30329K->24217K(31744K), 0.0009845 secs]
295.814: [GC (Allocation Failure)  30361K->24153K(31744K), 0.0007521 secs]
295.817: [GC (Allocation Failure)  30297K->24121K(31744K), 0.0009580 secs]
295.821: [GC (Allocation Failure)  30265K->24217K(31744K), 0.0010534 secs]
295.825: [GC (Allocation Failure)  30361K->24185K(31744K), 0.0010074 secs]
295.829: [GC (Allocation Failure)  30329K->24121K(31744K), 0.0009186 secs]
295.833: [GC (Allocation Failure)  30265K->24185K(31744K), 0.0008996 secs]
295.837: [GC (Allocation Failure)  30329K->24217K(31744K), 0.0015136 secs]
295.842: [GC (Allocation Failure)  30361K->24305K(31744K), 0.0025094 secs]
295.848: [GC (Allocation Failure)  30449K->24257K(31744K), 0.0011625 secs]
295.852: [GC (Allocation Failure)  30401K->24241K(31744K), 0.0010126 secs]
295.855: [GC (Allocation Failure)  30385K->24209K(31744K), 0.0009535 secs]
295.859: [GC (Allocation Failure)  30353K->24273K(31744K), 0.0012081 secs]
295.864: [GC (Allocation Failure)  30417K->24177K(31744K), 0.0009784 secs]
295.867: [GC (Allocation Failure)  30321K->24209K(31744K), 0.0009475 secs]
295.871: [GC (Allocation Failure)  30353K->24241K(31744K), 0.0009931 secs]
295.875: [GC (Allocation Failure)  30385K->24241K(31744K), 0.0011822 secs]
295.879: [GC (Allocation Failure)  30385K->24241K(31744K), 0.0010751 secs]
295.884: [GC (Allocation Failure)  30385K->24241K(31744K), 0.0008696 secs]
295.887: [GC (Allocation Failure)  30385K->24241K(31744K), 0.0008775 secs]
295.891: [GC (Allocation Failure)  30385K->24241K(31744K), 0.0009763 secs]
295.895: [GC (Allocation Failure)  30385K->24241K(31744K), 0.0011583 secs]
295.899: [GC (Allocation Failure)  30385K->24273K(31744K), 0.0010350 secs]
295.903: [GC (Allocation Failure)  30417K->24257K(31744K), 0.0010103 secs]
295.907: [GC (Allocation Failure)  30401K->24289K(31744K), 0.0010153 secs]
295.911: [GC (Allocation Failure)  30433K->24193K(31744K), 0.0008904 secs]
295.916: [GC (Allocation Failure)  30337K->24225K(31744K), 0.0010354 secs]
295.920: [GC (Allocation Failure)  30369K->24385K(31744K), 0.0008650 secs]
295.925: [GC (Allocation Failure)  30529K->24393K(31744K), 0.0017998 secs]
295.930: [GC (Allocation Failure)  30537K->24353K(31744K), 0.0012161 secs]
295.934: [GC (Allocation Failure)  30497K->24297K(31744K), 0.0011796 secs]
295.939: [GC (Allocation Failure)  30441K->24393K(31744K), 0.0011202 secs]
295.944: [GC (Allocation Failure)  30537K->24425K(31744K), 0.0018163 secs]
295.949: [GC (Allocation Failure)  30569K->24409K(31744K), 0.0011369 secs]
295.953: [GC (Allocation Failure)  30553K->24401K(31744K), 0.0009778 secs]
295.956: [GC (Allocation Failure)  30545K->24369K(31744K), 0.0009856 secs]
295.960: [GC (Allocation Failure)  30513K->24401K(31744K), 0.0013836 secs]
295.965: [GC (Allocation Failure)  30545K->24433K(31744K), 0.0009558 secs]
295.969: [GC (Allocation Failure)  30577K->24369K(31744K), 0.0009524 secs]
295.972: [GC (Allocation Failure)  30513K->24401K(31744K), 0.0010540 secs]
295.976: [GC (Allocation Failure)  30545K->24401K(31744K), 0.0011225 secs]
295.980: [GC (Allocation Failure)  30545K->24401K(31744K), 0.0008312 secs]
295.984: [GC (Allocation Failure)  30545K->24401K(31744K), 0.0010442 secs]
295.988: [GC (Allocation Failure)  30545K->24433K(31744K), 0.0009376 secs]
295.992: [GC (Allocation Failure)  30577K->24401K(31744K), 0.0011748 secs]
295.996: [GC (Allocation Failure)  30545K->24401K(31744K), 0.0009821 secs]
296.000: [GC (Allocation Failure)  30545K->24433K(31744K), 0.0010128 secs]
296.004: [GC (Allocation Failure)  30577K->24449K(31744K), 0.0009983 secs]
296.008: [GC (Allocation Failure)  30593K->24385K(31744K), 0.0011522 secs]
296.012: [GC (Allocation Failure)  30529K->24417K(31744K), 0.0010463 secs]
296.016: [GC (Allocation Failure)  30561K->24449K(31744K), 0.0009077 secs]
296.019: [GC (Allocation Failure)  30593K->24449K(31744K), 0.0008274 secs]
296.023: [GC (Allocation Failure)  30593K->24385K(31744K), 0.0010481 secs]
296.027: [GC (Allocation Failure)  30529K->24385K(31744K), 0.0010419 secs]
296.031: [GC (Allocation Failure)  30529K->24449K(31744K), 0.0009812 secs]
296.035: [GC (Allocation Failure)  30593K->24385K(31744K), 0.0009397 secs]
296.039: [GC (Allocation Failure)  30529K->24449K(31744K), 0.0014963 secs]
296.046: [GC (Allocation Failure)  30593K->24473K(31744K), 0.0020211 secs]
296.051: [GC (Allocation Failure)  30617K->24457K(31744K), 0.0012813 secs]
296.055: [GC (Allocation Failure)  30601K->24417K(31744K), 0.0011587 secs]
296.059: [GC (Allocation Failure)  30561K->24481K(31744K), 0.0015302 secs]
296.064: [GC (Allocation Failure)  30625K->24449K(31744K), 0.0009997 secs]
296.068: [GC (Allocation Failure)  30593K->24481K(31744K), 0.0010918 secs]
296.072: [GC (Allocation Failure)  30625K->24609K(31744K), 0.0013174 secs]
296.076: [GC (Allocation Failure)  30753K->24417K(31744K), 0.0012619 secs]
296.081: [GC (Allocation Failure)  30561K->24417K(31744K), 0.0009835 secs]
296.084: [GC (Allocation Failure)  30561K->24545K(31744K), 0.0009289 secs]
296.088: [GC (Allocation Failure)  30689K->24513K(31744K), 0.0010263 secs]
296.092: [GC (Allocation Failure)  30657K->24417K(31744K), 0.0010118 secs]
296.096: [GC (Allocation Failure)  30561K->24449K(31744K), 0.0012920 secs]
296.100: [GC (Allocation Failure)  30593K->24449K(31744K), 0.0009529 secs]
296.104: [GC (Allocation Failure)  30593K->24497K(31744K), 0.0010554 secs]
296.108: [GC (Allocation Failure)  30641K->24529K(31744K), 0.0009932 secs]
296.112: [GC (Allocation Failure)  30673K->24497K(31744K), 0.0009458 secs]
296.116: [GC (Allocation Failure)  30641K->24497K(31744K), 0.0009827 secs]
296.120: [GC (Allocation Failure)  30641K->24433K(31744K), 0.0009071 secs]
296.123: [GC (Allocation Failure)  30577K->24529K(31744K), 0.0009476 secs]
296.127: [GC (Allocation Failure)  30673K->24433K(31744K), 0.0010615 secs]
296.131: [GC (Allocation Failure)  30577K->24497K(31744K), 0.0010259 secs]
296.135: [GC (Allocation Failure)  30641K->24529K(31744K), 0.0009845 secs]
296.139: [GC (Allocation Failure)  30673K->24561K(31744K), 0.0010807 secs]
296.144: [GC (Allocation Failure)  30705K->24593K(31744K), 0.0014674 secs]
296.149: [GC (Allocation Failure)  30737K->24545K(31744K), 0.0013862 secs]
296.153: [GC (Allocation Failure)  30689K->24569K(31744K), 0.0012336 secs]
296.158: [GC (Allocation Failure)  30713K->24601K(31744K), 0.0012431 secs]
296.162: [GC (Allocation Failure)  30745K->24601K(31744K), 0.0012500 secs]
296.166: [GC (Allocation Failure)  30745K->24569K(31744K), 0.0010186 secs]
296.170: [GC (Allocation Failure)  30713K->24569K(31744K), 0.0011314 secs]
296.174: [GC (Allocation Failure)  30713K->24537K(31744K), 0.0010773 secs]
296.178: [GC (Allocation Failure)  30681K->24569K(31744K), 0.0011672 secs]
296.182: [GC (Allocation Failure)  30713K->24505K(31744K), 0.0010399 secs]
296.186: [GC (Allocation Failure)  30649K->24569K(31744K), 0.0010311 secs]
296.190: [GC (Allocation Failure)  30713K->24569K(31744K), 0.0009517 secs]
296.194: [GC (Allocation Failure)  30713K->24569K(31744K), 0.0010830 secs]
296.198: [GC (Allocation Failure)  30713K->24537K(31744K), 0.0009140 secs]
296.201: [GC (Allocation Failure)  30681K->24601K(31744K), 0.0008800 secs]
296.205: [GC (Allocation Failure)  30745K->24521K(31744K), 0.0010080 secs]
296.209: [GC (Allocation Failure)  30665K->24585K(31744K), 0.0013076 secs]
296.213: [GC (Allocation Failure)  30729K->24553K(31744K), 0.0010656 secs]
296.217: [GC (Allocation Failure)  30697K->24585K(31744K), 0.0010725 secs]
296.221: [GC (Allocation Failure)  30729K->24553K(31744K), 0.0009597 secs]
296.225: [GC (Allocation Failure)  30697K->24553K(31744K), 0.0009524 secs]
296.229: [GC (Allocation Failure)  30697K->24585K(31744K), 0.0009650 secs]
296.232: [GC (Allocation Failure)  30729K->24585K(31744K), 0.0008854 secs]
296.236: [GC (Allocation Failure)  30729K->24585K(31744K), 0.0009103 secs]
296.240: [GC (Allocation Failure)  30729K->24681K(31744K), 0.0012867 secs]
296.245: [GC (Allocation Failure)  30825K->24649K(31744K), 0.0012936 secs]
296.250: [GC (Allocation Failure)  30793K->24649K(31744K), 0.0015771 secs]
296.254: [GC (Allocation Failure)  30793K->24617K(31744K), 0.0011428 secs]
296.259: [GC (Allocation Failure)  30761K->24625K(31744K), 0.0013020 secs]
296.263: [GC (Allocation Failure)  30769K->24625K(31744K), 0.0010475 secs]
296.267: [GC (Allocation Failure)  30769K->24689K(31744K), 0.0011522 secs]
296.271: [GC (Allocation Failure)  30833K->24657K(31744K), 0.0010461 secs]
296.275: [GC (Allocation Failure)  30801K->24625K(31744K), 0.0012250 secs]
296.279: [GC (Allocation Failure)  30769K->24625K(31744K), 0.0011652 secs]
296.283: [GC (Allocation Failure)  30769K->24625K(31744K), 0.0011209 secs]
296.287: [GC (Allocation Failure)  30769K->24625K(31744K), 0.0010259 secs]
296.291: [GC (Allocation Failure)  30769K->24657K(31744K), 0.0009383 secs]
296.295: [GC (Allocation Failure)  30801K->24625K(31744K), 0.0009894 secs]
296.298: [GC (Allocation Failure)  30769K->24657K(31744K), 0.0009295 secs]
296.302: [GC (Allocation Failure)  30801K->24625K(31744K), 0.0010387 secs]
296.306: [GC (Allocation Failure)  30769K->24705K(31744K), 0.0009784 secs]
296.310: [GC (Allocation Failure)  30849K->24705K(31744K), 0.0010235 secs]
296.314: [GC (Allocation Failure)  30849K->24673K(31744K), 0.0009876 secs]
296.318: [GC (Allocation Failure)  30817K->24673K(31744K), 0.0010058 secs]
296.321: [GC (Allocation Failure)  30817K->24705K(31744K), 0.0009272 secs]
296.325: [GC (Allocation Failure)  30849K->24641K(31744K), 0.0009282 secs]
296.329: [GC (Allocation Failure)  30785K->24673K(31744K), 0.0009229 secs]
296.333: [GC (Allocation Failure)  30817K->24609K(31744K), 0.0012233 secs]
296.337: [GC (Allocation Failure)  30753K->24705K(31744K), 0.0009864 secs]
296.341: [GC (Allocation Failure)  30849K->24769K(31744K), 0.0018207 secs]
296.347: [GC (Allocation Failure)  30913K->24777K(31744K), 0.0013808 secs]
296.351: [GC (Allocation Failure)  30921K->24833K(31744K), 0.0010786 secs]
296.355: [GC (Allocation Failure)  30977K->24729K(31744K), 0.0009487 secs]
296.359: [GC (Allocation Failure)  30873K->24793K(31744K), 0.0017234 secs]
296.364: [GC (Allocation Failure)  30937K->24761K(31744K), 0.0010668 secs]
296.368: [GC (Allocation Failure)  30905K->24761K(31744K), 0.0010641 secs]
296.372: [GC (Allocation Failure)  30905K->24761K(31744K), 0.0009974 secs]
296.376: [GC (Allocation Failure)  30905K->24761K(31744K), 0.0011621 secs]
296.380: [GC (Allocation Failure)  30905K->24761K(31744K), 0.0010613 secs]
296.383: [GC (Allocation Failure)  30905K->24761K(31744K), 0.0009763 secs]
296.387: [GC (Allocation Failure)  30905K->24729K(31744K), 0.0009884 secs]
296.391: [GC (Allocation Failure)  30873K->24761K(31744K), 0.0010110 secs]
296.395: [GC (Allocation Failure)  30905K->24729K(31744K), 0.0011533 secs]
296.399: [GC (Allocation Failure)  30873K->24697K(31744K), 0.0009368 secs]
296.403: [GC (Allocation Failure)  30841K->24761K(31744K), 0.0010110 secs]
296.407: [GC (Allocation Failure)  30905K->24801K(31744K), 0.0009652 secs]
296.411: [GC (Allocation Failure)  30945K->24737K(31744K), 0.0011514 secs]
296.415: [GC (Allocation Failure)  30881K->24801K(31744K), 0.0011069 secs]
296.419: [GC (Allocation Failure)  30945K->24769K(31744K), 0.0009826 secs]
296.423: [GC (Allocation Failure)  30913K->24865K(31744K), 0.0012218 secs]
296.428: [GC (Allocation Failure)  31009K->24801K(31744K), 0.0013163 secs]
296.432: [GC (Allocation Failure)  30945K->24809K(31744K), 0.0013397 secs]
296.436: [GC (Allocation Failure)  30953K->24777K(31744K), 0.0010015 secs]
296.440: [GC (Allocation Failure)  30921K->24937K(31744K), 0.0011115 secs]
296.445: [GC (Allocation Failure)  31081K->24865K(31744K), 0.0019953 secs]
296.451: [GC (Allocation Failure)  31009K->24857K(31744K), 0.0013474 secs]
296.455: [GC (Allocation Failure)  31001K->24897K(31744K), 0.0011606 secs]
296.460: [GC (Allocation Failure)  31041K->24913K(31744K), 0.0015545 secs]
296.464: [GC (Allocation Failure)  31057K->24881K(31744K), 0.0011277 secs]
296.468: [GC (Allocation Failure)  31025K->24881K(31744K), 0.0011187 secs]
296.472: [GC (Allocation Failure)  31025K->24849K(31744K), 0.0009184 secs]
296.476: [GC (Allocation Failure)  30993K->24881K(31744K), 0.0009592 secs]
296.480: [GC (Allocation Failure)  31025K->24881K(31744K), 0.0008341 secs]
296.484: [GC (Allocation Failure)  31025K->24849K(31744K), 0.0009277 secs]
296.487: [GC (Allocation Failure)  30993K->24817K(31744K), 0.0008799 secs]
296.491: [GC (Allocation Failure)  30961K->24881K(31744K), 0.0010945 secs]
296.495: [GC (Allocation Failure)  31025K->24849K(31744K), 0.0009314 secs]
296.499: [GC (Allocation Failure)  30993K->24881K(31744K), 0.0009544 secs]
296.503: [GC (Allocation Failure)  31025K->24849K(31744K), 0.0010467 secs]
296.507: [GC (Allocation Failure)  30993K->24881K(31744K), 0.0008390 secs]
296.510: [GC (Allocation Failure)  31025K->24897K(31744K), 0.0012790 secs]
296.515: [GC (Allocation Failure)  31041K->24929K(31744K), 0.0008601 secs]
296.518: [GC (Allocation Failure)  31073K->24897K(31744K), 0.0009374 secs]
296.522: [GC (Allocation Failure)  31041K->24897K(31744K), 0.0009867 secs]
296.526: [GC (Allocation Failure)  31041K->24897K(31744K), 0.0010260 secs]
296.530: [GC (Allocation Failure)  31041K->24897K(31744K), 0.0009561 secs]
296.534: [GC (Allocation Failure)  31041K->24897K(31744K), 0.0008418 secs]
296.537: [GC (Allocation Failure)  31041K->24897K(31744K), 0.0008671 secs]
296.541: [GC (Allocation Failure)  31041K->24993K(31744K), 0.0009719 secs]
296.546: [GC (Allocation Failure)  31137K->24969K(31744K), 0.0012564 secs]
296.551: [GC (Allocation Failure)  31113K->24937K(31744K), 0.0014682 secs]
296.556: [GC (Allocation Failure)  31081K->25001K(31744K), 0.0015771 secs]
296.561: [GC (Allocation Failure)  31145K->25009K(31744K), 0.0014603 secs]
296.565: [GC (Allocation Failure)  31153K->24945K(31744K), 0.0013257 secs]
296.569: [GC (Allocation Failure)  31089K->24977K(31744K), 0.0012025 secs]
296.573: [GC (Allocation Failure)  31121K->24977K(31744K), 0.0013395 secs]
296.578: [GC (Allocation Failure)  31121K->24913K(31744K), 0.0012282 secs]
296.582: [GC (Allocation Failure)  31057K->24977K(31744K), 0.0011395 secs]
296.586: [GC (Allocation Failure)  31121K->24945K(31744K), 0.0009193 secs]
296.590: [GC (Allocation Failure)  31089K->24945K(31744K), 0.0008488 secs]
296.593: [GC (Allocation Failure)  31089K->25009K(31744K), 0.0008614 secs]
296.597: [GC (Allocation Failure)  31153K->24913K(31744K), 0.0008370 secs]
296.601: [GC (Allocation Failure)  31057K->24913K(31744K), 0.0008854 secs]
296.605: [GC (Allocation Failure)  31057K->25009K(31744K), 0.0008059 secs]
296.608: [GC (Allocation Failure)  31153K->25009K(31744K), 0.0009083 secs]
296.612: [GC (Allocation Failure)  31153K->25025K(31744K), 0.0009691 secs]
296.616: [GC (Allocation Failure)  31169K->24961K(31744K), 0.0008743 secs]
296.620: [GC (Allocation Failure)  31105K->24993K(31744K), 0.0008210 secs]
296.624: [GC (Allocation Failure)  31137K->24993K(31744K), 0.0008275 secs]
296.627: [GC (Allocation Failure)  31137K->25025K(31744K), 0.0008483 secs]
296.631: [GC (Allocation Failure)  31169K->24993K(31744K), 0.0010373 secs]
296.635: [GC (Allocation Failure)  31137K->25025K(31744K), 0.0009316 secs]
296.638: [GC (Allocation Failure)  31169K->25025K(31744K), 0.0008020 secs]
296.642: [GC (Allocation Failure)  31169K->25025K(31744K), 0.0010625 secs]
296.647: [GC (Allocation Failure)  31169K->25097K(31744K), 0.0010230 secs]
296.651: [GC (Allocation Failure)  31241K->25129K(31744K), 0.0011609 secs]
296.655: [GC (Allocation Failure)  31273K->25065K(31744K), 0.0009859 secs]
296.660: [GC (Allocation Failure)  31209K->25105K(31744K), 0.0011272 secs]
296.664: [GC (Allocation Failure)  31249K->25089K(31744K), 0.0009416 secs]
296.667: [GC (Allocation Failure)  31233K->25025K(31744K), 0.0008746 secs]
296.671: [GC (Allocation Failure)  31169K->25089K(31744K), 0.0009029 secs]
296.675: [GC (Allocation Failure)  31233K->25025K(31744K), 0.0010970 secs]
296.679: [GC (Allocation Failure)  31169K->25057K(31744K), 0.0009493 secs]
296.683: [GC (Allocation Failure)  31201K->25121K(31744K), 0.0008664 secs]
296.686: [GC (Allocation Failure)  31265K->25025K(31744K), 0.0009316 secs]
296.690: [GC (Allocation Failure)  31169K->25089K(31744K), 0.0007905 secs]
296.693: [GC (Allocation Failure)  31233K->25153K(31744K), 0.0008926 secs]
296.697: [GC (Allocation Failure)  31297K->25153K(31744K), 0.0008562 secs]
296.701: [GC (Allocation Failure)  31297K->25057K(31744K), 0.0008603 secs]
296.704: [GC (Allocation Failure)  31201K->25057K(31744K), 0.0008459 secs]
296.708: [GC (Allocation Failure)  31201K->25121K(31744K), 0.0009053 secs]
296.712: [GC (Allocation Failure)  31265K->25073K(31744K), 0.0008965 secs]
296.716: [GC (Allocation Failure)  31217K->25105K(31744K), 0.0008806 secs]
296.719: [GC (Allocation Failure)  31249K->25073K(31744K), 0.0008846 secs]
296.723: [GC (Allocation Failure)  31217K->25105K(31744K), 0.0007986 secs]
296.727: [GC (Allocation Failure)  31249K->25073K(31744K), 0.0007563 secs]
296.730: [GC (Allocation Failure)  31217K->25105K(31744K), 0.0009140 secs]
296.734: [GC (Allocation Failure)  31249K->25105K(31744K), 0.0010147 secs]
296.738: [GC (Allocation Failure)  31249K->25105K(31744K), 0.0008955 secs]
296.742: [GC (Allocation Failure)  31249K->25137K(31744K), 0.0015396 secs]
296.747: [GC (Allocation Failure)  31281K->25241K(31744K), 0.0013939 secs]
296.751: [GC (Allocation Failure)  31385K->25193K(31744K), 0.0010501 secs]
296.753: [Full GC (Ergonomics)  25193K->21238K(31744K), 0.0826396 secs]
296.839: [GC (Allocation Failure)  27382K->21302K(31744K), 0.0013718 secs]
296.843: [GC (Allocation Failure)  27446K->21462K(31744K), 0.0012405 secs]
296.849: [GC (Allocation Failure)  27606K->21494K(31744K), 0.0015744 secs]
296.853: [GC (Allocation Failure)  27638K->21414K(31744K), 0.0012320 secs]
296.857: [GC (Allocation Failure)  27558K->21454K(31744K), 0.0010594 secs]
296.862: [GC (Allocation Failure)  27598K->21422K(31744K), 0.0010874 secs]
296.866: [GC (Allocation Failure)  27566K->21358K(31744K), 0.0010232 secs]
296.870: [GC (Allocation Failure)  27502K->21390K(31744K), 0.0008544 secs]
296.873: [GC (Allocation Failure)  27534K->21422K(31744K), 0.0008782 secs]
296.877: [GC (Allocation Failure)  27566K->21422K(31744K), 0.0008524 secs]
296.881: [GC (Allocation Failure)  27566K->21390K(31744K), 0.0008134 secs]
296.885: [GC (Allocation Failure)  27534K->21390K(31744K), 0.0008824 secs]
296.888: [GC (Allocation Failure)  27534K->21422K(31744K), 0.0009444 secs]
296.892: [GC (Allocation Failure)  27566K->21470K(31744K), 0.0012660 secs]
296.896: [GC (Allocation Failure)  27614K->21406K(31744K), 0.0010660 secs]
296.900: [GC (Allocation Failure)  27550K->21406K(31744K), 0.0011551 secs]
296.904: [GC (Allocation Failure)  27550K->21438K(31744K), 0.0011123 secs]
296.908: [GC (Allocation Failure)  27582K->21438K(31744K), 0.0013332 secs]
296.913: [GC (Allocation Failure)  27582K->21438K(31744K), 0.0009876 secs]
296.917: [GC (Allocation Failure)  27582K->21438K(31744K), 0.0010273 secs]
296.920: [GC (Allocation Failure)  27582K->21406K(31744K), 0.0009723 secs]
296.925: [GC (Allocation Failure)  27550K->21502K(31744K), 0.0017756 secs]
296.930: [GC (Allocation Failure)  27646K->21494K(31744K), 0.0012085 secs]
296.934: [GC (Allocation Failure)  27638K->21470K(31744K), 0.0012382 secs]
296.939: [GC (Allocation Failure)  27614K->21470K(31744K), 0.0010063 secs]
296.944: [GC (Allocation Failure)  27614K->21550K(31744K), 0.0014750 secs]
296.949: [GC (Allocation Failure)  27694K->21454K(31744K), 0.0012953 secs]
296.953: [GC (Allocation Failure)  27598K->21614K(31744K), 0.0013661 secs]
296.958: [GC (Allocation Failure)  27758K->21574K(31744K), 0.0010576 secs]
296.962: [GC (Allocation Failure)  27718K->21486K(31744K), 0.0011824 secs]
296.966: [GC (Allocation Failure)  27630K->21582K(31744K), 0.0010748 secs]
296.970: [GC (Allocation Failure)  27726K->21614K(31744K), 0.0009864 secs]
296.974: [GC (Allocation Failure)  27758K->21598K(31744K), 0.0011047 secs]
296.978: [GC (Allocation Failure)  27742K->21638K(31744K), 0.0010313 secs]
296.982: [GC (Allocation Failure)  27782K->21606K(31744K), 0.0009878 secs]
296.986: [GC (Allocation Failure)  27750K->21542K(31744K), 0.0011261 secs]
296.990: [GC (Allocation Failure)  27686K->21694K(31744K), 0.0010451 secs]
296.994: [GC (Allocation Failure)  27838K->21686K(31744K), 0.0010989 secs]
296.998: [GC (Allocation Failure)  27830K->21750K(31744K), 0.0009929 secs]
297.002: [GC (Allocation Failure)  27894K->21686K(31744K), 0.0009537 secs]
297.006: [GC (Allocation Failure)  27830K->21654K(31744K), 0.0009755 secs]
297.010: [GC (Allocation Failure)  27798K->21670K(31744K), 0.0010319 secs]
297.014: [GC (Allocation Failure)  27814K->21702K(31744K), 0.0011665 secs]
297.018: [GC (Allocation Failure)  27846K->21654K(31744K), 0.0010345 secs]
297.022: [GC (Allocation Failure)  27798K->21718K(31744K), 0.0011918 secs]
297.027: [GC (Allocation Failure)  27862K->21766K(31744K), 0.0012595 secs]
297.031: [GC (Allocation Failure)  27910K->21734K(31744K), 0.0011710 secs]
297.035: [GC (Allocation Failure)  27878K->21774K(31744K), 0.0013816 secs]
297.040: [GC (Allocation Failure)  27918K->21758K(31744K), 0.0015240 secs]
297.047: [GC (Allocation Failure)  27902K->21766K(31744K), 0.0020230 secs]
297.052: [GC (Allocation Failure)  27910K->21774K(31744K), 0.0015373 secs]
297.057: [GC (Allocation Failure)  27918K->21838K(31744K), 0.0013465 secs]
297.062: [GC (Allocation Failure)  27982K->21790K(31744K), 0.0017771 secs]
297.067: [GC (Allocation Failure)  27934K->21854K(31744K), 0.0015244 secs]
297.072: [GC (Allocation Failure)  27998K->21934K(31744K), 0.0014393 secs]
297.076: [GC (Allocation Failure)  28078K->21926K(31744K), 0.0016425 secs]
297.081: [GC (Allocation Failure)  28070K->21958K(31744K), 0.0011278 secs]
297.085: [GC (Allocation Failure)  28102K->21894K(31744K), 0.0012452 secs]
297.090: [GC (Allocation Failure)  28038K->21966K(31744K), 0.0012324 secs]
297.094: [GC (Allocation Failure)  28110K->21926K(31744K), 0.0013678 secs]
297.098: [GC (Allocation Failure)  28070K->21982K(31744K), 0.0010615 secs]
297.102: [GC (Allocation Failure)  28126K->21982K(31744K), 0.0011423 secs]
297.107: [GC (Allocation Failure)  28126K->22030K(31744K), 0.0012423 secs]
297.111: [GC (Allocation Failure)  28174K->22054K(31744K), 0.0012870 secs]
297.115: [GC (Allocation Failure)  28198K->22078K(31744K), 0.0011387 secs]
297.119: [GC (Allocation Failure)  28222K->22158K(31744K), 0.0013246 secs]
297.124: [GC (Allocation Failure)  28302K->22110K(31744K), 0.0011659 secs]
297.128: [GC (Allocation Failure)  28254K->22078K(31744K), 0.0013616 secs]
297.133: [GC (Allocation Failure)  28222K->22150K(31744K), 0.0010715 secs]
297.137: [GC (Allocation Failure)  28294K->22150K(31744K), 0.0011841 secs]
297.141: [GC (Allocation Failure)  28294K->22110K(31744K), 0.0014384 secs]
297.147: [GC (Allocation Failure)  28254K->22158K(31744K), 0.0015208 secs]
297.153: [GC (Allocation Failure)  28302K->22222K(31744K), 0.0018617 secs]
297.157: [GC (Allocation Failure)  28366K->22206K(31744K), 0.0014638 secs]
297.163: [GC (Allocation Failure)  28350K->22150K(31744K), 0.0013829 secs]
297.167: [GC (Allocation Failure)  28294K->22214K(31744K), 0.0011604 secs]
297.171: [GC (Allocation Failure)  28358K->22182K(31744K), 0.0014595 secs]
297.176: [GC (Allocation Failure)  28326K->22150K(31744K), 0.0014795 secs]
297.180: [GC (Allocation Failure)  28294K->22182K(31744K), 0.0012314 secs]
297.185: [GC (Allocation Failure)  28326K->22182K(31744K), 0.0011240 secs]
297.189: [GC (Allocation Failure)  28326K->22214K(31744K), 0.0012737 secs]
297.194: [GC (Allocation Failure)  28358K->22182K(31744K), 0.0017595 secs]
297.198: [GC (Allocation Failure)  28326K->22198K(31744K), 0.0012497 secs]
297.202: [GC (Allocation Failure)  28342K->22134K(31744K), 0.0011758 secs]
297.207: [GC (Allocation Failure)  28278K->22198K(31744K), 0.0011997 secs]
297.212: [GC (Allocation Failure)  28342K->22134K(31744K), 0.0014260 secs]
297.216: [GC (Allocation Failure)  28278K->22230K(31744K), 0.0011788 secs]
297.220: [GC (Allocation Failure)  28374K->22134K(31744K), 0.0013357 secs]
297.225: [GC (Allocation Failure)  28278K->22230K(31744K), 0.0015715 secs]
297.230: [GC (Allocation Failure)  28374K->22198K(31744K), 0.0012269 secs]
297.234: [GC (Allocation Failure)  28342K->22134K(31744K), 0.0012555 secs]
297.239: [GC (Allocation Failure)  28278K->22166K(31744K), 0.0020539 secs]
297.246: [GC (Allocation Failure)  28310K->22230K(31744K), 0.0020022 secs]
297.252: [GC (Allocation Failure)  28374K->22310K(31744K), 0.0019379 secs]
297.257: [GC (Allocation Failure)  28454K->22286K(31744K), 0.0013923 secs]
297.263: [GC (Allocation Failure)  28430K->22294K(31744K), 0.0014354 secs]
297.267: [GC (Allocation Failure)  28438K->22294K(31744K), 0.0012257 secs]
297.271: [GC (Allocation Failure)  28438K->22294K(31744K), 0.0014371 secs]
297.276: [GC (Allocation Failure)  28438K->22230K(31744K), 0.0016787 secs]
297.280: [GC (Allocation Failure)  28374K->22262K(31744K), 0.0012537 secs]
297.285: [GC (Allocation Failure)  28406K->22230K(31744K), 0.0012356 secs]
297.289: [GC (Allocation Failure)  28374K->22262K(31744K), 0.0011377 secs]
297.293: [GC (Allocation Failure)  28406K->22294K(31744K), 0.0015711 secs]
297.298: [GC (Allocation Failure)  28438K->22246K(31744K), 0.0010603 secs]
297.302: [GC (Allocation Failure)  28390K->22310K(31744K), 0.0014939 secs]
297.306: [GC (Allocation Failure)  28454K->22342K(31744K), 0.0012679 secs]
297.311: [GC (Allocation Failure)  28486K->22246K(31744K), 0.0014550 secs]
297.315: [GC (Allocation Failure)  28390K->22278K(31744K), 0.0011028 secs]
297.319: [GC (Allocation Failure)  28422K->22310K(31744K), 0.0011700 secs]
297.323: [GC (Allocation Failure)  28454K->22278K(31744K), 0.0011085 secs]
297.328: [GC (Allocation Failure)  28422K->22278K(31744K), 0.0012953 secs]
297.333: [GC (Allocation Failure)  28422K->22310K(31744K), 0.0012647 secs]
297.337: [GC (Allocation Failure)  28454K->22278K(31744K), 0.0012145 secs]
297.341: [GC (Allocation Failure)  28422K->22246K(31744K), 0.0009990 secs]
297.346: [GC (Allocation Failure)  28390K->22374K(31744K), 0.0016147 secs]
297.350: [GC (Allocation Failure)  28518K->22406K(31744K), 0.0018439 secs]
297.356: [GC (Allocation Failure)  28550K->22270K(31744K), 0.0013156 secs]
297.361: [GC (Allocation Failure)  28414K->22302K(31744K), 0.0019853 secs]
297.366: [GC (Allocation Failure)  28446K->22342K(31744K), 0.0012996 secs]
297.370: [GC (Allocation Failure)  28486K->22342K(31744K), 0.0012696 secs]
297.375: [GC (Allocation Failure)  28486K->22342K(31744K), 0.0011228 secs]
297.379: [GC (Allocation Failure)  28486K->22342K(31744K), 0.0012692 secs]
297.384: [GC (Allocation Failure)  28486K->22342K(31744K), 0.0011871 secs]
297.388: [GC (Allocation Failure)  28486K->22310K(31744K), 0.0012297 secs]
297.392: [GC (Allocation Failure)  28454K->22278K(31744K), 0.0018072 secs]
297.397: [GC (Allocation Failure)  28422K->22342K(31744K), 0.0013137 secs]
297.401: [GC (Allocation Failure)  28486K->22350K(31744K), 0.0011204 secs]
297.406: [GC (Allocation Failure)  28494K->22318K(31744K), 0.0013719 secs]
297.410: [GC (Allocation Failure)  28462K->22350K(31744K), 0.0015905 secs]
297.415: [GC (Allocation Failure)  28494K->22318K(31744K), 0.0010968 secs]
297.419: [GC (Allocation Failure)  28462K->22350K(31744K), 0.0011404 secs]
297.423: [GC (Allocation Failure)  28494K->22414K(31744K), 0.0015239 secs]
297.429: [GC (Allocation Failure)  28558K->22406K(31744K), 0.0016487 secs]
297.433: [GC (Allocation Failure)  28550K->22382K(31744K), 0.0012259 secs]
297.438: [GC (Allocation Failure)  28526K->22350K(31744K), 0.0011991 secs]
297.442: [GC (Allocation Failure)  28494K->22350K(31744K), 0.0017914 secs]
297.448: [GC (Allocation Failure)  28494K->22510K(31744K), 0.0013991 secs]
297.453: [GC (Allocation Failure)  28654K->22486K(31744K), 0.0016918 secs]
297.458: [GC (Allocation Failure)  28630K->22398K(31744K), 0.0016612 secs]
297.464: [GC (Allocation Failure)  28542K->22494K(31744K), 0.0015175 secs]
297.468: [GC (Allocation Failure)  28638K->22502K(31744K), 0.0011650 secs]
297.472: [GC (Allocation Failure)  28646K->22502K(31744K), 0.0011786 secs]
297.477: [GC (Allocation Failure)  28646K->22502K(31744K), 0.0013220 secs]
297.481: [GC (Allocation Failure)  28646K->22438K(31744K), 0.0010608 secs]
297.485: [GC (Allocation Failure)  28582K->22406K(31744K), 0.0011577 secs]
297.489: [GC (Allocation Failure)  28550K->22502K(31744K), 0.0011294 secs]
297.493: [GC (Allocation Failure)  28646K->22438K(31744K), 0.0012483 secs]
297.497: [GC (Allocation Failure)  28582K->22438K(31744K), 0.0009577 secs]
297.501: [GC (Allocation Failure)  28582K->22486K(31744K), 0.0012537 secs]
297.506: [GC (Allocation Failure)  28630K->22486K(31744K), 0.0009711 secs]
297.510: [GC (Allocation Failure)  28630K->22454K(31744K), 0.0013482 secs]
297.514: [GC (Allocation Failure)  28598K->22486K(31744K), 0.0009422 secs]
297.518: [GC (Allocation Failure)  28630K->22454K(31744K), 0.0009426 secs]
297.522: [GC (Allocation Failure)  28598K->22422K(31744K), 0.0016134 secs]
297.527: [GC (Allocation Failure)  28566K->22454K(31744K), 0.0013848 secs]
297.531: [GC (Allocation Failure)  28598K->22550K(31744K), 0.0012567 secs]
297.535: [GC (Allocation Failure)  28694K->22454K(31744K), 0.0011207 secs]
297.539: [GC (Allocation Failure)  28598K->22486K(31744K), 0.0010311 secs]
297.544: [GC (Allocation Failure)  28630K->22454K(31744K), 0.0010704 secs]
297.548: [GC (Allocation Failure)  28598K->22614K(31744K), 0.0013067 secs]
297.553: [GC (Allocation Failure)  28758K->22510K(31744K), 0.0016098 secs]
297.558: [GC (Allocation Failure)  28654K->22630K(31744K), 0.0013868 secs]
297.563: [GC (Allocation Failure)  28774K->22478K(31744K), 0.0011988 secs]
297.567: [GC (Allocation Failure)  28622K->22542K(31744K), 0.0012132 secs]
297.571: [GC (Allocation Failure)  28686K->22574K(31744K), 0.0012259 secs]
297.575: [GC (Allocation Failure)  28718K->22510K(31744K), 0.0012162 secs]
297.579: [GC (Allocation Failure)  28654K->22574K(31744K), 0.0009504 secs]
297.583: [GC (Allocation Failure)  28718K->22510K(31744K), 0.0009848 secs]
297.587: [GC (Allocation Failure)  28654K->22542K(31744K), 0.0011896 secs]
297.592: [GC (Allocation Failure)  28686K->22542K(31744K), 0.0011574 secs]
297.596: [GC (Allocation Failure)  28686K->22606K(31744K), 0.0010763 secs]
297.600: [GC (Allocation Failure)  28750K->22590K(31744K), 0.0014795 secs]
297.605: [GC (Allocation Failure)  28734K->22558K(31744K), 0.0008973 secs]
297.608: [GC (Allocation Failure)  28702K->22590K(31744K), 0.0011646 secs]
297.613: [GC (Allocation Failure)  28734K->22526K(31744K), 0.0011491 secs]
297.617: [GC (Allocation Failure)  28670K->22590K(31744K), 0.0011934 secs]
297.621: [GC (Allocation Failure)  28734K->22558K(31744K), 0.0010344 secs]
297.625: [GC (Allocation Failure)  28702K->22558K(31744K), 0.0010461 secs]
297.629: [GC (Allocation Failure)  28702K->22526K(31744K), 0.0009746 secs]
297.633: [GC (Allocation Failure)  28670K->22558K(31744K), 0.0009253 secs]
297.637: [GC (Allocation Failure)  28702K->22558K(31744K), 0.0010110 secs]
297.641: [GC (Allocation Failure)  28702K->22590K(31744K), 0.0008639 secs]
297.645: [GC (Allocation Failure)  28734K->22494K(31744K), 0.0008711 secs]
297.649: [GC (Allocation Failure)  28638K->22654K(31744K), 0.0009915 secs]
297.653: [GC (Allocation Failure)  28798K->22694K(31744K), 0.0012619 secs]
297.658: [GC (Allocation Failure)  28838K->22646K(31744K), 0.0009556 secs]
297.662: [GC (Allocation Failure)  28790K->22622K(31744K), 0.0011119 secs]
297.667: [GC (Allocation Failure)  28766K->22558K(31744K), 0.0009465 secs]
297.670: [GC (Allocation Failure)  28702K->22654K(31744K), 0.0011099 secs]
297.674: [GC (Allocation Failure)  28798K->22622K(31744K), 0.0010909 secs]
297.678: [GC (Allocation Failure)  28766K->22654K(31744K), 0.0011093 secs]
297.682: [GC (Allocation Failure)  28798K->22590K(31744K), 0.0009192 secs]
297.686: [GC (Allocation Failure)  28734K->22654K(31744K), 0.0009923 secs]
297.690: [GC (Allocation Failure)  28798K->22622K(31744K), 0.0009618 secs]
297.694: [GC (Allocation Failure)  28766K->22590K(31744K), 0.0009321 secs]
297.698: [GC (Allocation Failure)  28734K->22654K(31744K), 0.0008647 secs]
297.702: [GC (Allocation Failure)  28798K->22574K(31744K), 0.0008768 secs]
297.706: [GC (Allocation Failure)  28718K->22638K(31744K), 0.0007453 secs]
297.709: [GC (Allocation Failure)  28782K->22606K(31744K), 0.0009113 secs]
297.713: [GC (Allocation Failure)  28750K->22638K(31744K), 0.0008386 secs]
297.717: [GC (Allocation Failure)  28782K->22606K(31744K), 0.0008398 secs]
297.720: [GC (Allocation Failure)  28750K->22606K(31744K), 0.0008307 secs]
297.724: [GC (Allocation Failure)  28750K->22574K(31744K), 0.0008493 secs]
297.728: [GC (Allocation Failure)  28718K->22638K(31744K), 0.0008695 secs]
297.732: [GC (Allocation Failure)  28782K->22574K(31744K), 0.0008228 secs]
297.735: [GC (Allocation Failure)  28718K->22606K(31744K), 0.0008856 secs]
297.739: [GC (Allocation Failure)  28750K->22606K(31744K), 0.0009238 secs]
297.743: [GC (Allocation Failure)  28750K->22638K(31744K), 0.0008501 secs]
297.747: [GC (Allocation Failure)  28782K->22670K(31744K), 0.0009640 secs]
297.751: [GC (Allocation Failure)  28814K->22750K(31744K), 0.0009108 secs]
297.756: [GC (Allocation Failure)  28894K->22670K(31744K), 0.0011095 secs]
297.760: [GC (Allocation Failure)  28814K->22678K(31744K), 0.0012842 secs]
297.764: [GC (Allocation Failure)  28822K->22654K(31744K), 0.0009811 secs]
297.768: [GC (Allocation Failure)  28798K->22654K(31744K), 0.0010216 secs]
297.772: [GC (Allocation Failure)  28798K->22686K(31744K), 0.0010114 secs]
297.776: [GC (Allocation Failure)  28830K->22718K(31744K), 0.0009558 secs]
297.780: [GC (Allocation Failure)  28862K->22686K(31744K), 0.0009545 secs]
297.784: [GC (Allocation Failure)  28830K->22718K(31744K), 0.0010894 secs]
297.788: [GC (Allocation Failure)  28862K->22686K(31744K), 0.0009120 secs]
297.792: [GC (Allocation Failure)  28830K->22718K(31744K), 0.0010455 secs]
297.796: [GC (Allocation Failure)  28862K->22718K(31744K), 0.0009034 secs]
297.800: [GC (Allocation Failure)  28862K->22718K(31744K), 0.0008471 secs]
297.804: [GC (Allocation Failure)  28862K->22702K(31744K), 0.0009123 secs]
297.808: [GC (Allocation Failure)  28846K->22766K(31744K), 0.0011570 secs]
297.812: [GC (Allocation Failure)  28910K->22702K(31744K), 0.0008540 secs]
297.816: [GC (Allocation Failure)  28846K->22766K(31744K), 0.0009224 secs]
297.820: [GC (Allocation Failure)  28910K->22734K(31744K), 0.0010070 secs]
297.824: [GC (Allocation Failure)  28878K->22734K(31744K), 0.0008678 secs]
297.828: [GC (Allocation Failure)  28878K->22734K(31744K), 0.0008803 secs]
297.831: [GC (Allocation Failure)  28878K->22798K(31744K), 0.0007364 secs]
297.835: [GC (Allocation Failure)  28942K->22734K(31744K), 0.0009124 secs]
297.839: [GC (Allocation Failure)  28878K->22798K(31744K), 0.0009962 secs]
297.843: [GC (Allocation Failure)  28942K->22734K(31744K), 0.0009990 secs]
297.847: [GC (Allocation Failure)  28878K->22702K(31744K), 0.0008086 secs]
297.851: [GC (Allocation Failure)  28846K->22830K(31744K), 0.0010984 secs]
297.855: [GC (Allocation Failure)  28974K->22838K(31744K), 0.0011539 secs]
297.860: [GC (Allocation Failure)  28982K->22758K(31744K), 0.0013083 secs]
297.864: [GC (Allocation Failure)  28902K->22766K(31744K), 0.0010491 secs]
297.868: [GC (Allocation Failure)  28910K->22798K(31744K), 0.0008960 secs]
297.872: [GC (Allocation Failure)  28942K->22798K(31744K), 0.0008942 secs]
297.875: [GC (Allocation Failure)  28942K->22798K(31744K), 0.0008759 secs]
297.879: [GC (Allocation Failure)  28942K->22798K(31744K), 0.0009173 secs]
297.883: [GC (Allocation Failure)  28942K->22798K(31744K), 0.0009368 secs]
297.887: [GC (Allocation Failure)  28942K->22798K(31744K), 0.0007611 secs]
297.890: [GC (Allocation Failure)  28942K->22766K(31744K), 0.0008357 secs]
297.894: [GC (Allocation Failure)  28910K->22798K(31744K), 0.0009137 secs]
297.898: [GC (Allocation Failure)  28942K->22830K(31744K), 0.0010120 secs]
297.902: [GC (Allocation Failure)  28974K->22894K(31744K), 0.0009628 secs]
297.906: [GC (Allocation Failure)  29038K->22846K(31744K), 0.0010132 secs]
297.910: [GC (Allocation Failure)  28990K->22814K(31744K), 0.0008769 secs]
297.913: [GC (Allocation Failure)  28958K->22782K(31744K), 0.0008228 secs]
297.918: [GC (Allocation Failure)  28926K->22782K(31744K), 0.0008847 secs]
297.921: [GC (Allocation Failure)  28926K->22878K(31744K), 0.0009038 secs]
297.926: [GC (Allocation Failure)  29022K->22878K(31744K), 0.0012330 secs]
297.930: [GC (Allocation Failure)  29022K->22870K(31744K), 0.0009952 secs]
297.934: [GC (Allocation Failure)  29014K->22846K(31744K), 0.0011878 secs]
297.938: [GC (Allocation Failure)  28990K->22878K(31744K), 0.0009413 secs]
297.942: [GC (Allocation Failure)  29022K->22846K(31744K), 0.0011102 secs]
297.946: [GC (Allocation Failure)  28990K->22814K(31744K), 0.0009357 secs]
297.950: [GC (Allocation Failure)  28958K->22942K(31744K), 0.0011126 secs]
297.955: [GC (Allocation Failure)  29086K->22982K(31744K), 0.0013154 secs]
297.959: [GC (Allocation Failure)  29126K->22966K(31744K), 0.0013495 secs]
297.964: [GC (Allocation Failure)  29110K->22942K(31744K), 0.0010050 secs]
297.968: [GC (Allocation Failure)  29086K->22878K(31744K), 0.0009373 secs]
297.971: [GC (Allocation Failure)  29022K->22878K(31744K), 0.0008880 secs]
297.975: [GC (Allocation Failure)  29022K->22846K(31744K), 0.0009352 secs]
297.979: [GC (Allocation Failure)  28990K->22910K(31744K), 0.0008767 secs]
297.982: [GC (Allocation Failure)  29054K->22878K(31744K), 0.0009683 secs]
297.986: [GC (Allocation Failure)  29022K->22942K(31744K), 0.0008307 secs]
297.990: [GC (Allocation Failure)  29086K->22974K(31744K), 0.0010585 secs]
297.994: [GC (Allocation Failure)  29118K->22878K(31744K), 0.0009440 secs]
297.998: [GC (Allocation Failure)  29022K->22942K(31744K), 0.0009834 secs]
298.001: [GC (Allocation Failure)  29086K->22910K(31744K), 0.0007705 secs]
298.005: [GC (Allocation Failure)  29054K->22942K(31744K), 0.0008963 secs]
298.009: [GC (Allocation Failure)  29086K->22926K(31744K), 0.0009595 secs]
298.013: [GC (Allocation Failure)  29070K->22894K(31744K), 0.0010089 secs]
298.017: [GC (Allocation Failure)  29038K->22894K(31744K), 0.0009564 secs]
298.021: [GC (Allocation Failure)  29038K->22894K(31744K), 0.0008794 secs]
298.024: [GC (Allocation Failure)  29038K->22894K(31744K), 0.0008366 secs]
298.028: [GC (Allocation Failure)  29038K->22926K(31744K), 0.0007992 secs]
298.032: [GC (Allocation Failure)  29070K->22958K(31744K), 0.0009637 secs]
298.036: [GC (Allocation Failure)  29102K->22926K(31744K), 0.0009776 secs]
298.041: [GC (Allocation Failure)  29070K->22926K(31744K), 0.0013061 secs]
298.046: [GC (Allocation Failure)  29070K->22958K(31744K), 0.0012100 secs]
298.050: [GC (Allocation Failure)  29102K->23022K(31744K), 0.0011893 secs]
298.055: [GC (Allocation Failure)  29166K->23014K(31744K), 0.0012769 secs]
298.060: [GC (Allocation Failure)  29158K->23006K(31744K), 0.0016161 secs]
298.064: [GC (Allocation Failure)  29150K->23014K(31744K), 0.0010005 secs]
298.068: [GC (Allocation Failure)  29158K->22982K(31744K), 0.0008518 secs]
298.072: [GC (Allocation Failure)  29126K->22982K(31744K), 0.0012169 secs]
298.076: [GC (Allocation Failure)  29126K->22950K(31744K), 0.0010231 secs]
298.080: [GC (Allocation Failure)  29094K->22982K(31744K), 0.0010537 secs]
298.084: [GC (Allocation Failure)  29126K->22950K(31744K), 0.0011112 secs]
298.088: [GC (Allocation Failure)  29094K->22982K(31744K), 0.0010268 secs]
298.092: [GC (Allocation Failure)  29126K->22982K(31744K), 0.0009576 secs]
298.096: [GC (Allocation Failure)  29126K->22950K(31744K), 0.0010118 secs]
298.100: [GC (Allocation Failure)  29094K->22950K(31744K), 0.0007636 secs]
298.104: [GC (Allocation Failure)  29094K->22918K(31744K), 0.0008159 secs]
298.107: [GC (Allocation Failure)  29062K->22982K(31744K), 0.0009000 secs]
298.111: [GC (Allocation Failure)  29126K->22966K(31744K), 0.0008366 secs]
298.115: [GC (Allocation Failure)  29110K->22934K(31744K), 0.0008842 secs]
298.119: [GC (Allocation Failure)  29078K->22966K(31744K), 0.0008419 secs]
298.122: [GC (Allocation Failure)  29110K->23062K(31744K), 0.0008033 secs]
298.126: [GC (Allocation Failure)  29206K->22998K(31744K), 0.0009564 secs]
298.130: [GC (Allocation Failure)  29142K->22998K(31744K), 0.0008549 secs]
298.133: [GC (Allocation Failure)  29142K->22998K(31744K), 0.0008460 secs]
298.137: [GC (Allocation Failure)  29142K->22966K(31744K), 0.0009064 secs]
298.141: [GC (Allocation Failure)  29110K->22998K(31744K), 0.0007338 secs]
298.144: [GC (Allocation Failure)  29142K->22998K(31744K), 0.0007925 secs]
298.148: [GC (Allocation Failure)  29142K->22998K(31744K), 0.0008284 secs]
298.152: [GC (Allocation Failure)  29142K->23062K(31744K), 0.0010549 secs]
298.156: [GC (Allocation Failure)  29206K->23062K(31744K), 0.0011731 secs]
298.161: [GC (Allocation Failure)  29206K->23094K(31744K), 0.0011354 secs]
298.165: [GC (Allocation Failure)  29238K->23038K(31744K), 0.0011114 secs]
298.169: [GC (Allocation Failure)  29182K->23070K(31744K), 0.0010474 secs]
298.173: [GC (Allocation Failure)  29214K->23070K(31744K), 0.0009295 secs]
298.177: [GC (Allocation Failure)  29214K->23038K(31744K), 0.0011462 secs]
298.181: [GC (Allocation Failure)  29182K->23102K(31744K), 0.0008453 secs]
298.185: [GC (Allocation Failure)  29246K->23102K(31744K), 0.0009050 secs]
298.189: [GC (Allocation Failure)  29246K->23070K(31744K), 0.0010057 secs]
298.193: [GC (Allocation Failure)  29214K->23070K(31744K), 0.0008254 secs]
298.197: [GC (Allocation Failure)  29214K->23070K(31744K), 0.0008844 secs]
298.200: [GC (Allocation Failure)  29214K->23102K(31744K), 0.0008895 secs]
298.204: [GC (Allocation Failure)  29246K->23038K(31744K), 0.0009025 secs]
298.208: [GC (Allocation Failure)  29182K->23102K(31744K), 0.0008146 secs]
298.212: [GC (Allocation Failure)  29246K->23086K(31744K), 0.0008788 secs]
298.216: [GC (Allocation Failure)  29230K->23054K(31744K), 0.0008111 secs]
298.219: [GC (Allocation Failure)  29198K->23054K(31744K), 0.0008541 secs]
298.223: [GC (Allocation Failure)  29198K->23022K(31744K), 0.0008608 secs]
298.227: [GC (Allocation Failure)  29166K->23022K(31744K), 0.0007916 secs]
298.230: [GC (Allocation Failure)  29166K->23118K(31744K), 0.0007629 secs]
298.234: [GC (Allocation Failure)  29262K->23086K(31744K), 0.0008548 secs]
298.238: [GC (Allocation Failure)  29230K->23054K(31744K), 0.0008658 secs]
298.241: [GC (Allocation Failure)  29198K->23054K(31744K), 0.0010066 secs]
298.246: [GC (Allocation Failure)  29198K->23054K(31744K), 0.0008821 secs]
298.249: [GC (Allocation Failure)  29198K->23086K(31744K), 0.0009491 secs]
298.253: [GC (Allocation Failure)  29230K->23150K(31744K), 0.0011559 secs]
298.257: [GC (Allocation Failure)  29294K->23142K(31744K), 0.0011579 secs]
298.262: [GC (Allocation Failure)  29286K->23166K(31744K), 0.0011506 secs]
298.266: [GC (Allocation Failure)  29310K->23110K(31744K), 0.0009327 secs]
298.270: [GC (Allocation Failure)  29254K->23110K(31744K), 0.0008549 secs]
298.273: [GC (Allocation Failure)  29254K->23206K(31744K), 0.0010864 secs]
298.277: [GC (Allocation Failure)  29350K->23174K(31744K), 0.0010167 secs]
298.281: [GC (Allocation Failure)  29318K->23174K(31744K), 0.0009658 secs]
298.285: [GC (Allocation Failure)  29318K->23110K(31744K), 0.0008708 secs]
298.288: [GC (Allocation Failure)  29254K->23174K(31744K), 0.0008305 secs]
298.292: [GC (Allocation Failure)  29318K->23174K(31744K), 0.0008503 secs]
298.296: [GC (Allocation Failure)  29318K->23078K(31744K), 0.0008856 secs]
298.300: [GC (Allocation Failure)  29222K->23142K(31744K), 0.0009425 secs]
298.304: [GC (Allocation Failure)  29286K->23078K(31744K), 0.0008500 secs]
298.308: [GC (Allocation Failure)  29222K->23174K(31744K), 0.0008139 secs]
298.311: [GC (Allocation Failure)  29318K->23190K(31744K), 0.0008659 secs]
298.315: [GC (Allocation Failure)  29334K->23158K(31744K), 0.0008975 secs]
298.319: [GC (Allocation Failure)  29302K->23126K(31744K), 0.0008430 secs]
298.322: [GC (Allocation Failure)  29270K->23126K(31744K), 0.0010128 secs]
298.326: [GC (Allocation Failure)  29270K->23094K(31744K), 0.0009817 secs]
298.330: [GC (Allocation Failure)  29238K->23190K(31744K), 0.0009280 secs]
298.334: [GC (Allocation Failure)  29334K->23126K(31744K), 0.0008720 secs]
298.338: [GC (Allocation Failure)  29270K->23158K(31744K), 0.0007993 secs]
298.341: [GC (Allocation Failure)  29302K->23094K(31744K), 0.0008204 secs]
298.345: [GC (Allocation Failure)  29238K->23158K(31744K), 0.0009106 secs]
298.349: [GC (Allocation Failure)  29302K->23158K(31744K), 0.0008575 secs]
298.353: [GC (Allocation Failure)  29302K->23158K(31744K), 0.0009143 secs]
298.358: [GC (Allocation Failure)  29302K->23222K(31744K), 0.0016106 secs]
298.363: [GC (Allocation Failure)  29366K->23206K(31744K), 0.0011092 secs]
298.367: [GC (Allocation Failure)  29350K->23230K(31744K), 0.0010789 secs]
298.371: [GC (Allocation Failure)  29374K->23262K(31744K), 0.0009933 secs]
298.375: [GC (Allocation Failure)  29406K->23230K(31744K), 0.0010467 secs]
298.379: [GC (Allocation Failure)  29374K->23230K(31744K), 0.0009436 secs]
298.383: [GC (Allocation Failure)  29374K->23230K(31744K), 0.0008171 secs]
298.386: [GC (Allocation Failure)  29374K->23198K(31744K), 0.0008224 secs]
298.390: [GC (Allocation Failure)  29342K->23230K(31744K), 0.0008871 secs]
298.394: [GC (Allocation Failure)  29374K->23198K(31744K), 0.0007848 secs]
298.397: [GC (Allocation Failure)  29342K->23230K(31744K), 0.0010587 secs]
298.401: [GC (Allocation Failure)  29374K->23198K(31744K), 0.0008926 secs]
298.405: [GC (Allocation Failure)  29342K->23230K(31744K), 0.0009218 secs]
298.409: [GC (Allocation Failure)  29374K->23262K(31744K), 0.0008766 secs]
298.413: [GC (Allocation Failure)  29406K->23262K(31744K), 0.0008602 secs]
298.416: [GC (Allocation Failure)  29406K->23246K(31744K), 0.0009249 secs]
298.420: [GC (Allocation Failure)  29390K->23246K(31744K), 0.0008684 secs]
298.424: [GC (Allocation Failure)  29390K->23278K(31744K), 0.0009749 secs]
298.429: [GC (Allocation Failure)  29422K->23374K(31744K), 0.0013010 secs]
298.433: [GC (Allocation Failure)  29518K->23238K(31744K), 0.0010462 secs]
298.437: [GC (Allocation Failure)  29382K->23246K(31744K), 0.0010786 secs]
298.441: [GC (Allocation Failure)  29390K->23246K(31744K), 0.0008326 secs]
298.445: [GC (Allocation Failure)  29390K->23278K(31744K), 0.0009823 secs]
298.449: [GC (Allocation Failure)  29422K->23310K(31744K), 0.0009642 secs]
298.453: [GC (Allocation Failure)  29454K->23342K(31744K), 0.0009312 secs]
298.457: [GC (Allocation Failure)  29486K->23334K(31744K), 0.0012607 secs]
298.462: [GC (Allocation Failure)  29478K->23294K(31744K), 0.0015059 secs]
298.466: [GC (Allocation Failure)  29438K->23366K(31744K), 0.0011359 secs]
298.470: [GC (Allocation Failure)  29510K->23310K(31744K), 0.0011069 secs]
298.475: [GC (Allocation Failure)  29454K->23278K(31744K), 0.0010215 secs]
298.479: [GC (Allocation Failure)  29422K->23310K(31744K), 0.0010524 secs]
298.483: [GC (Allocation Failure)  29454K->23342K(31744K), 0.0010313 secs]
298.487: [GC (Allocation Failure)  29486K->23342K(31744K), 0.0009714 secs]
298.490: [GC (Allocation Failure)  29486K->23310K(31744K), 0.0010265 secs]
298.495: [GC (Allocation Failure)  29454K->23342K(31744K), 0.0011670 secs]
298.499: [GC (Allocation Failure)  29486K->23310K(31744K), 0.0011621 secs]
298.503: [GC (Allocation Failure)  29454K->23342K(31744K), 0.0009656 secs]
298.507: [GC (Allocation Failure)  29486K->23310K(31744K), 0.0010629 secs]
298.511: [GC (Allocation Failure)  29454K->23374K(31744K), 0.0010308 secs]
298.515: [GC (Allocation Failure)  29518K->23342K(31744K), 0.0009179 secs]
298.519: [GC (Allocation Failure)  29486K->23390K(31744K), 0.0009267 secs]
298.522: [GC (Allocation Failure)  29534K->23390K(31744K), 0.0010931 secs]
298.527: [GC (Allocation Failure)  29534K->23358K(31744K), 0.0011840 secs]
298.531: [GC (Allocation Failure)  29502K->23358K(31744K), 0.0010588 secs]
298.535: [GC (Allocation Failure)  29502K->23358K(31744K), 0.0009992 secs]
298.539: [GC (Allocation Failure)  29502K->23358K(31744K), 0.0010131 secs]
298.543: [GC (Allocation Failure)  29502K->23326K(31744K), 0.0010251 secs]
298.547: [GC (Allocation Failure)  29470K->23358K(31744K), 0.0010209 secs]
298.551: [GC (Allocation Failure)  29502K->23358K(31744K), 0.0009172 secs]
298.555: [GC (Allocation Failure)  29502K->23486K(31744K), 0.0016163 secs]
298.561: [GC (Allocation Failure)  29630K->23446K(31744K), 0.0013886 secs]
298.565: [GC (Allocation Failure)  29590K->23494K(31744K), 0.0011343 secs]
298.569: [GC (Allocation Failure)  29638K->23454K(31744K), 0.0010913 secs]
298.573: [GC (Allocation Failure)  29598K->23422K(31744K), 0.0010859 secs]
298.578: [GC (Allocation Failure)  29566K->23390K(31744K), 0.0010042 secs]
298.582: [GC (Allocation Failure)  29534K->23422K(31744K), 0.0008323 secs]
298.586: [GC (Allocation Failure)  29566K->23454K(31744K), 0.0009601 secs]
298.589: [GC (Allocation Failure)  29598K->23390K(31744K), 0.0008181 secs]
298.593: [GC (Allocation Failure)  29534K->23422K(31744K), 0.0009747 secs]
298.597: [GC (Allocation Failure)  29566K->23422K(31744K), 0.0009122 secs]
298.601: [GC (Allocation Failure)  29566K->23454K(31744K), 0.0008691 secs]
298.605: [GC (Allocation Failure)  29598K->23454K(31744K), 0.0008772 secs]
298.608: [GC (Allocation Failure)  29598K->23390K(31744K), 0.0009910 secs]
298.612: [GC (Allocation Failure)  29534K->23454K(31744K), 0.0008511 secs]
298.616: [GC (Allocation Failure)  29598K->23422K(31744K), 0.0008735 secs]
298.620: [GC (Allocation Failure)  29566K->23438K(31744K), 0.0008570 secs]
298.624: [GC (Allocation Failure)  29582K->23406K(31744K), 0.0010059 secs]
298.628: [GC (Allocation Failure)  29550K->23374K(31744K), 0.0009884 secs]
298.632: [GC (Allocation Failure)  29518K->23438K(31744K), 0.0010809 secs]
298.636: [GC (Allocation Failure)  29582K->23374K(31744K), 0.0009545 secs]
298.639: [GC (Allocation Failure)  29518K->23438K(31744K), 0.0008992 secs]
298.643: [GC (Allocation Failure)  29582K->23470K(31744K), 0.0009371 secs]
298.647: [GC (Allocation Failure)  29614K->23438K(31744K), 0.0008775 secs]
298.651: [GC (Allocation Failure)  29582K->23438K(31744K), 0.0008138 secs]
298.654: [GC (Allocation Failure)  29582K->23534K(31744K), 0.0010128 secs]
298.659: [GC (Allocation Failure)  29678K->23462K(31744K), 0.0010849 secs]
298.663: [GC (Allocation Failure)  29606K->23462K(31744K), 0.0013913 secs]
298.667: [GC (Allocation Failure)  29606K->23470K(31744K), 0.0010784 secs]
298.671: [GC (Allocation Failure)  29614K->23518K(31744K), 0.0008537 secs]
298.675: [GC (Allocation Failure)  29662K->23422K(31744K), 0.0008541 secs]
298.678: [GC (Allocation Failure)  29566K->23486K(31744K), 0.0009558 secs]
298.682: [GC (Allocation Failure)  29630K->23518K(31744K), 0.0009627 secs]
298.686: [GC (Allocation Failure)  29662K->23486K(31744K), 0.0009497 secs]
298.690: [GC (Allocation Failure)  29630K->23518K(31744K), 0.0009362 secs]
298.694: [GC (Allocation Failure)  29662K->23454K(31744K), 0.0009666 secs]
298.698: [GC (Allocation Failure)  29598K->23454K(31744K), 0.0008771 secs]
298.702: [GC (Allocation Failure)  29598K->23486K(31744K), 0.0008333 secs]
298.705: [GC (Allocation Failure)  29630K->23518K(31744K), 0.0008329 secs]
298.709: [GC (Allocation Failure)  29662K->23518K(31744K), 0.0008301 secs]
298.713: [GC (Allocation Failure)  29662K->23454K(31744K), 0.0008789 secs]
298.717: [GC (Allocation Failure)  29598K->23518K(31744K), 0.0009567 secs]
298.721: [GC (Allocation Failure)  29662K->23502K(31744K), 0.0009440 secs]
298.724: [GC (Allocation Failure)  29646K->23470K(31744K), 0.0010686 secs]
298.728: [GC (Allocation Failure)  29614K->23534K(31744K), 0.0008539 secs]
298.732: [GC (Allocation Failure)  29678K->23534K(31744K), 0.0009018 secs]
298.736: [GC (Allocation Failure)  29678K->23502K(31744K), 0.0009219 secs]
298.739: [GC (Allocation Failure)  29646K->23502K(31744K), 0.0008125 secs]
298.743: [GC (Allocation Failure)  29646K->23470K(31744K), 0.0011021 secs]
298.747: [GC (Allocation Failure)  29614K->23502K(31744K), 0.0009075 secs]
298.751: [GC (Allocation Failure)  29646K->23470K(31744K), 0.0009170 secs]
298.755: [GC (Allocation Failure)  29614K->23598K(31744K), 0.0011255 secs]
298.759: [GC (Allocation Failure)  29742K->23630K(31744K), 0.0014913 secs]
298.764: [GC (Allocation Failure)  29774K->23518K(31744K), 0.0011055 secs]
298.768: [GC (Allocation Failure)  29662K->23590K(31744K), 0.0009242 secs]
298.771: [GC (Allocation Failure)  29734K->23574K(31744K), 0.0009269 secs]
298.777: [GC (Allocation Failure)  29718K->23510K(31744K), 0.0012903 secs]
298.781: [GC (Allocation Failure)  29654K->23542K(31744K), 0.0009567 secs]
298.785: [GC (Allocation Failure)  29686K->23510K(31744K), 0.0009702 secs]
298.788: [GC (Allocation Failure)  29654K->23574K(31744K), 0.0008943 secs]
298.792: [GC (Allocation Failure)  29718K->23574K(31744K), 0.0010329 secs]
298.796: [GC (Allocation Failure)  29718K->23574K(31744K), 0.0009635 secs]
298.800: [GC (Allocation Failure)  29718K->23542K(31744K), 0.0009566 secs]
298.803: [GC (Allocation Failure)  29686K->23574K(31744K), 0.0009384 secs]
298.807: [GC (Allocation Failure)  29718K->23542K(31744K), 0.0009508 secs]
298.811: [GC (Allocation Failure)  29686K->23574K(31744K), 0.0009831 secs]
298.815: [GC (Allocation Failure)  29718K->23542K(31744K), 0.0010551 secs]
298.819: [GC (Allocation Failure)  29686K->23638K(31744K), 0.0008787 secs]
298.823: [GC (Allocation Failure)  29782K->23526K(31744K), 0.0010078 secs]
298.827: [GC (Allocation Failure)  29670K->23558K(31744K), 0.0009772 secs]
298.831: [GC (Allocation Failure)  29702K->23526K(31744K), 0.0007828 secs]
298.834: [GC (Allocation Failure)  29670K->23590K(31744K), 0.0010572 secs]
298.838: [GC (Allocation Failure)  29734K->23558K(31744K), 0.0009127 secs]
298.842: [GC (Allocation Failure)  29702K->23526K(31744K), 0.0008748 secs]
298.846: [GC (Allocation Failure)  29670K->23558K(31744K), 0.0008903 secs]
298.849: [GC (Allocation Failure)  29702K->23526K(31744K), 0.0010553 secs]
298.854: [GC (Allocation Failure)  29670K->23622K(31744K), 0.0010674 secs]
298.858: [GC (Allocation Failure)  29766K->23694K(31744K), 0.0017561 secs]
298.863: [GC (Allocation Failure)  29838K->23678K(31744K), 0.0013947 secs]
298.867: [GC (Allocation Failure)  29822K->23718K(31744K), 0.0011244 secs]
298.871: [GC (Allocation Failure)  29862K->23702K(31744K), 0.0009789 secs]
298.876: [GC (Allocation Failure)  29846K->23702K(31744K), 0.0013974 secs]
298.880: [GC (Allocation Failure)  29846K->23670K(31744K), 0.0010977 secs]
298.884: [GC (Allocation Failure)  29814K->23606K(31744K), 0.0010176 secs]
298.888: [GC (Allocation Failure)  29750K->23670K(31744K), 0.0009590 secs]
298.892: [GC (Allocation Failure)  29814K->23670K(31744K), 0.0009695 secs]
298.896: [GC (Allocation Failure)  29814K->23638K(31744K), 0.0010214 secs]
298.900: [GC (Allocation Failure)  29782K->23670K(31744K), 0.0013177 secs]
298.904: [GC (Allocation Failure)  29814K->23702K(31744K), 0.0010328 secs]
298.908: [GC (Allocation Failure)  29846K->23670K(31744K), 0.0013459 secs]
298.912: [GC (Allocation Failure)  29814K->23702K(31744K), 0.0010165 secs]
298.916: [GC (Allocation Failure)  29846K->23670K(31744K), 0.0011834 secs]
298.920: [GC (Allocation Failure)  29814K->23734K(31744K), 0.0010473 secs]
298.924: [GC (Allocation Failure)  29878K->23654K(31744K), 0.0010712 secs]
298.929: [GC (Allocation Failure)  29798K->23782K(31744K), 0.0013401 secs]
298.934: [GC (Allocation Failure)  29926K->23782K(31744K), 0.0012248 secs]
298.938: [GC (Allocation Failure)  29926K->23726K(31744K), 0.0011238 secs]
298.942: [GC (Allocation Failure)  29870K->23726K(31744K), 0.0016732 secs]
298.947: [GC (Allocation Failure)  29870K->23758K(31744K), 0.0010042 secs]
298.951: [GC (Allocation Failure)  29902K->23694K(31744K), 0.0008788 secs]
298.955: [GC (Allocation Failure)  29838K->23854K(31744K), 0.0016325 secs]
298.961: [GC (Allocation Failure)  29998K->23782K(31744K), 0.0018460 secs]
298.966: [GC (Allocation Failure)  29926K->23758K(31744K), 0.0012060 secs]
298.970: [GC (Allocation Failure)  29902K->23830K(31744K), 0.0010275 secs]
298.974: [GC (Allocation Failure)  29974K->23782K(31744K), 0.0009882 secs]
298.978: [GC (Allocation Failure)  29926K->23846K(31744K), 0.0010425 secs]
298.982: [GC (Allocation Failure)  29990K->23814K(31744K), 0.0008543 secs]
298.985: [GC (Allocation Failure)  29958K->23718K(31744K), 0.0009253 secs]
298.989: [GC (Allocation Failure)  29862K->23814K(31744K), 0.0009131 secs]
298.993: [GC (Allocation Failure)  29958K->23750K(31744K), 0.0014053 secs]
298.997: [GC (Allocation Failure)  29894K->23814K(31744K), 0.0010311 secs]
299.001: [GC (Allocation Failure)  29958K->23750K(31744K), 0.0009655 secs]
299.005: [GC (Allocation Failure)  29894K->23782K(31744K), 0.0010809 secs]
299.009: [GC (Allocation Failure)  29926K->23718K(31744K), 0.0009464 secs]
299.013: [GC (Allocation Failure)  29862K->23718K(31744K), 0.0010313 secs]
299.017: [GC (Allocation Failure)  29862K->23718K(31744K), 0.0009809 secs]
299.021: [GC (Allocation Failure)  29862K->23846K(31744K), 0.0010451 secs]
299.025: [GC (Allocation Failure)  29990K->23766K(31744K), 0.0011532 secs]
299.029: [GC (Allocation Failure)  29910K->23830K(31744K), 0.0009614 secs]
299.033: [GC (Allocation Failure)  29974K->23734K(31744K), 0.0010095 secs]
299.037: [GC (Allocation Failure)  29878K->23766K(31744K), 0.0011532 secs]
299.042: [GC (Allocation Failure)  29910K->23766K(31744K), 0.0017341 secs]
299.047: [GC (Allocation Failure)  29910K->23766K(31744K), 0.0012754 secs]
299.051: [GC (Allocation Failure)  29910K->23798K(31744K), 0.0010713 secs]
299.055: [GC (Allocation Failure)  29942K->23862K(31744K), 0.0014243 secs]
299.060: [GC (Allocation Failure)  30006K->23854K(31744K), 0.0016517 secs]
299.065: [GC (Allocation Failure)  29998K->23806K(31744K), 0.0014764 secs]
299.069: [GC (Allocation Failure)  29950K->23878K(31744K), 0.0011010 secs]
299.074: [GC (Allocation Failure)  30022K->23926K(31744K), 0.0010923 secs]
299.079: [GC (Allocation Failure)  30070K->23862K(31744K), 0.0011182 secs]
299.083: [GC (Allocation Failure)  30006K->23862K(31744K), 0.0010599 secs]
299.087: [GC (Allocation Failure)  30006K->23862K(31744K), 0.0012708 secs]
299.091: [GC (Allocation Failure)  30006K->23862K(31744K), 0.0009363 secs]
299.095: [GC (Allocation Failure)  30006K->23830K(31744K), 0.0010436 secs]
299.098: [GC (Allocation Failure)  29974K->23894K(31744K), 0.0008854 secs]
299.102: [GC (Allocation Failure)  30038K->23862K(31744K), 0.0007757 secs]
299.106: [GC (Allocation Failure)  30006K->23830K(31744K), 0.0010233 secs]
299.110: [GC (Allocation Failure)  29974K->23830K(31744K), 0.0008949 secs]
299.114: [GC (Allocation Failure)  29974K->23862K(31744K), 0.0009725 secs]
299.118: [GC (Allocation Failure)  30006K->23862K(31744K), 0.0008599 secs]
299.122: [GC (Allocation Failure)  30006K->23894K(31744K), 0.0008484 secs]
299.125: [GC (Allocation Failure)  30038K->23838K(31744K), 0.0007872 secs]
299.129: [GC (Allocation Failure)  29982K->23902K(31744K), 0.0008723 secs]
299.133: [GC (Allocation Failure)  30046K->23838K(31744K), 0.0009598 secs]
299.136: [GC (Allocation Failure)  29982K->23838K(31744K), 0.0008586 secs]
299.140: [GC (Allocation Failure)  29982K->23838K(31744K), 0.0008590 secs]
299.145: [GC (Allocation Failure)  29982K->23838K(31744K), 0.0009487 secs]
299.149: [GC (Allocation Failure)  29982K->23806K(31744K), 0.0011066 secs]
299.153: [GC (Allocation Failure)  29950K->23870K(31744K), 0.0009291 secs]
299.158: [GC (Allocation Failure)  30014K->23966K(31744K), 0.0009634 secs]
299.162: [GC (Allocation Failure)  30110K->23966K(31744K), 0.0014891 secs]
299.166: [GC (Allocation Failure)  30110K->23990K(31744K), 0.0010255 secs]
299.170: [GC (Allocation Failure)  30134K->23934K(31744K), 0.0009831 secs]
299.174: [GC (Allocation Failure)  30078K->23918K(31744K), 0.0009825 secs]
299.178: [GC (Allocation Failure)  30062K->23886K(31744K), 0.0009862 secs]
299.182: [GC (Allocation Failure)  30030K->23950K(31744K), 0.0010605 secs]
299.186: [GC (Allocation Failure)  30094K->23950K(31744K), 0.0008979 secs]
299.190: [GC (Allocation Failure)  30094K->23918K(31744K), 0.0008317 secs]
299.194: [GC (Allocation Failure)  30062K->23950K(31744K), 0.0008174 secs]
299.197: [GC (Allocation Failure)  30094K->23918K(31744K), 0.0008180 secs]
299.201: [GC (Allocation Failure)  30062K->23982K(31744K), 0.0008883 secs]
299.205: [GC (Allocation Failure)  30126K->23950K(31744K), 0.0008592 secs]
299.208: [GC (Allocation Failure)  30094K->23918K(31744K), 0.0008811 secs]
299.212: [GC (Allocation Failure)  30062K->23982K(31744K), 0.0010781 secs]
299.216: [GC (Allocation Failure)  30126K->23918K(31744K), 0.0008876 secs]
299.220: [GC (Allocation Failure)  30062K->23982K(31744K), 0.0009005 secs]
299.224: [GC (Allocation Failure)  30126K->23966K(31744K), 0.0007622 secs]
299.227: [GC (Allocation Failure)  30110K->23966K(31744K), 0.0008929 secs]
299.231: [GC (Allocation Failure)  30110K->23998K(31744K), 0.0008501 secs]
299.235: [GC (Allocation Failure)  30142K->23998K(31744K), 0.0009201 secs]
299.239: [GC (Allocation Failure)  30142K->23998K(31744K), 0.0008058 secs]
299.242: [GC (Allocation Failure)  30142K->23934K(31744K), 0.0014443 secs]
299.246: [GC (Allocation Failure)  30078K->23966K(31744K), 0.0009326 secs]
299.250: [GC (Allocation Failure)  30110K->23966K(31744K), 0.0008830 secs]
299.254: [GC (Allocation Failure)  30110K->24030K(31744K), 0.0012703 secs]
299.258: [GC (Allocation Failure)  30174K->24054K(31744K), 0.0012142 secs]
299.263: [GC (Allocation Failure)  30198K->24022K(31744K), 0.0011890 secs]
299.267: [GC (Allocation Failure)  30166K->24078K(31744K), 0.0011116 secs]
299.271: [GC (Allocation Failure)  30222K->23990K(31744K), 0.0009172 secs]
299.275: [GC (Allocation Failure)  30134K->24070K(31744K), 0.0010307 secs]
299.279: [GC (Allocation Failure)  30214K->24038K(31744K), 0.0008978 secs]
299.283: [GC (Allocation Failure)  30182K->23974K(31744K), 0.0008833 secs]
299.286: [GC (Allocation Failure)  30118K->24070K(31744K), 0.0008541 secs]
299.290: [GC (Allocation Failure)  30214K->24038K(31744K), 0.0008737 secs]
299.294: [GC (Allocation Failure)  30182K->23974K(31744K), 0.0011205 secs]
299.298: [GC (Allocation Failure)  30118K->24006K(31744K), 0.0009203 secs]
299.302: [GC (Allocation Failure)  30150K->24070K(31744K), 0.0009660 secs]
299.306: [GC (Allocation Failure)  30214K->24070K(31744K), 0.0008251 secs]
299.309: [GC (Allocation Failure)  30214K->24006K(31744K), 0.0009225 secs]
299.313: [GC (Allocation Failure)  30150K->24006K(31744K), 0.0008676 secs]
299.317: [GC (Allocation Failure)  30150K->24070K(31744K), 0.0008183 secs]
299.320: [GC (Allocation Failure)  30214K->24038K(31744K), 0.0008513 secs]
299.324: [GC (Allocation Failure)  30182K->24102K(31744K), 0.0010819 secs]
299.328: [GC (Allocation Failure)  30246K->24086K(31744K), 0.0008622 secs]
299.332: [GC (Allocation Failure)  30230K->23990K(31744K), 0.0009497 secs]
299.336: [GC (Allocation Failure)  30134K->24086K(31744K), 0.0009127 secs]
299.340: [GC (Allocation Failure)  30230K->24086K(31744K), 0.0008927 secs]
299.344: [GC (Allocation Failure)  30230K->23990K(31744K), 0.0008609 secs]
299.347: [GC (Allocation Failure)  30134K->24054K(31744K), 0.0008447 secs]
299.351: [GC (Allocation Failure)  30198K->24054K(31744K), 0.0008377 secs]
299.355: [GC (Allocation Failure)  30198K->24054K(31744K), 0.0008893 secs]
299.359: [GC (Allocation Failure)  30198K->24150K(31744K), 0.0011041 secs]
299.363: [GC (Allocation Failure)  30294K->24142K(31744K), 0.0010517 secs]
299.368: [GC (Allocation Failure)  30286K->24086K(31744K), 0.0009609 secs]
299.372: [GC (Allocation Failure)  30230K->24062K(31744K), 0.0009350 secs]
299.376: [GC (Allocation Failure)  30206K->24094K(31744K), 0.0009828 secs]
299.379: [GC (Allocation Failure)  30238K->24078K(31744K), 0.0008379 secs]
299.383: [GC (Allocation Failure)  30222K->24110K(31744K), 0.0008538 secs]
299.387: [GC (Allocation Failure)  30254K->24110K(31744K), 0.0007741 secs]
299.390: [GC (Allocation Failure)  30254K->24078K(31744K), 0.0008366 secs]
299.394: [GC (Allocation Failure)  30222K->24078K(31744K), 0.0007874 secs]
299.397: [GC (Allocation Failure)  30222K->24110K(31744K), 0.0008320 secs]
299.401: [GC (Allocation Failure)  30254K->24110K(31744K), 0.0008455 secs]
299.405: [GC (Allocation Failure)  30254K->24078K(31744K), 0.0008841 secs]
299.408: [GC (Allocation Failure)  30222K->24142K(31744K), 0.0008592 secs]
299.412: [GC (Allocation Failure)  30286K->24078K(31744K), 0.0010080 secs]
299.416: [GC (Allocation Failure)  30222K->24110K(31744K), 0.0009328 secs]
299.420: [GC (Allocation Failure)  30254K->24046K(31744K), 0.0010080 secs]
299.424: [GC (Allocation Failure)  30190K->24174K(31744K), 0.0009327 secs]
299.428: [GC (Allocation Failure)  30318K->24062K(31744K), 0.0009700 secs]
299.432: [GC (Allocation Failure)  30206K->24222K(31744K), 0.0011758 secs]
299.436: [GC (Allocation Failure)  30366K->24166K(31744K), 0.0010733 secs]
299.440: [GC (Allocation Failure)  30310K->24174K(31744K), 0.0010306 secs]
299.445: [GC (Allocation Failure)  30318K->24142K(31744K), 0.0010270 secs]
299.449: [GC (Allocation Failure)  30286K->24142K(31744K), 0.0009688 secs]
299.452: [GC (Allocation Failure)  30286K->24206K(31744K), 0.0009741 secs]
299.456: [GC (Allocation Failure)  30350K->24174K(31744K), 0.0011150 secs]
299.461: [GC (Allocation Failure)  30318K->24270K(31744K), 0.0013272 secs]
299.466: [GC (Allocation Failure)  30414K->24222K(31744K), 0.0011352 secs]
299.470: [GC (Allocation Failure)  30366K->24262K(31744K), 0.0008914 secs]
299.474: [GC (Allocation Failure)  30406K->24326K(31744K), 0.0009233 secs]
299.478: [GC (Allocation Failure)  30470K->24246K(31744K), 0.0010604 secs]
299.482: [GC (Allocation Failure)  30390K->24214K(31744K), 0.0010477 secs]
299.486: [GC (Allocation Failure)  30358K->24246K(31744K), 0.0009218 secs]
299.490: [GC (Allocation Failure)  30390K->24246K(31744K), 0.0009156 secs]
299.494: [GC (Allocation Failure)  30390K->24214K(31744K), 0.0008803 secs]
299.498: [GC (Allocation Failure)  30358K->24246K(31744K), 0.0008485 secs]
299.501: [GC (Allocation Failure)  30390K->24214K(31744K), 0.0008352 secs]
299.505: [GC (Allocation Failure)  30358K->24246K(31744K), 0.0008865 secs]
299.509: [GC (Allocation Failure)  30390K->24246K(31744K), 0.0007986 secs]
299.512: [GC (Allocation Failure)  30390K->24246K(31744K), 0.0008546 secs]
299.516: [GC (Allocation Failure)  30390K->24182K(31744K), 0.0008402 secs]
299.520: [GC (Allocation Failure)  30326K->24278K(31744K), 0.0008447 secs]
299.524: [GC (Allocation Failure)  30422K->24246K(31744K), 0.0008445 secs]
299.527: [GC (Allocation Failure)  30390K->24310K(31744K), 0.0008546 secs]
299.531: [GC (Allocation Failure)  30454K->24198K(31744K), 0.0009207 secs]
299.535: [GC (Allocation Failure)  30342K->24230K(31744K), 0.0008829 secs]
299.538: [GC (Allocation Failure)  30374K->24294K(31744K), 0.0007811 secs]
299.542: [GC (Allocation Failure)  30438K->24198K(31744K), 0.0009353 secs]
299.546: [GC (Allocation Failure)  30342K->24262K(31744K), 0.0009271 secs]
299.550: [GC (Allocation Failure)  30406K->24294K(31744K), 0.0008716 secs]
299.553: [GC (Allocation Failure)  30438K->24230K(31744K), 0.0009116 secs]
299.557: [GC (Allocation Failure)  30374K->24358K(31744K), 0.0009657 secs]
299.562: [GC (Allocation Failure)  30502K->24294K(31744K), 0.0011128 secs]
299.566: [GC (Allocation Failure)  30438K->24286K(31744K), 0.0010433 secs]
299.570: [GC (Allocation Failure)  30430K->24326K(31744K), 0.0010278 secs]
299.574: [GC (Allocation Failure)  30470K->24326K(31744K), 0.0009415 secs]
299.578: [GC (Allocation Failure)  30470K->24294K(31744K), 0.0008969 secs]
299.582: [GC (Allocation Failure)  30438K->24342K(31744K), 0.0009641 secs]
299.586: [GC (Allocation Failure)  30486K->24374K(31744K), 0.0009310 secs]
299.590: [GC (Allocation Failure)  30518K->24342K(31744K), 0.0011021 secs]
299.594: [GC (Allocation Failure)  30486K->24278K(31744K), 0.0010032 secs]
299.598: [GC (Allocation Failure)  30422K->24342K(31744K), 0.0010756 secs]
299.602: [GC (Allocation Failure)  30486K->24310K(31744K), 0.0010233 secs]
299.606: [GC (Allocation Failure)  30454K->24310K(31744K), 0.0009524 secs]
299.610: [GC (Allocation Failure)  30454K->24406K(31744K), 0.0008836 secs]
299.614: [GC (Allocation Failure)  30550K->24342K(31744K), 0.0009408 secs]
299.618: [GC (Allocation Failure)  30486K->24342K(31744K), 0.0009254 secs]
299.622: [GC (Allocation Failure)  30486K->24342K(31744K), 0.0009394 secs]
299.626: [GC (Allocation Failure)  30486K->24342K(31744K), 0.0010574 secs]
299.630: [GC (Allocation Failure)  30486K->24358K(31744K), 0.0010153 secs]
299.634: [GC (Allocation Failure)  30502K->24390K(31744K), 0.0008480 secs]
299.638: [GC (Allocation Failure)  30534K->24390K(31744K), 0.0009790 secs]
299.642: [GC (Allocation Failure)  30534K->24326K(31744K), 0.0008489 secs]
299.646: [GC (Allocation Failure)  30470K->24326K(31744K), 0.0008539 secs]
299.650: [GC (Allocation Failure)  30470K->24326K(31744K), 0.0008309 secs]
299.653: [GC (Allocation Failure)  30470K->24390K(31744K), 0.0007949 secs]
299.657: [GC (Allocation Failure)  30534K->24454K(31744K), 0.0010491 secs]
299.661: [GC (Allocation Failure)  30598K->24326K(31744K), 0.0012766 secs]
299.666: [GC (Allocation Failure)  30470K->24486K(31744K), 0.0010848 secs]
299.670: [GC (Allocation Failure)  30630K->24374K(31744K), 0.0008630 secs]
299.674: [GC (Allocation Failure)  30518K->24382K(31744K), 0.0010310 secs]
299.678: [GC (Allocation Failure)  30526K->24414K(31744K), 0.0010978 secs]
299.682: [GC (Allocation Failure)  30558K->24430K(31744K), 0.0009489 secs]
299.686: [GC (Allocation Failure)  30574K->24398K(31744K), 0.0009255 secs]
299.690: [GC (Allocation Failure)  30542K->24398K(31744K), 0.0008834 secs]
299.694: [GC (Allocation Failure)  30542K->24398K(31744K), 0.0010474 secs]
299.698: [GC (Allocation Failure)  30542K->24462K(31744K), 0.0007829 secs]
299.701: [GC (Allocation Failure)  30606K->24430K(31744K), 0.0008139 secs]
299.705: [GC (Allocation Failure)  30574K->24430K(31744K), 0.0009178 secs]
299.709: [GC (Allocation Failure)  30574K->24494K(31744K), 0.0008639 secs]
299.714: [GC (Allocation Failure)  30638K->24510K(31744K), 0.0008957 secs]
299.717: [GC (Allocation Failure)  30654K->24446K(31744K), 0.0008538 secs]
299.721: [GC (Allocation Failure)  30590K->24510K(31744K), 0.0008487 secs]
299.725: [GC (Allocation Failure)  30654K->24446K(31744K), 0.0010150 secs]
299.729: [GC (Allocation Failure)  30590K->24510K(31744K), 0.0008591 secs]
299.733: [GC (Allocation Failure)  30654K->24462K(31744K), 0.0007941 secs]
299.736: [GC (Allocation Failure)  30606K->24494K(31744K), 0.0008870 secs]
299.740: [GC (Allocation Failure)  30638K->24430K(31744K), 0.0008682 secs]
299.744: [GC (Allocation Failure)  30574K->24526K(31744K), 0.0008480 secs]
299.748: [GC (Allocation Failure)  30670K->24526K(31744K), 0.0008469 secs]
299.751: [GC (Allocation Failure)  30670K->24526K(31744K), 0.0009544 secs]
299.755: [GC (Allocation Failure)  30670K->24526K(31744K), 0.0009159 secs]
299.760: [GC (Allocation Failure)  30670K->24558K(31744K), 0.0016123 secs]
299.765: [GC (Allocation Failure)  30702K->24654K(31744K), 0.0015383 secs]
299.770: [GC (Allocation Failure)  30798K->24574K(31744K), 0.0011548 secs]
299.774: [GC (Allocation Failure)  30718K->24550K(31744K), 0.0012840 secs]
299.779: [GC (Allocation Failure)  30694K->24550K(31744K), 0.0012800 secs]
299.784: [GC (Allocation Failure)  30694K->24566K(31744K), 0.0010972 secs]
299.788: [GC (Allocation Failure)  30710K->24566K(31744K), 0.0014608 secs]
299.793: [GC (Allocation Failure)  30710K->24598K(31744K), 0.0014045 secs]
299.797: [GC (Allocation Failure)  30742K->24598K(31744K), 0.0009586 secs]
299.801: [GC (Allocation Failure)  30742K->24534K(31744K), 0.0009296 secs]
299.805: [GC (Allocation Failure)  30678K->24566K(31744K), 0.0010118 secs]
299.809: [GC (Allocation Failure)  30710K->24566K(31744K), 0.0012576 secs]
299.814: [GC (Allocation Failure)  30710K->24502K(31744K), 0.0009958 secs]
299.818: [GC (Allocation Failure)  30646K->24502K(31744K), 0.0009424 secs]
299.822: [GC (Allocation Failure)  30646K->24566K(31744K), 0.0009651 secs]
299.826: [GC (Allocation Failure)  30710K->24566K(31744K), 0.0010970 secs]
299.830: [GC (Allocation Failure)  30710K->24598K(31744K), 0.0009940 secs]
299.834: [GC (Allocation Failure)  30742K->24614K(31744K), 0.0009394 secs]
299.838: [GC (Allocation Failure)  30758K->24614K(31744K), 0.0011696 secs]
299.842: [GC (Allocation Failure)  30758K->24614K(31744K), 0.0011518 secs]
299.846: [GC (Allocation Failure)  30758K->24518K(31744K), 0.0008769 secs]
299.850: [GC (Allocation Failure)  30662K->24550K(31744K), 0.0009155 secs]
299.854: [GC (Allocation Failure)  30694K->24518K(31744K), 0.0009633 secs]
299.858: [GC (Allocation Failure)  30662K->24582K(31744K), 0.0016857 secs]
299.863: [GC (Allocation Failure)  30726K->24662K(31744K), 0.0012003 secs]
299.868: [GC (Allocation Failure)  30806K->24646K(31744K), 0.0010731 secs]
299.872: [GC (Allocation Failure)  30790K->24654K(31744K), 0.0013774 secs]
299.877: [GC (Allocation Failure)  30798K->24590K(31744K), 0.0012714 secs]
299.881: [GC (Allocation Failure)  30734K->24654K(31744K), 0.0009869 secs]
299.886: [GC (Allocation Failure)  30798K->24574K(31744K), 0.0009918 secs]
299.890: [GC (Allocation Failure)  30718K->24606K(31744K), 0.0012600 secs]
299.894: [GC (Allocation Failure)  30750K->24606K(31744K), 0.0012421 secs]
299.898: [GC (Allocation Failure)  30750K->24638K(31744K), 0.0012472 secs]
299.903: [GC (Allocation Failure)  30782K->24574K(31744K), 0.0012249 secs]
299.907: [GC (Allocation Failure)  30718K->24606K(31744K), 0.0014013 secs]
299.912: [GC (Allocation Failure)  30750K->24670K(31744K), 0.0012007 secs]
299.916: [GC (Allocation Failure)  30814K->24606K(31744K), 0.0010878 secs]
299.921: [GC (Allocation Failure)  30750K->24638K(31744K), 0.0013831 secs]
299.926: [GC (Allocation Failure)  30782K->24638K(31744K), 0.0012075 secs]
299.930: [GC (Allocation Failure)  30782K->24670K(31744K), 0.0012433 secs]
299.935: [GC (Allocation Failure)  30814K->24686K(31744K), 0.0016845 secs]
299.940: [GC (Allocation Failure)  30830K->24654K(31744K), 0.0015635 secs]
299.945: [GC (Allocation Failure)  30798K->24694K(31744K), 0.0013781 secs]
299.949: [GC (Allocation Failure)  30838K->24630K(31744K), 0.0011667 secs]
299.954: [GC (Allocation Failure)  30774K->24662K(31744K), 0.0011352 secs]
299.958: [GC (Allocation Failure)  30806K->24694K(31744K), 0.0011603 secs]
299.963: [GC (Allocation Failure)  30838K->24822K(31744K), 0.0013003 secs]
299.967: [GC (Allocation Failure)  30966K->24798K(31744K), 0.0013377 secs]
299.972: [GC (Allocation Failure)  30942K->24742K(31744K), 0.0014127 secs]
299.976: [GC (Allocation Failure)  30886K->24750K(31744K), 0.0015282 secs]
299.981: [GC (Allocation Failure)  30894K->24718K(31744K), 0.0009731 secs]
299.985: [GC (Allocation Failure)  30862K->24734K(31744K), 0.0009745 secs]
299.989: [GC (Allocation Failure)  30878K->24766K(31744K), 0.0010231 secs]
299.993: [GC (Allocation Failure)  30910K->24734K(31744K), 0.0011029 secs]
299.997: [GC (Allocation Failure)  30878K->24766K(31744K), 0.0009970 secs]
300.001: [GC (Allocation Failure)  30910K->24766K(31744K), 0.0008830 secs]
300.005: [GC (Allocation Failure)  30910K->24798K(31744K), 0.0010065 secs]
300.009: [GC (Allocation Failure)  30942K->24734K(31744K), 0.0010691 secs]
300.013: [GC (Allocation Failure)  30878K->24734K(31744K), 0.0008910 secs]
300.017: [GC (Allocation Failure)  30878K->24734K(31744K), 0.0008514 secs]
300.020: [GC (Allocation Failure)  30878K->24766K(31744K), 0.0009696 secs]
300.025: [GC (Allocation Failure)  30910K->24766K(31744K), 0.0012286 secs]
300.029: [GC (Allocation Failure)  30910K->24766K(31744K), 0.0012274 secs]
300.034: [GC (Allocation Failure)  30910K->24782K(31744K), 0.0008942 secs]
300.037: [GC (Allocation Failure)  30926K->24814K(31744K), 0.0015015 secs]
300.042: [GC (Allocation Failure)  30958K->24782K(31744K), 0.0015918 secs]
300.048: [GC (Allocation Failure)  30926K->24782K(31744K), 0.0020155 secs]
300.053: [GC (Allocation Failure)  30926K->24750K(31744K), 0.0018196 secs]
300.059: [GC (Allocation Failure)  30894K->24846K(31744K), 0.0021948 secs]
300.066: [GC (Allocation Failure)  30990K->24878K(31744K), 0.0017111 secs]
300.072: [GC (Allocation Failure)  31022K->24862K(31744K), 0.0016445 secs]
300.077: [GC (Allocation Failure)  31006K->24838K(31744K), 0.0017539 secs]
300.082: [GC (Allocation Failure)  30982K->24870K(31744K), 0.0012084 secs]
300.086: [GC (Allocation Failure)  31014K->24854K(31744K), 0.0017999 secs]
300.092: [GC (Allocation Failure)  30998K->24854K(31744K), 0.0019070 secs]
300.097: [GC (Allocation Failure)  30998K->24822K(31744K), 0.0015820 secs]
300.103: [GC (Allocation Failure)  30966K->24854K(31744K), 0.0016521 secs]
300.107: [GC (Allocation Failure)  30998K->24854K(31744K), 0.0010865 secs]
300.111: [GC (Allocation Failure)  30998K->24854K(31744K), 0.0013054 secs]
300.115: [GC (Allocation Failure)  30998K->24822K(31744K), 0.0009998 secs]
300.119: [GC (Allocation Failure)  30966K->24822K(31744K), 0.0011542 secs]
300.123: [GC (Allocation Failure)  30966K->24790K(31744K), 0.0010575 secs]
300.128: [GC (Allocation Failure)  30934K->24854K(31744K), 0.0010397 secs]
300.132: [GC (Allocation Failure)  30998K->24854K(31744K), 0.0009366 secs]
300.136: [GC (Allocation Failure)  30998K->24838K(31744K), 0.0009907 secs]
300.139: [GC (Allocation Failure)  30982K->24902K(31744K), 0.0008929 secs]
300.143: [GC (Allocation Failure)  31046K->24838K(31744K), 0.0011720 secs]
300.147: [GC (Allocation Failure)  30982K->24838K(31744K), 0.0009730 secs]
300.151: [GC (Allocation Failure)  30982K->24902K(31744K), 0.0009364 secs]
300.155: [GC (Allocation Failure)  31046K->24870K(31744K), 0.0010696 secs]
300.159: [GC (Allocation Failure)  31014K->24902K(31744K), 0.0020540 secs]
300.165: [GC (Allocation Failure)  31046K->24966K(31744K), 0.0013496 secs]
300.170: [GC (Allocation Failure)  31110K->24942K(31744K), 0.0011756 secs]
300.174: [GC (Allocation Failure)  31086K->24942K(31744K), 0.0012477 secs]
300.179: [GC (Allocation Failure)  31086K->24950K(31744K), 0.0010959 secs]
300.183: [GC (Allocation Failure)  31094K->25014K(31744K), 0.0011107 secs]
300.187: [GC (Allocation Failure)  31158K->24998K(31744K), 0.0010900 secs]
300.191: [GC (Allocation Failure)  31142K->24934K(31744K), 0.0010640 secs]
300.196: [GC (Allocation Failure)  31078K->24966K(31744K), 0.0009840 secs]
300.199: [GC (Allocation Failure)  31110K->24998K(31744K), 0.0009713 secs]
300.204: [GC (Allocation Failure)  31142K->24998K(31744K), 0.0009639 secs]
300.208: [GC (Allocation Failure)  31142K->24902K(31744K), 0.0009168 secs]
300.212: [GC (Allocation Failure)  31046K->24966K(31744K), 0.0009737 secs]
300.216: [GC (Allocation Failure)  31110K->24998K(31744K), 0.0009426 secs]
300.220: [GC (Allocation Failure)  31142K->24998K(31744K), 0.0008152 secs]
300.223: [GC (Allocation Failure)  31142K->24934K(31744K), 0.0008722 secs]
300.228: [GC (Allocation Failure)  31078K->24934K(31744K), 0.0012113 secs]
300.232: [GC (Allocation Failure)  31078K->24998K(31744K), 0.0012181 secs]
300.236: [GC (Allocation Failure)  31142K->24918K(31744K), 0.0011530 secs]
300.240: [GC (Allocation Failure)  31062K->24982K(31744K), 0.0009595 secs]
300.245: [GC (Allocation Failure)  31126K->24982K(31744K), 0.0009533 secs]
300.248: [GC (Allocation Failure)  31126K->24982K(31744K), 0.0008072 secs]
300.252: [GC (Allocation Failure)  31126K->25014K(31744K), 0.0011116 secs]
300.257: [GC (Allocation Failure)  31158K->24918K(31744K), 0.0013922 secs]
300.262: [GC (Allocation Failure)  31062K->25046K(31744K), 0.0015102 secs]
300.267: [GC (Allocation Failure)  31190K->25110K(31744K), 0.0012131 secs]
300.273: [GC (Allocation Failure)  31254K->24998K(31744K), 0.0017813 secs]
300.278: [GC (Allocation Failure)  31142K->25006K(31744K), 0.0013906 secs]
300.283: [GC (Allocation Failure)  31150K->25038K(31744K), 0.0012253 secs]
300.287: [GC (Allocation Failure)  31182K->24990K(31744K), 0.0011397 secs]
300.291: [GC (Allocation Failure)  31134K->25054K(31744K), 0.0010770 secs]
300.296: [GC (Allocation Failure)  31198K->25022K(31744K), 0.0011161 secs]
300.300: [GC (Allocation Failure)  31166K->25054K(31744K), 0.0008719 secs]
300.303: [GC (Allocation Failure)  31198K->25022K(31744K), 0.0010039 secs]
300.307: [GC (Allocation Failure)  31166K->25022K(31744K), 0.0009331 secs]
300.312: [GC (Allocation Failure)  31166K->25086K(31744K), 0.0009172 secs]
300.316: [GC (Allocation Failure)  31230K->25086K(31744K), 0.0009833 secs]
300.320: [GC (Allocation Failure)  31230K->25086K(31744K), 0.0009005 secs]
300.323: [GC (Allocation Failure)  31230K->25054K(31744K), 0.0010773 secs]
300.328: [GC (Allocation Failure)  31198K->24990K(31744K), 0.0010384 secs]
300.332: [GC (Allocation Failure)  31134K->24990K(31744K), 0.0009696 secs]
300.336: [GC (Allocation Failure)  31134K->25054K(31744K), 0.0012138 secs]
300.340: [GC (Allocation Failure)  31198K->25070K(31744K), 0.0011877 secs]
300.344: [GC (Allocation Failure)  31214K->25070K(31744K), 0.0009632 secs]
300.348: [GC (Allocation Failure)  31214K->25070K(31744K), 0.0009707 secs]
300.352: [GC (Allocation Failure)  31214K->25070K(31744K), 0.0010629 secs]
300.356: [GC (Allocation Failure)  31214K->25102K(31744K), 0.0008801 secs]
300.361: [GC (Allocation Failure)  31246K->25134K(31744K), 0.0011007 secs]
300.366: [GC (Allocation Failure)  31278K->25198K(31744K), 0.0014440 secs]
300.371: [GC (Allocation Failure)  31342K->25190K(31744K), 0.0011319 secs]
300.375: [GC (Allocation Failure)  31334K->25102K(31744K), 0.0013309 secs]
300.380: [GC (Allocation Failure)  31246K->25134K(31744K), 0.0012933 secs]
300.384: [GC (Allocation Failure)  31278K->25102K(31744K), 0.0011201 secs]
300.388: [GC (Allocation Failure)  31246K->25150K(31744K), 0.0010901 secs]
300.392: [GC (Allocation Failure)  31294K->25118K(31744K), 0.0012728 secs]
300.396: [GC (Allocation Failure)  31262K->25182K(31744K), 0.0010179 secs]
300.400: [GC (Allocation Failure)  31326K->25118K(31744K), 0.0008947 secs]
300.404: [GC (Allocation Failure)  31262K->25118K(31744K), 0.0010605 secs]
300.409: [GC (Allocation Failure)  31262K->25150K(31744K), 0.0011965 secs]
300.413: [GC (Allocation Failure)  31294K->25086K(31744K), 0.0011222 secs]
300.417: [GC (Allocation Failure)  31230K->25118K(31744K), 0.0012320 secs]
300.421: [GC (Allocation Failure)  31262K->25118K(31744K), 0.0010355 secs]
300.425: [GC (Allocation Failure)  31262K->25182K(31744K), 0.0012481 secs]
300.429: [GC (Allocation Failure)  31326K->25150K(31744K), 0.0009759 secs]
300.434: [GC (Allocation Failure)  31294K->25246K(31744K), 0.0012020 secs]
300.439: [GC (Allocation Failure)  31390K->25150K(31744K), 0.0011557 secs]
300.440: [Full GC (Ergonomics)  25150K->21246K(31744K), 0.0776110 secs]
300.522: [GC (Allocation Failure)  27390K->21406K(31744K), 0.0019183 secs]
300.528: [GC (Allocation Failure)  27550K->21454K(31744K), 0.0015124 secs]
300.533: [GC (Allocation Failure)  27598K->21438K(31744K), 0.0014005 secs]
300.537: [GC (Allocation Failure)  27582K->21382K(31744K), 0.0012826 secs]
300.541: [GC (Allocation Failure)  27526K->21382K(31744K), 0.0010069 secs]
300.546: [GC (Allocation Failure)  27526K->21414K(31744K), 0.0012423 secs]
300.550: [GC (Allocation Failure)  27558K->21350K(31744K), 0.0009912 secs]
300.554: [GC (Allocation Failure)  27494K->21350K(31744K), 0.0010887 secs]
300.558: [GC (Allocation Failure)  27494K->21414K(31744K), 0.0010408 secs]
300.562: [GC (Allocation Failure)  27558K->21382K(31744K), 0.0010137 secs]
300.566: [GC (Allocation Failure)  27526K->21350K(31744K), 0.0008667 secs]
300.570: [GC (Allocation Failure)  27494K->21446K(31744K), 0.0010197 secs]
300.574: [GC (Allocation Failure)  27590K->21398K(31744K), 0.0010020 secs]
300.578: [GC (Allocation Failure)  27542K->21398K(31744K), 0.0008863 secs]
300.582: [GC (Allocation Failure)  27542K->21462K(31744K), 0.0008394 secs]
300.585: [GC (Allocation Failure)  27606K->21430K(31744K), 0.0008808 secs]
300.589: [GC (Allocation Failure)  27574K->21462K(31744K), 0.0009431 secs]
300.593: [GC (Allocation Failure)  27606K->21398K(31744K), 0.0009423 secs]
300.597: [GC (Allocation Failure)  27542K->21366K(31744K), 0.0009040 secs]
300.600: [GC (Allocation Failure)  27510K->21462K(31744K), 0.0008877 secs]
300.604: [GC (Allocation Failure)  27606K->21366K(31744K), 0.0009310 secs]
300.608: [GC (Allocation Failure)  27510K->21430K(31744K), 0.0008184 secs]
300.612: [GC (Allocation Failure)  27574K->21430K(31744K), 0.0009564 secs]
300.616: [GC (Allocation Failure)  27574K->21398K(31744K), 0.0009949 secs]
300.620: [GC (Allocation Failure)  27542K->21558K(31744K), 0.0009267 secs]
300.625: [GC (Allocation Failure)  27702K->21534K(31744K), 0.0013988 secs]
300.630: [GC (Allocation Failure)  27678K->21550K(31744K), 0.0010312 secs]
300.634: [GC (Allocation Failure)  27694K->21494K(31744K), 0.0008729 secs]
300.638: [GC (Allocation Failure)  27638K->21462K(31744K), 0.0009020 secs]
300.641: [GC (Allocation Failure)  27606K->21526K(31744K), 0.0010586 secs]
300.646: [GC (Allocation Failure)  27670K->21430K(31744K), 0.0009216 secs]
300.650: [GC (Allocation Failure)  27574K->21462K(31744K), 0.0008734 secs]
300.653: [GC (Allocation Failure)  27606K->21526K(31744K), 0.0009375 secs]
300.657: [GC (Allocation Failure)  27670K->21526K(31744K), 0.0009433 secs]
300.661: [GC (Allocation Failure)  27670K->21494K(31744K), 0.0009109 secs]
300.665: [GC (Allocation Failure)  27638K->21494K(31744K), 0.0008850 secs]
300.668: [GC (Allocation Failure)  27638K->21526K(31744K), 0.0008139 secs]
300.672: [GC (Allocation Failure)  27670K->21526K(31744K), 0.0009055 secs]
300.676: [GC (Allocation Failure)  27670K->21510K(31744K), 0.0013381 secs]
300.681: [GC (Allocation Failure)  27654K->21446K(31744K), 0.0008304 secs]
300.685: [GC (Allocation Failure)  27590K->21446K(31744K), 0.0008543 secs]
300.689: [GC (Allocation Failure)  27590K->21446K(31744K), 0.0009705 secs]
300.692: [GC (Allocation Failure)  27590K->21542K(31744K), 0.0008690 secs]
300.697: [GC (Allocation Failure)  27686K->21510K(31744K), 0.0009134 secs]
300.700: [GC (Allocation Failure)  27654K->21510K(31744K), 0.0008493 secs]
300.704: [GC (Allocation Failure)  27654K->21574K(31744K), 0.0008994 secs]
300.708: [GC (Allocation Failure)  27718K->21510K(31744K), 0.0009943 secs]
300.712: [GC (Allocation Failure)  27654K->21510K(31744K), 0.0010731 secs]
300.716: [GC (Allocation Failure)  27654K->21510K(31744K), 0.0009906 secs]
300.721: [GC (Allocation Failure)  27654K->21638K(31744K), 0.0009073 secs]
300.726: [GC (Allocation Failure)  27782K->21574K(31744K), 0.0018708 secs]
300.731: [GC (Allocation Failure)  27718K->21638K(31744K), 0.0010604 secs]
300.735: [GC (Allocation Failure)  27782K->21550K(31744K), 0.0009586 secs]
300.739: [GC (Allocation Failure)  27694K->21614K(31744K), 0.0009222 secs]
300.742: [GC (Allocation Failure)  27758K->21518K(31744K), 0.0014544 secs]
300.747: [GC (Allocation Failure)  27662K->21582K(31744K), 0.0010736 secs]
300.751: [GC (Allocation Failure)  27726K->21614K(31744K), 0.0008791 secs]
300.755: [GC (Allocation Failure)  27758K->21582K(31744K), 0.0008703 secs]
300.758: [GC (Allocation Failure)  27726K->21582K(31744K), 0.0010544 secs]
300.762: [GC (Allocation Failure)  27726K->21550K(31744K), 0.0010186 secs]
300.766: [GC (Allocation Failure)  27694K->21614K(31744K), 0.0008877 secs]
300.770: [GC (Allocation Failure)  27758K->21614K(31744K), 0.0008745 secs]
300.774: [GC (Allocation Failure)  27758K->21582K(31744K), 0.0011770 secs]
300.778: [GC (Allocation Failure)  27726K->21598K(31744K), 0.0009225 secs]
300.782: [GC (Allocation Failure)  27742K->21598K(31744K), 0.0008433 secs]
300.786: [GC (Allocation Failure)  27742K->21566K(31744K), 0.0010142 secs]
300.789: [GC (Allocation Failure)  27710K->21630K(31744K), 0.0008187 secs]
300.793: [GC (Allocation Failure)  27774K->21566K(31744K), 0.0009316 secs]
300.797: [GC (Allocation Failure)  27710K->21534K(31744K), 0.0008257 secs]
300.801: [GC (Allocation Failure)  27678K->21566K(31744K), 0.0008565 secs]
300.804: [GC (Allocation Failure)  27710K->21598K(31744K), 0.0008900 secs]
300.808: [GC (Allocation Failure)  27742K->21534K(31744K), 0.0011080 secs]
300.812: [GC (Allocation Failure)  27678K->21566K(31744K), 0.0009032 secs]
300.816: [GC (Allocation Failure)  27710K->21630K(31744K), 0.0008897 secs]
300.820: [GC (Allocation Failure)  27774K->21662K(31744K), 0.0007811 secs]
300.824: [GC (Allocation Failure)  27806K->21678K(31744K), 0.0010549 secs]
300.830: [GC (Allocation Failure)  27822K->21686K(31744K), 0.0011237 secs]
300.834: [GC (Allocation Failure)  27830K->21710K(31744K), 0.0009888 secs]
300.838: [GC (Allocation Failure)  27854K->21646K(31744K), 0.0008824 secs]
300.841: [GC (Allocation Failure)  27790K->21646K(31744K), 0.0010462 secs]
300.846: [GC (Allocation Failure)  27790K->21614K(31744K), 0.0011109 secs]
300.850: [GC (Allocation Failure)  27758K->21678K(31744K), 0.0009671 secs]
300.854: [GC (Allocation Failure)  27822K->21678K(31744K), 0.0009582 secs]
300.858: [GC (Allocation Failure)  27822K->21646K(31744K), 0.0009677 secs]
300.862: [GC (Allocation Failure)  27790K->21646K(31744K), 0.0008971 secs]
300.865: [GC (Allocation Failure)  27790K->21646K(31744K), 0.0009814 secs]
300.869: [GC (Allocation Failure)  27790K->21678K(31744K), 0.0011708 secs]
300.873: [GC (Allocation Failure)  27822K->21646K(31744K), 0.0010899 secs]
300.878: [GC (Allocation Failure)  27790K->21662K(31744K), 0.0009580 secs]
300.882: [GC (Allocation Failure)  27806K->21694K(31744K), 0.0010300 secs]
300.886: [GC (Allocation Failure)  27838K->21758K(31744K), 0.0009623 secs]
300.889: [GC (Allocation Failure)  27902K->21694K(31744K), 0.0010318 secs]
300.893: [GC (Allocation Failure)  27838K->21694K(31744K), 0.0009919 secs]
300.897: [GC (Allocation Failure)  27838K->21694K(31744K), 0.0011116 secs]
300.902: [GC (Allocation Failure)  27838K->21694K(31744K), 0.0010364 secs]
300.906: [GC (Allocation Failure)  27838K->21662K(31744K), 0.0012192 secs]
300.912: [GC (Allocation Failure)  27806K->21726K(31744K), 0.0012403 secs]
300.916: [GC (Allocation Failure)  27870K->21662K(31744K), 0.0010060 secs]
300.920: [GC (Allocation Failure)  27806K->21758K(31744K), 0.0009906 secs]
300.924: [GC (Allocation Failure)  27902K->21750K(31744K), 0.0018499 secs]
300.930: [GC (Allocation Failure)  27894K->21774K(31744K), 0.0016346 secs]
300.935: [GC (Allocation Failure)  27918K->21782K(31744K), 0.0018503 secs]
300.940: [GC (Allocation Failure)  27926K->21742K(31744K), 0.0012266 secs]
300.946: [GC (Allocation Failure)  27886K->21782K(31744K), 0.0012487 secs]
300.950: [GC (Allocation Failure)  27926K->21750K(31744K), 0.0013595 secs]
300.954: [GC (Allocation Failure)  27894K->21814K(31744K), 0.0011783 secs]
300.958: [GC (Allocation Failure)  27958K->21782K(31744K), 0.0012778 secs]
300.963: [GC (Allocation Failure)  27926K->21750K(31744K), 0.0010279 secs]
300.967: [GC (Allocation Failure)  27894K->21750K(31744K), 0.0008906 secs]
300.970: [GC (Allocation Failure)  27894K->21718K(31744K), 0.0009894 secs]
300.974: [GC (Allocation Failure)  27862K->21814K(31744K), 0.0009634 secs]
300.978: [GC (Allocation Failure)  27958K->21830K(31744K), 0.0009121 secs]
300.981: [GC (Allocation Failure)  27974K->21766K(31744K), 0.0007710 secs]
300.985: [GC (Allocation Failure)  27910K->21766K(31744K), 0.0008854 secs]
300.989: [GC (Allocation Failure)  27910K->21734K(31744K), 0.0007382 secs]
300.992: [GC (Allocation Failure)  27878K->21766K(31744K), 0.0010940 secs]
300.996: [GC (Allocation Failure)  27910K->21766K(31744K), 0.0009716 secs]
301.000: [GC (Allocation Failure)  27910K->21766K(31744K), 0.0009488 secs]
301.004: [GC (Allocation Failure)  27910K->21798K(31744K), 0.0008983 secs]
301.008: [GC (Allocation Failure)  27942K->21766K(31744K), 0.0008270 secs]
301.012: [GC (Allocation Failure)  27910K->21830K(31744K), 0.0009471 secs]
301.015: [GC (Allocation Failure)  27974K->21766K(31744K), 0.0009465 secs]
301.019: [GC (Allocation Failure)  27910K->21734K(31744K), 0.0009253 secs]
301.023: [GC (Allocation Failure)  27878K->21894K(31744K), 0.0010632 secs]
301.028: [GC (Allocation Failure)  28038K->21918K(31744K), 0.0012701 secs]
301.032: [GC (Allocation Failure)  28062K->21838K(31744K), 0.0011887 secs]
301.037: [GC (Allocation Failure)  27982K->21878K(31744K), 0.0011388 secs]
301.042: [GC (Allocation Failure)  28022K->21846K(31744K), 0.0021124 secs]
301.047: [GC (Allocation Failure)  27990K->21878K(31744K), 0.0014157 secs]
301.051: [GC (Allocation Failure)  28022K->21878K(31744K), 0.0011641 secs]
301.056: [GC (Allocation Failure)  28022K->21846K(31744K), 0.0010963 secs]
301.059: [GC (Allocation Failure)  27990K->21878K(31744K), 0.0010326 secs]
301.063: [GC (Allocation Failure)  28022K->21846K(31744K), 0.0011214 secs]
301.067: [GC (Allocation Failure)  27990K->21878K(31744K), 0.0009544 secs]
301.071: [GC (Allocation Failure)  28022K->21878K(31744K), 0.0009136 secs]
301.075: [GC (Allocation Failure)  28022K->21942K(31744K), 0.0011272 secs]
301.080: [GC (Allocation Failure)  28086K->21926K(31744K), 0.0010097 secs]
301.084: [GC (Allocation Failure)  28070K->21894K(31744K), 0.0010700 secs]
301.088: [GC (Allocation Failure)  28038K->21926K(31744K), 0.0009677 secs]
301.092: [GC (Allocation Failure)  28070K->21958K(31744K), 0.0009090 secs]
301.096: [GC (Allocation Failure)  28102K->21926K(31744K), 0.0009387 secs]
301.100: [GC (Allocation Failure)  28070K->21862K(31744K), 0.0010061 secs]
301.104: [GC (Allocation Failure)  28006K->21894K(31744K), 0.0009668 secs]
301.107: [GC (Allocation Failure)  28038K->21862K(31744K), 0.0009899 secs]
301.111: [GC (Allocation Failure)  28006K->21830K(31744K), 0.0009062 secs]
301.115: [GC (Allocation Failure)  27974K->21862K(31744K), 0.0009858 secs]
301.119: [GC (Allocation Failure)  28006K->21862K(31744K), 0.0009933 secs]
301.123: [GC (Allocation Failure)  28006K->21958K(31744K), 0.0011695 secs]
301.128: [GC (Allocation Failure)  28102K->21990K(31744K), 0.0012168 secs]
301.132: [GC (Allocation Failure)  28134K->21942K(31744K), 0.0016944 secs]
301.137: [GC (Allocation Failure)  28086K->21934K(31744K), 0.0008823 secs]
301.140: [GC (Allocation Failure)  28078K->21942K(31744K), 0.0008718 secs]
301.144: [GC (Allocation Failure)  28086K->22006K(31744K), 0.0008528 secs]
301.149: [GC (Allocation Failure)  28150K->21942K(31744K), 0.0010214 secs]
301.153: [GC (Allocation Failure)  28086K->21942K(31744K), 0.0009518 secs]
301.157: [GC (Allocation Failure)  28086K->22006K(31744K), 0.0008363 secs]
301.160: [GC (Allocation Failure)  28150K->21910K(31744K), 0.0009427 secs]
301.164: [GC (Allocation Failure)  28054K->21974K(31744K), 0.0008270 secs]
301.168: [GC (Allocation Failure)  28118K->22006K(31744K), 0.0008384 secs]
301.171: [GC (Allocation Failure)  28150K->21910K(31744K), 0.0010121 secs]
301.175: [GC (Allocation Failure)  28054K->21974K(31744K), 0.0008119 secs]
301.179: [GC (Allocation Failure)  28118K->21982K(31744K), 0.0008527 secs]
301.182: [GC (Allocation Failure)  28126K->21982K(31744K), 0.0009309 secs]
301.186: [GC (Allocation Failure)  28126K->21982K(31744K), 0.0009193 secs]
301.190: [GC (Allocation Failure)  28126K->21950K(31744K), 0.0010359 secs]
301.194: [GC (Allocation Failure)  28094K->21950K(31744K), 0.0011246 secs]
301.198: [GC (Allocation Failure)  28094K->21982K(31744K), 0.0010571 secs]
301.202: [GC (Allocation Failure)  28126K->21950K(31744K), 0.0011546 secs]
301.206: [GC (Allocation Failure)  28094K->21982K(31744K), 0.0011429 secs]
301.211: [GC (Allocation Failure)  28126K->21950K(31744K), 0.0010495 secs]
301.215: [GC (Allocation Failure)  28094K->22014K(31744K), 0.0010134 secs]
301.219: [GC (Allocation Failure)  28158K->22014K(31744K), 0.0012626 secs]
301.223: [GC (Allocation Failure)  28158K->22014K(31744K), 0.0009742 secs]
301.227: [GC (Allocation Failure)  28158K->21990K(31744K), 0.0014891 secs]
301.232: [GC (Allocation Failure)  28134K->22126K(31744K), 0.0018860 secs]
301.237: [GC (Allocation Failure)  28270K->22062K(31744K), 0.0013751 secs]
301.241: [GC (Allocation Failure)  28206K->22006K(31744K), 0.0014527 secs]
301.246: [GC (Allocation Failure)  28150K->22038K(31744K), 0.0012533 secs]
301.250: [GC (Allocation Failure)  28182K->22038K(31744K), 0.0009961 secs]
301.254: [GC (Allocation Failure)  28182K->22006K(31744K), 0.0010502 secs]
301.258: [GC (Allocation Failure)  28150K->22038K(31744K), 0.0009641 secs]
301.262: [GC (Allocation Failure)  28182K->22070K(31744K), 0.0013344 secs]
301.266: [GC (Allocation Failure)  28214K->22070K(31744K), 0.0011940 secs]
301.270: [GC (Allocation Failure)  28214K->22070K(31744K), 0.0009172 secs]
301.274: [GC (Allocation Failure)  28214K->22102K(31744K), 0.0011303 secs]
301.278: [GC (Allocation Failure)  28246K->22070K(31744K), 0.0010633 secs]
301.282: [GC (Allocation Failure)  28214K->22086K(31744K), 0.0010536 secs]
301.286: [GC (Allocation Failure)  28230K->22118K(31744K), 0.0010245 secs]
301.290: [GC (Allocation Failure)  28262K->22022K(31744K), 0.0009704 secs]
301.294: [GC (Allocation Failure)  28166K->22086K(31744K), 0.0010102 secs]
301.298: [GC (Allocation Failure)  28230K->22086K(31744K), 0.0009271 secs]
301.302: [GC (Allocation Failure)  28230K->22022K(31744K), 0.0012638 secs]
301.306: [GC (Allocation Failure)  28166K->22054K(31744K), 0.0011127 secs]
301.310: [GC (Allocation Failure)  28198K->22054K(31744K), 0.0010079 secs]
301.314: [GC (Allocation Failure)  28198K->22054K(31744K), 0.0009658 secs]
301.318: [GC (Allocation Failure)  28198K->22054K(31744K), 0.0009546 secs]
301.322: [GC (Allocation Failure)  28198K->22054K(31744K), 0.0009083 secs]
301.326: [GC (Allocation Failure)  28198K->22150K(31744K), 0.0010249 secs]
301.330: [GC (Allocation Failure)  28294K->22142K(31744K), 0.0013818 secs]
301.336: [GC (Allocation Failure)  28286K->22174K(31744K), 0.0014438 secs]
301.340: [GC (Allocation Failure)  28318K->22142K(31744K), 0.0014054 secs]
301.345: [GC (Allocation Failure)  28286K->22118K(31744K), 0.0011713 secs]
301.350: [GC (Allocation Failure)  28262K->22182K(31744K), 0.0011121 secs]
301.354: [GC (Allocation Failure)  28326K->22150K(31744K), 0.0010574 secs]
301.358: [GC (Allocation Failure)  28294K->22118K(31744K), 0.0010973 secs]
301.361: [GC (Allocation Failure)  28262K->22150K(31744K), 0.0009944 secs]
301.365: [GC (Allocation Failure)  28294K->22150K(31744K), 0.0011871 secs]
301.370: [GC (Allocation Failure)  28294K->22150K(31744K), 0.0009591 secs]
301.374: [GC (Allocation Failure)  28294K->22182K(31744K), 0.0009934 secs]
301.377: [GC (Allocation Failure)  28326K->22118K(31744K), 0.0009373 secs]
301.381: [GC (Allocation Failure)  28262K->22182K(31744K), 0.0010421 secs]
301.385: [GC (Allocation Failure)  28326K->22158K(31744K), 0.0011027 secs]
301.389: [GC (Allocation Failure)  28302K->22158K(31744K), 0.0009954 secs]
301.393: [GC (Allocation Failure)  28302K->22190K(31744K), 0.0011253 secs]
301.397: [GC (Allocation Failure)  28334K->22094K(31744K), 0.0010371 secs]
301.401: [GC (Allocation Failure)  28238K->22158K(31744K), 0.0010148 secs]
301.405: [GC (Allocation Failure)  28302K->22126K(31744K), 0.0011354 secs]
301.409: [GC (Allocation Failure)  28270K->22126K(31744K), 0.0011712 secs]
301.413: [GC (Allocation Failure)  28270K->22158K(31744K), 0.0010562 secs]
301.417: [GC (Allocation Failure)  28302K->22126K(31744K), 0.0010838 secs]
301.421: [GC (Allocation Failure)  28270K->22126K(31744K), 0.0010015 secs]
301.425: [GC (Allocation Failure)  28270K->22190K(31744K), 0.0013187 secs]
301.430: [GC (Allocation Failure)  28334K->22246K(31744K), 0.0014863 secs]
301.435: [GC (Allocation Failure)  28390K->22270K(31744K), 0.0011596 secs]
301.440: [GC (Allocation Failure)  28414K->22302K(31744K), 0.0014235 secs]
301.445: [GC (Allocation Failure)  28446K->22254K(31744K), 0.0012600 secs]
301.449: [GC (Allocation Failure)  28398K->22262K(31744K), 0.0012836 secs]
301.453: [GC (Allocation Failure)  28406K->22198K(31744K), 0.0010455 secs]
301.457: [GC (Allocation Failure)  28342K->22262K(31744K), 0.0010604 secs]
301.461: [GC (Allocation Failure)  28406K->22230K(31744K), 0.0012125 secs]
301.466: [GC (Allocation Failure)  28374K->22262K(31744K), 0.0010544 secs]
301.469: [GC (Allocation Failure)  28406K->22294K(31744K), 0.0009812 secs]
301.473: [GC (Allocation Failure)  28438K->22230K(31744K), 0.0009128 secs]
301.477: [GC (Allocation Failure)  28374K->22230K(31744K), 0.0009171 secs]
301.481: [GC (Allocation Failure)  28374K->22262K(31744K), 0.0010470 secs]
301.485: [GC (Allocation Failure)  28406K->22302K(31744K), 0.0009640 secs]
301.489: [GC (Allocation Failure)  28446K->22270K(31744K), 0.0012020 secs]
301.494: [GC (Allocation Failure)  28414K->22302K(31744K), 0.0012217 secs]
301.498: [GC (Allocation Failure)  28446K->22302K(31744K), 0.0010865 secs]
301.502: [GC (Allocation Failure)  28446K->22270K(31744K), 0.0010510 secs]
301.505: [GC (Allocation Failure)  28414K->22206K(31744K), 0.0011049 secs]
301.509: [GC (Allocation Failure)  28350K->22238K(31744K), 0.0009749 secs]
301.513: [GC (Allocation Failure)  28382K->22270K(31744K), 0.0010708 secs]
301.517: [GC (Allocation Failure)  28414K->22302K(31744K), 0.0011050 secs]
301.521: [GC (Allocation Failure)  28446K->22238K(31744K), 0.0011557 secs]
301.526: [GC (Allocation Failure)  28382K->22302K(31744K), 0.0017525 secs]
301.531: [GC (Allocation Failure)  28446K->22366K(31744K), 0.0016685 secs]
301.536: [GC (Allocation Failure)  28510K->22454K(31744K), 0.0013726 secs]
301.541: [GC (Allocation Failure)  28598K->22350K(31744K), 0.0011325 secs]
301.545: [GC (Allocation Failure)  28494K->22350K(31744K), 0.0011405 secs]
301.549: [GC (Allocation Failure)  28494K->22382K(31744K), 0.0012035 secs]
301.554: [GC (Allocation Failure)  28526K->22406K(31744K), 0.0012758 secs]
301.558: [GC (Allocation Failure)  28550K->22438K(31744K), 0.0012306 secs]
301.562: [GC (Allocation Failure)  28582K->22470K(31744K), 0.0011818 secs]
301.566: [GC (Allocation Failure)  28614K->22406K(31744K), 0.0011529 secs]
301.570: [GC (Allocation Failure)  28550K->22406K(31744K), 0.0011541 secs]
301.574: [GC (Allocation Failure)  28550K->22406K(31744K), 0.0008664 secs]
301.578: [GC (Allocation Failure)  28550K->22470K(31744K), 0.0011143 secs]
301.582: [GC (Allocation Failure)  28614K->22454K(31744K), 0.0011169 secs]
301.586: [GC (Allocation Failure)  28598K->22494K(31744K), 0.0010617 secs]
301.590: [GC (Allocation Failure)  28638K->22510K(31744K), 0.0010156 secs]
301.594: [GC (Allocation Failure)  28654K->22502K(31744K), 0.0012215 secs]
301.598: [GC (Allocation Failure)  28646K->22510K(31744K), 0.0009719 secs]
301.602: [GC (Allocation Failure)  28654K->22478K(31744K), 0.0010555 secs]
301.606: [GC (Allocation Failure)  28622K->22518K(31744K), 0.0009251 secs]
301.610: [GC (Allocation Failure)  28662K->22486K(31744K), 0.0010789 secs]
301.614: [GC (Allocation Failure)  28630K->22582K(31744K), 0.0014533 secs]
301.618: [GC (Allocation Failure)  28726K->22582K(31744K), 0.0011893 secs]
301.622: [GC (Allocation Failure)  28726K->22606K(31744K), 0.0011453 secs]
301.627: [GC (Allocation Failure)  28750K->22654K(31744K), 0.0012114 secs]
301.631: [GC (Allocation Failure)  28798K->22654K(31744K), 0.0013164 secs]
301.636: [GC (Allocation Failure)  28798K->22638K(31744K), 0.0015326 secs]
301.641: [GC (Allocation Failure)  28782K->22694K(31744K), 0.0010837 secs]
301.645: [GC (Allocation Failure)  28838K->22614K(31744K), 0.0011743 secs]
301.649: [GC (Allocation Failure)  28758K->22614K(31744K), 0.0011770 secs]
301.654: [GC (Allocation Failure)  28758K->22614K(31744K), 0.0010771 secs]
301.657: [GC (Allocation Failure)  28758K->22646K(31744K), 0.0010361 secs]
301.661: [GC (Allocation Failure)  28790K->22614K(31744K), 0.0010320 secs]
301.665: [GC (Allocation Failure)  28758K->22614K(31744K), 0.0011508 secs]
301.669: [GC (Allocation Failure)  28758K->22678K(31744K), 0.0010872 secs]
301.673: [GC (Allocation Failure)  28822K->22646K(31744K), 0.0008921 secs]
301.677: [GC (Allocation Failure)  28790K->22614K(31744K), 0.0012901 secs]
301.681: [GC (Allocation Failure)  28758K->22614K(31744K), 0.0010572 secs]
301.685: [GC (Allocation Failure)  28758K->22646K(31744K), 0.0010382 secs]
301.689: [GC (Allocation Failure)  28790K->22662K(31744K), 0.0009839 secs]
301.693: [GC (Allocation Failure)  28806K->22662K(31744K), 0.0010654 secs]
301.697: [GC (Allocation Failure)  28806K->22662K(31744K), 0.0009565 secs]
301.701: [GC (Allocation Failure)  28806K->22662K(31744K), 0.0009838 secs]
301.705: [GC (Allocation Failure)  28806K->22662K(31744K), 0.0012477 secs]
301.709: [GC (Allocation Failure)  28806K->22694K(31744K), 0.0013004 secs]
301.713: [GC (Allocation Failure)  28838K->22694K(31744K), 0.0010538 secs]
301.717: [GC (Allocation Failure)  28838K->22630K(31744K), 0.0010257 secs]
301.721: [GC (Allocation Failure)  28774K->22630K(31744K), 0.0010058 secs]
301.725: [GC (Allocation Failure)  28774K->22662K(31744K), 0.0012893 secs]
301.729: [GC (Allocation Failure)  28806K->22758K(31744K), 0.0017736 secs]
301.735: [GC (Allocation Failure)  28902K->22758K(31744K), 0.0019203 secs]
301.740: [GC (Allocation Failure)  28902K->22774K(31744K), 0.0014766 secs]
301.745: [GC (Allocation Failure)  28918K->22726K(31744K), 0.0013553 secs]
301.749: [GC (Allocation Failure)  28870K->22686K(31744K), 0.0010403 secs]
301.753: [GC (Allocation Failure)  28830K->22718K(31744K), 0.0010661 secs]
301.757: [GC (Allocation Failure)  28862K->22718K(31744K), 0.0010933 secs]
301.761: [GC (Allocation Failure)  28862K->22782K(31744K), 0.0011400 secs]
301.765: [GC (Allocation Failure)  28926K->22750K(31744K), 0.0009596 secs]
301.769: [GC (Allocation Failure)  28894K->22782K(31744K), 0.0009648 secs]
301.772: [GC (Allocation Failure)  28926K->22686K(31744K), 0.0008054 secs]
301.776: [GC (Allocation Failure)  28830K->22750K(31744K), 0.0009043 secs]
301.780: [GC (Allocation Failure)  28894K->22718K(31744K), 0.0009642 secs]
301.784: [GC (Allocation Failure)  28862K->22686K(31744K), 0.0009005 secs]
301.787: [GC (Allocation Failure)  28830K->22750K(31744K), 0.0010241 secs]
301.791: [GC (Allocation Failure)  28894K->22798K(31744K), 0.0009790 secs]
301.795: [GC (Allocation Failure)  28942K->22766K(31744K), 0.0008673 secs]
301.799: [GC (Allocation Failure)  28910K->22766K(31744K), 0.0007708 secs]
301.802: [GC (Allocation Failure)  28910K->22766K(31744K), 0.0008767 secs]
301.806: [GC (Allocation Failure)  28910K->22766K(31744K), 0.0010602 secs]
301.810: [GC (Allocation Failure)  28910K->22766K(31744K), 0.0009397 secs]
301.814: [GC (Allocation Failure)  28910K->22766K(31744K), 0.0010168 secs]
301.818: [GC (Allocation Failure)  28910K->22766K(31744K), 0.0008472 secs]
301.822: [GC (Allocation Failure)  28910K->22766K(31744K), 0.0007974 secs]
301.825: [GC (Allocation Failure)  28910K->22734K(31744K), 0.0009728 secs]
301.830: [GC (Allocation Failure)  28878K->22830K(31744K), 0.0014061 secs]
301.835: [GC (Allocation Failure)  28974K->22862K(31744K), 0.0015205 secs]
301.840: [GC (Allocation Failure)  29006K->22878K(31744K), 0.0011646 secs]
301.845: [GC (Allocation Failure)  29022K->22870K(31744K), 0.0011561 secs]
301.849: [GC (Allocation Failure)  29014K->22806K(31744K), 0.0011219 secs]
301.853: [GC (Allocation Failure)  28950K->22870K(31744K), 0.0011401 secs]
301.858: [GC (Allocation Failure)  29014K->22774K(31744K), 0.0011262 secs]
301.862: [GC (Allocation Failure)  28918K->22838K(31744K), 0.0009648 secs]
301.866: [GC (Allocation Failure)  28982K->22806K(31744K), 0.0010554 secs]
301.870: [GC (Allocation Failure)  28950K->22870K(31744K), 0.0011743 secs]
301.874: [GC (Allocation Failure)  29014K->22838K(31744K), 0.0010414 secs]
301.879: [GC (Allocation Failure)  28982K->22838K(31744K), 0.0010186 secs]
301.882: [GC (Allocation Failure)  28982K->22838K(31744K), 0.0008130 secs]
301.886: [GC (Allocation Failure)  28982K->22838K(31744K), 0.0009770 secs]
301.890: [GC (Allocation Failure)  28982K->22902K(31744K), 0.0009717 secs]
301.894: [GC (Allocation Failure)  29046K->22822K(31744K), 0.0011780 secs]
301.899: [GC (Allocation Failure)  28966K->22886K(31744K), 0.0010834 secs]
301.903: [GC (Allocation Failure)  29030K->22862K(31744K), 0.0012030 secs]
301.908: [GC (Allocation Failure)  29006K->22862K(31744K), 0.0013064 secs]
301.912: [GC (Allocation Failure)  29006K->22894K(31744K), 0.0011455 secs]
301.917: [GC (Allocation Failure)  29038K->22862K(31744K), 0.0010530 secs]
301.921: [GC (Allocation Failure)  29006K->22862K(31744K), 0.0013326 secs]
301.926: [GC (Allocation Failure)  29006K->22830K(31744K), 0.0013026 secs]
301.931: [GC (Allocation Failure)  28974K->22990K(31744K), 0.0016870 secs]
301.937: [GC (Allocation Failure)  29134K->23022K(31744K), 0.0017597 secs]
301.942: [GC (Allocation Failure)  29166K->23014K(31744K), 0.0026918 secs]
301.948: [GC (Allocation Failure)  29158K->22974K(31744K), 0.0012499 secs]
301.953: [GC (Allocation Failure)  29118K->22982K(31744K), 0.0011327 secs]
301.957: [GC (Allocation Failure)  29126K->22982K(31744K), 0.0010776 secs]
301.961: [GC (Allocation Failure)  29126K->22982K(31744K), 0.0011114 secs]
301.966: [GC (Allocation Failure)  29126K->22950K(31744K), 0.0009935 secs]
301.969: [GC (Allocation Failure)  29094K->22918K(31744K), 0.0011091 secs]
301.974: [GC (Allocation Failure)  29062K->22982K(31744K), 0.0010689 secs]
301.978: [GC (Allocation Failure)  29126K->22982K(31744K), 0.0011932 secs]
301.982: [GC (Allocation Failure)  29126K->22950K(31744K), 0.0009917 secs]
301.986: [GC (Allocation Failure)  29094K->22950K(31744K), 0.0009898 secs]
301.990: [GC (Allocation Failure)  29094K->23046K(31744K), 0.0012147 secs]
301.995: [GC (Allocation Failure)  29190K->22998K(31744K), 0.0011194 secs]
301.999: [GC (Allocation Failure)  29142K->23030K(31744K), 0.0008596 secs]
302.002: [GC (Allocation Failure)  29174K->23030K(31744K), 0.0010388 secs]
302.006: [GC (Allocation Failure)  29174K->23030K(31744K), 0.0010860 secs]
302.011: [GC (Allocation Failure)  29174K->22966K(31744K), 0.0011967 secs]
302.015: [GC (Allocation Failure)  29110K->22998K(31744K), 0.0010523 secs]
302.019: [GC (Allocation Failure)  29142K->22966K(31744K), 0.0011071 secs]
302.023: [GC (Allocation Failure)  29110K->22998K(31744K), 0.0011958 secs]
302.028: [GC (Allocation Failure)  29142K->23094K(31744K), 0.0010588 secs]
302.033: [GC (Allocation Failure)  29238K->23062K(31744K), 0.0011939 secs]
302.037: [GC (Allocation Failure)  29206K->23086K(31744K), 0.0014399 secs]
302.043: [GC (Allocation Failure)  29230K->23062K(31744K), 0.0020984 secs]
302.048: [GC (Allocation Failure)  29206K->23078K(31744K), 0.0013924 secs]
302.052: [GC (Allocation Failure)  29222K->23046K(31744K), 0.0013927 secs]
302.057: [GC (Allocation Failure)  29190K->23078K(31744K), 0.0012713 secs]
302.062: [GC (Allocation Failure)  29222K->23078K(31744K), 0.0010322 secs]
302.066: [GC (Allocation Failure)  29222K->23046K(31744K), 0.0008958 secs]
302.069: [GC (Allocation Failure)  29190K->23078K(31744K), 0.0014074 secs]
302.074: [GC (Allocation Failure)  29222K->23110K(31744K), 0.0010479 secs]
302.078: [GC (Allocation Failure)  29254K->23078K(31744K), 0.0010459 secs]
302.082: [GC (Allocation Failure)  29222K->23110K(31744K), 0.0012116 secs]
302.087: [GC (Allocation Failure)  29254K->23046K(31744K), 0.0009782 secs]
302.091: [GC (Allocation Failure)  29190K->23142K(31744K), 0.0009344 secs]
302.095: [GC (Allocation Failure)  29286K->23126K(31744K), 0.0010201 secs]
302.099: [GC (Allocation Failure)  29270K->23062K(31744K), 0.0008962 secs]
302.103: [GC (Allocation Failure)  29206K->23062K(31744K), 0.0009008 secs]
302.107: [GC (Allocation Failure)  29206K->23062K(31744K), 0.0008868 secs]
302.110: [GC (Allocation Failure)  29206K->23094K(31744K), 0.0009344 secs]
302.114: [GC (Allocation Failure)  29238K->23030K(31744K), 0.0012224 secs]
302.119: [GC (Allocation Failure)  29174K->23062K(31744K), 0.0008694 secs]
302.123: [GC (Allocation Failure)  29206K->23094K(31744K), 0.0009465 secs]
302.127: [GC (Allocation Failure)  29238K->23126K(31744K), 0.0013033 secs]
302.132: [GC (Allocation Failure)  29270K->23158K(31744K), 0.0015204 secs]
302.137: [GC (Allocation Failure)  29302K->23174K(31744K), 0.0013715 secs]
302.141: [GC (Allocation Failure)  29318K->23230K(31744K), 0.0012168 secs]
302.146: [GC (Allocation Failure)  29374K->23142K(31744K), 0.0014212 secs]
302.151: [GC (Allocation Failure)  29286K->23222K(31744K), 0.0009999 secs]
302.155: [GC (Allocation Failure)  29366K->23190K(31744K), 0.0011789 secs]
302.159: [GC (Allocation Failure)  29334K->23158K(31744K), 0.0011472 secs]
302.164: [GC (Allocation Failure)  29302K->23190K(31744K), 0.0010294 secs]
302.167: [GC (Allocation Failure)  29334K->23190K(31744K), 0.0009028 secs]
302.171: [GC (Allocation Failure)  29334K->23158K(31744K), 0.0009756 secs]
302.175: [GC (Allocation Failure)  29302K->23190K(31744K), 0.0009127 secs]
302.180: [GC (Allocation Failure)  29334K->23158K(31744K), 0.0010419 secs]
302.184: [GC (Allocation Failure)  29302K->23158K(31744K), 0.0011659 secs]
302.188: [GC (Allocation Failure)  29302K->23126K(31744K), 0.0008731 secs]
302.191: [GC (Allocation Failure)  29270K->23190K(31744K), 0.0009659 secs]
302.196: [GC (Allocation Failure)  29334K->23222K(31744K), 0.0010158 secs]
302.200: [GC (Allocation Failure)  29366K->23238K(31744K), 0.0009720 secs]
302.204: [GC (Allocation Failure)  29382K->23142K(31744K), 0.0010805 secs]
302.208: [GC (Allocation Failure)  29286K->23174K(31744K), 0.0010789 secs]
302.212: [GC (Allocation Failure)  29318K->23206K(31744K), 0.0012615 secs]
302.216: [GC (Allocation Failure)  29350K->23206K(31744K), 0.0009879 secs]
302.221: [GC (Allocation Failure)  29350K->23142K(31744K), 0.0009140 secs]
302.224: [GC (Allocation Failure)  29286K->23206K(31744K), 0.0010901 secs]
302.229: [GC (Allocation Failure)  29350K->23334K(31744K), 0.0014966 secs]
302.234: [GC (Allocation Failure)  29478K->23278K(31744K), 0.0010373 secs]
302.239: [GC (Allocation Failure)  29422K->23302K(31744K), 0.0011853 secs]
302.244: [GC (Allocation Failure)  29446K->23310K(31744K), 0.0012268 secs]
302.248: [GC (Allocation Failure)  29454K->23294K(31744K), 0.0011264 secs]
302.252: [GC (Allocation Failure)  29438K->23262K(31744K), 0.0008005 secs]
302.256: [GC (Allocation Failure)  29406K->23294K(31744K), 0.0010466 secs]
302.260: [GC (Allocation Failure)  29438K->23294K(31744K), 0.0009250 secs]
302.264: [GC (Allocation Failure)  29438K->23326K(31744K), 0.0009645 secs]
302.268: [GC (Allocation Failure)  29470K->23326K(31744K), 0.0009410 secs]
302.272: [GC (Allocation Failure)  29470K->23294K(31744K), 0.0009482 secs]
302.276: [GC (Allocation Failure)  29438K->23262K(31744K), 0.0010001 secs]
302.280: [GC (Allocation Failure)  29406K->23294K(31744K), 0.0009423 secs]
302.283: [GC (Allocation Failure)  29438K->23230K(31744K), 0.0009969 secs]
302.287: [GC (Allocation Failure)  29374K->23326K(31744K), 0.0010393 secs]
302.291: [GC (Allocation Failure)  29470K->23294K(31744K), 0.0009744 secs]
302.295: [GC (Allocation Failure)  29438K->23262K(31744K), 0.0009650 secs]
302.299: [GC (Allocation Failure)  29406K->23278K(31744K), 0.0008322 secs]
302.302: [GC (Allocation Failure)  29422K->23278K(31744K), 0.0008580 secs]
302.306: [GC (Allocation Failure)  29422K->23310K(31744K), 0.0008262 secs]
302.310: [GC (Allocation Failure)  29454K->23278K(31744K), 0.0008319 secs]
302.314: [GC (Allocation Failure)  29422K->23246K(31744K), 0.0008902 secs]
302.318: [GC (Allocation Failure)  29390K->23278K(31744K), 0.0009875 secs]
302.322: [GC (Allocation Failure)  29422K->23278K(31744K), 0.0008636 secs]
302.326: [GC (Allocation Failure)  29422K->23310K(31744K), 0.0010139 secs]
302.330: [GC (Allocation Failure)  29454K->23374K(31744K), 0.0009356 secs]
302.335: [GC (Allocation Failure)  29518K->23398K(31744K), 0.0011908 secs]
302.340: [GC (Allocation Failure)  29542K->23382K(31744K), 0.0012915 secs]
302.344: [GC (Allocation Failure)  29526K->23294K(31744K), 0.0012226 secs]
302.349: [GC (Allocation Failure)  29438K->23390K(31744K), 0.0009602 secs]
302.353: [GC (Allocation Failure)  29534K->23406K(31744K), 0.0011012 secs]
302.357: [GC (Allocation Failure)  29550K->23342K(31744K), 0.0010104 secs]
302.361: [GC (Allocation Failure)  29486K->23374K(31744K), 0.0010257 secs]
302.365: [GC (Allocation Failure)  29518K->23374K(31744K), 0.0010162 secs]
302.369: [GC (Allocation Failure)  29518K->23470K(31744K), 0.0008700 secs]
302.372: [GC (Allocation Failure)  29614K->23374K(31744K), 0.0007947 secs]
302.376: [GC (Allocation Failure)  29518K->23374K(31744K), 0.0009762 secs]
302.380: [GC (Allocation Failure)  29518K->23310K(31744K), 0.0008846 secs]
302.384: [GC (Allocation Failure)  29454K->23342K(31744K), 0.0009667 secs]
302.388: [GC (Allocation Failure)  29486K->23374K(31744K), 0.0008413 secs]
302.392: [GC (Allocation Failure)  29518K->23374K(31744K), 0.0008749 secs]
302.395: [GC (Allocation Failure)  29518K->23310K(31744K), 0.0010093 secs]
302.399: [GC (Allocation Failure)  29454K->23342K(31744K), 0.0010015 secs]
302.403: [GC (Allocation Failure)  29486K->23326K(31744K), 0.0008591 secs]
302.407: [GC (Allocation Failure)  29470K->23390K(31744K), 0.0009888 secs]
302.411: [GC (Allocation Failure)  29534K->23422K(31744K), 0.0008870 secs]
302.415: [GC (Allocation Failure)  29566K->23390K(31744K), 0.0009503 secs]
302.419: [GC (Allocation Failure)  29534K->23358K(31744K), 0.0008806 secs]
302.423: [GC (Allocation Failure)  29502K->23358K(31744K), 0.0009145 secs]
302.427: [GC (Allocation Failure)  29502K->23390K(31744K), 0.0009245 secs]
302.431: [GC (Allocation Failure)  29534K->23486K(31744K), 0.0010459 secs]
302.436: [GC (Allocation Failure)  29630K->23478K(31744K), 0.0011752 secs]
302.441: [GC (Allocation Failure)  29622K->23486K(31744K), 0.0014890 secs]
302.446: [GC (Allocation Failure)  29629K->23590K(31744K), 0.0011226 secs]
302.450: [GC (Allocation Failure)  29734K->23470K(31744K), 0.0009984 secs]
302.454: [GC (Allocation Failure)  29614K->23454K(31744K), 0.0009518 secs]
302.457: [GC (Allocation Failure)  29598K->23486K(31744K), 0.0008946 secs]
302.462: [GC (Allocation Failure)  29630K->23486K(31744K), 0.0009284 secs]
302.466: [GC (Allocation Failure)  29630K->23454K(31744K), 0.0009208 secs]
302.470: [GC (Allocation Failure)  29598K->23422K(31744K), 0.0008584 secs]
302.473: [GC (Allocation Failure)  29566K->23486K(31744K), 0.0008142 secs]
302.477: [GC (Allocation Failure)  29630K->23486K(31744K), 0.0009265 secs]
302.481: [GC (Allocation Failure)  29630K->23486K(31744K), 0.0009459 secs]
302.485: [GC (Allocation Failure)  29630K->23486K(31744K), 0.0008715 secs]
302.489: [GC (Allocation Failure)  29630K->23518K(31744K), 0.0009261 secs]
302.493: [GC (Allocation Failure)  29662K->23518K(31744K), 0.0010248 secs]
302.497: [GC (Allocation Failure)  29662K->23454K(31744K), 0.0009460 secs]
302.501: [GC (Allocation Failure)  29598K->23518K(31744K), 0.0010115 secs]
302.505: [GC (Allocation Failure)  29662K->23438K(31744K), 0.0007958 secs]
302.509: [GC (Allocation Failure)  29582K->23470K(31744K), 0.0009423 secs]
302.513: [GC (Allocation Failure)  29614K->23502K(31744K), 0.0008789 secs]
302.517: [GC (Allocation Failure)  29646K->23502K(31744K), 0.0008279 secs]
302.520: [GC (Allocation Failure)  29646K->23534K(31744K), 0.0008841 secs]
302.524: [GC (Allocation Failure)  29678K->23502K(31744K), 0.0009256 secs]
302.528: [GC (Allocation Failure)  29646K->23534K(31744K), 0.0009134 secs]
302.532: [GC (Allocation Failure)  29678K->23598K(31744K), 0.0012814 secs]
302.537: [GC (Allocation Failure)  29742K->23606K(31744K), 0.0010061 secs]
302.542: [GC (Allocation Failure)  29750K->23550K(31744K), 0.0013585 secs]
302.547: [GC (Allocation Failure)  29694K->23558K(31744K), 0.0009121 secs]
302.550: [GC (Allocation Failure)  29702K->23622K(31744K), 0.0009047 secs]
302.554: [GC (Allocation Failure)  29766K->23574K(31744K), 0.0011224 secs]
302.558: [GC (Allocation Failure)  29718K->23542K(31744K), 0.0008881 secs]
302.562: [GC (Allocation Failure)  29686K->23574K(31744K), 0.0009311 secs]
302.566: [GC (Allocation Failure)  29718K->23510K(31744K), 0.0010062 secs]
302.570: [GC (Allocation Failure)  29654K->23574K(31744K), 0.0008711 secs]
302.574: [GC (Allocation Failure)  29718K->23606K(31744K), 0.0008423 secs]
302.577: [GC (Allocation Failure)  29750K->23542K(31744K), 0.0008982 secs]
302.581: [GC (Allocation Failure)  29686K->23542K(31744K), 0.0008521 secs]
302.585: [GC (Allocation Failure)  29686K->23542K(31744K), 0.0008093 secs]
302.589: [GC (Allocation Failure)  29686K->23510K(31744K), 0.0008858 secs]
302.593: [GC (Allocation Failure)  29654K->23574K(31744K), 0.0009404 secs]
302.597: [GC (Allocation Failure)  29718K->23574K(31744K), 0.0008717 secs]
302.600: [GC (Allocation Failure)  29718K->23542K(31744K), 0.0009797 secs]
302.604: [GC (Allocation Failure)  29686K->23590K(31744K), 0.0009200 secs]
302.608: [GC (Allocation Failure)  29734K->23590K(31744K), 0.0010123 secs]
302.612: [GC (Allocation Failure)  29734K->23558K(31744K), 0.0008290 secs]
302.616: [GC (Allocation Failure)  29702K->23558K(31744K), 0.0007841 secs]
302.619: [GC (Allocation Failure)  29702K->23590K(31744K), 0.0008656 secs]
302.623: [GC (Allocation Failure)  29734K->23590K(31744K), 0.0010811 secs]
302.627: [GC (Allocation Failure)  29734K->23558K(31744K), 0.0009437 secs]
302.632: [GC (Allocation Failure)  29702K->23718K(31744K), 0.0011119 secs]
302.637: [GC (Allocation Failure)  29862K->23654K(31744K), 0.0012669 secs]
302.641: [GC (Allocation Failure)  29798K->23670K(31744K), 0.0009109 secs]
302.645: [GC (Allocation Failure)  29814K->23646K(31744K), 0.0010070 secs]
302.649: [GC (Allocation Failure)  29790K->23614K(31744K), 0.0009459 secs]
302.653: [GC (Allocation Failure)  29758K->23678K(31744K), 0.0009107 secs]
302.657: [GC (Allocation Failure)  29822K->23630K(31744K), 0.0008915 secs]
302.660: [GC (Allocation Failure)  29774K->23662K(31744K), 0.0008780 secs]
302.664: [GC (Allocation Failure)  29806K->23662K(31744K), 0.0009761 secs]
302.668: [GC (Allocation Failure)  29806K->23598K(31744K), 0.0009153 secs]
302.672: [GC (Allocation Failure)  29742K->23630K(31744K), 0.0010947 secs]
302.676: [GC (Allocation Failure)  29774K->23662K(31744K), 0.0011580 secs]
302.680: [GC (Allocation Failure)  29806K->23662K(31744K), 0.0008610 secs]
302.684: [GC (Allocation Failure)  29806K->23694K(31744K), 0.0009228 secs]
302.688: [GC (Allocation Failure)  29838K->23662K(31744K), 0.0009440 secs]
302.692: [GC (Allocation Failure)  29806K->23694K(31744K), 0.0008172 secs]
302.695: [GC (Allocation Failure)  29838K->23630K(31744K), 0.0009331 secs]
302.699: [GC (Allocation Failure)  29774K->23694K(31744K), 0.0008894 secs]
302.703: [GC (Allocation Failure)  29838K->23726K(31744K), 0.0008800 secs]
302.707: [GC (Allocation Failure)  29870K->23678K(31744K), 0.0008639 secs]
302.711: [GC (Allocation Failure)  29822K->23710K(31744K), 0.0008151 secs]
302.715: [GC (Allocation Failure)  29854K->23710K(31744K), 0.0009468 secs]
302.719: [GC (Allocation Failure)  29854K->23646K(31744K), 0.0008082 secs]
302.722: [GC (Allocation Failure)  29790K->23678K(31744K), 0.0008941 secs]
302.726: [GC (Allocation Failure)  29822K->23614K(31744K), 0.0008732 secs]
302.730: [GC (Allocation Failure)  29758K->23742K(31744K), 0.0007940 secs]
302.735: [GC (Allocation Failure)  29886K->23726K(31744K), 0.0010970 secs]
302.739: [GC (Allocation Failure)  29870K->23694K(31744K), 0.0011269 secs]
302.744: [GC (Allocation Failure)  29838K->23734K(31744K), 0.0011809 secs]
302.748: [GC (Allocation Failure)  29878K->23766K(31744K), 0.0009446 secs]
302.752: [GC (Allocation Failure)  29910K->23734K(31744K), 0.0010821 secs]
302.756: [GC (Allocation Failure)  29878K->23750K(31744K), 0.0008485 secs]
302.760: [GC (Allocation Failure)  29894K->23718K(31744K), 0.0009171 secs]
302.764: [GC (Allocation Failure)  29862K->23782K(31744K), 0.0009876 secs]
302.768: [GC (Allocation Failure)  29926K->23750K(31744K), 0.0008396 secs]
302.772: [GC (Allocation Failure)  29894K->23718K(31744K), 0.0009508 secs]
302.775: [GC (Allocation Failure)  29862K->23750K(31744K), 0.0008221 secs]
302.779: [GC (Allocation Failure)  29894K->23718K(31744K), 0.0008687 secs]
302.783: [GC (Allocation Failure)  29862K->23686K(31744K), 0.0009897 secs]
302.787: [GC (Allocation Failure)  29830K->23782K(31744K), 0.0009279 secs]
302.791: [GC (Allocation Failure)  29926K->23750K(31744K), 0.0007769 secs]
302.795: [GC (Allocation Failure)  29894K->23750K(31744K), 0.0009040 secs]
302.798: [GC (Allocation Failure)  29894K->23750K(31744K), 0.0008981 secs]
302.802: [GC (Allocation Failure)  29894K->23750K(31744K), 0.0009250 secs]
302.806: [GC (Allocation Failure)  29894K->23766K(31744K), 0.0010302 secs]
302.810: [GC (Allocation Failure)  29910K->23734K(31744K), 0.0009660 secs]
302.814: [GC (Allocation Failure)  29878K->23734K(31744K), 0.0008798 secs]
302.818: [GC (Allocation Failure)  29878K->23798K(31744K), 0.0009492 secs]
302.821: [GC (Allocation Failure)  29942K->23766K(31744K), 0.0009653 secs]
302.825: [GC (Allocation Failure)  29910K->23798K(31744K), 0.0008439 secs]
302.829: [GC (Allocation Failure)  29942K->23734K(31744K), 0.0007752 secs]
302.833: [GC (Allocation Failure)  29878K->23862K(31744K), 0.0011198 secs]
302.837: [GC (Allocation Failure)  30006K->23862K(31744K), 0.0012300 secs]
302.841: [GC (Allocation Failure)  30006K->23886K(31744K), 0.0011208 secs]
302.846: [GC (Allocation Failure)  30030K->23830K(31744K), 0.0010018 secs]
302.850: [GC (Allocation Failure)  29974K->23798K(31744K), 0.0008172 secs]
302.853: [GC (Allocation Failure)  29942K->23830K(31744K), 0.0009567 secs]
302.857: [GC (Allocation Failure)  29974K->23846K(31744K), 0.0009972 secs]
302.861: [GC (Allocation Failure)  29990K->23878K(31744K), 0.0009285 secs]
302.865: [GC (Allocation Failure)  30022K->23846K(31744K), 0.0008882 secs]
302.869: [GC (Allocation Failure)  29990K->23846K(31744K), 0.0010442 secs]
302.873: [GC (Allocation Failure)  29990K->23878K(31744K), 0.0011608 secs]
302.877: [GC (Allocation Failure)  30022K->23814K(31744K), 0.0009994 secs]
302.881: [GC (Allocation Failure)  29958K->23846K(31744K), 0.0008760 secs]
302.885: [GC (Allocation Failure)  29990K->23846K(31744K), 0.0008541 secs]
302.888: [GC (Allocation Failure)  29990K->23878K(31744K), 0.0009317 secs]
302.892: [GC (Allocation Failure)  30022K->23878K(31744K), 0.0008757 secs]
302.896: [GC (Allocation Failure)  30022K->23878K(31744K), 0.0009383 secs]
302.900: [GC (Allocation Failure)  30022K->23878K(31744K), 0.0010267 secs]
302.904: [GC (Allocation Failure)  30022K->23910K(31744K), 0.0009584 secs]
302.908: [GC (Allocation Failure)  30054K->23798K(31744K), 0.0010192 secs]
302.912: [GC (Allocation Failure)  29942K->23862K(31744K), 0.0010362 secs]
302.916: [GC (Allocation Failure)  30006K->23830K(31744K), 0.0009047 secs]
302.920: [GC (Allocation Failure)  29974K->23830K(31744K), 0.0008962 secs]
302.923: [GC (Allocation Failure)  29974K->23830K(31744K), 0.0010025 secs]
302.928: [GC (Allocation Failure)  29974K->23830K(31744K), 0.0011307 secs]
302.933: [GC (Allocation Failure)  29974K->23958K(31744K), 0.0013787 secs]
302.938: [GC (Allocation Failure)  30102K->23998K(31744K), 0.0015050 secs]
302.943: [GC (Allocation Failure)  30142K->23974K(31744K), 0.0021219 secs]
302.948: [GC (Allocation Failure)  30118K->24006K(31744K), 0.0010538 secs]
302.952: [GC (Allocation Failure)  30150K->23982K(31744K), 0.0009364 secs]
302.956: [GC (Allocation Failure)  30126K->23982K(31744K), 0.0008796 secs]
302.960: [GC (Allocation Failure)  30126K->23958K(31744K), 0.0011870 secs]
302.964: [GC (Allocation Failure)  30102K->24022K(31744K), 0.0008886 secs]
302.968: [GC (Allocation Failure)  30166K->23926K(31744K), 0.0009061 secs]
302.972: [GC (Allocation Failure)  30070K->23894K(31744K), 0.0009003 secs]
302.975: [GC (Allocation Failure)  30038K->23894K(31744K), 0.0008840 secs]
302.979: [GC (Allocation Failure)  30038K->23894K(31744K), 0.0008944 secs]
302.983: [GC (Allocation Failure)  30038K->23990K(31744K), 0.0008058 secs]
302.986: [GC (Allocation Failure)  30134K->23990K(31744K), 0.0009311 secs]
302.990: [GC (Allocation Failure)  30134K->23926K(31744K), 0.0008219 secs]
302.994: [GC (Allocation Failure)  30070K->23926K(31744K), 0.0009545 secs]
302.998: [GC (Allocation Failure)  30070K->23926K(31744K), 0.0008902 secs]
303.001: [GC (Allocation Failure)  30070K->23958K(31744K), 0.0009091 secs]
303.005: [GC (Allocation Failure)  30102K->23958K(31744K), 0.0008364 secs]
303.009: [GC (Allocation Failure)  30102K->23974K(31744K), 0.0007673 secs]
303.012: [GC (Allocation Failure)  30118K->24006K(31744K), 0.0008573 secs]
303.016: [GC (Allocation Failure)  30150K->23942K(31744K), 0.0008637 secs]
303.020: [GC (Allocation Failure)  30086K->23974K(31744K), 0.0008815 secs]
303.023: [GC (Allocation Failure)  30118K->23974K(31744K), 0.0008844 secs]
303.027: [GC (Allocation Failure)  30118K->23910K(31744K), 0.0008816 secs]
303.031: [GC (Allocation Failure)  30054K->23974K(31744K), 0.0008120 secs]
303.035: [GC (Allocation Failure)  30118K->24126K(31744K), 0.0010445 secs]
303.039: [GC (Allocation Failure)  30270K->24086K(31744K), 0.0016106 secs]
303.046: [GC (Allocation Failure)  30230K->24102K(31744K), 0.0014056 secs]
303.050: [GC (Allocation Failure)  30246K->24078K(31744K), 0.0010954 secs]
303.054: [GC (Allocation Failure)  30222K->24046K(31744K), 0.0010170 secs]
303.058: [GC (Allocation Failure)  30190K->24046K(31744K), 0.0012144 secs]
303.062: [GC (Allocation Failure)  30190K->23998K(31744K), 0.0010229 secs]
303.066: [GC (Allocation Failure)  30142K->24126K(31744K), 0.0009247 secs]
303.070: [GC (Allocation Failure)  30270K->24062K(31744K), 0.0008795 secs]
303.074: [GC (Allocation Failure)  30206K->24094K(31744K), 0.0008804 secs]
303.077: [GC (Allocation Failure)  30238K->24126K(31744K), 0.0008864 secs]
303.082: [GC (Allocation Failure)  30270K->24094K(31744K), 0.0014207 secs]
303.087: [GC (Allocation Failure)  30238K->24062K(31744K), 0.0009688 secs]
303.091: [GC (Allocation Failure)  30206K->24062K(31744K), 0.0011211 secs]
303.095: [GC (Allocation Failure)  30206K->24062K(31744K), 0.0009963 secs]
303.099: [GC (Allocation Failure)  30206K->23998K(31744K), 0.0009211 secs]
303.103: [GC (Allocation Failure)  30142K->24094K(31744K), 0.0008698 secs]
303.107: [GC (Allocation Failure)  30238K->24126K(31744K), 0.0007935 secs]
303.111: [GC (Allocation Failure)  30270K->24070K(31744K), 0.0008204 secs]
303.114: [GC (Allocation Failure)  30214K->24038K(31744K), 0.0009954 secs]
303.118: [GC (Allocation Failure)  30182K->24070K(31744K), 0.0009739 secs]
303.122: [GC (Allocation Failure)  30214K->24038K(31744K), 0.0008949 secs]
303.126: [GC (Allocation Failure)  30182K->24006K(31744K), 0.0008648 secs]
303.130: [GC (Allocation Failure)  30150K->24070K(31744K), 0.0008978 secs]
303.134: [GC (Allocation Failure)  30214K->24134K(31744K), 0.0011385 secs]
303.139: [GC (Allocation Failure)  30278K->24134K(31744K), 0.0010341 secs]
303.143: [GC (Allocation Failure)  30278K->24110K(31744K), 0.0012851 secs]
303.147: [GC (Allocation Failure)  30254K->24086K(31744K), 0.0011646 secs]
303.151: [GC (Allocation Failure)  30230K->24118K(31744K), 0.0013105 secs]
303.155: [GC (Allocation Failure)  30262K->24150K(31744K), 0.0009138 secs]
303.159: [GC (Allocation Failure)  30294K->24070K(31744K), 0.0009177 secs]
303.163: [GC (Allocation Failure)  30214K->24134K(31744K), 0.0008753 secs]
303.166: [GC (Allocation Failure)  30278K->24102K(31744K), 0.0007900 secs]
303.170: [GC (Allocation Failure)  30246K->24134K(31744K), 0.0008312 secs]
303.174: [GC (Allocation Failure)  30278K->24134K(31744K), 0.0008057 secs]
303.178: [GC (Allocation Failure)  30278K->24134K(31744K), 0.0008898 secs]
303.182: [GC (Allocation Failure)  30278K->24134K(31744K), 0.0008465 secs]
303.186: [GC (Allocation Failure)  30278K->24102K(31744K), 0.0008217 secs]
303.189: [GC (Allocation Failure)  30246K->24102K(31744K), 0.0009510 secs]
303.193: [GC (Allocation Failure)  30246K->24102K(31744K), 0.0008107 secs]
303.197: [GC (Allocation Failure)  30246K->24134K(31744K), 0.0007931 secs]
303.200: [GC (Allocation Failure)  30278K->24134K(31744K), 0.0008100 secs]
303.204: [GC (Allocation Failure)  30278K->24166K(31744K), 0.0008549 secs]
303.208: [GC (Allocation Failure)  30310K->24166K(31744K), 0.0009527 secs]
303.212: [GC (Allocation Failure)  30310K->24150K(31744K), 0.0010208 secs]
303.216: [GC (Allocation Failure)  30294K->24150K(31744K), 0.0009286 secs]
303.220: [GC (Allocation Failure)  30294K->24086K(31744K), 0.0009446 secs]
303.224: [GC (Allocation Failure)  30230K->24182K(31744K), 0.0010174 secs]
303.228: [GC (Allocation Failure)  30326K->24182K(31744K), 0.0009439 secs]
303.232: [GC (Allocation Failure)  30326K->24214K(31744K), 0.0009320 secs]
303.236: [GC (Allocation Failure)  30358K->24286K(31744K), 0.0009073 secs]
303.240: [GC (Allocation Failure)  30430K->24238K(31744K), 0.0011817 secs]
303.245: [GC (Allocation Failure)  30382K->24214K(31744K), 0.0011425 secs]
303.249: [GC (Allocation Failure)  30358K->24214K(31744K), 0.0009598 secs]
303.253: [GC (Allocation Failure)  30358K->24214K(31744K), 0.0008737 secs]
303.257: [GC (Allocation Failure)  30358K->24214K(31744K), 0.0009435 secs]
303.261: [GC (Allocation Failure)  30358K->24166K(31744K), 0.0009578 secs]
303.265: [GC (Allocation Failure)  30310K->24230K(31744K), 0.0008734 secs]
303.269: [GC (Allocation Failure)  30374K->24230K(31744K), 0.0008729 secs]
303.272: [GC (Allocation Failure)  30374K->24262K(31744K), 0.0008576 secs]
303.276: [GC (Allocation Failure)  30406K->24230K(31744K), 0.0007866 secs]
303.280: [GC (Allocation Failure)  30374K->24198K(31744K), 0.0008373 secs]
303.283: [GC (Allocation Failure)  30342K->24198K(31744K), 0.0010070 secs]
303.287: [GC (Allocation Failure)  30342K->24262K(31744K), 0.0009806 secs]
303.291: [GC (Allocation Failure)  30406K->24230K(31744K), 0.0009691 secs]
303.295: [GC (Allocation Failure)  30374K->24230K(31744K), 0.0009491 secs]
303.300: [GC (Allocation Failure)  30374K->24198K(31744K), 0.0012626 secs]
303.305: [GC (Allocation Failure)  30342K->24198K(31744K), 0.0013099 secs]
303.309: [GC (Allocation Failure)  30342K->24198K(31744K), 0.0010257 secs]
303.313: [GC (Allocation Failure)  30342K->24278K(31744K), 0.0009854 secs]
303.316: [GC (Allocation Failure)  30422K->24246K(31744K), 0.0008667 secs]
303.320: [GC (Allocation Failure)  30390K->24246K(31744K), 0.0009274 secs]
303.324: [GC (Allocation Failure)  30390K->24182K(31744K), 0.0010895 secs]
303.328: [GC (Allocation Failure)  30326K->24214K(31744K), 0.0009137 secs]
303.332: [GC (Allocation Failure)  30358K->24310K(31744K), 0.0010571 secs]
303.337: [GC (Allocation Failure)  30454K->24374K(31744K), 0.0015078 secs]
303.341: [GC (Allocation Failure)  30518K->24286K(31744K), 0.0014199 secs]
303.346: [GC (Allocation Failure)  30430K->24294K(31744K), 0.0011648 secs]
303.350: [GC (Allocation Failure)  30438K->24262K(31744K), 0.0008760 secs]
303.354: [GC (Allocation Failure)  30406K->24294K(31744K), 0.0008803 secs]
303.357: [GC (Allocation Failure)  30438K->24294K(31744K), 0.0009394 secs]
303.361: [GC (Allocation Failure)  30438K->24294K(31744K), 0.0009920 secs]
303.365: [GC (Allocation Failure)  30438K->24310K(31744K), 0.0011823 secs]
303.369: [GC (Allocation Failure)  30454K->24278K(31744K), 0.0011126 secs]
303.374: [GC (Allocation Failure)  30422K->24342K(31744K), 0.0007565 secs]
303.377: [GC (Allocation Failure)  30486K->24310K(31744K), 0.0008481 secs]
303.381: [GC (Allocation Failure)  30454K->24278K(31744K), 0.0008862 secs]
303.385: [GC (Allocation Failure)  30422K->24246K(31744K), 0.0008403 secs]
303.389: [GC (Allocation Failure)  30390K->24310K(31744K), 0.0008322 secs]
303.392: [GC (Allocation Failure)  30454K->24310K(31744K), 0.0008433 secs]
303.396: [GC (Allocation Failure)  30454K->24310K(31744K), 0.0008748 secs]
303.400: [GC (Allocation Failure)  30454K->24310K(31744K), 0.0008887 secs]
303.404: [GC (Allocation Failure)  30454K->24310K(31744K), 0.0008315 secs]
303.408: [GC (Allocation Failure)  30454K->24342K(31744K), 0.0008962 secs]
303.412: [GC (Allocation Failure)  30486K->24318K(31744K), 0.0009368 secs]
303.415: [GC (Allocation Failure)  30462K->24318K(31744K), 0.0009617 secs]
303.419: [GC (Allocation Failure)  30462K->24318K(31744K), 0.0009125 secs]
303.423: [GC (Allocation Failure)  30462K->24286K(31744K), 0.0010570 secs]
303.427: [GC (Allocation Failure)  30430K->24318K(31744K), 0.0009942 secs]
303.431: [GC (Allocation Failure)  30462K->24350K(31744K), 0.0010084 secs]
303.435: [GC (Allocation Failure)  30494K->24382K(31744K), 0.0012949 secs]
303.441: [GC (Allocation Failure)  30526K->24446K(31744K), 0.0011921 secs]
303.446: [GC (Allocation Failure)  30590K->24454K(31744K), 0.0015498 secs]
303.450: [GC (Allocation Failure)  30598K->24366K(31744K), 0.0010758 secs]
303.454: [GC (Allocation Failure)  30510K->24406K(31744K), 0.0010168 secs]
303.458: [GC (Allocation Failure)  30550K->24438K(31744K), 0.0011084 secs]
303.462: [GC (Allocation Failure)  30582K->24470K(31744K), 0.0011222 secs]
303.467: [GC (Allocation Failure)  30614K->24454K(31744K), 0.0009386 secs]
303.470: [GC (Allocation Failure)  30598K->24422K(31744K), 0.0008689 secs]
303.474: [GC (Allocation Failure)  30566K->24454K(31744K), 0.0009789 secs]
303.478: [GC (Allocation Failure)  30598K->24390K(31744K), 0.0009410 secs]
303.482: [GC (Allocation Failure)  30534K->24422K(31744K), 0.0009512 secs]
303.486: [GC (Allocation Failure)  30566K->24390K(31744K), 0.0010346 secs]
303.490: [GC (Allocation Failure)  30534K->24454K(31744K), 0.0009372 secs]
303.494: [GC (Allocation Failure)  30598K->24390K(31744K), 0.0008038 secs]
303.498: [GC (Allocation Failure)  30534K->24390K(31744K), 0.0008787 secs]
303.502: [GC (Allocation Failure)  30534K->24390K(31744K), 0.0007672 secs]
303.505: [GC (Allocation Failure)  30534K->24390K(31744K), 0.0008359 secs]
303.509: [GC (Allocation Failure)  30534K->24390K(31744K), 0.0010166 secs]
303.513: [GC (Allocation Failure)  30534K->24454K(31744K), 0.0009116 secs]
303.517: [GC (Allocation Failure)  30597K->24438K(31744K), 0.0007691 secs]
303.521: [GC (Allocation Failure)  30582K->24406K(31744K), 0.0009534 secs]
303.524: [GC (Allocation Failure)  30550K->24438K(31744K), 0.0007881 secs]
303.529: [GC (Allocation Failure)  30582K->24438K(31744K), 0.0009689 secs]
303.533: [GC (Allocation Failure)  30582K->24406K(31744K), 0.0008893 secs]
303.537: [GC (Allocation Failure)  30550K->24502K(31744K), 0.0010664 secs]
303.541: [GC (Allocation Failure)  30646K->24558K(31744K), 0.0011770 secs]
303.546: [GC (Allocation Failure)  30702K->24486K(31744K), 0.0009092 secs]
303.549: [GC (Allocation Failure)  30630K->24430K(31744K), 0.0009054 secs]
303.553: [GC (Allocation Failure)  30574K->24462K(31744K), 0.0009831 secs]
303.557: [GC (Allocation Failure)  30606K->24462K(31744K), 0.0008467 secs]
303.561: [GC (Allocation Failure)  30606K->24494K(31744K), 0.0008129 secs]
303.564: [GC (Allocation Failure)  30638K->24502K(31744K), 0.0008887 secs]
303.568: [GC (Allocation Failure)  30646K->24534K(31744K), 0.0007872 secs]
303.572: [GC (Allocation Failure)  30678K->24470K(31744K), 0.0008223 secs]
303.575: [GC (Allocation Failure)  30614K->24470K(31744K), 0.0008388 secs]
303.579: [GC (Allocation Failure)  30614K->24470K(31744K), 0.0008670 secs]
303.583: [GC (Allocation Failure)  30614K->24502K(31744K), 0.0008501 secs]
303.587: [GC (Allocation Failure)  30646K->24438K(31744K), 0.0008272 secs]
303.590: [GC (Allocation Failure)  30582K->24438K(31744K), 0.0008806 secs]
303.594: [GC (Allocation Failure)  30582K->24534K(31744K), 0.0008988 secs]
303.598: [GC (Allocation Failure)  30678K->24502K(31744K), 0.0008519 secs]
303.601: [GC (Allocation Failure)  30646K->24502K(31744K), 0.0008967 secs]
303.605: [GC (Allocation Failure)  30646K->24438K(31744K), 0.0009201 secs]
303.609: [GC (Allocation Failure)  30582K->24438K(31744K), 0.0009633 secs]
303.613: [GC (Allocation Failure)  30582K->24502K(31744K), 0.0008397 secs]
303.617: [GC (Allocation Failure)  30646K->24510K(31744K), 0.0008291 secs]
303.620: [GC (Allocation Failure)  30654K->24510K(31744K), 0.0009360 secs]
303.624: [GC (Allocation Failure)  30654K->24478K(31744K), 0.0009256 secs]
303.628: [GC (Allocation Failure)  30622K->24478K(31744K), 0.0007885 secs]
303.632: [GC (Allocation Failure)  30622K->24478K(31744K), 0.0008201 secs]
303.635: [GC (Allocation Failure)  30622K->24574K(31744K), 0.0010785 secs]
303.640: [GC (Allocation Failure)  30718K->24566K(31744K), 0.0010870 secs]
303.644: [GC (Allocation Failure)  30710K->24542K(31744K), 0.0012096 secs]
303.648: [GC (Allocation Failure)  30686K->24550K(31744K), 0.0010471 secs]
303.652: [GC (Allocation Failure)  30694K->24550K(31744K), 0.0009680 secs]
303.656: [GC (Allocation Failure)  30694K->24550K(31744K), 0.0010062 secs]
303.660: [GC (Allocation Failure)  30694K->24518K(31744K), 0.0009112 secs]
303.663: [GC (Allocation Failure)  30662K->24582K(31744K), 0.0009529 secs]
303.667: [GC (Allocation Failure)  30726K->24598K(31744K), 0.0009971 secs]
303.671: [GC (Allocation Failure)  30742K->24566K(31744K), 0.0013475 secs]
303.675: [GC (Allocation Failure)  30710K->24534K(31744K), 0.0011578 secs]
303.680: [GC (Allocation Failure)  30678K->24566K(31744K), 0.0009887 secs]
303.684: [GC (Allocation Failure)  30710K->24566K(31744K), 0.0009839 secs]
303.688: [GC (Allocation Failure)  30710K->24534K(31744K), 0.0012817 secs]
303.692: [GC (Allocation Failure)  30678K->24598K(31744K), 0.0010604 secs]
303.696: [GC (Allocation Failure)  30742K->24566K(31744K), 0.0010372 secs]
303.700: [GC (Allocation Failure)  30710K->24566K(31744K), 0.0009784 secs]
303.704: [GC (Allocation Failure)  30710K->24598K(31744K), 0.0010224 secs]
303.708: [GC (Allocation Failure)  30742K->24534K(31744K), 0.0010918 secs]
303.712: [GC (Allocation Failure)  30678K->24534K(31744K), 0.0012662 secs]
303.716: [GC (Allocation Failure)  30678K->24566K(31744K), 0.0010143 secs]
303.720: [GC (Allocation Failure)  30710K->24550K(31744K), 0.0013653 secs]
303.724: [GC (Allocation Failure)  30694K->24518K(31744K), 0.0010888 secs]
303.728: [GC (Allocation Failure)  30662K->24614K(31744K), 0.0010087 secs]
303.733: [GC (Allocation Failure)  30758K->24582K(31744K), 0.0011115 secs]
303.738: [GC (Allocation Failure)  30726K->24614K(31744K), 0.0020155 secs]
303.744: [GC (Allocation Failure)  30758K->24598K(31744K), 0.0018349 secs]
303.749: [GC (Allocation Failure)  30742K->24622K(31744K), 0.0011737 secs]
303.753: [GC (Allocation Failure)  30766K->24630K(31744K), 0.0011511 secs]
303.758: [GC (Allocation Failure)  30774K->24598K(31744K), 0.0009737 secs]
303.762: [GC (Allocation Failure)  30742K->24662K(31744K), 0.0012371 secs]
303.766: [GC (Allocation Failure)  30806K->24630K(31744K), 0.0009793 secs]
303.770: [GC (Allocation Failure)  30774K->24606K(31744K), 0.0011375 secs]
303.774: [GC (Allocation Failure)  30750K->24638K(31744K), 0.0010572 secs]
303.778: [GC (Allocation Failure)  30782K->24670K(31744K), 0.0010956 secs]
303.782: [GC (Allocation Failure)  30814K->24606K(31744K), 0.0013226 secs]
303.787: [GC (Allocation Failure)  30750K->24606K(31744K), 0.0013216 secs]
303.792: [GC (Allocation Failure)  30750K->24606K(31744K), 0.0013528 secs]
303.796: [GC (Allocation Failure)  30750K->24574K(31744K), 0.0011293 secs]
303.800: [GC (Allocation Failure)  30718K->24606K(31744K), 0.0008873 secs]
303.804: [GC (Allocation Failure)  30750K->24606K(31744K), 0.0010440 secs]
303.808: [GC (Allocation Failure)  30750K->24638K(31744K), 0.0008594 secs]
303.812: [GC (Allocation Failure)  30782K->24638K(31744K), 0.0009555 secs]
303.816: [GC (Allocation Failure)  30782K->24606K(31744K), 0.0008724 secs]
303.819: [GC (Allocation Failure)  30750K->24646K(31744K), 0.0009780 secs]
303.823: [GC (Allocation Failure)  30790K->24678K(31744K), 0.0010571 secs]
303.827: [GC (Allocation Failure)  30822K->24582K(31744K), 0.0007831 secs]
303.831: [GC (Allocation Failure)  30726K->24646K(31744K), 0.0008378 secs]
303.834: [GC (Allocation Failure)  30790K->24646K(31744K), 0.0009896 secs]
303.838: [GC (Allocation Failure)  30790K->24710K(31744K), 0.0011592 secs]
303.844: [GC (Allocation Failure)  30854K->24694K(31744K), 0.0017132 secs]
303.849: [GC (Allocation Failure)  30838K->24678K(31744K), 0.0011862 secs]
303.853: [GC (Allocation Failure)  30822K->24686K(31744K), 0.0012587 secs]
303.857: [GC (Allocation Failure)  30830K->24718K(31744K), 0.0009910 secs]
303.861: [GC (Allocation Failure)  30862K->24686K(31744K), 0.0013249 secs]
303.865: [GC (Allocation Failure)  30830K->24686K(31744K), 0.0012898 secs]
303.870: [GC (Allocation Failure)  30830K->24662K(31744K), 0.0012904 secs]
303.874: [GC (Allocation Failure)  30806K->24662K(31744K), 0.0013571 secs]
303.878: [GC (Allocation Failure)  30806K->24694K(31744K), 0.0011796 secs]
303.882: [GC (Allocation Failure)  30838K->24662K(31744K), 0.0011357 secs]
303.886: [GC (Allocation Failure)  30806K->24694K(31744K), 0.0010249 secs]
303.890: [GC (Allocation Failure)  30838K->24694K(31744K), 0.0009502 secs]
303.895: [GC (Allocation Failure)  30838K->24694K(31744K), 0.0008973 secs]
303.898: [GC (Allocation Failure)  30838K->24758K(31744K), 0.0010768 secs]
303.903: [GC (Allocation Failure)  30902K->24662K(31744K), 0.0012322 secs]
303.907: [GC (Allocation Failure)  30806K->24726K(31744K), 0.0011046 secs]
303.911: [GC (Allocation Failure)  30870K->24694K(31744K), 0.0012197 secs]
303.916: [GC (Allocation Failure)  30838K->24694K(31744K), 0.0009837 secs]
303.919: [GC (Allocation Failure)  30838K->24694K(31744K), 0.0012772 secs]
303.924: [GC (Allocation Failure)  30838K->24702K(31744K), 0.0011334 secs]
303.928: [GC (Allocation Failure)  30846K->24670K(31744K), 0.0013192 secs]
303.933: [GC (Allocation Failure)  30814K->24638K(31744K), 0.0012321 secs]
303.937: [GC (Allocation Failure)  30782K->24766K(31744K), 0.0015280 secs]
303.943: [GC (Allocation Failure)  30910K->24750K(31744K), 0.0023369 secs]
303.949: [GC (Allocation Failure)  30894K->24822K(31744K), 0.0017567 secs]
303.954: [GC (Allocation Failure)  30966K->24798K(31744K), 0.0011579 secs]
303.958: [GC (Allocation Failure)  30942K->24774K(31744K), 0.0013577 secs]
303.963: [GC (Allocation Failure)  30918K->24742K(31744K), 0.0012932 secs]
303.967: [GC (Allocation Failure)  30886K->24806K(31744K), 0.0010841 secs]
303.971: [GC (Allocation Failure)  30950K->24750K(31744K), 0.0010333 secs]
303.975: [GC (Allocation Failure)  30894K->24782K(31744K), 0.0013173 secs]
303.980: [GC (Allocation Failure)  30926K->24814K(31744K), 0.0009541 secs]
303.983: [GC (Allocation Failure)  30958K->24782K(31744K), 0.0009806 secs]
303.987: [GC (Allocation Failure)  30926K->24782K(31744K), 0.0010496 secs]
303.991: [GC (Allocation Failure)  30926K->24782K(31744K), 0.0012039 secs]
303.996: [GC (Allocation Failure)  30926K->24846K(31744K), 0.0010710 secs]
304.000: [GC (Allocation Failure)  30990K->24782K(31744K), 0.0011560 secs]
304.004: [GC (Allocation Failure)  30926K->24750K(31744K), 0.0010793 secs]
304.008: [GC (Allocation Failure)  30894K->24750K(31744K), 0.0009956 secs]
304.012: [GC (Allocation Failure)  30894K->24750K(31744K), 0.0011509 secs]
304.016: [GC (Allocation Failure)  30894K->24782K(31744K), 0.0009695 secs]
304.020: [GC (Allocation Failure)  30926K->24814K(31744K), 0.0011087 secs]
304.024: [GC (Allocation Failure)  30958K->24766K(31744K), 0.0009834 secs]
304.028: [GC (Allocation Failure)  30910K->24766K(31744K), 0.0010414 secs]
304.033: [GC (Allocation Failure)  30910K->24766K(31744K), 0.0009727 secs]
304.036: [GC (Allocation Failure)  30910K->24798K(31744K), 0.0010046 secs]
304.042: [GC (Allocation Failure)  30942K->24798K(31744K), 0.0020351 secs]
304.048: [GC (Allocation Failure)  30942K->24990K(31744K), 0.0016955 secs]
304.053: [GC (Allocation Failure)  31134K->24846K(31744K), 0.0013763 secs]
304.058: [GC (Allocation Failure)  30990K->24822K(31744K), 0.0012752 secs]
304.062: [GC (Allocation Failure)  30966K->24822K(31744K), 0.0013658 secs]
304.066: [GC (Allocation Failure)  30966K->24886K(31744K), 0.0010222 secs]
304.070: [GC (Allocation Failure)  31030K->24886K(31744K), 0.0012643 secs]
304.075: [GC (Allocation Failure)  31030K->24830K(31744K), 0.0010732 secs]
304.079: [GC (Allocation Failure)  30974K->24894K(31744K), 0.0010738 secs]
304.083: [GC (Allocation Failure)  31038K->24862K(31744K), 0.0010154 secs]
304.087: [GC (Allocation Failure)  31006K->24862K(31744K), 0.0010331 secs]
304.091: [GC (Allocation Failure)  31006K->24894K(31744K), 0.0010943 secs]
304.095: [GC (Allocation Failure)  31038K->24862K(31744K), 0.0010667 secs]
304.099: [GC (Allocation Failure)  31006K->24862K(31744K), 0.0008979 secs]
304.103: [GC (Allocation Failure)  31006K->24862K(31744K), 0.0009528 secs]
304.107: [GC (Allocation Failure)  31006K->24894K(31744K), 0.0008930 secs]
304.111: [GC (Allocation Failure)  31038K->24798K(31744K), 0.0008911 secs]
304.115: [GC (Allocation Failure)  30942K->24862K(31744K), 0.0008541 secs]
304.118: [GC (Allocation Failure)  31006K->24862K(31744K), 0.0009945 secs]
304.122: [GC (Allocation Failure)  31006K->24894K(31744K), 0.0011175 secs]
304.126: [GC (Allocation Failure)  31038K->24878K(31744K), 0.0012071 secs]
304.131: [GC (Allocation Failure)  31022K->24814K(31744K), 0.0009032 secs]
304.134: [GC (Allocation Failure)  30958K->24878K(31744K), 0.0009871 secs]
304.138: [GC (Allocation Failure)  31022K->24974K(31744K), 0.0008626 secs]
304.143: [GC (Allocation Failure)  31118K->25006K(31744K), 0.0015763 secs]
304.147: [GC (Allocation Failure)  31150K->24934K(31744K), 0.0011402 secs]
304.151: [GC (Allocation Failure)  31078K->24910K(31744K), 0.0010718 secs]
304.155: [GC (Allocation Failure)  31054K->24942K(31744K), 0.0010709 secs]
304.159: [GC (Allocation Failure)  31086K->24942K(31744K), 0.0011783 secs]
304.164: [GC (Allocation Failure)  31086K->24910K(31744K), 0.0010386 secs]
304.167: [GC (Allocation Failure)  31054K->24910K(31744K), 0.0009295 secs]
304.171: [GC (Allocation Failure)  31054K->25006K(31744K), 0.0011172 secs]
304.175: [GC (Allocation Failure)  31150K->24958K(31744K), 0.0009768 secs]
304.179: [GC (Allocation Failure)  31102K->24894K(31744K), 0.0009639 secs]
304.183: [GC (Allocation Failure)  31038K->24958K(31744K), 0.0009926 secs]
304.187: [GC (Allocation Failure)  31102K->24990K(31744K), 0.0008760 secs]
304.190: [GC (Allocation Failure)  31134K->24926K(31744K), 0.0009849 secs]
304.194: [GC (Allocation Failure)  31070K->24958K(31744K), 0.0009666 secs]
304.198: [GC (Allocation Failure)  31102K->24958K(31744K), 0.0008688 secs]
304.202: [GC (Allocation Failure)  31102K->24958K(31744K), 0.0009312 secs]
304.206: [GC (Allocation Failure)  31102K->24958K(31744K), 0.0008516 secs]
304.209: [GC (Allocation Failure)  31102K->24990K(31744K), 0.0009362 secs]
304.213: [GC (Allocation Failure)  31134K->24958K(31744K), 0.0009265 secs]
304.217: [GC (Allocation Failure)  31102K->24926K(31744K), 0.0008785 secs]
304.220: [GC (Allocation Failure)  31070K->24926K(31744K), 0.0009888 secs]
304.224: [GC (Allocation Failure)  31070K->24974K(31744K), 0.0011583 secs]
304.229: [GC (Allocation Failure)  31118K->25006K(31744K), 0.0008910 secs]
304.232: [GC (Allocation Failure)  31150K->24942K(31744K), 0.0009112 secs]
304.236: [GC (Allocation Failure)  31086K->25006K(31744K), 0.0008219 secs]
304.240: [GC (Allocation Failure)  31150K->25038K(31744K), 0.0010156 secs]
304.245: [GC (Allocation Failure)  31182K->25070K(31744K), 0.0014364 secs]
304.250: [GC (Allocation Failure)  31214K->24990K(31744K), 0.0011308 secs]
304.254: [GC (Allocation Failure)  31134K->24966K(31744K), 0.0012012 secs]
304.258: [GC (Allocation Failure)  31110K->24966K(31744K), 0.0010591 secs]
304.262: [GC (Allocation Failure)  31110K->25030K(31744K), 0.0011557 secs]
304.266: [GC (Allocation Failure)  31174K->25094K(31744K), 0.0008649 secs]
304.270: [GC (Allocation Failure)  31238K->25030K(31744K), 0.0009611 secs]
304.273: [GC (Allocation Failure)  31174K->24998K(31744K), 0.0008208 secs]
304.277: [GC (Allocation Failure)  31142K->25046K(31744K), 0.0009168 secs]
304.281: [GC (Allocation Failure)  31190K->25078K(31744K), 0.0010298 secs]
304.285: [GC (Allocation Failure)  31222K->25046K(31744K), 0.0009618 secs]
304.289: [GC (Allocation Failure)  31190K->25046K(31744K), 0.0007928 secs]
304.292: [GC (Allocation Failure)  31190K->24982K(31744K), 0.0009230 secs]
304.296: [GC (Allocation Failure)  31126K->25014K(31744K), 0.0010440 secs]
304.300: [GC (Allocation Failure)  31158K->25014K(31744K), 0.0008393 secs]
304.304: [GC (Allocation Failure)  31158K->25046K(31744K), 0.0009124 secs]
304.307: [GC (Allocation Failure)  31190K->25046K(31744K), 0.0008714 secs]
304.311: [GC (Allocation Failure)  31190K->25078K(31744K), 0.0009551 secs]
304.315: [GC (Allocation Failure)  31222K->25078K(31744K), 0.0008180 secs]
304.318: [GC (Allocation Failure)  31222K->25046K(31744K), 0.0008500 secs]
304.322: [GC (Allocation Failure)  31190K->25078K(31744K), 0.0008878 secs]
304.326: [GC (Allocation Failure)  31222K->24998K(31744K), 0.0008683 secs]
304.330: [GC (Allocation Failure)  31142K->25094K(31744K), 0.0010216 secs]
304.333: [GC (Allocation Failure)  31238K->25094K(31744K), 0.0009190 secs]
304.337: [GC (Allocation Failure)  31238K->25094K(31744K), 0.0009256 secs]
304.341: [GC (Allocation Failure)  31238K->25094K(31744K), 0.0011262 secs]
304.346: [GC (Allocation Failure)  31238K->25110K(31744K), 0.0011055 secs]
304.350: [GC (Allocation Failure)  31254K->25070K(31744K), 0.0009369 secs]
304.354: [GC (Allocation Failure)  31214K->25110K(31744K), 0.0008224 secs]
304.357: [GC (Allocation Failure)  31254K->25078K(31744K), 0.0008506 secs]
304.361: [GC (Allocation Failure)  31222K->25110K(31744K), 0.0009413 secs]
304.365: [GC (Allocation Failure)  31254K->25046K(31744K), 0.0010309 secs]
304.369: [GC (Allocation Failure)  31190K->25110K(31744K), 0.0010613 secs]
304.373: [GC (Allocation Failure)  31254K->25142K(31744K), 0.0008593 secs]
304.377: [GC (Allocation Failure)  31286K->25126K(31744K), 0.0008735 secs]
304.381: [GC (Allocation Failure)  31270K->25158K(31744K), 0.0009169 secs]
304.385: [GC (Allocation Failure)  31302K->25094K(31744K), 0.0008134 secs]
304.388: [GC (Allocation Failure)  31238K->25062K(31744K), 0.0009298 secs]
304.392: [GC (Allocation Failure)  31206K->25126K(31744K), 0.0008724 secs]
304.396: [GC (Allocation Failure)  31270K->25094K(31744K), 0.0010741 secs]
304.400: [GC (Allocation Failure)  31238K->25126K(31744K), 0.0011059 secs]
304.404: [GC (Allocation Failure)  31270K->25126K(31744K), 0.0008983 secs]
304.408: [GC (Allocation Failure)  31270K->25094K(31744K), 0.0009553 secs]
304.411: [GC (Allocation Failure)  31238K->25158K(31744K), 0.0009625 secs]
304.415: [GC (Allocation Failure)  31302K->25094K(31744K), 0.0009710 secs]
304.419: [GC (Allocation Failure)  31238K->25126K(31744K), 0.0008587 secs]
304.422: [GC (Allocation Failure)  31270K->25126K(31744K), 0.0007966 secs]
304.426: [GC (Allocation Failure)  31270K->25126K(31744K), 0.0008962 secs]
304.430: [GC (Allocation Failure)  31270K->25142K(31744K), 0.0008495 secs]
304.434: [GC (Allocation Failure)  31286K->25142K(31744K), 0.0009765 secs]
304.438: [GC (Allocation Failure)  31286K->25078K(31744K), 0.0007968 secs]
304.442: [GC (Allocation Failure)  31222K->25174K(31744K), 0.0011020 secs]
304.447: [GC (Allocation Failure)  31318K->25350K(32256K), 0.0010982 secs]
304.451: [GC (Allocation Failure)  31494K->25294K(32256K), 0.0013486 secs]
304.455: [GC (Allocation Failure)  31438K->25294K(32256K), 0.0009424 secs]
304.459: [GC (Allocation Failure)  31438K->25302K(32256K), 0.0013238 secs]
304.464: [GC (Allocation Failure)  31446K->25270K(32256K), 0.0009934 secs]
304.467: [GC (Allocation Failure)  31414K->25270K(32256K), 0.0009452 secs]
304.471: [GC (Allocation Failure)  31414K->25238K(32256K), 0.0009908 secs]
304.475: [GC (Allocation Failure)  31382K->25334K(32256K), 0.0010321 secs]
304.479: [GC (Allocation Failure)  31478K->25222K(32256K), 0.0008866 secs]
304.482: [GC (Allocation Failure)  31366K->25222K(32256K), 0.0009411 secs]
304.486: [GC (Allocation Failure)  31366K->25222K(32256K), 0.0009645 secs]
304.490: [GC (Allocation Failure)  31366K->25222K(32256K), 0.0008533 secs]
304.493: [GC (Allocation Failure)  31366K->25254K(32256K), 0.0009427 secs]
304.497: [GC (Allocation Failure)  31398K->25286K(32256K), 0.0009579 secs]
304.501: [GC (Allocation Failure)  31430K->25286K(32256K), 0.0008461 secs]
304.504: [GC (Allocation Failure)  31430K->25254K(32256K), 0.0009022 secs]
304.508: [GC (Allocation Failure)  31398K->25286K(32256K), 0.0009211 secs]
304.512: [GC (Allocation Failure)  31430K->25222K(32256K), 0.0008457 secs]
304.515: [GC (Allocation Failure)  31366K->25286K(32256K), 0.0008520 secs]
304.519: [GC (Allocation Failure)  31430K->25254K(32256K), 0.0009147 secs]
304.523: [GC (Allocation Failure)  31398K->25286K(32256K), 0.0008541 secs]
304.527: [GC (Allocation Failure)  31430K->25286K(32256K), 0.0008072 secs]
304.530: [GC (Allocation Failure)  31430K->25270K(32256K), 0.0008343 secs]
304.534: [GC (Allocation Failure)  31414K->25334K(32256K), 0.0009745 secs]
304.538: [GC (Allocation Failure)  31478K->25302K(32256K), 0.0008591 secs]
304.542: [GC (Allocation Failure)  31446K->25270K(32256K), 0.0008564 secs]
304.546: [GC (Allocation Failure)  31414K->25326K(32256K), 0.0011875 secs]
304.551: [GC (Allocation Failure)  31470K->25382K(32256K), 0.0009805 secs]
304.555: [GC (Allocation Failure)  31526K->25326K(32256K), 0.0009675 secs]
304.559: [GC (Allocation Failure)  31469K->25390K(32256K), 0.0012571 secs]
304.563: [GC (Allocation Failure)  31534K->25326K(32256K), 0.0008954 secs]
304.567: [GC (Allocation Failure)  31470K->25358K(32256K), 0.0008609 secs]
304.570: [GC (Allocation Failure)  31502K->25390K(32256K), 0.0009341 secs]
304.574: [GC (Allocation Failure)  31534K->25358K(32256K), 0.0008211 secs]
304.578: [GC (Allocation Failure)  31502K->25358K(32256K), 0.0009504 secs]
304.582: [GC (Allocation Failure)  31502K->25374K(32256K), 0.0010360 secs]
304.586: [GC (Allocation Failure)  31518K->25310K(32256K), 0.0009324 secs]
304.590: [GC (Allocation Failure)  31454K->25406K(32256K), 0.0008426 secs]
304.594: [GC (Allocation Failure)  31550K->25406K(32256K), 0.0009357 secs]
304.597: [GC (Allocation Failure)  31550K->25374K(32256K), 0.0008952 secs]
304.601: [GC (Allocation Failure)  31518K->25342K(32256K), 0.0009157 secs]
304.605: [GC (Allocation Failure)  31486K->25374K(32256K), 0.0008902 secs]
304.609: [GC (Allocation Failure)  31518K->25342K(32256K), 0.0008766 secs]
304.613: [GC (Allocation Failure)  31486K->25406K(32256K), 0.0008139 secs]
304.616: [GC (Allocation Failure)  31550K->25342K(32256K), 0.0009741 secs]
304.620: [GC (Allocation Failure)  31486K->25374K(32256K), 0.0008882 secs]
304.624: [GC (Allocation Failure)  31518K->25406K(32256K), 0.0009050 secs]
304.628: [GC (Allocation Failure)  31550K->25374K(32256K), 0.0008105 secs]
304.631: [GC (Allocation Failure)  31518K->25382K(32256K), 0.0008940 secs]
304.635: [GC (Allocation Failure)  31526K->25446K(32256K), 0.0008993 secs]
304.639: [GC (Allocation Failure)  31590K->25478K(32256K), 0.0009078 secs]
304.643: [GC (Allocation Failure)  31622K->25446K(32256K), 0.0011241 secs]
304.648: [GC (Allocation Failure)  31590K->25446K(32256K), 0.0009850 secs]
304.652: [GC (Allocation Failure)  31590K->25454K(32256K), 0.0010562 secs]
304.656: [GC (Allocation Failure)  31598K->25486K(32256K), 0.0009225 secs]
304.660: [GC (Allocation Failure)  31630K->25422K(32256K), 0.0009394 secs]
304.664: [GC (Allocation Failure)  31566K->25422K(32256K), 0.0009436 secs]
304.668: [GC (Allocation Failure)  31566K->25454K(32256K), 0.0007914 secs]
304.671: [GC (Allocation Failure)  31598K->25454K(32256K), 0.0009423 secs]
304.675: [GC (Allocation Failure)  31598K->25422K(32256K), 0.0008057 secs]
304.679: [GC (Allocation Failure)  31566K->25518K(32256K), 0.0010166 secs]
304.683: [GC (Allocation Failure)  31662K->25502K(32256K), 0.0010148 secs]
304.687: [GC (Allocation Failure)  31646K->25470K(32256K), 0.0008544 secs]
304.691: [GC (Allocation Failure)  31614K->25438K(32256K), 0.0008458 secs]
304.694: [GC (Allocation Failure)  31582K->25502K(32256K), 0.0008298 secs]
304.698: [GC (Allocation Failure)  31646K->25470K(32256K), 0.0008306 secs]
304.702: [GC (Allocation Failure)  31614K->25470K(32256K), 0.0008752 secs]
304.706: [GC (Allocation Failure)  31614K->25470K(32256K), 0.0009208 secs]
304.709: [GC (Allocation Failure)  31614K->25438K(32256K), 0.0009409 secs]
304.713: [GC (Allocation Failure)  31582K->25470K(32256K), 0.0010274 secs]
304.717: [GC (Allocation Failure)  31614K->25502K(32256K), 0.0008485 secs]
304.721: [GC (Allocation Failure)  31646K->25438K(32256K), 0.0009378 secs]
304.725: [GC (Allocation Failure)  31582K->25502K(32256K), 0.0009438 secs]
304.729: [GC (Allocation Failure)  31646K->25502K(32256K), 0.0007937 secs]
304.732: [GC (Allocation Failure)  31646K->25478K(32256K), 0.0008761 secs]
304.736: [GC (Allocation Failure)  31622K->25478K(32256K), 0.0008670 secs]
304.741: [GC (Allocation Failure)  31622K->25574K(32256K), 0.0015005 secs]
304.746: [GC (Allocation Failure)  31718K->25542K(32256K), 0.0015064 secs]
304.750: [GC (Allocation Failure)  31686K->25598K(32256K), 0.0011066 secs]
304.754: [GC (Allocation Failure)  31742K->25542K(32256K), 0.0010948 secs]
304.758: [GC (Allocation Failure)  31686K->25510K(32256K), 0.0011898 secs]
304.763: [GC (Allocation Failure)  31654K->25510K(32256K), 0.0009628 secs]
304.767: [GC (Allocation Failure)  31654K->25574K(32256K), 0.0008521 secs]
304.770: [GC (Allocation Failure)  31718K->25590K(32256K), 0.0011147 secs]
304.775: [GC (Allocation Failure)  31734K->25590K(32256K), 0.0010005 secs]
304.779: [GC (Allocation Failure)  31734K->25558K(32256K), 0.0009191 secs]
304.782: [GC (Allocation Failure)  31702K->25542K(32256K), 0.0011290 secs]
304.786: [GC (Allocation Failure)  31686K->25574K(32256K), 0.0009012 secs]
304.790: [GC (Allocation Failure)  31718K->25574K(32256K), 0.0009199 secs]
304.794: [GC (Allocation Failure)  31718K->25542K(32256K), 0.0009742 secs]
304.798: [GC (Allocation Failure)  31686K->25606K(32256K), 0.0008079 secs]
304.802: [GC (Allocation Failure)  31750K->25606K(32256K), 0.0008486 secs]
304.806: [GC (Allocation Failure)  31750K->25574K(32256K), 0.0008833 secs]
304.809: [GC (Allocation Failure)  31718K->25542K(32256K), 0.0009636 secs]
304.813: [GC (Allocation Failure)  31686K->25638K(32256K), 0.0008954 secs]
304.817: [GC (Allocation Failure)  31782K->25574K(32256K), 0.0009083 secs]
304.821: [GC (Allocation Failure)  31718K->25574K(32256K), 0.0010301 secs]
304.825: [GC (Allocation Failure)  31718K->25574K(32256K), 0.0008145 secs]
304.829: [GC (Allocation Failure)  31718K->25670K(32256K), 0.0007474 secs]
304.832: [GC (Allocation Failure)  31814K->25606K(32256K), 0.0011104 secs]
304.836: [GC (Allocation Failure)  31750K->25590K(32256K), 0.0009404 secs]
304.840: [GC (Allocation Failure)  31734K->25718K(32256K), 0.0008850 secs]
304.845: [GC (Allocation Failure)  31862K->25766K(32256K), 0.0013251 secs]
304.846: [Full GC (Ergonomics)  25766K->21249K(31744K), 0.0766542 secs]
304.927: [GC (Allocation Failure)  27393K->21441K(31744K), 0.0018360 secs]
304.932: [GC (Allocation Failure)  27585K->21393K(31744K), 0.0015779 secs]
304.937: [GC (Allocation Failure)  27537K->21329K(31744K), 0.0011042 secs]
304.941: [GC (Allocation Failure)  27473K->21457K(31744K), 0.0014880 secs]
304.946: [GC (Allocation Failure)  27601K->21457K(31744K), 0.0012028 secs]
304.951: [GC (Allocation Failure)  27601K->21457K(31744K), 0.0012729 secs]
304.956: [GC (Allocation Failure)  27601K->21481K(31744K), 0.0016526 secs]
304.962: [GC (Allocation Failure)  27625K->21513K(31744K), 0.0013999 secs]
304.966: [GC (Allocation Failure)  27657K->21425K(31744K), 0.0011592 secs]
304.970: [GC (Allocation Failure)  27569K->21489K(31744K), 0.0009058 secs]
304.975: [GC (Allocation Failure)  27633K->21489K(31744K), 0.0013209 secs]
304.979: [GC (Allocation Failure)  27633K->21537K(31744K), 0.0010916 secs]
304.983: [GC (Allocation Failure)  27681K->21473K(31744K), 0.0010115 secs]
304.987: [GC (Allocation Failure)  27617K->21537K(31744K), 0.0008897 secs]
304.990: [GC (Allocation Failure)  27681K->21473K(31744K), 0.0009537 secs]
304.995: [GC (Allocation Failure)  27617K->21537K(31744K), 0.0008961 secs]
304.999: [GC (Allocation Failure)  27681K->21505K(31744K), 0.0009086 secs]
305.002: [GC (Allocation Failure)  27649K->21505K(31744K), 0.0009045 secs]
305.006: [GC (Allocation Failure)  27649K->21473K(31744K), 0.0009687 secs]
305.010: [GC (Allocation Failure)  27617K->21537K(31744K), 0.0008008 secs]
305.014: [GC (Allocation Failure)  27681K->21537K(31744K), 0.0009409 secs]
305.017: [GC (Allocation Failure)  27681K->21441K(31744K), 0.0009164 secs]
305.021: [GC (Allocation Failure)  27585K->21473K(31744K), 0.0009618 secs]
305.025: [GC (Allocation Failure)  27617K->21505K(31744K), 0.0008702 secs]
305.029: [GC (Allocation Failure)  27649K->21457K(31744K), 0.0009738 secs]
305.033: [GC (Allocation Failure)  27601K->21521K(31744K), 0.0008669 secs]
305.037: [GC (Allocation Failure)  27665K->21521K(31744K), 0.0008303 secs]
305.041: [GC (Allocation Failure)  27665K->21521K(31744K), 0.0023149 secs]
305.048: [GC (Allocation Failure)  27665K->21625K(31744K), 0.0013298 secs]
305.052: [GC (Allocation Failure)  27769K->21609K(31744K), 0.0012373 secs]
305.057: [GC (Allocation Failure)  27753K->21585K(31744K), 0.0011581 secs]
305.061: [GC (Allocation Failure)  27729K->21585K(31744K), 0.0011681 secs]
305.065: [GC (Allocation Failure)  27729K->21553K(31744K), 0.0010521 secs]
305.069: [GC (Allocation Failure)  27697K->21585K(31744K), 0.0009539 secs]
305.073: [GC (Allocation Failure)  27729K->21585K(31744K), 0.0008516 secs]
305.077: [GC (Allocation Failure)  27729K->21585K(31744K), 0.0008830 secs]
305.081: [GC (Allocation Failure)  27729K->21729K(31744K), 0.0009531 secs]
305.085: [GC (Allocation Failure)  27873K->21633K(31744K), 0.0010801 secs]
305.089: [GC (Allocation Failure)  27777K->21601K(31744K), 0.0008612 secs]
305.092: [GC (Allocation Failure)  27745K->21569K(31744K), 0.0009622 secs]
305.096: [GC (Allocation Failure)  27713K->21569K(31744K), 0.0009365 secs]
305.100: [GC (Allocation Failure)  27713K->21601K(31744K), 0.0008138 secs]
305.104: [GC (Allocation Failure)  27745K->21537K(31744K), 0.0009057 secs]
305.107: [GC (Allocation Failure)  27681K->21633K(31744K), 0.0008565 secs]
305.111: [GC (Allocation Failure)  27777K->21633K(31744K), 0.0009603 secs]
305.115: [GC (Allocation Failure)  27777K->21601K(31744K), 0.0008072 secs]
305.119: [GC (Allocation Failure)  27745K->21601K(31744K), 0.0008283 secs]
305.122: [GC (Allocation Failure)  27745K->21569K(31744K), 0.0008613 secs]
305.126: [GC (Allocation Failure)  27713K->21601K(31744K), 0.0008715 secs]
305.129: [GC (Allocation Failure)  27745K->21617K(31744K), 0.0008559 secs]
305.133: [GC (Allocation Failure)  27761K->21617K(31744K), 0.0008699 secs]
305.137: [GC (Allocation Failure)  27761K->21617K(31744K), 0.0009583 secs]
305.141: [GC (Allocation Failure)  27761K->21681K(31744K), 0.0010659 secs]
305.145: [GC (Allocation Failure)  27825K->21625K(31744K), 0.0012551 secs]
305.150: [GC (Allocation Failure)  27769K->21785K(31744K), 0.0014230 secs]
305.154: [GC (Allocation Failure)  27929K->21745K(31744K), 0.0011456 secs]
305.158: [GC (Allocation Failure)  27889K->21657K(31744K), 0.0009682 secs]
305.162: [GC (Allocation Failure)  27801K->21657K(31744K), 0.0009781 secs]
305.166: [GC (Allocation Failure)  27801K->21689K(31744K), 0.0009685 secs]
305.170: [GC (Allocation Failure)  27833K->21721K(31744K), 0.0008129 secs]
305.173: [GC (Allocation Failure)  27865K->21657K(31744K), 0.0009627 secs]
305.177: [GC (Allocation Failure)  27801K->21689K(31744K), 0.0008824 secs]
305.181: [GC (Allocation Failure)  27833K->21705K(31744K), 0.0009159 secs]
305.185: [GC (Allocation Failure)  27849K->21705K(31744K), 0.0008504 secs]
305.188: [GC (Allocation Failure)  27849K->21673K(31744K), 0.0008653 secs]
305.192: [GC (Allocation Failure)  27817K->21673K(31744K), 0.0008870 secs]
305.196: [GC (Allocation Failure)  27817K->21705K(31744K), 0.0008164 secs]
305.200: [GC (Allocation Failure)  27849K->21641K(31744K), 0.0009410 secs]
305.203: [GC (Allocation Failure)  27785K->21673K(31744K), 0.0008516 secs]
305.207: [GC (Allocation Failure)  27817K->21641K(31744K), 0.0008759 secs]
305.211: [GC (Allocation Failure)  27785K->21673K(31744K), 0.0008908 secs]
305.215: [GC (Allocation Failure)  27817K->21673K(31744K), 0.0010024 secs]
305.219: [GC (Allocation Failure)  27817K->21705K(31744K), 0.0007906 secs]
305.222: [GC (Allocation Failure)  27849K->21705K(31744K), 0.0009543 secs]
305.226: [GC (Allocation Failure)  27849K->21673K(31744K), 0.0008956 secs]
305.230: [GC (Allocation Failure)  27817K->21705K(31744K), 0.0008405 secs]
305.233: [GC (Allocation Failure)  27849K->21713K(31744K), 0.0008835 secs]
305.237: [GC (Allocation Failure)  27857K->21681K(31744K), 0.0009179 secs]
305.241: [GC (Allocation Failure)  27825K->21713K(31744K), 0.0009133 secs]
305.245: [GC (Allocation Failure)  27857K->21777K(31744K), 0.0012462 secs]
305.250: [GC (Allocation Failure)  27921K->21769K(31744K), 0.0012967 secs]
305.254: [GC (Allocation Failure)  27913K->21721K(31744K), 0.0010186 secs]
305.258: [GC (Allocation Failure)  27865K->21761K(31744K), 0.0010232 secs]
305.262: [GC (Allocation Failure)  27905K->21761K(31744K), 0.0010629 secs]
305.266: [GC (Allocation Failure)  27905K->21697K(31744K), 0.0009897 secs]
305.270: [GC (Allocation Failure)  27841K->21729K(31744K), 0.0008464 secs]
305.274: [GC (Allocation Failure)  27873K->21793K(31744K), 0.0008828 secs]
305.278: [GC (Allocation Failure)  27937K->21793K(31744K), 0.0010019 secs]
305.281: [GC (Allocation Failure)  27937K->21777K(31744K), 0.0008273 secs]
305.285: [GC (Allocation Failure)  27921K->21713K(31744K), 0.0009515 secs]
305.289: [GC (Allocation Failure)  27857K->21777K(31744K), 0.0008436 secs]
305.293: [GC (Allocation Failure)  27921K->21777K(31744K), 0.0010077 secs]
305.296: [GC (Allocation Failure)  27921K->21777K(31744K), 0.0008412 secs]
305.300: [GC (Allocation Failure)  27921K->21809K(31744K), 0.0009129 secs]
305.304: [GC (Allocation Failure)  27953K->21745K(31744K), 0.0008984 secs]
305.308: [GC (Allocation Failure)  27889K->21777K(31744K), 0.0008502 secs]
305.312: [GC (Allocation Failure)  27921K->21745K(31744K), 0.0007962 secs]
305.315: [GC (Allocation Failure)  27889K->21777K(31744K), 0.0008704 secs]
305.319: [GC (Allocation Failure)  27921K->21809K(31744K), 0.0009620 secs]
305.323: [GC (Allocation Failure)  27953K->21809K(31744K), 0.0007735 secs]
305.327: [GC (Allocation Failure)  27953K->21745K(31744K), 0.0008802 secs]
305.330: [GC (Allocation Failure)  27889K->21809K(31744K), 0.0007870 secs]
305.334: [GC (Allocation Failure)  27953K->21817K(31744K), 0.0008844 secs]
305.338: [GC (Allocation Failure)  27961K->21785K(31744K), 0.0007769 secs]
305.341: [GC (Allocation Failure)  27929K->21753K(31744K), 0.0007862 secs]
305.345: [GC (Allocation Failure)  27897K->21913K(31744K), 0.0009825 secs]
305.350: [GC (Allocation Failure)  28057K->21881K(31744K), 0.0008823 secs]
305.354: [GC (Allocation Failure)  28025K->21873K(31744K), 0.0010392 secs]
305.358: [GC (Allocation Failure)  28017K->21913K(31744K), 0.0012454 secs]
305.363: [GC (Allocation Failure)  28057K->21881K(31744K), 0.0010698 secs]
305.367: [GC (Allocation Failure)  28025K->21849K(31744K), 0.0009086 secs]
305.370: [GC (Allocation Failure)  27993K->21849K(31744K), 0.0009032 secs]
305.374: [GC (Allocation Failure)  27993K->21849K(31744K), 0.0011644 secs]
305.378: [GC (Allocation Failure)  27993K->21817K(31744K), 0.0008954 secs]
305.382: [GC (Allocation Failure)  27961K->21833K(31744K), 0.0007836 secs]
305.386: [GC (Allocation Failure)  27977K->21865K(31744K), 0.0009145 secs]
305.389: [GC (Allocation Failure)  28009K->21833K(31744K), 0.0008303 secs]
305.393: [GC (Allocation Failure)  27977K->21833K(31744K), 0.0008493 secs]
305.397: [GC (Allocation Failure)  27977K->21865K(31744K), 0.0007664 secs]
305.400: [GC (Allocation Failure)  28009K->21833K(31744K), 0.0009170 secs]
305.404: [GC (Allocation Failure)  27977K->21833K(31744K), 0.0009891 secs]
305.408: [GC (Allocation Failure)  27977K->21833K(31744K), 0.0008657 secs]
305.412: [GC (Allocation Failure)  27977K->21833K(31744K), 0.0008862 secs]
305.416: [GC (Allocation Failure)  27977K->21865K(31744K), 0.0008287 secs]
305.420: [GC (Allocation Failure)  28009K->21897K(31744K), 0.0008313 secs]
305.423: [GC (Allocation Failure)  28041K->21833K(31744K), 0.0008829 secs]
305.427: [GC (Allocation Failure)  27977K->21865K(31744K), 0.0008625 secs]
305.430: [GC (Allocation Failure)  28009K->21897K(31744K), 0.0009006 secs]
305.434: [GC (Allocation Failure)  28041K->21817K(31744K), 0.0009308 secs]
305.438: [GC (Allocation Failure)  27961K->21945K(31744K), 0.0007487 secs]
305.441: [GC (Allocation Failure)  28089K->21849K(31744K), 0.0010322 secs]
305.446: [GC (Allocation Failure)  27993K->21945K(31744K), 0.0009603 secs]
305.450: [GC (Allocation Failure)  28089K->22001K(31744K), 0.0009038 secs]
305.455: [GC (Allocation Failure)  28145K->22025K(31744K), 0.0010619 secs]
305.459: [GC (Allocation Failure)  28169K->22041K(31744K), 0.0009384 secs]
305.463: [GC (Allocation Failure)  28185K->21953K(31744K), 0.0010335 secs]
305.467: [GC (Allocation Failure)  28097K->22017K(31744K), 0.0008847 secs]
305.471: [GC (Allocation Failure)  28161K->21985K(31744K), 0.0007648 secs]
305.474: [GC (Allocation Failure)  28129K->21985K(31744K), 0.0010614 secs]
305.478: [GC (Allocation Failure)  28129K->21953K(31744K), 0.0010777 secs]
305.482: [GC (Allocation Failure)  28097K->21985K(31744K), 0.0009899 secs]
305.486: [GC (Allocation Failure)  28129K->22001K(31744K), 0.0010754 secs]
305.490: [GC (Allocation Failure)  28145K->21969K(31744K), 0.0009032 secs]
305.494: [GC (Allocation Failure)  28113K->22033K(31744K), 0.0008970 secs]
305.498: [GC (Allocation Failure)  28177K->22033K(31744K), 0.0009454 secs]
305.502: [GC (Allocation Failure)  28177K->22001K(31744K), 0.0008194 secs]
305.506: [GC (Allocation Failure)  28145K->22001K(31744K), 0.0009152 secs]
305.510: [GC (Allocation Failure)  28145K->21969K(31744K), 0.0011773 secs]
305.514: [GC (Allocation Failure)  28113K->21969K(31744K), 0.0008477 secs]
305.518: [GC (Allocation Failure)  28113K->22033K(31744K), 0.0008364 secs]
305.521: [GC (Allocation Failure)  28177K->21969K(31744K), 0.0008377 secs]
305.525: [GC (Allocation Failure)  28113K->22001K(31744K), 0.0009017 secs]
305.529: [GC (Allocation Failure)  28145K->22001K(31744K), 0.0007464 secs]
305.532: [GC (Allocation Failure)  28145K->22033K(31744K), 0.0008283 secs]
305.536: [GC (Allocation Failure)  28177K->21985K(31744K), 0.0009074 secs]
305.540: [GC (Allocation Failure)  28129K->22081K(31744K), 0.0008907 secs]
305.544: [GC (Allocation Failure)  28225K->22145K(31744K), 0.0009104 secs]
305.548: [GC (Allocation Failure)  28289K->22185K(31744K), 0.0009118 secs]
305.552: [GC (Allocation Failure)  28329K->22113K(31744K), 0.0013115 secs]
305.556: [GC (Allocation Failure)  28257K->22129K(31744K), 0.0010157 secs]
305.561: [GC (Allocation Failure)  28273K->22073K(31744K), 0.0010110 secs]
305.565: [GC (Allocation Failure)  28217K->22041K(31744K), 0.0009110 secs]
305.568: [GC (Allocation Failure)  28185K->22137K(31744K), 0.0009091 secs]
305.572: [GC (Allocation Failure)  28281K->22073K(31744K), 0.0008252 secs]
305.576: [GC (Allocation Failure)  28217K->22137K(31744K), 0.0009061 secs]
305.579: [GC (Allocation Failure)  28281K->22041K(31744K), 0.0008763 secs]
305.583: [GC (Allocation Failure)  28185K->22169K(31744K), 0.0009641 secs]
305.587: [GC (Allocation Failure)  28313K->22121K(31744K), 0.0009397 secs]
305.590: [GC (Allocation Failure)  28265K->22153K(31744K), 0.0009767 secs]
305.594: [GC (Allocation Failure)  28297K->22121K(31744K), 0.0009035 secs]
305.598: [GC (Allocation Failure)  28265K->22057K(31744K), 0.0008994 secs]
305.602: [GC (Allocation Failure)  28201K->22153K(31744K), 0.0009505 secs]
305.606: [GC (Allocation Failure)  28297K->22121K(31744K), 0.0008397 secs]
305.609: [GC (Allocation Failure)  28265K->22153K(31744K), 0.0008571 secs]
305.613: [GC (Allocation Failure)  28297K->22121K(31744K), 0.0009752 secs]
305.617: [GC (Allocation Failure)  28265K->22057K(31744K), 0.0007899 secs]
305.620: [GC (Allocation Failure)  28201K->22121K(31744K), 0.0010062 secs]
305.625: [GC (Allocation Failure)  28265K->22153K(31744K), 0.0009164 secs]
305.628: [GC (Allocation Failure)  28297K->22121K(31744K), 0.0009808 secs]
305.632: [GC (Allocation Failure)  28265K->22121K(31744K), 0.0008813 secs]
305.636: [GC (Allocation Failure)  28265K->22073K(31744K), 0.0007989 secs]
305.639: [GC (Allocation Failure)  28217K->22169K(31744K), 0.0009121 secs]
305.643: [GC (Allocation Failure)  28313K->22105K(31744K), 0.0008753 secs]
305.647: [GC (Allocation Failure)  28249K->22233K(31744K), 0.0010258 secs]
305.651: [GC (Allocation Failure)  28377K->22233K(31744K), 0.0010173 secs]
305.656: [GC (Allocation Failure)  28377K->22225K(31744K), 0.0009558 secs]
305.660: [GC (Allocation Failure)  28369K->22201K(31744K), 0.0010754 secs]
305.664: [GC (Allocation Failure)  28345K->22233K(31744K), 0.0010027 secs]
305.668: [GC (Allocation Failure)  28377K->22201K(31744K), 0.0009513 secs]
305.671: [GC (Allocation Failure)  28345K->22137K(31744K), 0.0008142 secs]
305.675: [GC (Allocation Failure)  28281K->22201K(31744K), 0.0009669 secs]
305.679: [GC (Allocation Failure)  28345K->22169K(31744K), 0.0008056 secs]
305.682: [GC (Allocation Failure)  28313K->22233K(31744K), 0.0009081 secs]
305.686: [GC (Allocation Failure)  28377K->22249K(31744K), 0.0008742 secs]
305.690: [GC (Allocation Failure)  28393K->22217K(31744K), 0.0008362 secs]
305.694: [GC (Allocation Failure)  28361K->22249K(31744K), 0.0009305 secs]
305.697: [GC (Allocation Failure)  28393K->22217K(31744K), 0.0009807 secs]
305.701: [GC (Allocation Failure)  28361K->22217K(31744K), 0.0010991 secs]
305.705: [GC (Allocation Failure)  28361K->22217K(31744K), 0.0008017 secs]
305.709: [GC (Allocation Failure)  28361K->22217K(31744K), 0.0007980 secs]
305.712: [GC (Allocation Failure)  28361K->22249K(31744K), 0.0008521 secs]
305.716: [GC (Allocation Failure)  28393K->22185K(31744K), 0.0009575 secs]
305.720: [GC (Allocation Failure)  28329K->22185K(31744K), 0.0008996 secs]
305.724: [GC (Allocation Failure)  28329K->22185K(31744K), 0.0008329 secs]
305.728: [GC (Allocation Failure)  28329K->22185K(31744K), 0.0008274 secs]
305.731: [GC (Allocation Failure)  28329K->22249K(31744K), 0.0008504 secs]
305.735: [GC (Allocation Failure)  28393K->22249K(31744K), 0.0010074 secs]
305.739: [GC (Allocation Failure)  28393K->22265K(31744K), 0.0007281 secs]
305.742: [GC (Allocation Failure)  28409K->22169K(31744K), 0.0009131 secs]
305.746: [GC (Allocation Failure)  28313K->22329K(31744K), 0.0011527 secs]
305.751: [GC (Allocation Failure)  28473K->22329K(31744K), 0.0013300 secs]
305.756: [GC (Allocation Failure)  28473K->22281K(31744K), 0.0013450 secs]
305.761: [GC (Allocation Failure)  28425K->22321K(31744K), 0.0014682 secs]
305.766: [GC (Allocation Failure)  28465K->22289K(31744K), 0.0013220 secs]
305.770: [GC (Allocation Failure)  28433K->22257K(31744K), 0.0014801 secs]
305.775: [GC (Allocation Failure)  28401K->22225K(31744K), 0.0017395 secs]
305.780: [GC (Allocation Failure)  28369K->22257K(31744K), 0.0011785 secs]
305.784: [GC (Allocation Failure)  28401K->22321K(31744K), 0.0010241 secs]
305.788: [GC (Allocation Failure)  28465K->22273K(31744K), 0.0009912 secs]
305.792: [GC (Allocation Failure)  28417K->22369K(31744K), 0.0009371 secs]
305.796: [GC (Allocation Failure)  28513K->22305K(31744K), 0.0008867 secs]
305.800: [GC (Allocation Failure)  28449K->22273K(31744K), 0.0008875 secs]
305.803: [GC (Allocation Failure)  28417K->22305K(31744K), 0.0009168 secs]
305.807: [GC (Allocation Failure)  28449K->22273K(31744K), 0.0008938 secs]
305.811: [GC (Allocation Failure)  28417K->22305K(31744K), 0.0008564 secs]
305.815: [GC (Allocation Failure)  28449K->22305K(31744K), 0.0009319 secs]
305.819: [GC (Allocation Failure)  28449K->22273K(31744K), 0.0007606 secs]
305.822: [GC (Allocation Failure)  28417K->22305K(31744K), 0.0009779 secs]
305.826: [GC (Allocation Failure)  28449K->22273K(31744K), 0.0009283 secs]
305.830: [GC (Allocation Failure)  28417K->22305K(31744K), 0.0007780 secs]
305.833: [GC (Allocation Failure)  28449K->22241K(31744K), 0.0008042 secs]
305.837: [GC (Allocation Failure)  28385K->22337K(31744K), 0.0010265 secs]
305.840: [GC (Allocation Failure)  28481K->22313K(31744K), 0.0008152 secs]
305.844: [GC (Allocation Failure)  28457K->22281K(31744K), 0.0008071 secs]
305.848: [GC (Allocation Failure)  28425K->22409K(31744K), 0.0008917 secs]
305.852: [GC (Allocation Failure)  28553K->22409K(31744K), 0.0008736 secs]
305.856: [GC (Allocation Failure)  28553K->22433K(31744K), 0.0010348 secs]
305.860: [GC (Allocation Failure)  28577K->22345K(31744K), 0.0010720 secs]
305.864: [GC (Allocation Failure)  28489K->22409K(31744K), 0.0009951 secs]
305.868: [GC (Allocation Failure)  28553K->22441K(31744K), 0.0010123 secs]
305.872: [GC (Allocation Failure)  28585K->22377K(31744K), 0.0008974 secs]
305.876: [GC (Allocation Failure)  28521K->22441K(31744K), 0.0008491 secs]
305.880: [GC (Allocation Failure)  28585K->22377K(31744K), 0.0008547 secs]
305.883: [GC (Allocation Failure)  28521K->22409K(31744K), 0.0009282 secs]
305.887: [GC (Allocation Failure)  28553K->22377K(31744K), 0.0008688 secs]
305.890: [GC (Allocation Failure)  28521K->22393K(31744K), 0.0009095 secs]
305.895: [GC (Allocation Failure)  28537K->22393K(31744K), 0.0008890 secs]
305.898: [GC (Allocation Failure)  28537K->22329K(31744K), 0.0009640 secs]
305.902: [GC (Allocation Failure)  28473K->22361K(31744K), 0.0011208 secs]
305.906: [GC (Allocation Failure)  28505K->22361K(31744K), 0.0009223 secs]
305.910: [GC (Allocation Failure)  28505K->22393K(31744K), 0.0009652 secs]
305.914: [GC (Allocation Failure)  28537K->22393K(31744K), 0.0010579 secs]
305.918: [GC (Allocation Failure)  28537K->22361K(31744K), 0.0010541 secs]
305.922: [GC (Allocation Failure)  28505K->22393K(31744K), 0.0011057 secs]
305.926: [GC (Allocation Failure)  28537K->22393K(31744K), 0.0011550 secs]
305.931: [GC (Allocation Failure)  28537K->22393K(31744K), 0.0010765 secs]
305.935: [GC (Allocation Failure)  28537K->22393K(31744K), 0.0010486 secs]
305.939: [GC (Allocation Failure)  28537K->22393K(31744K), 0.0008747 secs]
305.942: [GC (Allocation Failure)  28537K->22441K(31744K), 0.0012816 secs]
305.947: [GC (Allocation Failure)  28585K->22473K(31744K), 0.0009395 secs]
305.951: [GC (Allocation Failure)  28617K->22505K(31744K), 0.0013332 secs]
305.955: [GC (Allocation Failure)  28649K->22505K(31744K), 0.0013214 secs]
305.961: [GC (Allocation Failure)  28649K->22529K(31744K), 0.0013973 secs]
305.966: [GC (Allocation Failure)  28673K->22457K(31744K), 0.0009273 secs]
305.969: [GC (Allocation Failure)  28601K->22433K(31744K), 0.0010172 secs]
305.973: [GC (Allocation Failure)  28577K->22497K(31744K), 0.0009989 secs]
305.978: [GC (Allocation Failure)  28641K->22529K(31744K), 0.0008888 secs]
305.981: [GC (Allocation Failure)  28673K->22465K(31744K), 0.0008336 secs]
305.985: [GC (Allocation Failure)  28609K->22497K(31744K), 0.0008541 secs]
305.989: [GC (Allocation Failure)  28641K->22465K(31744K), 0.0008269 secs]
305.992: [GC (Allocation Failure)  28609K->22545K(31744K), 0.0008262 secs]
305.996: [GC (Allocation Failure)  28689K->22481K(31744K), 0.0009488 secs]
306.000: [GC (Allocation Failure)  28625K->22545K(31744K), 0.0008309 secs]
306.003: [GC (Allocation Failure)  28689K->22513K(31744K), 0.0008235 secs]
306.007: [GC (Allocation Failure)  28657K->22545K(31744K), 0.0009056 secs]
306.011: [GC (Allocation Failure)  28689K->22513K(31744K), 0.0008126 secs]
306.014: [GC (Allocation Failure)  28657K->22513K(31744K), 0.0008501 secs]
306.018: [GC (Allocation Failure)  28657K->22449K(31744K), 0.0007500 secs]
306.021: [GC (Allocation Failure)  28593K->22481K(31744K), 0.0008510 secs]
306.025: [GC (Allocation Failure)  28625K->22481K(31744K), 0.0008768 secs]
306.029: [GC (Allocation Failure)  28625K->22545K(31744K), 0.0009653 secs]
306.033: [GC (Allocation Failure)  28689K->22513K(31744K), 0.0008211 secs]
306.036: [GC (Allocation Failure)  28657K->22481K(31744K), 0.0009842 secs]
306.041: [GC (Allocation Failure)  28625K->22545K(31744K), 0.0011274 secs]
306.045: [GC (Allocation Failure)  28689K->22529K(31744K), 0.0010306 secs]
306.050: [GC (Allocation Failure)  28673K->22625K(31744K), 0.0011481 secs]
306.054: [GC (Allocation Failure)  28769K->22577K(31744K), 0.0013619 secs]
306.059: [GC (Allocation Failure)  28721K->22585K(31744K), 0.0013023 secs]
306.064: [GC (Allocation Failure)  28729K->22497K(31744K), 0.0009338 secs]
306.067: [GC (Allocation Failure)  28641K->22529K(31744K), 0.0009264 secs]
306.071: [GC (Allocation Failure)  28673K->22529K(31744K), 0.0010478 secs]
306.075: [GC (Allocation Failure)  28673K->22561K(31744K), 0.0008464 secs]
306.079: [GC (Allocation Failure)  28705K->22561K(31744K), 0.0009092 secs]
306.083: [GC (Allocation Failure)  28705K->22561K(31744K), 0.0011142 secs]
306.087: [GC (Allocation Failure)  28705K->22497K(31744K), 0.0009762 secs]
306.091: [GC (Allocation Failure)  28641K->22561K(31744K), 0.0008179 secs]
306.094: [GC (Allocation Failure)  28705K->22545K(31744K), 0.0008791 secs]
306.098: [GC (Allocation Failure)  28689K->22577K(31744K), 0.0009880 secs]
306.102: [GC (Allocation Failure)  28721K->22609K(31744K), 0.0009624 secs]
306.106: [GC (Allocation Failure)  28753K->22545K(31744K), 0.0007850 secs]
306.109: [GC (Allocation Failure)  28689K->22577K(31744K), 0.0009401 secs]
306.113: [GC (Allocation Failure)  28721K->22609K(31744K), 0.0008736 secs]
306.117: [GC (Allocation Failure)  28753K->22641K(31744K), 0.0009672 secs]
306.121: [GC (Allocation Failure)  28785K->22577K(31744K), 0.0008231 secs]
306.124: [GC (Allocation Failure)  28721K->22577K(31744K), 0.0009069 secs]
306.128: [GC (Allocation Failure)  28721K->22513K(31744K), 0.0008094 secs]
306.131: [GC (Allocation Failure)  28657K->22577K(31744K), 0.0008844 secs]
306.135: [GC (Allocation Failure)  28721K->22513K(31744K), 0.0008832 secs]
306.139: [GC (Allocation Failure)  28657K->22609K(31744K), 0.0008056 secs]
306.143: [GC (Allocation Failure)  28753K->22617K(31744K), 0.0008306 secs]
306.146: [GC (Allocation Failure)  28761K->22553K(31744K), 0.0008598 secs]
306.151: [GC (Allocation Failure)  28697K->22681K(31744K), 0.0015043 secs]
306.156: [GC (Allocation Failure)  28825K->22721K(31744K), 0.0019337 secs]
306.161: [GC (Allocation Failure)  28865K->22649K(31744K), 0.0012452 secs]
306.165: [GC (Allocation Failure)  28793K->22657K(31744K), 0.0009560 secs]
306.169: [GC (Allocation Failure)  28801K->22593K(31744K), 0.0010189 secs]
306.173: [GC (Allocation Failure)  28737K->22657K(31744K), 0.0007904 secs]
306.176: [GC (Allocation Failure)  28801K->22657K(31744K), 0.0009342 secs]
306.180: [GC (Allocation Failure)  28801K->22625K(31744K), 0.0008547 secs]
306.184: [GC (Allocation Failure)  28769K->22657K(31744K), 0.0010114 secs]
306.188: [GC (Allocation Failure)  28801K->22625K(31744K), 0.0008180 secs]
306.191: [GC (Allocation Failure)  28769K->22625K(31744K), 0.0008843 secs]
306.195: [GC (Allocation Failure)  28769K->22633K(31744K), 0.0008969 secs]
306.199: [GC (Allocation Failure)  28777K->22633K(31744K), 0.0010068 secs]
306.203: [GC (Allocation Failure)  28777K->22633K(31744K), 0.0008495 secs]
306.206: [GC (Allocation Failure)  28777K->22633K(31744K), 0.0008930 secs]
306.210: [GC (Allocation Failure)  28777K->22665K(31744K), 0.0007776 secs]
306.214: [GC (Allocation Failure)  28809K->22665K(31744K), 0.0008606 secs]
306.217: [GC (Allocation Failure)  28809K->22601K(31744K), 0.0009190 secs]
306.221: [GC (Allocation Failure)  28745K->22665K(31744K), 0.0008221 secs]
306.225: [GC (Allocation Failure)  28809K->22665K(31744K), 0.0008278 secs]
306.228: [GC (Allocation Failure)  28809K->22665K(31744K), 0.0009133 secs]
306.232: [GC (Allocation Failure)  28809K->22633K(31744K), 0.0008392 secs]
306.236: [GC (Allocation Failure)  28777K->22697K(31744K), 0.0009380 secs]
306.239: [GC (Allocation Failure)  28841K->22665K(31744K), 0.0008759 secs]
306.243: [GC (Allocation Failure)  28809K->22697K(31744K), 0.0009792 secs]
306.247: [GC (Allocation Failure)  28841K->22681K(31744K), 0.0008372 secs]
306.251: [GC (Allocation Failure)  28825K->22777K(31744K), 0.0010298 secs]
306.256: [GC (Allocation Failure)  28921K->22777K(31744K), 0.0012338 secs]
306.260: [GC (Allocation Failure)  28921K->22729K(31744K), 0.0009709 secs]
306.264: [GC (Allocation Failure)  28873K->22705K(31744K), 0.0009326 secs]
306.268: [GC (Allocation Failure)  28849K->22737K(31744K), 0.0008322 secs]
306.271: [GC (Allocation Failure)  28881K->22705K(31744K), 0.0009325 secs]
306.275: [GC (Allocation Failure)  28849K->22737K(31744K), 0.0009024 secs]
306.279: [GC (Allocation Failure)  28881K->22737K(31744K), 0.0010466 secs]
306.283: [GC (Allocation Failure)  28881K->22673K(31744K), 0.0007612 secs]
306.286: [GC (Allocation Failure)  28817K->22737K(31744K), 0.0007858 secs]
306.290: [GC (Allocation Failure)  28881K->22737K(31744K), 0.0009369 secs]
306.294: [GC (Allocation Failure)  28881K->22737K(31744K), 0.0008702 secs]
306.297: [GC (Allocation Failure)  28881K->22753K(31744K), 0.0009124 secs]
306.301: [GC (Allocation Failure)  28897K->22689K(31744K), 0.0008228 secs]
306.305: [GC (Allocation Failure)  28833K->22689K(31744K), 0.0009501 secs]
306.309: [GC (Allocation Failure)  28833K->22753K(31744K), 0.0007824 secs]
306.312: [GC (Allocation Failure)  28897K->22753K(31744K), 0.0009619 secs]
306.316: [GC (Allocation Failure)  28897K->22753K(31744K), 0.0010583 secs]
306.320: [GC (Allocation Failure)  28897K->22721K(31744K), 0.0008871 secs]
306.324: [GC (Allocation Failure)  28865K->22753K(31744K), 0.0011964 secs]
306.329: [GC (Allocation Failure)  28897K->22753K(31744K), 0.0012045 secs]
306.333: [GC (Allocation Failure)  28897K->22753K(31744K), 0.0011885 secs]
306.337: [GC (Allocation Failure)  28897K->22753K(31744K), 0.0013725 secs]
306.341: [GC (Allocation Failure)  28897K->22753K(31744K), 0.0011679 secs]
306.345: [GC (Allocation Failure)  28897K->22817K(31744K), 0.0012013 secs]
306.349: [GC (Allocation Failure)  28961K->22833K(31744K), 0.0010493 secs]
306.353: [GC (Allocation Failure)  28977K->22841K(31744K), 0.0012697 secs]
306.358: [GC (Allocation Failure)  28985K->22873K(31744K), 0.0014562 secs]
306.363: [GC (Allocation Failure)  29017K->22897K(31744K), 0.0009316 secs]
306.366: [GC (Allocation Failure)  29041K->22841K(31744K), 0.0010786 secs]
306.370: [GC (Allocation Failure)  28985K->22873K(31744K), 0.0009237 secs]
306.374: [GC (Allocation Failure)  29017K->22809K(31744K), 0.0008397 secs]
306.378: [GC (Allocation Failure)  28953K->22809K(31744K), 0.0009153 secs]
306.381: [GC (Allocation Failure)  28953K->22873K(31744K), 0.0008343 secs]
306.385: [GC (Allocation Failure)  29017K->22777K(31744K), 0.0008887 secs]
306.389: [GC (Allocation Failure)  28921K->22841K(31744K), 0.0008029 secs]
306.392: [GC (Allocation Failure)  28985K->22873K(31744K), 0.0008685 secs]
306.396: [GC (Allocation Failure)  29017K->22937K(31744K), 0.0009209 secs]
306.400: [GC (Allocation Failure)  29081K->22889K(31744K), 0.0009014 secs]
306.404: [GC (Allocation Failure)  29033K->22857K(31744K), 0.0007698 secs]
306.407: [GC (Allocation Failure)  29001K->22857K(31744K), 0.0008681 secs]
306.411: [GC (Allocation Failure)  29001K->22857K(31744K), 0.0008450 secs]
306.415: [GC (Allocation Failure)  29001K->22793K(31744K), 0.0008827 secs]
306.418: [GC (Allocation Failure)  28937K->22857K(31744K), 0.0008949 secs]
306.422: [GC (Allocation Failure)  29001K->22889K(31744K), 0.0009277 secs]
306.426: [GC (Allocation Failure)  29033K->22857K(31744K), 0.0008441 secs]
306.430: [GC (Allocation Failure)  29001K->22889K(31744K), 0.0009978 secs]
306.433: [GC (Allocation Failure)  29033K->22857K(31744K), 0.0009185 secs]
306.437: [GC (Allocation Failure)  29001K->22825K(31744K), 0.0008777 secs]
306.441: [GC (Allocation Failure)  28969K->22825K(31744K), 0.0008125 secs]
306.444: [GC (Allocation Failure)  28969K->22857K(31744K), 0.0009470 secs]
306.448: [GC (Allocation Failure)  29001K->22825K(31744K), 0.0010563 secs]
306.452: [GC (Allocation Failure)  28969K->22873K(31744K), 0.0013114 secs]
306.457: [GC (Allocation Failure)  29017K->22969K(31744K), 0.0012663 secs]
306.462: [GC (Allocation Failure)  29113K->22977K(31744K), 0.0012842 secs]
306.467: [GC (Allocation Failure)  29121K->23033K(31744K), 0.0008808 secs]
306.470: [GC (Allocation Failure)  29177K->23001K(31744K), 0.0010186 secs]
306.474: [GC (Allocation Failure)  29145K->22937K(31744K), 0.0011749 secs]
306.479: [GC (Allocation Failure)  29081K->22969K(31744K), 0.0009393 secs]
306.483: [GC (Allocation Failure)  29113K->22969K(31744K), 0.0010328 secs]
306.487: [GC (Allocation Failure)  29113K->23001K(31744K), 0.0008798 secs]
306.490: [GC (Allocation Failure)  29145K->22969K(31744K), 0.0008821 secs]
306.494: [GC (Allocation Failure)  29113K->22937K(31744K), 0.0011031 secs]
306.498: [GC (Allocation Failure)  29081K->23033K(31744K), 0.0008838 secs]
306.502: [GC (Allocation Failure)  29177K->23017K(31744K), 0.0009630 secs]
306.506: [GC (Allocation Failure)  29161K->23017K(31744K), 0.0008434 secs]
306.510: [GC (Allocation Failure)  29161K->23049K(31744K), 0.0007998 secs]
306.513: [GC (Allocation Failure)  29193K->22921K(31744K), 0.0009042 secs]
306.517: [GC (Allocation Failure)  29065K->22921K(31744K), 0.0008454 secs]
306.521: [GC (Allocation Failure)  29065K->22953K(31744K), 0.0008387 secs]
306.525: [GC (Allocation Failure)  29097K->22985K(31744K), 0.0010348 secs]
306.529: [GC (Allocation Failure)  29129K->22985K(31744K), 0.0010183 secs]
306.533: [GC (Allocation Failure)  29129K->22921K(31744K), 0.0008161 secs]
306.536: [GC (Allocation Failure)  29065K->22985K(31744K), 0.0008165 secs]
306.540: [GC (Allocation Failure)  29129K->22985K(31744K), 0.0008653 secs]
306.544: [GC (Allocation Failure)  29129K->22985K(31744K), 0.0008383 secs]
306.547: [GC (Allocation Failure)  29129K->22985K(31744K), 0.0008152 secs]
306.551: [GC (Allocation Failure)  29129K->23065K(31744K), 0.0009398 secs]
306.556: [GC (Allocation Failure)  29209K->23057K(31744K), 0.0012147 secs]
306.560: [GC (Allocation Failure)  29201K->23041K(31744K), 0.0011870 secs]
306.565: [GC (Allocation Failure)  29185K->23081K(31744K), 0.0009174 secs]
306.568: [GC (Allocation Failure)  29225K->23081K(31744K), 0.0008594 secs]
306.572: [GC (Allocation Failure)  29225K->23049K(31744K), 0.0009412 secs]
306.576: [GC (Allocation Failure)  29193K->23049K(31744K), 0.0009916 secs]
306.580: [GC (Allocation Failure)  29193K->23049K(31744K), 0.0008581 secs]
306.584: [GC (Allocation Failure)  29193K->23090K(31744K), 0.0008243 secs]
306.588: [GC (Allocation Failure)  29234K->23090K(31744K), 0.0008532 secs]
306.591: [GC (Allocation Failure)  29234K->23090K(31744K), 0.0008841 secs]
306.595: [GC (Allocation Failure)  29234K->23090K(31744K), 0.0008545 secs]
306.599: [GC (Allocation Failure)  29234K->23154K(31744K), 0.0007803 secs]
306.602: [GC (Allocation Failure)  29298K->23074K(31744K), 0.0008787 secs]
306.607: [GC (Allocation Failure)  29218K->23074K(31744K), 0.0009189 secs]
306.610: [GC (Allocation Failure)  29218K->23106K(31744K), 0.0009754 secs]
306.614: [GC (Allocation Failure)  29250K->23106K(31744K), 0.0008576 secs]
306.618: [GC (Allocation Failure)  29250K->23106K(31744K), 0.0010083 secs]
306.622: [GC (Allocation Failure)  29250K->23138K(31744K), 0.0008700 secs]
306.626: [GC (Allocation Failure)  29282K->23138K(31744K), 0.0009869 secs]
306.630: [GC (Allocation Failure)  29282K->23138K(31744K), 0.0008138 secs]
306.633: [GC (Allocation Failure)  29282K->23170K(31744K), 0.0008971 secs]
306.637: [GC (Allocation Failure)  29314K->23138K(31744K), 0.0008871 secs]
306.641: [GC (Allocation Failure)  29282K->23106K(31744K), 0.0008358 secs]
306.645: [GC (Allocation Failure)  29250K->23106K(31744K), 0.0008536 secs]
306.649: [GC (Allocation Failure)  29250K->23170K(31744K), 0.0008316 secs]
306.653: [GC (Allocation Failure)  29314K->23154K(31744K), 0.0009881 secs]
306.657: [GC (Allocation Failure)  29298K->23178K(31744K), 0.0009859 secs]
306.662: [GC (Allocation Failure)  29322K->23146K(31744K), 0.0012691 secs]
306.666: [GC (Allocation Failure)  29290K->23210K(31744K), 0.0009696 secs]
306.670: [GC (Allocation Failure)  29354K->23218K(31744K), 0.0009839 secs]
306.674: [GC (Allocation Failure)  29362K->23186K(31744K), 0.0009802 secs]
306.678: [GC (Allocation Failure)  29330K->23186K(31744K), 0.0011941 secs]
306.682: [GC (Allocation Failure)  29330K->23218K(31744K), 0.0010439 secs]
306.686: [GC (Allocation Failure)  29362K->23186K(31744K), 0.0009653 secs]
306.690: [GC (Allocation Failure)  29330K->23154K(31744K), 0.0008446 secs]
306.693: [GC (Allocation Failure)  29298K->23186K(31744K), 0.0009352 secs]
306.697: [GC (Allocation Failure)  29330K->23250K(31744K), 0.0008728 secs]
306.701: [GC (Allocation Failure)  29394K->23170K(31744K), 0.0008838 secs]
306.705: [GC (Allocation Failure)  29314K->23170K(31744K), 0.0007697 secs]
306.708: [GC (Allocation Failure)  29314K->23266K(31744K), 0.0009055 secs]
306.712: [GC (Allocation Failure)  29410K->23234K(31744K), 0.0009001 secs]
306.716: [GC (Allocation Failure)  29378K->23234K(31744K), 0.0009424 secs]
306.720: [GC (Allocation Failure)  29378K->23234K(31744K), 0.0008248 secs]
306.724: [GC (Allocation Failure)  29378K->23170K(31744K), 0.0007543 secs]
306.727: [GC (Allocation Failure)  29314K->23202K(31744K), 0.0009840 secs]
306.731: [GC (Allocation Failure)  29346K->23170K(31744K), 0.0008459 secs]
306.735: [GC (Allocation Failure)  29314K->23170K(31744K), 0.0009122 secs]
306.739: [GC (Allocation Failure)  29314K->23234K(31744K), 0.0007736 secs]
306.743: [GC (Allocation Failure)  29378K->23202K(31744K), 0.0009609 secs]
306.747: [GC (Allocation Failure)  29346K->23170K(31744K), 0.0007937 secs]
306.750: [GC (Allocation Failure)  29314K->23170K(31744K), 0.0008754 secs]
306.754: [GC (Allocation Failure)  29314K->23250K(31744K), 0.0012232 secs]
306.759: [GC (Allocation Failure)  29394K->23274K(31744K), 0.0015800 secs]
306.764: [GC (Allocation Failure)  29418K->23290K(31744K), 0.0010415 secs]
306.768: [GC (Allocation Failure)  29434K->23330K(31744K), 0.0009613 secs]
306.771: [GC (Allocation Failure)  29474K->23266K(31744K), 0.0012142 secs]
306.776: [GC (Allocation Failure)  29410K->23266K(31744K), 0.0013128 secs]
306.780: [GC (Allocation Failure)  29410K->23266K(31744K), 0.0009154 secs]
306.784: [GC (Allocation Failure)  29410K->23266K(31744K), 0.0009486 secs]
306.788: [GC (Allocation Failure)  29410K->23266K(31744K), 0.0009753 secs]
306.792: [GC (Allocation Failure)  29410K->23266K(31744K), 0.0009269 secs]
306.796: [GC (Allocation Failure)  29410K->23266K(31744K), 0.0007800 secs]
306.799: [GC (Allocation Failure)  29410K->23298K(31744K), 0.0008809 secs]
306.803: [GC (Allocation Failure)  29442K->23282K(31744K), 0.0010048 secs]
306.807: [GC (Allocation Failure)  29426K->23282K(31744K), 0.0008683 secs]
306.811: [GC (Allocation Failure)  29426K->23314K(31744K), 0.0008081 secs]
306.815: [GC (Allocation Failure)  29458K->23250K(31744K), 0.0008921 secs]
306.819: [GC (Allocation Failure)  29394K->23314K(31744K), 0.0008356 secs]
306.822: [GC (Allocation Failure)  29458K->23282K(31744K), 0.0008994 secs]
306.826: [GC (Allocation Failure)  29426K->23250K(31744K), 0.0007680 secs]
306.830: [GC (Allocation Failure)  29394K->23218K(31744K), 0.0008827 secs]
306.834: [GC (Allocation Failure)  29362K->23282K(31744K), 0.0008387 secs]
306.838: [GC (Allocation Failure)  29426K->23282K(31744K), 0.0009524 secs]
306.842: [GC (Allocation Failure)  29426K->23346K(31744K), 0.0008029 secs]
306.845: [GC (Allocation Failure)  29490K->23250K(31744K), 0.0008772 secs]
306.849: [GC (Allocation Failure)  29394K->23218K(31744K), 0.0008031 secs]
306.853: [GC (Allocation Failure)  29362K->23282K(31744K), 0.0009003 secs]
306.857: [GC (Allocation Failure)  29426K->23362K(31744K), 0.0009185 secs]
306.861: [GC (Allocation Failure)  29506K->23394K(31744K), 0.0010258 secs]
306.866: [GC (Allocation Failure)  29538K->23394K(31744K), 0.0011580 secs]
306.870: [GC (Allocation Failure)  29538K->23426K(31744K), 0.0010217 secs]
306.874: [GC (Allocation Failure)  29570K->23370K(31744K), 0.0009345 secs]
306.879: [GC (Allocation Failure)  29514K->23306K(31744K), 0.0009181 secs]
306.882: [GC (Allocation Failure)  29450K->23306K(31744K), 0.0008858 secs]
306.886: [GC (Allocation Failure)  29450K->23402K(31744K), 0.0010978 secs]
306.890: [GC (Allocation Failure)  29546K->23306K(31744K), 0.0008249 secs]
306.894: [GC (Allocation Failure)  29450K->23338K(31744K), 0.0008111 secs]
306.898: [GC (Allocation Failure)  29482K->23338K(31744K), 0.0010779 secs]
306.903: [GC (Allocation Failure)  29482K->23402K(31744K), 0.0011022 secs]
306.907: [GC (Allocation Failure)  29546K->23386K(31744K), 0.0010233 secs]
306.911: [GC (Allocation Failure)  29530K->23354K(31744K), 0.0010199 secs]
306.915: [GC (Allocation Failure)  29498K->23322K(31744K), 0.0010135 secs]
306.919: [GC (Allocation Failure)  29466K->23386K(31744K), 0.0009860 secs]
306.922: [GC (Allocation Failure)  29530K->23354K(31744K), 0.0008329 secs]
306.927: [GC (Allocation Failure)  29498K->23386K(31744K), 0.0010203 secs]
306.930: [GC (Allocation Failure)  29530K->23386K(31744K), 0.0010545 secs]
306.935: [GC (Allocation Failure)  29530K->23386K(31744K), 0.0010437 secs]
306.939: [GC (Allocation Failure)  29530K->23354K(31744K), 0.0008959 secs]
306.942: [GC (Allocation Failure)  29498K->23354K(31744K), 0.0011754 secs]
306.947: [GC (Allocation Failure)  29498K->23386K(31744K), 0.0012374 secs]
306.951: [GC (Allocation Failure)  29530K->23418K(31744K), 0.0009979 secs]
306.955: [GC (Allocation Failure)  29562K->23530K(31744K), 0.0010381 secs]
306.960: [GC (Allocation Failure)  29674K->23522K(31744K), 0.0014223 secs]
306.965: [GC (Allocation Failure)  29666K->23546K(31744K), 0.0012828 secs]
306.970: [GC (Allocation Failure)  29690K->23482K(31744K), 0.0009872 secs]
306.974: [GC (Allocation Failure)  29626K->23522K(31744K), 0.0010166 secs]
306.978: [GC (Allocation Failure)  29666K->23522K(31744K), 0.0010228 secs]
306.982: [GC (Allocation Failure)  29666K->23522K(31744K), 0.0010350 secs]
306.986: [GC (Allocation Failure)  29666K->23490K(31744K), 0.0009190 secs]
306.990: [GC (Allocation Failure)  29634K->23522K(31744K), 0.0009259 secs]
306.994: [GC (Allocation Failure)  29665K->23522K(31744K), 0.0009333 secs]
306.998: [GC (Allocation Failure)  29666K->23426K(31744K), 0.0009265 secs]
307.002: [GC (Allocation Failure)  29570K->23522K(31744K), 0.0008702 secs]
307.006: [GC (Allocation Failure)  29666K->23506K(31744K), 0.0008513 secs]
307.009: [GC (Allocation Failure)  29649K->23506K(31744K), 0.0008734 secs]
307.013: [GC (Allocation Failure)  29650K->23538K(31744K), 0.0009112 secs]
307.017: [GC (Allocation Failure)  29682K->23506K(31744K), 0.0008233 secs]
307.021: [GC (Allocation Failure)  29650K->23570K(31744K), 0.0008706 secs]
307.025: [GC (Allocation Failure)  29714K->23506K(31744K), 0.0009224 secs]
307.029: [GC (Allocation Failure)  29650K->23442K(31744K), 0.0008074 secs]
307.032: [GC (Allocation Failure)  29586K->23442K(31744K), 0.0007712 secs]
307.036: [GC (Allocation Failure)  29586K->23506K(31744K), 0.0008471 secs]
307.040: [GC (Allocation Failure)  29650K->23474K(31744K), 0.0011010 secs]
307.044: [GC (Allocation Failure)  29618K->23474K(31744K), 0.0010426 secs]
307.048: [GC (Allocation Failure)  29618K->23538K(31744K), 0.0010655 secs]
307.052: [GC (Allocation Failure)  29682K->23538K(31744K), 0.0010900 secs]
307.056: [GC (Allocation Failure)  29682K->23602K(31744K), 0.0011704 secs]
307.060: [GC (Allocation Failure)  29746K->23538K(31744K), 0.0011404 secs]
307.065: [GC (Allocation Failure)  29682K->23530K(31744K), 0.0010732 secs]
307.069: [GC (Allocation Failure)  29674K->23570K(31744K), 0.0011261 secs]
307.073: [GC (Allocation Failure)  29714K->23538K(31744K), 0.0009060 secs]
307.077: [GC (Allocation Failure)  29682K->23570K(31744K), 0.0010118 secs]
307.081: [GC (Allocation Failure)  29714K->23506K(31744K), 0.0009487 secs]
307.085: [GC (Allocation Failure)  29650K->23570K(31744K), 0.0010700 secs]
307.089: [GC (Allocation Failure)  29714K->23506K(31744K), 0.0010251 secs]
307.093: [GC (Allocation Failure)  29650K->23538K(31744K), 0.0009679 secs]
307.097: [GC (Allocation Failure)  29682K->23602K(31744K), 0.0008326 secs]
307.101: [GC (Allocation Failure)  29746K->23570K(31744K), 0.0009036 secs]
307.105: [GC (Allocation Failure)  29714K->23538K(31744K), 0.0007481 secs]
307.108: [GC (Allocation Failure)  29682K->23554K(31744K), 0.0008325 secs]
307.112: [GC (Allocation Failure)  29698K->23554K(31744K), 0.0009154 secs]
307.116: [GC (Allocation Failure)  29698K->23554K(31744K), 0.0008816 secs]
307.120: [GC (Allocation Failure)  29698K->23586K(31744K), 0.0008589 secs]
307.124: [GC (Allocation Failure)  29730K->23554K(31744K), 0.0008798 secs]
307.128: [GC (Allocation Failure)  29698K->23554K(31744K), 0.0009069 secs]
307.132: [GC (Allocation Failure)  29698K->23554K(31744K), 0.0008348 secs]
307.135: [GC (Allocation Failure)  29698K->23586K(31744K), 0.0009257 secs]
307.139: [GC (Allocation Failure)  29730K->23554K(31744K), 0.0008620 secs]
307.143: [GC (Allocation Failure)  29698K->23650K(31744K), 0.0009197 secs]
307.147: [GC (Allocation Failure)  29794K->23618K(31744K), 0.0008020 secs]
307.150: [GC (Allocation Failure)  29762K->23586K(31744K), 0.0008854 secs]
307.154: [GC (Allocation Failure)  29730K->23586K(31744K), 0.0009361 secs]
307.158: [GC (Allocation Failure)  29730K->23722K(31744K), 0.0012086 secs]
307.163: [GC (Allocation Failure)  29866K->23714K(31744K), 0.0009860 secs]
307.167: [GC (Allocation Failure)  29858K->23642K(31744K), 0.0010147 secs]
307.171: [GC (Allocation Failure)  29786K->23650K(31744K), 0.0008689 secs]
307.175: [GC (Allocation Failure)  29794K->23650K(31744K), 0.0012049 secs]
307.179: [GC (Allocation Failure)  29794K->23650K(31744K), 0.0010275 secs]
307.183: [GC (Allocation Failure)  29794K->23618K(31744K), 0.0008356 secs]
307.187: [GC (Allocation Failure)  29762K->23586K(31744K), 0.0008495 secs]
307.191: [GC (Allocation Failure)  29730K->23618K(31744K), 0.0009724 secs]
307.195: [GC (Allocation Failure)  29762K->23682K(31744K), 0.0008747 secs]
307.199: [GC (Allocation Failure)  29826K->23650K(31744K), 0.0008540 secs]
307.202: [GC (Allocation Failure)  29794K->23682K(31744K), 0.0008624 secs]
307.206: [GC (Allocation Failure)  29826K->23690K(31744K), 0.0008253 secs]
307.210: [GC (Allocation Failure)  29834K->23738K(31744K), 0.0011089 secs]
307.214: [GC (Allocation Failure)  29882K->23738K(31744K), 0.0008432 secs]
307.218: [GC (Allocation Failure)  29882K->23706K(31744K), 0.0008193 secs]
307.222: [GC (Allocation Failure)  29850K->23674K(31744K), 0.0009425 secs]
307.225: [GC (Allocation Failure)  29818K->23738K(31744K), 0.0008140 secs]
307.229: [GC (Allocation Failure)  29882K->23674K(31744K), 0.0008587 secs]
307.233: [GC (Allocation Failure)  29818K->23674K(31744K), 0.0008792 secs]
307.237: [GC (Allocation Failure)  29818K->23706K(31744K), 0.0008452 secs]
307.240: [GC (Allocation Failure)  29850K->23706K(31744K), 0.0008870 secs]
307.244: [GC (Allocation Failure)  29850K->23706K(31744K), 0.0009434 secs]
307.248: [GC (Allocation Failure)  29850K->23706K(31744K), 0.0009063 secs]
307.252: [GC (Allocation Failure)  29850K->23706K(31744K), 0.0009865 secs]
307.256: [GC (Allocation Failure)  29850K->23802K(31744K), 0.0009300 secs]
307.260: [GC (Allocation Failure)  29946K->23778K(31744K), 0.0009386 secs]
307.265: [GC (Allocation Failure)  29922K->23842K(31744K), 0.0010844 secs]
307.269: [GC (Allocation Failure)  29986K->23826K(31744K), 0.0009488 secs]
307.273: [GC (Allocation Failure)  29970K->23802K(31744K), 0.0008975 secs]
307.277: [GC (Allocation Failure)  29946K->23802K(31744K), 0.0011747 secs]
307.281: [GC (Allocation Failure)  29946K->23802K(31744K), 0.0009580 secs]
307.285: [GC (Allocation Failure)  29946K->23770K(31744K), 0.0008879 secs]
307.288: [GC (Allocation Failure)  29914K->23834K(31744K), 0.0009499 secs]
307.292: [GC (Allocation Failure)  29978K->23770K(31744K), 0.0009261 secs]
307.296: [GC (Allocation Failure)  29914K->23866K(31744K), 0.0009682 secs]
307.300: [GC (Allocation Failure)  30010K->23802K(31744K), 0.0008039 secs]
307.304: [GC (Allocation Failure)  29946K->23802K(31744K), 0.0009629 secs]
307.308: [GC (Allocation Failure)  29946K->23802K(31744K), 0.0010119 secs]
307.312: [GC (Allocation Failure)  29946K->23842K(31744K), 0.0008766 secs]
307.315: [GC (Allocation Failure)  29986K->23810K(31744K), 0.0008673 secs]
307.319: [GC (Allocation Failure)  29954K->23778K(31744K), 0.0009285 secs]
307.323: [GC (Allocation Failure)  29922K->23842K(31744K), 0.0008890 secs]
307.327: [GC (Allocation Failure)  29986K->23842K(31744K), 0.0009068 secs]
307.331: [GC (Allocation Failure)  29986K->23810K(31744K), 0.0008728 secs]
307.335: [GC (Allocation Failure)  29954K->23778K(31744K), 0.0008143 secs]
307.338: [GC (Allocation Failure)  29922K->23746K(31744K), 0.0008513 secs]
307.342: [GC (Allocation Failure)  29890K->23746K(31744K), 0.0009818 secs]
307.346: [GC (Allocation Failure)  29890K->23810K(31744K), 0.0009178 secs]
307.350: [GC (Allocation Failure)  29954K->23810K(31744K), 0.0009441 secs]
307.354: [GC (Allocation Failure)  29954K->23746K(31744K), 0.0009205 secs]
307.358: [GC (Allocation Failure)  29890K->23874K(31744K), 0.0008922 secs]
307.362: [GC (Allocation Failure)  30018K->23794K(31744K), 0.0010851 secs]
307.367: [GC (Allocation Failure)  29938K->23986K(31744K), 0.0013109 secs]
307.371: [GC (Allocation Failure)  30130K->23898K(31744K), 0.0009724 secs]
307.375: [GC (Allocation Failure)  30042K->23906K(31744K), 0.0010480 secs]
307.379: [GC (Allocation Failure)  30050K->23842K(31744K), 0.0008870 secs]
307.383: [GC (Allocation Failure)  29986K->23810K(31744K), 0.0009176 secs]
307.387: [GC (Allocation Failure)  29954K->23842K(31744K), 0.0009704 secs]
307.391: [GC (Allocation Failure)  29986K->23874K(31744K), 0.0010725 secs]
307.395: [GC (Allocation Failure)  30018K->23810K(31744K), 0.0010619 secs]
307.399: [GC (Allocation Failure)  29954K->23874K(31744K), 0.0011170 secs]
307.403: [GC (Allocation Failure)  30018K->23906K(31744K), 0.0009911 secs]
307.408: [GC (Allocation Failure)  30050K->23906K(31744K), 0.0010759 secs]
307.412: [GC (Allocation Failure)  30050K->23826K(31744K), 0.0009707 secs]
307.415: [GC (Allocation Failure)  29970K->23922K(31744K), 0.0008632 secs]
307.419: [GC (Allocation Failure)  30066K->23858K(31744K), 0.0009110 secs]
307.423: [GC (Allocation Failure)  30002K->23826K(31744K), 0.0008479 secs]
307.427: [GC (Allocation Failure)  29970K->23890K(31744K), 0.0008467 secs]
307.430: [GC (Allocation Failure)  30034K->23922K(31744K), 0.0008561 secs]
307.434: [GC (Allocation Failure)  30066K->23858K(31744K), 0.0008605 secs]
307.438: [GC (Allocation Failure)  30002K->23922K(31744K), 0.0009285 secs]
307.442: [GC (Allocation Failure)  30066K->23826K(31744K), 0.0010018 secs]
307.446: [GC (Allocation Failure)  29970K->23890K(31744K), 0.0009702 secs]
307.450: [GC (Allocation Failure)  30034K->23858K(31744K), 0.0008560 secs]
307.454: [GC (Allocation Failure)  30002K->23922K(31744K), 0.0008488 secs]
307.458: [GC (Allocation Failure)  30066K->24018K(31744K), 0.0010325 secs]
307.463: [GC (Allocation Failure)  30162K->23986K(31744K), 0.0016177 secs]
307.468: [GC (Allocation Failure)  30130K->24050K(31744K), 0.0014188 secs]
307.472: [GC (Allocation Failure)  30194K->24010K(31744K), 0.0011205 secs]
307.477: [GC (Allocation Failure)  30154K->23954K(31744K), 0.0010701 secs]
307.481: [GC (Allocation Failure)  30098K->23954K(31744K), 0.0009327 secs]
307.485: [GC (Allocation Failure)  30098K->23986K(31744K), 0.0008885 secs]
307.488: [GC (Allocation Failure)  30130K->23986K(31744K), 0.0008137 secs]
307.492: [GC (Allocation Failure)  30130K->23986K(31744K), 0.0010818 secs]
307.496: [GC (Allocation Failure)  30130K->23986K(31744K), 0.0009001 secs]
307.500: [GC (Allocation Failure)  30130K->23986K(31744K), 0.0009324 secs]
307.504: [GC (Allocation Failure)  30130K->24018K(31744K), 0.0009919 secs]
307.508: [GC (Allocation Failure)  30162K->23986K(31744K), 0.0007571 secs]
307.511: [GC (Allocation Failure)  30130K->24034K(31744K), 0.0009008 secs]
307.515: [GC (Allocation Failure)  30178K->23970K(31744K), 0.0008471 secs]
307.519: [GC (Allocation Failure)  30114K->24034K(31744K), 0.0008797 secs]
307.523: [GC (Allocation Failure)  30178K->23970K(31744K), 0.0008491 secs]
307.527: [GC (Allocation Failure)  30114K->24002K(31744K), 0.0009212 secs]
307.531: [GC (Allocation Failure)  30146K->23970K(31744K), 0.0008122 secs]
307.534: [GC (Allocation Failure)  30114K->23938K(31744K), 0.0007966 secs]
307.538: [GC (Allocation Failure)  30082K->24034K(31744K), 0.0008778 secs]
307.542: [GC (Allocation Failure)  30178K->23970K(31744K), 0.0008823 secs]
307.545: [GC (Allocation Failure)  30114K->23970K(31744K), 0.0008362 secs]
307.549: [GC (Allocation Failure)  30114K->24002K(31744K), 0.0008760 secs]
307.553: [GC (Allocation Failure)  30146K->24002K(31744K), 0.0008851 secs]
307.557: [GC (Allocation Failure)  30146K->23970K(31744K), 0.0008624 secs]
307.560: [GC (Allocation Failure)  30114K->24098K(31744K), 0.0009095 secs]
307.565: [GC (Allocation Failure)  30242K->24074K(31744K), 0.0011454 secs]
307.569: [GC (Allocation Failure)  30218K->24018K(31744K), 0.0011992 secs]
307.573: [GC (Allocation Failure)  30162K->24082K(31744K), 0.0008588 secs]
307.577: [GC (Allocation Failure)  30226K->24122K(31744K), 0.0010291 secs]
307.581: [GC (Allocation Failure)  30266K->24058K(31744K), 0.0009404 secs]
307.585: [GC (Allocation Failure)  30202K->24090K(31744K), 0.0009955 secs]
307.589: [GC (Allocation Failure)  30234K->24058K(31744K), 0.0009875 secs]
307.593: [GC (Allocation Failure)  30202K->24058K(31744K), 0.0011198 secs]
307.597: [GC (Allocation Failure)  30202K->24090K(31744K), 0.0009895 secs]
307.601: [GC (Allocation Failure)  30234K->24090K(31744K), 0.0008804 secs]
307.605: [GC (Allocation Failure)  30234K->24026K(31744K), 0.0009244 secs]
307.609: [GC (Allocation Failure)  30170K->24122K(31744K), 0.0008890 secs]
307.613: [GC (Allocation Failure)  30266K->24106K(31744K), 0.0009828 secs]
307.616: [GC (Allocation Failure)  30250K->24074K(31744K), 0.0010947 secs]
307.621: [GC (Allocation Failure)  30218K->24138K(31744K), 0.0008940 secs]
307.624: [GC (Allocation Failure)  30282K->24042K(31744K), 0.0011315 secs]
307.628: [GC (Allocation Failure)  30186K->24106K(31744K), 0.0008694 secs]
307.632: [GC (Allocation Failure)  30250K->24138K(31744K), 0.0007969 secs]
307.636: [GC (Allocation Failure)  30282K->24106K(31744K), 0.0007724 secs]
307.640: [GC (Allocation Failure)  30250K->24106K(31744K), 0.0008067 secs]
307.643: [GC (Allocation Failure)  30250K->24138K(31744K), 0.0008031 secs]
307.647: [GC (Allocation Failure)  30282K->24074K(31744K), 0.0008958 secs]
307.651: [GC (Allocation Failure)  30218K->24042K(31744K), 0.0007819 secs]
307.654: [GC (Allocation Failure)  30186K->24106K(31744K), 0.0008164 secs]
307.659: [GC (Allocation Failure)  30250K->24202K(31744K), 0.0009282 secs]
307.663: [GC (Allocation Failure)  30346K->24170K(31744K), 0.0014013 secs]
307.668: [GC (Allocation Failure)  30314K->24130K(31744K), 0.0011737 secs]
307.672: [GC (Allocation Failure)  30274K->24138K(31744K), 0.0009494 secs]
307.676: [GC (Allocation Failure)  30282K->24138K(31744K), 0.0011890 secs]
307.680: [GC (Allocation Failure)  30282K->24202K(31744K), 0.0010321 secs]
307.684: [GC (Allocation Failure)  30346K->24202K(31744K), 0.0010010 secs]
307.688: [GC (Allocation Failure)  30346K->24170K(31744K), 0.0009686 secs]
307.693: [GC (Allocation Failure)  30314K->24202K(31744K), 0.0012265 secs]
307.697: [GC (Allocation Failure)  30346K->24250K(31744K), 0.0008927 secs]
307.701: [GC (Allocation Failure)  30394K->24186K(31744K), 0.0007669 secs]
307.704: [GC (Allocation Failure)  30330K->24250K(31744K), 0.0008752 secs]
307.708: [GC (Allocation Failure)  30394K->24282K(31744K), 0.0009414 secs]
307.712: [GC (Allocation Failure)  30426K->24234K(31744K), 0.0010043 secs]
307.716: [GC (Allocation Failure)  30378K->24234K(31744K), 0.0009141 secs]
307.720: [GC (Allocation Failure)  30378K->24234K(31744K), 0.0009149 secs]
307.723: [GC (Allocation Failure)  30378K->24234K(31744K), 0.0008574 secs]
307.727: [GC (Allocation Failure)  30378K->24266K(31744K), 0.0009560 secs]
307.731: [GC (Allocation Failure)  30410K->24170K(31744K), 0.0007982 secs]
307.735: [GC (Allocation Failure)  30314K->24234K(31744K), 0.0009424 secs]
307.739: [GC (Allocation Failure)  30378K->24234K(31744K), 0.0008892 secs]
307.743: [GC (Allocation Failure)  30378K->24202K(31744K), 0.0010600 secs]
307.747: [GC (Allocation Failure)  30346K->24266K(31744K), 0.0009329 secs]
307.751: [GC (Allocation Failure)  30410K->24234K(31744K), 0.0007483 secs]
307.754: [GC (Allocation Failure)  30378K->24266K(31744K), 0.0007990 secs]
307.758: [GC (Allocation Failure)  30410K->24202K(31744K), 0.0008644 secs]
307.762: [GC (Allocation Failure)  30346K->24330K(31744K), 0.0011864 secs]
307.766: [GC (Allocation Failure)  30474K->24306K(31744K), 0.0011233 secs]
307.771: [GC (Allocation Failure)  30450K->24266K(31744K), 0.0009562 secs]
307.775: [GC (Allocation Failure)  30410K->24338K(31744K), 0.0016187 secs]
307.780: [GC (Allocation Failure)  30482K->24306K(31744K), 0.0009147 secs]
307.783: [GC (Allocation Failure)  30450K->24338K(31744K), 0.0009506 secs]
307.787: [GC (Allocation Failure)  30482K->24338K(31744K), 0.0009280 secs]
307.791: [GC (Allocation Failure)  30482K->24306K(31744K), 0.0008779 secs]
307.795: [GC (Allocation Failure)  30450K->24306K(31744K), 0.0008964 secs]
307.799: [GC (Allocation Failure)  30450K->24306K(31744K), 0.0009362 secs]
307.803: [GC (Allocation Failure)  30450K->24274K(31744K), 0.0009527 secs]
307.807: [GC (Allocation Failure)  30418K->24306K(31744K), 0.0009121 secs]
307.811: [GC (Allocation Failure)  30450K->24306K(31744K), 0.0009380 secs]
307.815: [GC (Allocation Failure)  30450K->24322K(31744K), 0.0008148 secs]
307.819: [GC (Allocation Failure)  30466K->24322K(31744K), 0.0007828 secs]
307.822: [GC (Allocation Failure)  30466K->24322K(31744K), 0.0008800 secs]
307.826: [GC (Allocation Failure)  30466K->24322K(31744K), 0.0009135 secs]
307.830: [GC (Allocation Failure)  30466K->24290K(31744K), 0.0010142 secs]
307.834: [GC (Allocation Failure)  30434K->24290K(31744K), 0.0008981 secs]
307.838: [GC (Allocation Failure)  30434K->24322K(31744K), 0.0008582 secs]
307.841: [GC (Allocation Failure)  30466K->24322K(31744K), 0.0008088 secs]
307.845: [GC (Allocation Failure)  30466K->24354K(31744K), 0.0009626 secs]
307.849: [GC (Allocation Failure)  30498K->24354K(31744K), 0.0008261 secs]
307.853: [GC (Allocation Failure)  30498K->24258K(31744K), 0.0009829 secs]
307.857: [GC (Allocation Failure)  30402K->24354K(31744K), 0.0007672 secs]
307.861: [GC (Allocation Failure)  30498K->24450K(31744K), 0.0011275 secs]
307.865: [GC (Allocation Failure)  30594K->24450K(31744K), 0.0011065 secs]
307.870: [GC (Allocation Failure)  30594K->24402K(31744K), 0.0009156 secs]
307.874: [GC (Allocation Failure)  30546K->24378K(31744K), 0.0009254 secs]
307.878: [GC (Allocation Failure)  30522K->24346K(31744K), 0.0009553 secs]
307.882: [GC (Allocation Failure)  30490K->24346K(31744K), 0.0008389 secs]
307.885: [GC (Allocation Failure)  30490K->24346K(31744K), 0.0010384 secs]
307.889: [GC (Allocation Failure)  30490K->24410K(31744K), 0.0009544 secs]
307.893: [GC (Allocation Failure)  30554K->24410K(31744K), 0.0008553 secs]
307.897: [GC (Allocation Failure)  30554K->24378K(31744K), 0.0009212 secs]
307.901: [GC (Allocation Failure)  30522K->24410K(31744K), 0.0010010 secs]
307.905: [GC (Allocation Failure)  30554K->24378K(31744K), 0.0010723 secs]
307.909: [GC (Allocation Failure)  30522K->24378K(31744K), 0.0011302 secs]
307.913: [GC (Allocation Failure)  30522K->24442K(31744K), 0.0010647 secs]
307.918: [GC (Allocation Failure)  30586K->24394K(31744K), 0.0010717 secs]
307.922: [GC (Allocation Failure)  30538K->24362K(31744K), 0.0010348 secs]
307.926: [GC (Allocation Failure)  30506K->24394K(31744K), 0.0010440 secs]
307.931: [GC (Allocation Failure)  30538K->24394K(31744K), 0.0010561 secs]
307.935: [GC (Allocation Failure)  30538K->24330K(31744K), 0.0010880 secs]
307.939: [GC (Allocation Failure)  30474K->24394K(31744K), 0.0009529 secs]
307.943: [GC (Allocation Failure)  30538K->24362K(31744K), 0.0011120 secs]
307.947: [GC (Allocation Failure)  30506K->24394K(31744K), 0.0010920 secs]
307.952: [GC (Allocation Failure)  30538K->24394K(31744K), 0.0011640 secs]
307.956: [GC (Allocation Failure)  30538K->24330K(31744K), 0.0010620 secs]
307.961: [GC (Allocation Failure)  30474K->24458K(31744K), 0.0011268 secs]
307.966: [GC (Allocation Failure)  30602K->24514K(31744K), 0.0012552 secs]
307.971: [GC (Allocation Failure)  30658K->24538K(31744K), 0.0016188 secs]
307.976: [GC (Allocation Failure)  30682K->24474K(31744K), 0.0013485 secs]
307.980: [GC (Allocation Failure)  30618K->24546K(31744K), 0.0010670 secs]
307.984: [GC (Allocation Failure)  30690K->24514K(31744K), 0.0010623 secs]
307.988: [GC (Allocation Failure)  30658K->24482K(31744K), 0.0008892 secs]
307.992: [GC (Allocation Failure)  30626K->24482K(31744K), 0.0011810 secs]
307.997: [GC (Allocation Failure)  30626K->24482K(31744K), 0.0010636 secs]
308.000: [GC (Allocation Failure)  30626K->24514K(31744K), 0.0009754 secs]
308.004: [GC (Allocation Failure)  30658K->24514K(31744K), 0.0010382 secs]
308.008: [GC (Allocation Failure)  30658K->24482K(31744K), 0.0009443 secs]
308.012: [GC (Allocation Failure)  30626K->24514K(31744K), 0.0008497 secs]
308.016: [GC (Allocation Failure)  30658K->24530K(31744K), 0.0010219 secs]
308.020: [GC (Allocation Failure)  30674K->24530K(31744K), 0.0008417 secs]
308.023: [GC (Allocation Failure)  30674K->24530K(31744K), 0.0009207 secs]
308.027: [GC (Allocation Failure)  30674K->24498K(31744K), 0.0008578 secs]
308.031: [GC (Allocation Failure)  30642K->24562K(31744K), 0.0008824 secs]
308.035: [GC (Allocation Failure)  30706K->24466K(31744K), 0.0008837 secs]
308.039: [GC (Allocation Failure)  30610K->24562K(31744K), 0.0010537 secs]
308.044: [GC (Allocation Failure)  30706K->24498K(31744K), 0.0011634 secs]
308.048: [GC (Allocation Failure)  30642K->24562K(31744K), 0.0009560 secs]
308.051: [GC (Allocation Failure)  30706K->24498K(31744K), 0.0010446 secs]
308.055: [GC (Allocation Failure)  30642K->24562K(31744K), 0.0010359 secs]
308.059: [GC (Allocation Failure)  30706K->24498K(31744K), 0.0009478 secs]
308.063: [GC (Allocation Failure)  30642K->24594K(31744K), 0.0010703 secs]
308.068: [GC (Allocation Failure)  30738K->24634K(31744K), 0.0010956 secs]
308.072: [GC (Allocation Failure)  30778K->24642K(31744K), 0.0012018 secs]
308.076: [GC (Allocation Failure)  30786K->24610K(31744K), 0.0012183 secs]
308.081: [GC (Allocation Failure)  30754K->24650K(31744K), 0.0009085 secs]
308.085: [GC (Allocation Failure)  30794K->24618K(31744K), 0.0009623 secs]
308.089: [GC (Allocation Failure)  30762K->24586K(31744K), 0.0008709 secs]
308.093: [GC (Allocation Failure)  30730K->24618K(31744K), 0.0008459 secs]
308.096: [GC (Allocation Failure)  30762K->24650K(31744K), 0.0008638 secs]
308.100: [GC (Allocation Failure)  30794K->24618K(31744K), 0.0008103 secs]
308.104: [GC (Allocation Failure)  30762K->24650K(31744K), 0.0009915 secs]
308.108: [GC (Allocation Failure)  30794K->24554K(31744K), 0.0007502 secs]
308.112: [GC (Allocation Failure)  30698K->24618K(31744K), 0.0007734 secs]
308.115: [GC (Allocation Failure)  30762K->24650K(31744K), 0.0009076 secs]
308.119: [GC (Allocation Failure)  30794K->24594K(31744K), 0.0008887 secs]
308.123: [GC (Allocation Failure)  30738K->24626K(31744K), 0.0007760 secs]
308.127: [GC (Allocation Failure)  30770K->24594K(31744K), 0.0009062 secs]
308.130: [GC (Allocation Failure)  30738K->24626K(31744K), 0.0008585 secs]
308.134: [GC (Allocation Failure)  30770K->24658K(31744K), 0.0009196 secs]
308.138: [GC (Allocation Failure)  30802K->24658K(31744K), 0.0009295 secs]
308.142: [GC (Allocation Failure)  30802K->24658K(31744K), 0.0008531 secs]
308.146: [GC (Allocation Failure)  30802K->24594K(31744K), 0.0011113 secs]
308.150: [GC (Allocation Failure)  30738K->24594K(31744K), 0.0009601 secs]
308.154: [GC (Allocation Failure)  30738K->24626K(31744K), 0.0008891 secs]
308.158: [GC (Allocation Failure)  30770K->24626K(31744K), 0.0010236 secs]
308.162: [GC (Allocation Failure)  30770K->24690K(31744K), 0.0009166 secs]
308.167: [GC (Allocation Failure)  30834K->24754K(31744K), 0.0011044 secs]
308.171: [GC (Allocation Failure)  30898K->24722K(31744K), 0.0009701 secs]
308.175: [GC (Allocation Failure)  30866K->24698K(31744K), 0.0010099 secs]
308.179: [GC (Allocation Failure)  30842K->24698K(31744K), 0.0010090 secs]
308.183: [GC (Allocation Failure)  30842K->24698K(31744K), 0.0008729 secs]
308.187: [GC (Allocation Failure)  30842K->24666K(31744K), 0.0008562 secs]
308.190: [GC (Allocation Failure)  30810K->24634K(31744K), 0.0009015 secs]
308.194: [GC (Allocation Failure)  30778K->24698K(31744K), 0.0008886 secs]
308.198: [GC (Allocation Failure)  30842K->24634K(31744K), 0.0008923 secs]
308.202: [GC (Allocation Failure)  30778K->24698K(31744K), 0.0008145 secs]
308.205: [GC (Allocation Failure)  30842K->24634K(31744K), 0.0009074 secs]
308.209: [GC (Allocation Failure)  30778K->24666K(31744K), 0.0009286 secs]
308.213: [GC (Allocation Failure)  30810K->24698K(31744K), 0.0009196 secs]
308.217: [GC (Allocation Failure)  30842K->24762K(31744K), 0.0009738 secs]
308.221: [GC (Allocation Failure)  30906K->24714K(31744K), 0.0009356 secs]
308.225: [GC (Allocation Failure)  30858K->24746K(31744K), 0.0007841 secs]
308.228: [GC (Allocation Failure)  30890K->24682K(31744K), 0.0008634 secs]
308.232: [GC (Allocation Failure)  30826K->24682K(31744K), 0.0008037 secs]
308.236: [GC (Allocation Failure)  30826K->24682K(31744K), 0.0008520 secs]
308.240: [GC (Allocation Failure)  30826K->24714K(31744K), 0.0008151 secs]
308.244: [GC (Allocation Failure)  30858K->24746K(31744K), 0.0008822 secs]
308.247: [GC (Allocation Failure)  30890K->24714K(31744K), 0.0008711 secs]
308.251: [GC (Allocation Failure)  30858K->24714K(31744K), 0.0008357 secs]
308.255: [GC (Allocation Failure)  30858K->24714K(31744K), 0.0009390 secs]
308.259: [GC (Allocation Failure)  30858K->24714K(31744K), 0.0008029 secs]
308.263: [GC (Allocation Failure)  30858K->24778K(31744K), 0.0008947 secs]
308.267: [GC (Allocation Failure)  30922K->24778K(31744K), 0.0011203 secs]
308.271: [GC (Allocation Failure)  30922K->24738K(31744K), 0.0011403 secs]
308.276: [GC (Allocation Failure)  30882K->24778K(31744K), 0.0011343 secs]
308.280: [GC (Allocation Failure)  30922K->24746K(31744K), 0.0008495 secs]
308.283: [GC (Allocation Failure)  30890K->24810K(31744K), 0.0009114 secs]
308.287: [GC (Allocation Failure)  30954K->24746K(31744K), 0.0009011 secs]
308.291: [GC (Allocation Failure)  30890K->24778K(31744K), 0.0008196 secs]
308.295: [GC (Allocation Failure)  30922K->24810K(31744K), 0.0008852 secs]
308.298: [GC (Allocation Failure)  30954K->24778K(31744K), 0.0008025 secs]
308.302: [GC (Allocation Failure)  30922K->24746K(31744K), 0.0008153 secs]
308.306: [GC (Allocation Failure)  30890K->24778K(31744K), 0.0009941 secs]
308.310: [GC (Allocation Failure)  30922K->24778K(31744K), 0.0008770 secs]
308.314: [GC (Allocation Failure)  30922K->24778K(31744K), 0.0008174 secs]
308.318: [GC (Allocation Failure)  30922K->24746K(31744K), 0.0010018 secs]
308.321: [GC (Allocation Failure)  30890K->24794K(31744K), 0.0008571 secs]
308.325: [GC (Allocation Failure)  30938K->24794K(31744K), 0.0008267 secs]
308.329: [GC (Allocation Failure)  30938K->24730K(31744K), 0.0008129 secs]
308.333: [GC (Allocation Failure)  30874K->24762K(31744K), 0.0008687 secs]
308.337: [GC (Allocation Failure)  30906K->24762K(31744K), 0.0009005 secs]
308.341: [GC (Allocation Failure)  30906K->24794K(31744K), 0.0008281 secs]
308.345: [GC (Allocation Failure)  30938K->24730K(31744K), 0.0008224 secs]
308.348: [GC (Allocation Failure)  30874K->24826K(31744K), 0.0008644 secs]
308.352: [GC (Allocation Failure)  30970K->24762K(31744K), 0.0009056 secs]
308.356: [GC (Allocation Failure)  30906K->24794K(31744K), 0.0008972 secs]
308.360: [GC (Allocation Failure)  30938K->24826K(31744K), 0.0008430 secs]
308.364: [GC (Allocation Failure)  30970K->24890K(31744K), 0.0008225 secs]
308.368: [GC (Allocation Failure)  31034K->24882K(31744K), 0.0011539 secs]
308.372: [GC (Allocation Failure)  31026K->24914K(31744K), 0.0011416 secs]
308.376: [GC (Allocation Failure)  31058K->24890K(31744K), 0.0009964 secs]
308.380: [GC (Allocation Failure)  31034K->24858K(31744K), 0.0010160 secs]
308.384: [GC (Allocation Failure)  31002K->24826K(31744K), 0.0009204 secs]
308.388: [GC (Allocation Failure)  30970K->24826K(31744K), 0.0008835 secs]
308.392: [GC (Allocation Failure)  30970K->24858K(31744K), 0.0008520 secs]
308.396: [GC (Allocation Failure)  31002K->24858K(31744K), 0.0009152 secs]
308.399: [GC (Allocation Failure)  31002K->24826K(31744K), 0.0010416 secs]
308.403: [GC (Allocation Failure)  30970K->24890K(31744K), 0.0009069 secs]
308.407: [GC (Allocation Failure)  31034K->24858K(31744K), 0.0010976 secs]
308.411: [GC (Allocation Failure)  31002K->24922K(31744K), 0.0010020 secs]
308.416: [GC (Allocation Failure)  31066K->24794K(31744K), 0.0009121 secs]
308.420: [GC (Allocation Failure)  30938K->24858K(31744K), 0.0009011 secs]
308.424: [GC (Allocation Failure)  31002K->24866K(31744K), 0.0008506 secs]
308.427: [GC (Allocation Failure)  31010K->24866K(31744K), 0.0009296 secs]
308.431: [GC (Allocation Failure)  31010K->24866K(31744K), 0.0009000 secs]
308.435: [GC (Allocation Failure)  31010K->24802K(31744K), 0.0008711 secs]
308.439: [GC (Allocation Failure)  30946K->24802K(31744K), 0.0009034 secs]
308.442: [GC (Allocation Failure)  30946K->24834K(31744K), 0.0010075 secs]
308.446: [GC (Allocation Failure)  30978K->24834K(31744K), 0.0009015 secs]
308.450: [GC (Allocation Failure)  30978K->24802K(31744K), 0.0008777 secs]
308.454: [GC (Allocation Failure)  30946K->24866K(31744K), 0.0008609 secs]
308.458: [GC (Allocation Failure)  31010K->24834K(31744K), 0.0010694 secs]
308.462: [GC (Allocation Failure)  30978K->24930K(31744K), 0.0010045 secs]
308.466: [GC (Allocation Failure)  31074K->24938K(31744K), 0.0010688 secs]
308.471: [GC (Allocation Failure)  31082K->25066K(31744K), 0.0010404 secs]
308.475: [GC (Allocation Failure)  31210K->25042K(31744K), 0.0018611 secs]
308.480: [GC (Allocation Failure)  31186K->25018K(31744K), 0.0010224 secs]
308.484: [GC (Allocation Failure)  31162K->24930K(31744K), 0.0009649 secs]
308.488: [GC (Allocation Failure)  31074K->24994K(31744K), 0.0010219 secs]
308.492: [GC (Allocation Failure)  31138K->24994K(31744K), 0.0009388 secs]
308.496: [GC (Allocation Failure)  31138K->24962K(31744K), 0.0009729 secs]
308.499: [GC (Allocation Failure)  31106K->25026K(31744K), 0.0010042 secs]
308.503: [GC (Allocation Failure)  31170K->24930K(31744K), 0.0009875 secs]
308.507: [GC (Allocation Failure)  31074K->24994K(31744K), 0.0008778 secs]
308.511: [GC (Allocation Failure)  31138K->25026K(31744K), 0.0008545 secs]
308.515: [GC (Allocation Failure)  31170K->24962K(31744K), 0.0008822 secs]
308.519: [GC (Allocation Failure)  31106K->24994K(31744K), 0.0007977 secs]
308.522: [GC (Allocation Failure)  31138K->25042K(31744K), 0.0009537 secs]
308.526: [GC (Allocation Failure)  31186K->24946K(31744K), 0.0009230 secs]
308.530: [GC (Allocation Failure)  31090K->25010K(31744K), 0.0007976 secs]
308.533: [GC (Allocation Failure)  31154K->25010K(31744K), 0.0009117 secs]
308.537: [GC (Allocation Failure)  31154K->24978K(31744K), 0.0012692 secs]
308.542: [GC (Allocation Failure)  31122K->25042K(31744K), 0.0011015 secs]
308.546: [GC (Allocation Failure)  31186K->24978K(31744K), 0.0008875 secs]
308.549: [GC (Allocation Failure)  31122K->24978K(31744K), 0.0008295 secs]
308.553: [GC (Allocation Failure)  31122K->25042K(31744K), 0.0009733 secs]
308.557: [GC (Allocation Failure)  31186K->25042K(31744K), 0.0008807 secs]
308.561: [GC (Allocation Failure)  31186K->24978K(31744K), 0.0009500 secs]
308.565: [GC (Allocation Failure)  31122K->25106K(31744K), 0.0015114 secs]
308.570: [GC (Allocation Failure)  31250K->25138K(31744K), 0.0014041 secs]
308.575: [GC (Allocation Failure)  31282K->25066K(31744K), 0.0017799 secs]
308.580: [GC (Allocation Failure)  31210K->25042K(31744K), 0.0009143 secs]
308.584: [GC (Allocation Failure)  31186K->25074K(31744K), 0.0008907 secs]
308.588: [GC (Allocation Failure)  31218K->25106K(31744K), 0.0013807 secs]
308.592: [GC (Allocation Failure)  31250K->25074K(31744K), 0.0015581 secs]
308.596: [GC (Allocation Failure)  31218K->25106K(31744K), 0.0009926 secs]
308.600: [GC (Allocation Failure)  31250K->25106K(31744K), 0.0010072 secs]
308.604: [GC (Allocation Failure)  31250K->25074K(31744K), 0.0016459 secs]
308.609: [GC (Allocation Failure)  31218K->25010K(31744K), 0.0011131 secs]
308.613: [GC (Allocation Failure)  31154K->25042K(31744K), 0.0011328 secs]
308.617: [GC (Allocation Failure)  31186K->25074K(31744K), 0.0011287 secs]
308.621: [GC (Allocation Failure)  31218K->25074K(31744K), 0.0012462 secs]
308.626: [GC (Allocation Failure)  31218K->25122K(31744K), 0.0013892 secs]
308.630: [GC (Allocation Failure)  31266K->25090K(31744K), 0.0009891 secs]
308.634: [GC (Allocation Failure)  31234K->25090K(31744K), 0.0009308 secs]
308.637: [GC (Allocation Failure)  31234K->25090K(31744K), 0.0011354 secs]
308.642: [GC (Allocation Failure)  31234K->25058K(31744K), 0.0010533 secs]
308.646: [GC (Allocation Failure)  31202K->25090K(31744K), 0.0010688 secs]
308.650: [GC (Allocation Failure)  31234K->25058K(31744K), 0.0010286 secs]
308.654: [GC (Allocation Failure)  31202K->25058K(31744K), 0.0011834 secs]
308.658: [GC (Allocation Failure)  31202K->25090K(31744K), 0.0009965 secs]
308.662: [GC (Allocation Failure)  31234K->25090K(31744K), 0.0010156 secs]
308.667: [GC (Allocation Failure)  31234K->25186K(31744K), 0.0013949 secs]
308.672: [GC (Allocation Failure)  31330K->25210K(31744K), 0.0019252 secs]
308.677: [GC (Allocation Failure)  31354K->25162K(31744K), 0.0012446 secs]
308.681: [GC (Allocation Failure)  31306K->25138K(31744K), 0.0010316 secs]
308.685: [GC (Allocation Failure)  31282K->25138K(31744K), 0.0011829 secs]
308.689: [GC (Allocation Failure)  31282K->25138K(31744K), 0.0011494 secs]
308.694: [GC (Allocation Failure)  31282K->25170K(31744K), 0.0010891 secs]
308.697: [GC (Allocation Failure)  31314K->25170K(31744K), 0.0009799 secs]
308.701: [GC (Allocation Failure)  31314K->25138K(31744K), 0.0009354 secs]
308.705: [GC (Allocation Failure)  31282K->25106K(31744K), 0.0011562 secs]
308.709: [GC (Allocation Failure)  31250K->25138K(31744K), 0.0012334 secs]
308.714: [GC (Allocation Failure)  31282K->25170K(31744K), 0.0009495 secs]
308.717: [GC (Allocation Failure)  31314K->25106K(31744K), 0.0009092 secs]
308.721: [GC (Allocation Failure)  31250K->25106K(31744K), 0.0011590 secs]
308.725: [GC (Allocation Failure)  31250K->25146K(31744K), 0.0010384 secs]
308.730: [GC (Allocation Failure)  31290K->25178K(31744K), 0.0008906 secs]
308.733: [GC (Allocation Failure)  31322K->25178K(31744K), 0.0008452 secs]
308.737: [GC (Allocation Failure)  31322K->25146K(31744K), 0.0011405 secs]
308.742: [GC (Allocation Failure)  31290K->25114K(31744K), 0.0013208 secs]
308.746: [GC (Allocation Failure)  31258K->25178K(31744K), 0.0011898 secs]
308.750: [GC (Allocation Failure)  31322K->25114K(31744K), 0.0011011 secs]
308.754: [GC (Allocation Failure)  31258K->25114K(31744K), 0.0013391 secs]
308.759: [GC (Allocation Failure)  31258K->25146K(31744K), 0.0011076 secs]
308.763: [GC (Allocation Failure)  31290K->25178K(31744K), 0.0010068 secs]
308.767: [GC (Allocation Failure)  31322K->25178K(31744K), 0.0013927 secs]
308.772: [GC (Allocation Failure)  31322K->25266K(31744K), 0.0020281 secs]
308.774: [Full GC (Ergonomics)  25266K->21235K(31744K), 0.0715906 secs]
308.849: [GC (Allocation Failure)  27379K->21363K(31744K), 0.0012124 secs]
308.853: [GC (Allocation Failure)  27507K->21355K(31744K), 0.0013383 secs]
308.858: [GC (Allocation Failure)  27499K->21323K(31744K), 0.0011551 secs]
308.862: [GC (Allocation Failure)  27467K->21355K(31744K), 0.0008698 secs]
308.865: [GC (Allocation Failure)  27499K->21451K(31744K), 0.0012381 secs]
308.870: [GC (Allocation Failure)  27595K->21339K(31744K), 0.0014882 secs]
308.875: [GC (Allocation Failure)  27483K->21499K(31744K), 0.0018798 secs]
308.880: [GC (Allocation Failure)  27643K->21515K(31744K), 0.0010843 secs]
308.884: [GC (Allocation Failure)  27659K->21363K(31744K), 0.0010681 secs]
308.889: [GC (Allocation Failure)  27507K->21427K(31744K), 0.0010854 secs]
308.893: [GC (Allocation Failure)  27571K->21395K(31744K), 0.0013479 secs]
308.897: [GC (Allocation Failure)  27539K->21427K(31744K), 0.0010657 secs]
308.901: [GC (Allocation Failure)  27571K->21379K(31744K), 0.0013133 secs]
308.906: [GC (Allocation Failure)  27523K->21411K(31744K), 0.0013831 secs]
308.911: [GC (Allocation Failure)  27555K->21411K(31744K), 0.0010229 secs]
308.915: [GC (Allocation Failure)  27555K->21443K(31744K), 0.0009712 secs]
308.920: [GC (Allocation Failure)  27587K->21443K(31744K), 0.0015857 secs]
308.925: [GC (Allocation Failure)  27587K->21475K(31744K), 0.0015994 secs]
308.929: [GC (Allocation Failure)  27619K->21379K(31744K), 0.0012391 secs]
308.934: [GC (Allocation Failure)  27523K->21475K(31744K), 0.0011831 secs]
308.938: [GC (Allocation Failure)  27619K->21379K(31744K), 0.0013953 secs]
308.942: [GC (Allocation Failure)  27523K->21443K(31744K), 0.0015848 secs]
308.947: [GC (Allocation Failure)  27587K->21411K(31744K), 0.0013595 secs]
308.952: [GC (Allocation Failure)  27555K->21427K(31744K), 0.0011464 secs]
308.956: [GC (Allocation Failure)  27571K->21427K(31744K), 0.0011514 secs]
308.960: [GC (Allocation Failure)  27571K->21459K(31744K), 0.0012279 secs]
308.965: [GC (Allocation Failure)  27603K->21587K(31744K), 0.0013325 secs]
308.969: [GC (Allocation Failure)  27731K->21635K(31744K), 0.0014551 secs]
308.975: [GC (Allocation Failure)  27779K->21555K(31744K), 0.0020299 secs]
308.980: [GC (Allocation Failure)  27699K->21571K(31744K), 0.0012496 secs]
308.984: [GC (Allocation Failure)  27715K->21547K(31744K), 0.0011226 secs]
308.988: [GC (Allocation Failure)  27691K->21579K(31744K), 0.0011495 secs]
308.992: [GC (Allocation Failure)  27723K->21547K(31744K), 0.0012003 secs]
308.997: [GC (Allocation Failure)  27691K->21547K(31744K), 0.0009218 secs]
309.000: [GC (Allocation Failure)  27691K->21611K(31744K), 0.0009822 secs]
309.004: [GC (Allocation Failure)  27755K->21563K(31744K), 0.0013097 secs]
309.008: [GC (Allocation Failure)  27707K->21531K(31744K), 0.0011123 secs]
309.012: [GC (Allocation Failure)  27675K->21499K(31744K), 0.0010675 secs]
309.016: [GC (Allocation Failure)  27643K->21563K(31744K), 0.0010430 secs]
309.020: [GC (Allocation Failure)  27707K->21595K(31744K), 0.0009083 secs]
309.024: [GC (Allocation Failure)  27739K->21531K(31744K), 0.0008965 secs]
309.028: [GC (Allocation Failure)  27675K->21531K(31744K), 0.0009692 secs]
309.031: [GC (Allocation Failure)  27675K->21563K(31744K), 0.0009194 secs]
309.035: [GC (Allocation Failure)  27707K->21563K(31744K), 0.0009629 secs]
309.040: [GC (Allocation Failure)  27707K->21531K(31744K), 0.0014474 secs]
309.045: [GC (Allocation Failure)  27675K->21627K(31744K), 0.0014786 secs]
309.049: [GC (Allocation Failure)  27771K->21595K(31744K), 0.0012348 secs]
309.053: [GC (Allocation Failure)  27739K->21579K(31744K), 0.0010496 secs]
309.057: [GC (Allocation Failure)  27723K->21611K(31744K), 0.0009817 secs]
309.061: [GC (Allocation Failure)  27755K->21579K(31744K), 0.0008970 secs]
309.065: [GC (Allocation Failure)  27723K->21515K(31744K), 0.0009262 secs]
309.069: [GC (Allocation Failure)  27659K->21579K(31744K), 0.0012631 secs]
309.074: [GC (Allocation Failure)  27723K->21747K(31744K), 0.0016639 secs]
309.079: [GC (Allocation Failure)  27891K->21659K(31744K), 0.0009466 secs]
309.082: [GC (Allocation Failure)  27803K->21731K(31744K), 0.0010378 secs]
309.087: [GC (Allocation Failure)  27875K->21603K(31744K), 0.0011040 secs]
309.091: [GC (Allocation Failure)  27747K->21603K(31744K), 0.0008777 secs]
309.095: [GC (Allocation Failure)  27747K->21667K(31744K), 0.0010197 secs]
309.099: [GC (Allocation Failure)  27811K->21667K(31744K), 0.0009263 secs]
309.102: [GC (Allocation Failure)  27811K->21643K(31744K), 0.0009535 secs]
309.106: [GC (Allocation Failure)  27787K->21675K(31744K), 0.0009054 secs]
309.110: [GC (Allocation Failure)  27819K->21675K(31744K), 0.0009168 secs]
309.114: [GC (Allocation Failure)  27819K->21611K(31744K), 0.0009968 secs]
309.117: [GC (Allocation Failure)  27755K->21675K(31744K), 0.0009749 secs]
309.121: [GC (Allocation Failure)  27819K->21611K(31744K), 0.0007733 secs]
309.125: [GC (Allocation Failure)  27755K->21643K(31744K), 0.0011042 secs]
309.129: [GC (Allocation Failure)  27787K->21579K(31744K), 0.0009014 secs]
309.133: [GC (Allocation Failure)  27723K->21643K(31744K), 0.0008399 secs]
309.136: [GC (Allocation Failure)  27787K->21643K(31744K), 0.0008285 secs]
309.140: [GC (Allocation Failure)  27787K->21611K(31744K), 0.0008647 secs]
309.144: [GC (Allocation Failure)  27755K->21611K(31744K), 0.0009615 secs]
309.149: [GC (Allocation Failure)  27755K->21675K(31744K), 0.0008699 secs]
309.152: [GC (Allocation Failure)  27819K->21643K(31744K), 0.0009506 secs]
309.156: [GC (Allocation Failure)  27787K->21659K(31744K), 0.0008497 secs]
309.160: [GC (Allocation Failure)  27803K->21659K(31744K), 0.0008583 secs]
309.164: [GC (Allocation Failure)  27803K->21659K(31744K), 0.0009214 secs]
309.168: [GC (Allocation Failure)  27803K->21755K(31744K), 0.0010134 secs]
309.173: [GC (Allocation Failure)  27899K->21723K(31744K), 0.0009919 secs]
309.178: [GC (Allocation Failure)  27867K->21699K(31744K), 0.0009104 secs]
309.181: [GC (Allocation Failure)  27843K->21707K(31744K), 0.0010940 secs]
309.185: [GC (Allocation Failure)  27851K->21675K(31744K), 0.0009817 secs]
309.189: [GC (Allocation Failure)  27819K->21675K(31744K), 0.0008612 secs]
309.193: [GC (Allocation Failure)  27819K->21739K(31744K), 0.0008842 secs]
309.196: [GC (Allocation Failure)  27883K->21675K(31744K), 0.0008672 secs]
309.200: [GC (Allocation Failure)  27819K->21675K(31744K), 0.0009608 secs]
309.204: [GC (Allocation Failure)  27819K->21675K(31744K), 0.0009032 secs]
309.208: [GC (Allocation Failure)  27819K->21691K(31744K), 0.0008602 secs]
309.212: [GC (Allocation Failure)  27835K->21755K(31744K), 0.0008609 secs]
309.215: [GC (Allocation Failure)  27899K->21691K(31744K), 0.0009284 secs]
309.220: [GC (Allocation Failure)  27835K->21691K(31744K), 0.0010178 secs]
309.224: [GC (Allocation Failure)  27835K->21723K(31744K), 0.0009836 secs]
309.228: [GC (Allocation Failure)  27867K->21755K(31744K), 0.0010010 secs]
309.232: [GC (Allocation Failure)  27899K->21723K(31744K), 0.0009325 secs]
309.235: [GC (Allocation Failure)  27867K->21723K(31744K), 0.0008797 secs]
309.240: [GC (Allocation Failure)  27867K->21723K(31744K), 0.0011327 secs]
309.244: [GC (Allocation Failure)  27867K->21723K(31744K), 0.0011284 secs]
309.249: [GC (Allocation Failure)  27867K->21691K(31744K), 0.0009096 secs]
309.252: [GC (Allocation Failure)  27835K->21723K(31744K), 0.0009018 secs]
309.256: [GC (Allocation Failure)  27867K->21675K(31744K), 0.0009911 secs]
309.260: [GC (Allocation Failure)  27819K->21707K(31744K), 0.0009744 secs]
309.265: [GC (Allocation Failure)  27851K->21771K(31744K), 0.0009780 secs]
309.269: [GC (Allocation Failure)  27915K->21835K(31744K), 0.0011369 secs]
309.273: [GC (Allocation Failure)  27979K->21843K(31744K), 0.0012467 secs]
309.278: [GC (Allocation Failure)  27987K->21763K(31744K), 0.0010565 secs]
309.282: [GC (Allocation Failure)  27907K->21803K(31744K), 0.0010731 secs]
309.286: [GC (Allocation Failure)  27947K->21771K(31744K), 0.0010704 secs]
309.290: [GC (Allocation Failure)  27915K->21803K(31744K), 0.0009728 secs]
309.294: [GC (Allocation Failure)  27947K->21803K(31744K), 0.0009176 secs]
309.298: [GC (Allocation Failure)  27947K->21803K(31744K), 0.0008944 secs]
309.301: [GC (Allocation Failure)  27947K->21867K(31744K), 0.0009042 secs]
309.305: [GC (Allocation Failure)  28011K->21755K(31744K), 0.0009101 secs]
309.309: [GC (Allocation Failure)  27899K->21755K(31744K), 0.0008028 secs]
309.312: [GC (Allocation Failure)  27899K->21819K(31744K), 0.0008962 secs]
309.316: [GC (Allocation Failure)  27963K->21819K(31744K), 0.0008138 secs]
309.320: [GC (Allocation Failure)  27963K->21851K(31744K), 0.0008166 secs]
309.324: [GC (Allocation Failure)  27995K->21851K(31744K), 0.0008478 secs]
309.327: [GC (Allocation Failure)  27995K->21819K(31744K), 0.0009413 secs]
309.331: [GC (Allocation Failure)  27963K->21851K(31744K), 0.0009856 secs]
309.335: [GC (Allocation Failure)  27995K->21787K(31744K), 0.0008323 secs]
309.339: [GC (Allocation Failure)  27931K->21787K(31744K), 0.0009020 secs]
309.343: [GC (Allocation Failure)  27931K->21787K(31744K), 0.0012524 secs]
309.348: [GC (Allocation Failure)  27931K->21787K(31744K), 0.0011173 secs]
309.352: [GC (Allocation Failure)  27931K->21883K(31744K), 0.0013389 secs]
309.357: [GC (Allocation Failure)  28027K->21835K(31744K), 0.0011221 secs]
309.361: [GC (Allocation Failure)  27979K->21835K(31744K), 0.0012290 secs]
309.365: [GC (Allocation Failure)  27979K->21835K(31744K), 0.0012023 secs]
309.370: [GC (Allocation Failure)  27979K->21963K(31744K), 0.0011838 secs]
309.376: [GC (Allocation Failure)  28107K->21931K(31744K), 0.0013486 secs]
309.380: [GC (Allocation Failure)  28075K->21843K(31744K), 0.0010301 secs]
309.384: [GC (Allocation Failure)  27987K->21883K(31744K), 0.0011178 secs]
309.389: [GC (Allocation Failure)  28027K->21819K(31744K), 0.0009012 secs]
309.392: [GC (Allocation Failure)  27963K->21819K(31744K), 0.0011250 secs]
309.396: [GC (Allocation Failure)  27963K->21851K(31744K), 0.0009396 secs]
309.400: [GC (Allocation Failure)  27995K->21915K(31744K), 0.0009537 secs]
309.404: [GC (Allocation Failure)  28059K->21915K(31744K), 0.0008893 secs]
309.408: [GC (Allocation Failure)  28059K->21899K(31744K), 0.0009325 secs]
309.412: [GC (Allocation Failure)  28043K->21867K(31744K), 0.0009678 secs]
309.416: [GC (Allocation Failure)  28011K->21867K(31744K), 0.0008292 secs]
309.420: [GC (Allocation Failure)  28011K->21899K(31744K), 0.0008523 secs]
309.423: [GC (Allocation Failure)  28043K->21835K(31744K), 0.0008520 secs]
309.427: [GC (Allocation Failure)  27979K->21899K(31744K), 0.0008681 secs]
309.431: [GC (Allocation Failure)  28043K->21867K(31744K), 0.0008946 secs]
309.435: [GC (Allocation Failure)  28011K->21867K(31744K), 0.0008072 secs]
309.439: [GC (Allocation Failure)  28011K->21899K(31744K), 0.0008117 secs]
309.442: [GC (Allocation Failure)  28043K->21931K(31744K), 0.0008332 secs]
309.446: [GC (Allocation Failure)  28075K->21931K(31744K), 0.0008488 secs]
309.450: [GC (Allocation Failure)  28075K->21899K(31744K), 0.0007414 secs]
309.454: [GC (Allocation Failure)  28043K->21867K(31744K), 0.0009009 secs]
309.457: [GC (Allocation Failure)  28011K->21851K(31744K), 0.0008910 secs]
309.461: [GC (Allocation Failure)  27995K->21883K(31744K), 0.0010669 secs]
309.466: [GC (Allocation Failure)  28027K->22011K(31744K), 0.0013551 secs]
309.470: [GC (Allocation Failure)  28155K->22083K(31744K), 0.0014097 secs]
309.475: [GC (Allocation Failure)  28227K->22027K(31744K), 0.0012983 secs]
309.479: [GC (Allocation Failure)  28171K->22051K(31744K), 0.0010670 secs]
309.483: [GC (Allocation Failure)  28195K->22027K(31744K), 0.0011280 secs]
309.487: [GC (Allocation Failure)  28171K->21963K(31744K), 0.0011144 secs]
309.491: [GC (Allocation Failure)  28107K->22027K(31744K), 0.0010354 secs]
309.496: [GC (Allocation Failure)  28171K->22027K(31744K), 0.0008266 secs]
309.499: [GC (Allocation Failure)  28171K->22027K(31744K), 0.0009006 secs]
309.503: [GC (Allocation Failure)  28171K->22091K(31744K), 0.0008814 secs]
309.507: [GC (Allocation Failure)  28235K->22043K(31744K), 0.0008320 secs]
309.511: [GC (Allocation Failure)  28187K->21979K(31744K), 0.0008809 secs]
309.514: [GC (Allocation Failure)  28123K->22043K(31744K), 0.0008578 secs]
309.518: [GC (Allocation Failure)  28187K->21979K(31744K), 0.0009247 secs]
310.084: [GC (Allocation Failure)  28123K->22203K(31744K), 0.0014656 secs]
329.031: [GC (Allocation Failure)  28347K->22619K(31744K), 0.0016168 secs]
